Warning: You are sending unauthenticated requests to the HF Hub. Please set a HF_TOKEN to enable higher rate limits and faster downloads.
Loading LAION-CLAP Neural Network to mps...
Loading weights:   0%|          | 0/447 [00:00<?, ?it/s]Loading weights:   0%|          | 1/447 [00:00<00:00, 4219.62it/s, Materializing param=audio_model.audio_encoder.batch_norm.bias]Loading weights:   0%|          | 1/447 [00:00<00:00, 605.33it/s, Materializing param=audio_model.audio_encoder.batch_norm.bias] Loading weights:   0%|          | 2/447 [00:00<00:00, 810.42it/s, Materializing param=audio_model.audio_encoder.batch_norm.num_batches_tracked]Loading weights:   0%|          | 2/447 [00:00<00:00, 736.17it/s, Materializing param=audio_model.audio_encoder.batch_norm.num_batches_tracked]Loading weights:   1%|          | 3/447 [00:00<00:00, 1042.06it/s, Materializing param=audio_model.audio_encoder.batch_norm.running_mean]      Loading weights:   1%|          | 3/447 [00:00<00:00, 1027.43it/s, Materializing param=audio_model.audio_encoder.batch_norm.running_mean]Loading weights:   1%|          | 4/447 [00:00<00:00, 1343.14it/s, Materializing param=audio_model.audio_encoder.batch_norm.running_var] Loading weights:   1%|          | 4/447 [00:00<00:00, 1330.68it/s, Materializing param=audio_model.audio_encoder.batch_norm.running_var]Loading weights:   1%|          | 5/447 [00:00<00:00, 1638.78it/s, Materializing param=audio_model.audio_encoder.batch_norm.weight]     Loading weights:   1%|          | 5/447 [00:00<00:00, 1624.57it/s, Materializing param=audio_model.audio_encoder.batch_norm.weight]Loading weights:   1%|▏         | 6/447 [00:00<00:00, 1920.03it/s, Materializing param=audio_model.audio_encoder.layers.0.blocks.0.attention.output.dense.bias]Loading weights:   1%|▏         | 6/447 [00:00<00:00, 1895.16it/s, Materializing param=audio_model.audio_encoder.layers.0.blocks.0.attention.output.dense.bias]Loading weights:   2%|▏         | 7/447 [00:00<00:00, 2160.58it/s, Materializing param=audio_model.audio_encoder.layers.0.blocks.0.attention.output.dense.weight]Loading weights:   2%|▏         | 7/447 [00:00<00:00, 2142.14it/s, Materializing param=audio_model.audio_encoder.layers.0.blocks.0.attention.output.dense.weight]Loading weights:   2%|▏         | 8/447 [00:00<00:00, 2404.65it/s, Materializing param=audio_model.audio_encoder.layers.0.blocks.0.attention.self.key.bias]      Loading weights:   2%|▏         | 8/447 [00:00<00:00, 2383.97it/s, Materializing param=audio_model.audio_encoder.layers.0.blocks.0.attention.self.key.bias]Loading weights:   2%|▏         | 9/447 [00:00<00:00, 2642.54it/s, Materializing param=audio_model.audio_encoder.layers.0.blocks.0.attention.self.key.weight]Loading weights:   2%|▏         | 9/447 [00:00<00:00, 2622.53it/s, Materializing param=audio_model.audio_encoder.layers.0.blocks.0.attention.self.key.weight]Loading weights:   2%|▏         | 10/447 [00:00<00:00, 2868.68it/s, Materializing param=audio_model.audio_encoder.layers.0.blocks.0.attention.self.query.bias]Loading weights:   2%|▏         | 10/447 [00:00<00:00, 2847.46it/s, Materializing param=audio_model.audio_encoder.layers.0.blocks.0.attention.self.query.bias]Loading weights:   2%|▏         | 11/447 [00:00<00:00, 3072.75it/s, Materializing param=audio_model.audio_encoder.layers.0.blocks.0.attention.self.query.weight]Loading weights:   2%|▏         | 11/447 [00:00<00:00, 3048.79it/s, Materializing param=audio_model.audio_encoder.layers.0.blocks.0.attention.self.query.weight]Loading weights:   3%|▎         | 12/447 [00:00<00:00, 3280.64it/s, Materializing param=audio_model.audio_encoder.layers.0.blocks.0.attention.self.relative_position_bias_table]Loading weights:   3%|▎         | 12/447 [00:00<00:00, 3254.76it/s, Materializing param=audio_model.audio_encoder.layers.0.blocks.0.attention.self.relative_position_bias_table]Loading weights:   3%|▎         | 13/447 [00:00<00:00, 3478.09it/s, Materializing param=audio_model.audio_encoder.layers.0.blocks.0.attention.self.relative_position_index]     Loading weights:   3%|▎         | 13/447 [00:00<00:00, 3451.88it/s, Materializing param=audio_model.audio_encoder.layers.0.blocks.0.attention.self.relative_position_index]Loading weights:   3%|▎         | 14/447 [00:00<00:00, 3653.35it/s, Materializing param=audio_model.audio_encoder.layers.0.blocks.0.attention.self.value.bias]             Loading weights:   3%|▎         | 14/447 [00:00<00:00, 3624.26it/s, Materializing param=audio_model.audio_encoder.layers.0.blocks.0.attention.self.value.bias]Loading weights:   3%|▎         | 15/447 [00:00<00:00, 3834.38it/s, Materializing param=audio_model.audio_encoder.layers.0.blocks.0.attention.self.value.weight]Loading weights:   3%|▎         | 15/447 [00:00<00:00, 3808.16it/s, Materializing param=audio_model.audio_encoder.layers.0.blocks.0.attention.self.value.weight]Loading weights:   4%|▎         | 16/447 [00:00<00:00, 4011.05it/s, Materializing param=audio_model.audio_encoder.layers.0.blocks.0.intermediate.dense.bias]    Loading weights:   4%|▎         | 16/447 [00:00<00:00, 3986.27it/s, Materializing param=audio_model.audio_encoder.layers.0.blocks.0.intermediate.dense.bias]Loading weights:   4%|▍         | 17/447 [00:00<00:00, 4188.39it/s, Materializing param=audio_model.audio_encoder.layers.0.blocks.0.intermediate.dense.weight]Loading weights:   4%|▍         | 17/447 [00:00<00:00, 4161.74it/s, Materializing param=audio_model.audio_encoder.layers.0.blocks.0.intermediate.dense.weight]Loading weights:   4%|▍         | 18/447 [00:00<00:00, 4359.48it/s, Materializing param=audio_model.audio_encoder.layers.0.blocks.0.layernorm_after.bias]     Loading weights:   4%|▍         | 18/447 [00:00<00:00, 4333.46it/s, Materializing param=audio_model.audio_encoder.layers.0.blocks.0.layernorm_after.bias]Loading weights:   4%|▍         | 19/447 [00:00<00:00, 4523.83it/s, Materializing param=audio_model.audio_encoder.layers.0.blocks.0.layernorm_after.weight]Loading weights:   4%|▍         | 19/447 [00:00<00:00, 4496.01it/s, Materializing param=audio_model.audio_encoder.layers.0.blocks.0.layernorm_after.weight]Loading weights:   4%|▍         | 20/447 [00:00<00:00, 4679.58it/s, Materializing param=audio_model.audio_encoder.layers.0.blocks.0.layernorm_before.bias] Loading weights:   4%|▍         | 20/447 [00:00<00:00, 4652.33it/s, Materializing param=audio_model.audio_encoder.layers.0.blocks.0.layernorm_before.bias]Loading weights:   5%|▍         | 21/447 [00:00<00:00, 4833.47it/s, Materializing param=audio_model.audio_encoder.layers.0.blocks.0.layernorm_before.weight]Loading weights:   5%|▍         | 21/447 [00:00<00:00, 4806.83it/s, Materializing param=audio_model.audio_encoder.layers.0.blocks.0.layernorm_before.weight]Loading weights:   5%|▍         | 22/447 [00:00<00:00, 4975.45it/s, Materializing param=audio_model.audio_encoder.layers.0.blocks.0.output.dense.bias]      Loading weights:   5%|▍         | 22/447 [00:00<00:00, 4949.56it/s, Materializing param=audio_model.audio_encoder.layers.0.blocks.0.output.dense.bias]Loading weights:   5%|▌         | 23/447 [00:00<00:00, 5118.26it/s, Materializing param=audio_model.audio_encoder.layers.0.blocks.0.output.dense.weight]Loading weights:   5%|▌         | 23/447 [00:00<00:00, 5087.49it/s, Materializing param=audio_model.audio_encoder.layers.0.blocks.0.output.dense.weight]Loading weights:   5%|▌         | 24/447 [00:00<00:00, 5260.96it/s, Materializing param=audio_model.audio_encoder.layers.0.blocks.1.attention.output.dense.bias]Loading weights:   5%|▌         | 24/447 [00:00<00:00, 5232.25it/s, Materializing param=audio_model.audio_encoder.layers.0.blocks.1.attention.output.dense.bias]Loading weights:   6%|▌         | 25/447 [00:00<00:00, 5386.71it/s, Materializing param=audio_model.audio_encoder.layers.0.blocks.1.attention.output.dense.weight]Loading weights:   6%|▌         | 25/447 [00:00<00:00, 5356.98it/s, Materializing param=audio_model.audio_encoder.layers.0.blocks.1.attention.output.dense.weight]Loading weights:   6%|▌         | 26/447 [00:00<00:00, 5517.98it/s, Materializing param=audio_model.audio_encoder.layers.0.blocks.1.attention.self.key.bias]      Loading weights:   6%|▌         | 26/447 [00:00<00:00, 5480.82it/s, Materializing param=audio_model.audio_encoder.layers.0.blocks.1.attention.self.key.bias]Loading weights:   6%|▌         | 27/447 [00:00<00:00, 5635.54it/s, Materializing param=audio_model.audio_encoder.layers.0.blocks.1.attention.self.key.weight]Loading weights:   6%|▌         | 27/447 [00:00<00:00, 5605.42it/s, Materializing param=audio_model.audio_encoder.layers.0.blocks.1.attention.self.key.weight]Loading weights:   6%|▋         | 28/447 [00:00<00:00, 5759.15it/s, Materializing param=audio_model.audio_encoder.layers.0.blocks.1.attention.self.query.bias]Loading weights:   6%|▋         | 28/447 [00:00<00:00, 5729.64it/s, Materializing param=audio_model.audio_encoder.layers.0.blocks.1.attention.self.query.bias]Loading weights:   6%|▋         | 29/447 [00:00<00:00, 5880.34it/s, Materializing param=audio_model.audio_encoder.layers.0.blocks.1.attention.self.query.weight]Loading weights:   6%|▋         | 29/447 [00:00<00:00, 5849.23it/s, Materializing param=audio_model.audio_encoder.layers.0.blocks.1.attention.self.query.weight]Loading weights:   7%|▋         | 30/447 [00:00<00:00, 5987.02it/s, Materializing param=audio_model.audio_encoder.layers.0.blocks.1.attention.self.relative_position_bias_table]Loading weights:   7%|▋         | 30/447 [00:00<00:00, 5950.21it/s, Materializing param=audio_model.audio_encoder.layers.0.blocks.1.attention.self.relative_position_bias_table]Loading weights:   7%|▋         | 31/447 [00:00<00:00, 6092.94it/s, Materializing param=audio_model.audio_encoder.layers.0.blocks.1.attention.self.relative_position_index]     Loading weights:   7%|▋         | 31/447 [00:00<00:00, 6061.98it/s, Materializing param=audio_model.audio_encoder.layers.0.blocks.1.attention.self.relative_position_index]Loading weights:   7%|▋         | 32/447 [00:00<00:00, 6201.72it/s, Materializing param=audio_model.audio_encoder.layers.0.blocks.1.attention.self.value.bias]             Loading weights:   7%|▋         | 32/447 [00:00<00:00, 6170.36it/s, Materializing param=audio_model.audio_encoder.layers.0.blocks.1.attention.self.value.bias]Loading weights:   7%|▋         | 33/447 [00:00<00:00, 6306.36it/s, Materializing param=audio_model.audio_encoder.layers.0.blocks.1.attention.self.value.weight]Loading weights:   7%|▋         | 33/447 [00:00<00:00, 6274.91it/s, Materializing param=audio_model.audio_encoder.layers.0.blocks.1.attention.self.value.weight]Loading weights:   8%|▊         | 34/447 [00:00<00:00, 6404.38it/s, Materializing param=audio_model.audio_encoder.layers.0.blocks.1.intermediate.dense.bias]    Loading weights:   8%|▊         | 34/447 [00:00<00:00, 6373.18it/s, Materializing param=audio_model.audio_encoder.layers.0.blocks.1.intermediate.dense.bias]Loading weights:   8%|▊         | 35/447 [00:00<00:00, 6483.84it/s, Materializing param=audio_model.audio_encoder.layers.0.blocks.1.intermediate.dense.weight]Loading weights:   8%|▊         | 35/447 [00:00<00:00, 6453.06it/s, Materializing param=audio_model.audio_encoder.layers.0.blocks.1.intermediate.dense.weight]Loading weights:   8%|▊         | 36/447 [00:00<00:00, 6580.16it/s, Materializing param=audio_model.audio_encoder.layers.0.blocks.1.layernorm_after.bias]     Loading weights:   8%|▊         | 36/447 [00:00<00:00, 6550.19it/s, Materializing param=audio_model.audio_encoder.layers.0.blocks.1.layernorm_after.bias]Loading weights:   8%|▊         | 37/447 [00:00<00:00, 6681.13it/s, Materializing param=audio_model.audio_encoder.layers.0.blocks.1.layernorm_after.weight]Loading weights:   8%|▊         | 37/447 [00:00<00:00, 6651.35it/s, Materializing param=audio_model.audio_encoder.layers.0.blocks.1.layernorm_after.weight]Loading weights:   9%|▊         | 38/447 [00:00<00:00, 6779.97it/s, Materializing param=audio_model.audio_encoder.layers.0.blocks.1.layernorm_before.bias] Loading weights:   9%|▊         | 38/447 [00:00<00:00, 6750.97it/s, Materializing param=audio_model.audio_encoder.layers.0.blocks.1.layernorm_before.bias]Loading weights:   9%|▊         | 39/447 [00:00<00:00, 6866.38it/s, Materializing param=audio_model.audio_encoder.layers.0.blocks.1.layernorm_before.weight]Loading weights:   9%|▊         | 39/447 [00:00<00:00, 6835.11it/s, Materializing param=audio_model.audio_encoder.layers.0.blocks.1.layernorm_before.weight]Loading weights:   9%|▉         | 40/447 [00:00<00:00, 6955.44it/s, Materializing param=audio_model.audio_encoder.layers.0.blocks.1.output.dense.bias]      Loading weights:   9%|▉         | 40/447 [00:00<00:00, 6925.58it/s, Materializing param=audio_model.audio_encoder.layers.0.blocks.1.output.dense.bias]Loading weights:   9%|▉         | 41/447 [00:00<00:00, 7042.32it/s, Materializing param=audio_model.audio_encoder.layers.0.blocks.1.output.dense.weight]Loading weights:   9%|▉         | 41/447 [00:00<00:00, 7013.31it/s, Materializing param=audio_model.audio_encoder.layers.0.blocks.1.output.dense.weight]Loading weights:   9%|▉         | 42/447 [00:00<00:00, 7129.71it/s, Materializing param=audio_model.audio_encoder.layers.0.downsample.norm.bias]        Loading weights:   9%|▉         | 42/447 [00:00<00:00, 7100.68it/s, Materializing param=audio_model.audio_encoder.layers.0.downsample.norm.bias]Loading weights:  10%|▉         | 43/447 [00:00<00:00, 7218.53it/s, Materializing param=audio_model.audio_encoder.layers.0.downsample.norm.weight]Loading weights:  10%|▉         | 43/447 [00:00<00:00, 7189.47it/s, Materializing param=audio_model.audio_encoder.layers.0.downsample.norm.weight]Loading weights:  10%|▉         | 44/447 [00:00<00:00, 7306.86it/s, Materializing param=audio_model.audio_encoder.layers.0.downsample.reduction.weight]Loading weights:  10%|▉         | 44/447 [00:00<00:00, 7275.18it/s, Materializing param=audio_model.audio_encoder.layers.0.downsample.reduction.weight]Loading weights:  10%|█         | 45/447 [00:00<00:00, 7383.47it/s, Materializing param=audio_model.audio_encoder.layers.1.blocks.0.attention.output.dense.bias]Loading weights:  10%|█         | 45/447 [00:00<00:00, 7350.69it/s, Materializing param=audio_model.audio_encoder.layers.1.blocks.0.attention.output.dense.bias]Loading weights:  10%|█         | 46/447 [00:00<00:00, 7453.08it/s, Materializing param=audio_model.audio_encoder.layers.1.blocks.0.attention.output.dense.weight]Loading weights:  10%|█         | 46/447 [00:00<00:00, 7420.69it/s, Materializing param=audio_model.audio_encoder.layers.1.blocks.0.attention.output.dense.weight]Loading weights:  11%|█         | 47/447 [00:00<00:00, 7527.58it/s, Materializing param=audio_model.audio_encoder.layers.1.blocks.0.attention.self.key.bias]      Loading weights:  11%|█         | 47/447 [00:00<00:00, 7496.09it/s, Materializing param=audio_model.audio_encoder.layers.1.blocks.0.attention.self.key.bias]Loading weights:  11%|█         | 48/447 [00:00<00:00, 7598.66it/s, Materializing param=audio_model.audio_encoder.layers.1.blocks.0.attention.self.key.weight]Loading weights:  11%|█         | 48/447 [00:00<00:00, 7567.53it/s, Materializing param=audio_model.audio_encoder.layers.1.blocks.0.attention.self.key.weight]Loading weights:  11%|█         | 49/447 [00:00<00:00, 7673.27it/s, Materializing param=audio_model.audio_encoder.layers.1.blocks.0.attention.self.query.bias]Loading weights:  11%|█         | 49/447 [00:00<00:00, 7641.89it/s, Materializing param=audio_model.audio_encoder.layers.1.blocks.0.attention.self.query.bias]Loading weights:  11%|█         | 50/447 [00:00<00:00, 7742.57it/s, Materializing param=audio_model.audio_encoder.layers.1.blocks.0.attention.self.query.weight]Loading weights:  11%|█         | 50/447 [00:00<00:00, 7708.98it/s, Materializing param=audio_model.audio_encoder.layers.1.blocks.0.attention.self.query.weight]Loading weights:  11%|█▏        | 51/447 [00:00<00:00, 7808.06it/s, Materializing param=audio_model.audio_encoder.layers.1.blocks.0.attention.self.relative_position_bias_table]Loading weights:  11%|█▏        | 51/447 [00:00<00:00, 7774.57it/s, Materializing param=audio_model.audio_encoder.layers.1.blocks.0.attention.self.relative_position_bias_table]Loading weights:  12%|█▏        | 52/447 [00:00<00:00, 7868.39it/s, Materializing param=audio_model.audio_encoder.layers.1.blocks.0.attention.self.relative_position_index]     Loading weights:  12%|█▏        | 52/447 [00:00<00:00, 7837.29it/s, Materializing param=audio_model.audio_encoder.layers.1.blocks.0.attention.self.relative_position_index]Loading weights:  12%|█▏        | 53/447 [00:00<00:00, 7935.25it/s, Materializing param=audio_model.audio_encoder.layers.1.blocks.0.attention.self.value.bias]             Loading weights:  12%|█▏        | 53/447 [00:00<00:00, 7905.90it/s, Materializing param=audio_model.audio_encoder.layers.1.blocks.0.attention.self.value.bias]Loading weights:  12%|█▏        | 54/447 [00:00<00:00, 8003.83it/s, Materializing param=audio_model.audio_encoder.layers.1.blocks.0.attention.self.value.weight]Loading weights:  12%|█▏        | 54/447 [00:00<00:00, 7974.24it/s, Materializing param=audio_model.audio_encoder.layers.1.blocks.0.attention.self.value.weight]Loading weights:  12%|█▏        | 55/447 [00:00<00:00, 8070.48it/s, Materializing param=audio_model.audio_encoder.layers.1.blocks.0.intermediate.dense.bias]    Loading weights:  12%|█▏        | 55/447 [00:00<00:00, 8040.95it/s, Materializing param=audio_model.audio_encoder.layers.1.blocks.0.intermediate.dense.bias]Loading weights:  13%|█▎        | 56/447 [00:00<00:00, 8134.97it/s, Materializing param=audio_model.audio_encoder.layers.1.blocks.0.intermediate.dense.weight]Loading weights:  13%|█▎        | 56/447 [00:00<00:00, 8105.49it/s, Materializing param=audio_model.audio_encoder.layers.1.blocks.0.intermediate.dense.weight]Loading weights:  13%|█▎        | 57/447 [00:00<00:00, 8179.39it/s, Materializing param=audio_model.audio_encoder.layers.1.blocks.0.layernorm_after.bias]     Loading weights:  13%|█▎        | 57/447 [00:00<00:00, 8150.11it/s, Materializing param=audio_model.audio_encoder.layers.1.blocks.0.layernorm_after.bias]Loading weights:  13%|█▎        | 58/447 [00:00<00:00, 8237.49it/s, Materializing param=audio_model.audio_encoder.layers.1.blocks.0.layernorm_after.weight]Loading weights:  13%|█▎        | 58/447 [00:00<00:00, 8208.59it/s, Materializing param=audio_model.audio_encoder.layers.1.blocks.0.layernorm_after.weight]Loading weights:  13%|█▎        | 59/447 [00:00<00:00, 8300.82it/s, Materializing param=audio_model.audio_encoder.layers.1.blocks.0.layernorm_before.bias] Loading weights:  13%|█▎        | 59/447 [00:00<00:00, 8271.68it/s, Materializing param=audio_model.audio_encoder.layers.1.blocks.0.layernorm_before.bias]Loading weights:  13%|█▎        | 60/447 [00:00<00:00, 8360.18it/s, Materializing param=audio_model.audio_encoder.layers.1.blocks.0.layernorm_before.weight]Loading weights:  13%|█▎        | 60/447 [00:00<00:00, 8331.12it/s, Materializing param=audio_model.audio_encoder.layers.1.blocks.0.layernorm_before.weight]Loading weights:  14%|█▎        | 61/447 [00:00<00:00, 8418.69it/s, Materializing param=audio_model.audio_encoder.layers.1.blocks.0.output.dense.bias]      Loading weights:  14%|█▎        | 61/447 [00:00<00:00, 8388.61it/s, Materializing param=audio_model.audio_encoder.layers.1.blocks.0.output.dense.bias]Loading weights:  14%|█▍        | 62/447 [00:00<00:00, 8473.62it/s, Materializing param=audio_model.audio_encoder.layers.1.blocks.0.output.dense.weight]Loading weights:  14%|█▍        | 62/447 [00:00<00:00, 8444.72it/s, Materializing param=audio_model.audio_encoder.layers.1.blocks.0.output.dense.weight]Loading weights:  14%|█▍        | 63/447 [00:00<00:00, 8531.06it/s, Materializing param=audio_model.audio_encoder.layers.1.blocks.1.attention.output.dense.bias]Loading weights:  14%|█▍        | 63/447 [00:00<00:00, 8501.15it/s, Materializing param=audio_model.audio_encoder.layers.1.blocks.1.attention.output.dense.bias]Loading weights:  14%|█▍        | 64/447 [00:00<00:00, 8579.23it/s, Materializing param=audio_model.audio_encoder.layers.1.blocks.1.attention.output.dense.weight]Loading weights:  14%|█▍        | 64/447 [00:00<00:00, 8544.82it/s, Materializing param=audio_model.audio_encoder.layers.1.blocks.1.attention.output.dense.weight]Loading weights:  15%|█▍        | 65/447 [00:00<00:00, 8625.61it/s, Materializing param=audio_model.audio_encoder.layers.1.blocks.1.attention.self.key.bias]      Loading weights:  15%|█▍        | 65/447 [00:00<00:00, 8596.78it/s, Materializing param=audio_model.audio_encoder.layers.1.blocks.1.attention.self.key.bias]Loading weights:  15%|█▍        | 66/447 [00:00<00:00, 8677.33it/s, Materializing param=audio_model.audio_encoder.layers.1.blocks.1.attention.self.key.weight]Loading weights:  15%|█▍        | 66/447 [00:00<00:00, 8648.05it/s, Materializing param=audio_model.audio_encoder.layers.1.blocks.1.attention.self.key.weight]Loading weights:  15%|█▍        | 67/447 [00:00<00:00, 8727.55it/s, Materializing param=audio_model.audio_encoder.layers.1.blocks.1.attention.self.query.bias]Loading weights:  15%|█▍        | 67/447 [00:00<00:00, 8697.84it/s, Materializing param=audio_model.audio_encoder.layers.1.blocks.1.attention.self.query.bias]Loading weights:  15%|█▌        | 68/447 [00:00<00:00, 8777.94it/s, Materializing param=audio_model.audio_encoder.layers.1.blocks.1.attention.self.query.weight]Loading weights:  15%|█▌        | 68/447 [00:00<00:00, 8748.32it/s, Materializing param=audio_model.audio_encoder.layers.1.blocks.1.attention.self.query.weight]Loading weights:  15%|█▌        | 69/447 [00:00<00:00, 8830.38it/s, Materializing param=audio_model.audio_encoder.layers.1.blocks.1.attention.self.relative_position_bias_table]Loading weights:  15%|█▌        | 69/447 [00:00<00:00, 8801.11it/s, Materializing param=audio_model.audio_encoder.layers.1.blocks.1.attention.self.relative_position_bias_table]Loading weights:  16%|█▌        | 70/447 [00:00<00:00, 8878.71it/s, Materializing param=audio_model.audio_encoder.layers.1.blocks.1.attention.self.relative_position_index]     Loading weights:  16%|█▌        | 70/447 [00:00<00:00, 8849.81it/s, Materializing param=audio_model.audio_encoder.layers.1.blocks.1.attention.self.relative_position_index]Loading weights:  16%|█▌        | 71/447 [00:00<00:00, 8922.98it/s, Materializing param=audio_model.audio_encoder.layers.1.blocks.1.attention.self.value.bias]             Loading weights:  16%|█▌        | 71/447 [00:00<00:00, 8895.26it/s, Materializing param=audio_model.audio_encoder.layers.1.blocks.1.attention.self.value.bias]Loading weights:  16%|█▌        | 72/447 [00:00<00:00, 8970.97it/s, Materializing param=audio_model.audio_encoder.layers.1.blocks.1.attention.self.value.weight]Loading weights:  16%|█▌        | 72/447 [00:00<00:00, 8944.14it/s, Materializing param=audio_model.audio_encoder.layers.1.blocks.1.attention.self.value.weight]Loading weights:  16%|█▋        | 73/447 [00:00<00:00, 9018.15it/s, Materializing param=audio_model.audio_encoder.layers.1.blocks.1.intermediate.dense.bias]    Loading weights:  16%|█▋        | 73/447 [00:00<00:00, 8991.40it/s, Materializing param=audio_model.audio_encoder.layers.1.blocks.1.intermediate.dense.bias]Loading weights:  17%|█▋        | 74/447 [00:00<00:00, 9066.38it/s, Materializing param=audio_model.audio_encoder.layers.1.blocks.1.intermediate.dense.weight]Loading weights:  17%|█▋        | 74/447 [00:00<00:00, 9038.92it/s, Materializing param=audio_model.audio_encoder.layers.1.blocks.1.intermediate.dense.weight]Loading weights:  17%|█▋        | 75/447 [00:00<00:00, 9115.41it/s, Materializing param=audio_model.audio_encoder.layers.1.blocks.1.layernorm_after.bias]     Loading weights:  17%|█▋        | 75/447 [00:00<00:00, 9087.76it/s, Materializing param=audio_model.audio_encoder.layers.1.blocks.1.layernorm_after.bias]Loading weights:  17%|█▋        | 76/447 [00:00<00:00, 9162.34it/s, Materializing param=audio_model.audio_encoder.layers.1.blocks.1.layernorm_after.weight]Loading weights:  17%|█▋        | 76/447 [00:00<00:00, 9131.63it/s, Materializing param=audio_model.audio_encoder.layers.1.blocks.1.layernorm_after.weight]Loading weights:  17%|█▋        | 77/447 [00:00<00:00, 9207.21it/s, Materializing param=audio_model.audio_encoder.layers.1.blocks.1.layernorm_before.bias] Loading weights:  17%|█▋        | 77/447 [00:00<00:00, 9180.00it/s, Materializing param=audio_model.audio_encoder.layers.1.blocks.1.layernorm_before.bias]Loading weights:  17%|█▋        | 78/447 [00:00<00:00, 9255.02it/s, Materializing param=audio_model.audio_encoder.layers.1.blocks.1.layernorm_before.weight]Loading weights:  17%|█▋        | 78/447 [00:00<00:00, 9228.91it/s, Materializing param=audio_model.audio_encoder.layers.1.blocks.1.layernorm_before.weight]Loading weights:  18%|█▊        | 79/447 [00:00<00:00, 9302.88it/s, Materializing param=audio_model.audio_encoder.layers.1.blocks.1.output.dense.bias]      Loading weights:  18%|█▊        | 79/447 [00:00<00:00, 9276.84it/s, Materializing param=audio_model.audio_encoder.layers.1.blocks.1.output.dense.bias]Loading weights:  18%|█▊        | 80/447 [00:00<00:00, 9348.98it/s, Materializing param=audio_model.audio_encoder.layers.1.blocks.1.output.dense.weight]Loading weights:  18%|█▊        | 80/447 [00:00<00:00, 9321.97it/s, Materializing param=audio_model.audio_encoder.layers.1.blocks.1.output.dense.weight]Loading weights:  18%|█▊        | 81/447 [00:00<00:00, 9393.61it/s, Materializing param=audio_model.audio_encoder.layers.1.downsample.norm.bias]        Loading weights:  18%|█▊        | 81/447 [00:00<00:00, 9366.42it/s, Materializing param=audio_model.audio_encoder.layers.1.downsample.norm.bias]Loading weights:  18%|█▊        | 82/447 [00:00<00:00, 9434.19it/s, Materializing param=audio_model.audio_encoder.layers.1.downsample.norm.weight]Loading weights:  18%|█▊        | 82/447 [00:00<00:00, 9401.70it/s, Materializing param=audio_model.audio_encoder.layers.1.downsample.norm.weight]Loading weights:  19%|█▊        | 83/447 [00:00<00:00, 9469.76it/s, Materializing param=audio_model.audio_encoder.layers.1.downsample.reduction.weight]Loading weights:  19%|█▊        | 83/447 [00:00<00:00, 9441.51it/s, Materializing param=audio_model.audio_encoder.layers.1.downsample.reduction.weight]Loading weights:  19%|█▉        | 84/447 [00:00<00:00, 9511.92it/s, Materializing param=audio_model.audio_encoder.layers.2.blocks.0.attention.output.dense.bias]Loading weights:  19%|█▉        | 84/447 [00:00<00:00, 9485.03it/s, Materializing param=audio_model.audio_encoder.layers.2.blocks.0.attention.output.dense.bias]Loading weights:  19%|█▉        | 85/447 [00:00<00:00, 9544.25it/s, Materializing param=audio_model.audio_encoder.layers.2.blocks.0.attention.output.dense.weight]Loading weights:  19%|█▉        | 85/447 [00:00<00:00, 9516.48it/s, Materializing param=audio_model.audio_encoder.layers.2.blocks.0.attention.output.dense.weight]Loading weights:  19%|█▉        | 86/447 [00:00<00:00, 9582.40it/s, Materializing param=audio_model.audio_encoder.layers.2.blocks.0.attention.self.key.bias]      Loading weights:  19%|█▉        | 86/447 [00:00<00:00, 9556.75it/s, Materializing param=audio_model.audio_encoder.layers.2.blocks.0.attention.self.key.bias]Loading weights:  19%|█▉        | 87/447 [00:00<00:00, 9619.71it/s, Materializing param=audio_model.audio_encoder.layers.2.blocks.0.attention.self.key.weight]Loading weights:  19%|█▉        | 87/447 [00:00<00:00, 9593.16it/s, Materializing param=audio_model.audio_encoder.layers.2.blocks.0.attention.self.key.weight]Loading weights:  20%|█▉        | 88/447 [00:00<00:00, 9658.73it/s, Materializing param=audio_model.audio_encoder.layers.2.blocks.0.attention.self.query.bias]Loading weights:  20%|█▉        | 88/447 [00:00<00:00, 9633.52it/s, Materializing param=audio_model.audio_encoder.layers.2.blocks.0.attention.self.query.bias]Loading weights:  20%|█▉        | 89/447 [00:00<00:00, 9698.44it/s, Materializing param=audio_model.audio_encoder.layers.2.blocks.0.attention.self.query.weight]Loading weights:  20%|█▉        | 89/447 [00:00<00:00, 9668.80it/s, Materializing param=audio_model.audio_encoder.layers.2.blocks.0.attention.self.query.weight]Loading weights:  20%|██        | 90/447 [00:00<00:00, 9731.81it/s, Materializing param=audio_model.audio_encoder.layers.2.blocks.0.attention.self.relative_position_bias_table]Loading weights:  20%|██        | 90/447 [00:00<00:00, 9703.80it/s, Materializing param=audio_model.audio_encoder.layers.2.blocks.0.attention.self.relative_position_bias_table]Loading weights:  20%|██        | 91/447 [00:00<00:00, 9766.18it/s, Materializing param=audio_model.audio_encoder.layers.2.blocks.0.attention.self.relative_position_index]     Loading weights:  20%|██        | 91/447 [00:00<00:00, 9740.01it/s, Materializing param=audio_model.audio_encoder.layers.2.blocks.0.attention.self.relative_position_index]Loading weights:  21%|██        | 92/447 [00:00<00:00, 9802.02it/s, Materializing param=audio_model.audio_encoder.layers.2.blocks.0.attention.self.value.bias]             Loading weights:  21%|██        | 92/447 [00:00<00:00, 9774.95it/s, Materializing param=audio_model.audio_encoder.layers.2.blocks.0.attention.self.value.bias]Loading weights:  21%|██        | 93/447 [00:00<00:00, 9836.35it/s, Materializing param=audio_model.audio_encoder.layers.2.blocks.0.attention.self.value.weight]Loading weights:  21%|██        | 93/447 [00:00<00:00, 9810.37it/s, Materializing param=audio_model.audio_encoder.layers.2.blocks.0.attention.self.value.weight]Loading weights:  21%|██        | 94/447 [00:00<00:00, 9870.93it/s, Materializing param=audio_model.audio_encoder.layers.2.blocks.0.intermediate.dense.bias]    Loading weights:  21%|██        | 94/447 [00:00<00:00, 9846.03it/s, Materializing param=audio_model.audio_encoder.layers.2.blocks.0.intermediate.dense.bias]Loading weights:  21%|██▏       | 95/447 [00:00<00:00, 9903.29it/s, Materializing param=audio_model.audio_encoder.layers.2.blocks.0.intermediate.dense.weight]Loading weights:  21%|██▏       | 95/447 [00:00<00:00, 9877.51it/s, Materializing param=audio_model.audio_encoder.layers.2.blocks.0.intermediate.dense.weight]Loading weights:  21%|██▏       | 96/447 [00:00<00:00, 9923.68it/s, Materializing param=audio_model.audio_encoder.layers.2.blocks.0.layernorm_after.bias]     Loading weights:  21%|██▏       | 96/447 [00:00<00:00, 9897.82it/s, Materializing param=audio_model.audio_encoder.layers.2.blocks.0.layernorm_after.bias]Loading weights:  22%|██▏       | 97/447 [00:00<00:00, 9959.06it/s, Materializing param=audio_model.audio_encoder.layers.2.blocks.0.layernorm_after.weight]Loading weights:  22%|██▏       | 97/447 [00:00<00:00, 9934.74it/s, Materializing param=audio_model.audio_encoder.layers.2.blocks.0.layernorm_after.weight]Loading weights:  22%|██▏       | 98/447 [00:00<00:00, 9994.94it/s, Materializing param=audio_model.audio_encoder.layers.2.blocks.0.layernorm_before.bias] Loading weights:  22%|██▏       | 98/447 [00:00<00:00, 9970.69it/s, Materializing param=audio_model.audio_encoder.layers.2.blocks.0.layernorm_before.bias]Loading weights:  22%|██▏       | 99/447 [00:00<00:00, 10032.52it/s, Materializing param=audio_model.audio_encoder.layers.2.blocks.0.layernorm_before.weight]Loading weights:  22%|██▏       | 99/447 [00:00<00:00, 10004.24it/s, Materializing param=audio_model.audio_encoder.layers.2.blocks.0.layernorm_before.weight]Loading weights:  22%|██▏       | 100/447 [00:00<00:00, 10058.28it/s, Materializing param=audio_model.audio_encoder.layers.2.blocks.0.output.dense.bias]     Loading weights:  22%|██▏       | 100/447 [00:00<00:00, 10032.30it/s, Materializing param=audio_model.audio_encoder.layers.2.blocks.0.output.dense.bias]Loading weights:  23%|██▎       | 101/447 [00:00<00:00, 10089.19it/s, Materializing param=audio_model.audio_encoder.layers.2.blocks.0.output.dense.weight]Loading weights:  23%|██▎       | 101/447 [00:00<00:00, 10049.69it/s, Materializing param=audio_model.audio_encoder.layers.2.blocks.0.output.dense.weight]Loading weights:  23%|██▎       | 102/447 [00:00<00:00, 10106.04it/s, Materializing param=audio_model.audio_encoder.layers.2.blocks.1.attention.output.dense.bias]Loading weights:  23%|██▎       | 102/447 [00:00<00:00, 10081.27it/s, Materializing param=audio_model.audio_encoder.layers.2.blocks.1.attention.output.dense.bias]Loading weights:  23%|██▎       | 103/447 [00:00<00:00, 10132.83it/s, Materializing param=audio_model.audio_encoder.layers.2.blocks.1.attention.output.dense.weight]Loading weights:  23%|██▎       | 103/447 [00:00<00:00, 10108.18it/s, Materializing param=audio_model.audio_encoder.layers.2.blocks.1.attention.output.dense.weight]Loading weights:  23%|██▎       | 104/447 [00:00<00:00, 10162.32it/s, Materializing param=audio_model.audio_encoder.layers.2.blocks.1.attention.self.key.bias]      Loading weights:  23%|██▎       | 104/447 [00:00<00:00, 10135.64it/s, Materializing param=audio_model.audio_encoder.layers.2.blocks.1.attention.self.key.bias]Loading weights:  23%|██▎       | 105/447 [00:00<00:00, 10189.30it/s, Materializing param=audio_model.audio_encoder.layers.2.blocks.1.attention.self.key.weight]Loading weights:  23%|██▎       | 105/447 [00:00<00:00, 10158.75it/s, Materializing param=audio_model.audio_encoder.layers.2.blocks.1.attention.self.key.weight]Loading weights:  24%|██▎       | 106/447 [00:00<00:00, 10210.98it/s, Materializing param=audio_model.audio_encoder.layers.2.blocks.1.attention.self.query.bias]Loading weights:  24%|██▎       | 106/447 [00:00<00:00, 10185.71it/s, Materializing param=audio_model.audio_encoder.layers.2.blocks.1.attention.self.query.bias]Loading weights:  24%|██▍       | 107/447 [00:00<00:00, 10237.48it/s, Materializing param=audio_model.audio_encoder.layers.2.blocks.1.attention.self.query.weight]Loading weights:  24%|██▍       | 107/447 [00:00<00:00, 10212.09it/s, Materializing param=audio_model.audio_encoder.layers.2.blocks.1.attention.self.query.weight]Loading weights:  24%|██▍       | 108/447 [00:00<00:00, 10263.39it/s, Materializing param=audio_model.audio_encoder.layers.2.blocks.1.attention.self.relative_position_bias_table]Loading weights:  24%|██▍       | 108/447 [00:00<00:00, 10238.10it/s, Materializing param=audio_model.audio_encoder.layers.2.blocks.1.attention.self.relative_position_bias_table]Loading weights:  24%|██▍       | 109/447 [00:00<00:00, 10289.87it/s, Materializing param=audio_model.audio_encoder.layers.2.blocks.1.attention.self.relative_position_index]     Loading weights:  24%|██▍       | 109/447 [00:00<00:00, 10264.69it/s, Materializing param=audio_model.audio_encoder.layers.2.blocks.1.attention.self.relative_position_index]Loading weights:  25%|██▍       | 110/447 [00:00<00:00, 10314.17it/s, Materializing param=audio_model.audio_encoder.layers.2.blocks.1.attention.self.value.bias]             Loading weights:  25%|██▍       | 110/447 [00:00<00:00, 10290.02it/s, Materializing param=audio_model.audio_encoder.layers.2.blocks.1.attention.self.value.bias]Loading weights:  25%|██▍       | 111/447 [00:00<00:00, 10342.04it/s, Materializing param=audio_model.audio_encoder.layers.2.blocks.1.attention.self.value.weight]Loading weights:  25%|██▍       | 111/447 [00:00<00:00, 10317.06it/s, Materializing param=audio_model.audio_encoder.layers.2.blocks.1.attention.self.value.weight]Loading weights:  25%|██▌       | 112/447 [00:00<00:00, 10368.65it/s, Materializing param=audio_model.audio_encoder.layers.2.blocks.1.intermediate.dense.bias]    Loading weights:  25%|██▌       | 112/447 [00:00<00:00, 10344.68it/s, Materializing param=audio_model.audio_encoder.layers.2.blocks.1.intermediate.dense.bias]Loading weights:  25%|██▌       | 113/447 [00:00<00:00, 10392.87it/s, Materializing param=audio_model.audio_encoder.layers.2.blocks.1.intermediate.dense.weight]Loading weights:  25%|██▌       | 113/447 [00:00<00:00, 10366.05it/s, Materializing param=audio_model.audio_encoder.layers.2.blocks.1.intermediate.dense.weight]Loading weights:  26%|██▌       | 114/447 [00:00<00:00, 10417.68it/s, Materializing param=audio_model.audio_encoder.layers.2.blocks.1.layernorm_after.bias]     Loading weights:  26%|██▌       | 114/447 [00:00<00:00, 10393.90it/s, Materializing param=audio_model.audio_encoder.layers.2.blocks.1.layernorm_after.bias]Loading weights:  26%|██▌       | 115/447 [00:00<00:00, 10446.02it/s, Materializing param=audio_model.audio_encoder.layers.2.blocks.1.layernorm_after.weight]Loading weights:  26%|██▌       | 115/447 [00:00<00:00, 10422.54it/s, Materializing param=audio_model.audio_encoder.layers.2.blocks.1.layernorm_after.weight]Loading weights:  26%|██▌       | 116/447 [00:00<00:00, 10474.92it/s, Materializing param=audio_model.audio_encoder.layers.2.blocks.1.layernorm_before.bias] Loading weights:  26%|██▌       | 116/447 [00:00<00:00, 10451.52it/s, Materializing param=audio_model.audio_encoder.layers.2.blocks.1.layernorm_before.bias]Loading weights:  26%|██▌       | 117/447 [00:00<00:00, 10502.82it/s, Materializing param=audio_model.audio_encoder.layers.2.blocks.1.layernorm_before.weight]Loading weights:  26%|██▌       | 117/447 [00:00<00:00, 10479.27it/s, Materializing param=audio_model.audio_encoder.layers.2.blocks.1.layernorm_before.weight]Loading weights:  26%|██▋       | 118/447 [00:00<00:00, 10530.16it/s, Materializing param=audio_model.audio_encoder.layers.2.blocks.1.output.dense.bias]      Loading weights:  26%|██▋       | 118/447 [00:00<00:00, 10507.58it/s, Materializing param=audio_model.audio_encoder.layers.2.blocks.1.output.dense.bias]Loading weights:  27%|██▋       | 119/447 [00:00<00:00, 10557.18it/s, Materializing param=audio_model.audio_encoder.layers.2.blocks.1.output.dense.weight]Loading weights:  27%|██▋       | 119/447 [00:00<00:00, 10533.78it/s, Materializing param=audio_model.audio_encoder.layers.2.blocks.1.output.dense.weight]Loading weights:  27%|██▋       | 120/447 [00:00<00:00, 10583.88it/s, Materializing param=audio_model.audio_encoder.layers.2.blocks.2.attention.output.dense.bias]Loading weights:  27%|██▋       | 120/447 [00:00<00:00, 10560.56it/s, Materializing param=audio_model.audio_encoder.layers.2.blocks.2.attention.output.dense.bias]Loading weights:  27%|██▋       | 121/447 [00:00<00:00, 10605.84it/s, Materializing param=audio_model.audio_encoder.layers.2.blocks.2.attention.output.dense.weight]Loading weights:  27%|██▋       | 121/447 [00:00<00:00, 10582.62it/s, Materializing param=audio_model.audio_encoder.layers.2.blocks.2.attention.output.dense.weight]Loading weights:  27%|██▋       | 122/447 [00:00<00:00, 10629.96it/s, Materializing param=audio_model.audio_encoder.layers.2.blocks.2.attention.self.key.bias]      Loading weights:  27%|██▋       | 122/447 [00:00<00:00, 10604.19it/s, Materializing param=audio_model.audio_encoder.layers.2.blocks.2.attention.self.key.bias]Loading weights:  28%|██▊       | 123/447 [00:00<00:00, 10651.38it/s, Materializing param=audio_model.audio_encoder.layers.2.blocks.2.attention.self.key.weight]Loading weights:  28%|██▊       | 123/447 [00:00<00:00, 10628.34it/s, Materializing param=audio_model.audio_encoder.layers.2.blocks.2.attention.self.key.weight]Loading weights:  28%|██▊       | 124/447 [00:00<00:00, 10672.09it/s, Materializing param=audio_model.audio_encoder.layers.2.blocks.2.attention.self.query.bias]Loading weights:  28%|██▊       | 124/447 [00:00<00:00, 10641.30it/s, Materializing param=audio_model.audio_encoder.layers.2.blocks.2.attention.self.query.bias]Loading weights:  28%|██▊       | 125/447 [00:00<00:00, 10685.80it/s, Materializing param=audio_model.audio_encoder.layers.2.blocks.2.attention.self.query.weight]Loading weights:  28%|██▊       | 125/447 [00:00<00:00, 10656.48it/s, Materializing param=audio_model.audio_encoder.layers.2.blocks.2.attention.self.query.weight]Loading weights:  28%|██▊       | 126/447 [00:00<00:00, 10691.75it/s, Materializing param=audio_model.audio_encoder.layers.2.blocks.2.attention.self.relative_position_bias_table]Loading weights:  28%|██▊       | 126/447 [00:00<00:00, 10663.70it/s, Materializing param=audio_model.audio_encoder.layers.2.blocks.2.attention.self.relative_position_bias_table]Loading weights:  28%|██▊       | 127/447 [00:00<00:00, 10698.47it/s, Materializing param=audio_model.audio_encoder.layers.2.blocks.2.attention.self.relative_position_index]     Loading weights:  28%|██▊       | 127/447 [00:00<00:00, 10675.10it/s, Materializing param=audio_model.audio_encoder.layers.2.blocks.2.attention.self.relative_position_index]Loading weights:  29%|██▊       | 128/447 [00:00<00:00, 10719.62it/s, Materializing param=audio_model.audio_encoder.layers.2.blocks.2.attention.self.value.bias]             Loading weights:  29%|██▊       | 128/447 [00:00<00:00, 10690.81it/s, Materializing param=audio_model.audio_encoder.layers.2.blocks.2.attention.self.value.bias]Loading weights:  29%|██▉       | 129/447 [00:00<00:00, 10733.08it/s, Materializing param=audio_model.audio_encoder.layers.2.blocks.2.attention.self.value.weight]Loading weights:  29%|██▉       | 129/447 [00:00<00:00, 10710.77it/s, Materializing param=audio_model.audio_encoder.layers.2.blocks.2.attention.self.value.weight]Loading weights:  29%|██▉       | 130/447 [00:00<00:00, 10756.32it/s, Materializing param=audio_model.audio_encoder.layers.2.blocks.2.intermediate.dense.bias]    Loading weights:  29%|██▉       | 130/447 [00:00<00:00, 10734.30it/s, Materializing param=audio_model.audio_encoder.layers.2.blocks.2.intermediate.dense.bias]Loading weights:  29%|██▉       | 131/447 [00:00<00:00, 10775.72it/s, Materializing param=audio_model.audio_encoder.layers.2.blocks.2.intermediate.dense.weight]Loading weights:  29%|██▉       | 131/447 [00:00<00:00, 10753.57it/s, Materializing param=audio_model.audio_encoder.layers.2.blocks.2.intermediate.dense.weight]Loading weights:  30%|██▉       | 132/447 [00:00<00:00, 10792.36it/s, Materializing param=audio_model.audio_encoder.layers.2.blocks.2.layernorm_after.bias]     Loading weights:  30%|██▉       | 132/447 [00:00<00:00, 10769.48it/s, Materializing param=audio_model.audio_encoder.layers.2.blocks.2.layernorm_after.bias]Loading weights:  30%|██▉       | 133/447 [00:00<00:00, 10813.00it/s, Materializing param=audio_model.audio_encoder.layers.2.blocks.2.layernorm_after.weight]Loading weights:  30%|██▉       | 133/447 [00:00<00:00, 10790.41it/s, Materializing param=audio_model.audio_encoder.layers.2.blocks.2.layernorm_after.weight]Loading weights:  30%|██▉       | 134/447 [00:00<00:00, 10836.32it/s, Materializing param=audio_model.audio_encoder.layers.2.blocks.2.layernorm_before.bias] Loading weights:  30%|██▉       | 134/447 [00:00<00:00, 10814.43it/s, Materializing param=audio_model.audio_encoder.layers.2.blocks.2.layernorm_before.bias]Loading weights:  30%|███       | 135/447 [00:00<00:00, 10858.36it/s, Materializing param=audio_model.audio_encoder.layers.2.blocks.2.layernorm_before.weight]Loading weights:  30%|███       | 135/447 [00:00<00:00, 10836.54it/s, Materializing param=audio_model.audio_encoder.layers.2.blocks.2.layernorm_before.weight]Loading weights:  30%|███       | 136/447 [00:00<00:00, 10881.00it/s, Materializing param=audio_model.audio_encoder.layers.2.blocks.2.output.dense.bias]      Loading weights:  30%|███       | 136/447 [00:00<00:00, 10860.07it/s, Materializing param=audio_model.audio_encoder.layers.2.blocks.2.output.dense.bias]Loading weights:  31%|███       | 137/447 [00:00<00:00, 10903.39it/s, Materializing param=audio_model.audio_encoder.layers.2.blocks.2.output.dense.weight]Loading weights:  31%|███       | 137/447 [00:00<00:00, 10880.06it/s, Materializing param=audio_model.audio_encoder.layers.2.blocks.2.output.dense.weight]Loading weights:  31%|███       | 138/447 [00:00<00:00, 10915.05it/s, Materializing param=audio_model.audio_encoder.layers.2.blocks.3.attention.output.dense.bias]Loading weights:  31%|███       | 138/447 [00:00<00:00, 10892.86it/s, Materializing param=audio_model.audio_encoder.layers.2.blocks.3.attention.output.dense.bias]Loading weights:  31%|███       | 139/447 [00:00<00:00, 10930.24it/s, Materializing param=audio_model.audio_encoder.layers.2.blocks.3.attention.output.dense.weight]Loading weights:  31%|███       | 139/447 [00:00<00:00, 10908.16it/s, Materializing param=audio_model.audio_encoder.layers.2.blocks.3.attention.output.dense.weight]Loading weights:  31%|███▏      | 140/447 [00:00<00:00, 10945.27it/s, Materializing param=audio_model.audio_encoder.layers.2.blocks.3.attention.self.key.bias]      Loading weights:  31%|███▏      | 140/447 [00:00<00:00, 10919.62it/s, Materializing param=audio_model.audio_encoder.layers.2.blocks.3.attention.self.key.bias]Loading weights:  32%|███▏      | 141/447 [00:00<00:00, 10944.70it/s, Materializing param=audio_model.audio_encoder.layers.2.blocks.3.attention.self.key.weight]Loading weights:  32%|███▏      | 141/447 [00:00<00:00, 10922.67it/s, Materializing param=audio_model.audio_encoder.layers.2.blocks.3.attention.self.key.weight]Loading weights:  32%|███▏      | 142/447 [00:00<00:00, 10956.83it/s, Materializing param=audio_model.audio_encoder.layers.2.blocks.3.attention.self.query.bias]Loading weights:  32%|███▏      | 142/447 [00:00<00:00, 10935.90it/s, Materializing param=audio_model.audio_encoder.layers.2.blocks.3.attention.self.query.bias]Loading weights:  32%|███▏      | 143/447 [00:00<00:00, 10975.63it/s, Materializing param=audio_model.audio_encoder.layers.2.blocks.3.attention.self.query.weight]Loading weights:  32%|███▏      | 143/447 [00:00<00:00, 10954.59it/s, Materializing param=audio_model.audio_encoder.layers.2.blocks.3.attention.self.query.weight]Loading weights:  32%|███▏      | 144/447 [00:00<00:00, 10995.85it/s, Materializing param=audio_model.audio_encoder.layers.2.blocks.3.attention.self.relative_position_bias_table]Loading weights:  32%|███▏      | 144/447 [00:00<00:00, 10973.87it/s, Materializing param=audio_model.audio_encoder.layers.2.blocks.3.attention.self.relative_position_bias_table]Loading weights:  32%|███▏      | 145/447 [00:00<00:00, 11012.66it/s, Materializing param=audio_model.audio_encoder.layers.2.blocks.3.attention.self.relative_position_index]     Loading weights:  32%|███▏      | 145/447 [00:00<00:00, 10990.77it/s, Materializing param=audio_model.audio_encoder.layers.2.blocks.3.attention.self.relative_position_index]Loading weights:  33%|███▎      | 146/447 [00:00<00:00, 11030.68it/s, Materializing param=audio_model.audio_encoder.layers.2.blocks.3.attention.self.value.bias]             Loading weights:  33%|███▎      | 146/447 [00:00<00:00, 11009.07it/s, Materializing param=audio_model.audio_encoder.layers.2.blocks.3.attention.self.value.bias]Loading weights:  33%|███▎      | 147/447 [00:00<00:00, 11049.31it/s, Materializing param=audio_model.audio_encoder.layers.2.blocks.3.attention.self.value.weight]Loading weights:  33%|███▎      | 147/447 [00:00<00:00, 11027.97it/s, Materializing param=audio_model.audio_encoder.layers.2.blocks.3.attention.self.value.weight]Loading weights:  33%|███▎      | 148/447 [00:00<00:00, 11045.69it/s, Materializing param=audio_model.audio_encoder.layers.2.blocks.3.intermediate.dense.bias]    Loading weights:  33%|███▎      | 148/447 [00:00<00:00, 11025.10it/s, Materializing param=audio_model.audio_encoder.layers.2.blocks.3.intermediate.dense.bias]Loading weights:  33%|███▎      | 149/447 [00:00<00:00, 11062.65it/s, Materializing param=audio_model.audio_encoder.layers.2.blocks.3.intermediate.dense.weight]Loading weights:  33%|███▎      | 149/447 [00:00<00:00, 11042.91it/s, Materializing param=audio_model.audio_encoder.layers.2.blocks.3.intermediate.dense.weight]Loading weights:  34%|███▎      | 150/447 [00:00<00:00, 11078.46it/s, Materializing param=audio_model.audio_encoder.layers.2.blocks.3.layernorm_after.bias]     Loading weights:  34%|███▎      | 150/447 [00:00<00:00, 11058.01it/s, Materializing param=audio_model.audio_encoder.layers.2.blocks.3.layernorm_after.bias]Loading weights:  34%|███▍      | 151/447 [00:00<00:00, 11097.40it/s, Materializing param=audio_model.audio_encoder.layers.2.blocks.3.layernorm_after.weight]Loading weights:  34%|███▍      | 151/447 [00:00<00:00, 11077.02it/s, Materializing param=audio_model.audio_encoder.layers.2.blocks.3.layernorm_after.weight]Loading weights:  34%|███▍      | 152/447 [00:00<00:00, 11116.94it/s, Materializing param=audio_model.audio_encoder.layers.2.blocks.3.layernorm_before.bias] Loading weights:  34%|███▍      | 152/447 [00:00<00:00, 11096.62it/s, Materializing param=audio_model.audio_encoder.layers.2.blocks.3.layernorm_before.bias]Loading weights:  34%|███▍      | 153/447 [00:00<00:00, 11137.06it/s, Materializing param=audio_model.audio_encoder.layers.2.blocks.3.layernorm_before.weight]Loading weights:  34%|███▍      | 153/447 [00:00<00:00, 11116.22it/s, Materializing param=audio_model.audio_encoder.layers.2.blocks.3.layernorm_before.weight]Loading weights:  34%|███▍      | 154/447 [00:00<00:00, 11150.63it/s, Materializing param=audio_model.audio_encoder.layers.2.blocks.3.output.dense.bias]      Loading weights:  34%|███▍      | 154/447 [00:00<00:00, 11129.50it/s, Materializing param=audio_model.audio_encoder.layers.2.blocks.3.output.dense.bias]Loading weights:  35%|███▍      | 155/447 [00:00<00:00, 11164.83it/s, Materializing param=audio_model.audio_encoder.layers.2.blocks.3.output.dense.weight]Loading weights:  35%|███▍      | 155/447 [00:00<00:00, 11145.50it/s, Materializing param=audio_model.audio_encoder.layers.2.blocks.3.output.dense.weight]Loading weights:  35%|███▍      | 156/447 [00:00<00:00, 11183.66it/s, Materializing param=audio_model.audio_encoder.layers.2.blocks.4.attention.output.dense.bias]Loading weights:  35%|███▍      | 156/447 [00:00<00:00, 11163.63it/s, Materializing param=audio_model.audio_encoder.layers.2.blocks.4.attention.output.dense.bias]Loading weights:  35%|███▌      | 157/447 [00:00<00:00, 11197.74it/s, Materializing param=audio_model.audio_encoder.layers.2.blocks.4.attention.output.dense.weight]Loading weights:  35%|███▌      | 157/447 [00:00<00:00, 11177.60it/s, Materializing param=audio_model.audio_encoder.layers.2.blocks.4.attention.output.dense.weight]Loading weights:  35%|███▌      | 158/447 [00:00<00:00, 11214.53it/s, Materializing param=audio_model.audio_encoder.layers.2.blocks.4.attention.self.key.bias]      Loading weights:  35%|███▌      | 158/447 [00:00<00:00, 11193.69it/s, Materializing param=audio_model.audio_encoder.layers.2.blocks.4.attention.self.key.bias]Loading weights:  36%|███▌      | 159/447 [00:00<00:00, 11228.12it/s, Materializing param=audio_model.audio_encoder.layers.2.blocks.4.attention.self.key.weight]Loading weights:  36%|███▌      | 159/447 [00:00<00:00, 11208.31it/s, Materializing param=audio_model.audio_encoder.layers.2.blocks.4.attention.self.key.weight]Loading weights:  36%|███▌      | 160/447 [00:00<00:00, 11243.84it/s, Materializing param=audio_model.audio_encoder.layers.2.blocks.4.attention.self.query.bias]Loading weights:  36%|███▌      | 160/447 [00:00<00:00, 11223.53it/s, Materializing param=audio_model.audio_encoder.layers.2.blocks.4.attention.self.query.bias]Loading weights:  36%|███▌      | 161/447 [00:00<00:00, 11248.53it/s, Materializing param=audio_model.audio_encoder.layers.2.blocks.4.attention.self.query.weight]Loading weights:  36%|███▌      | 161/447 [00:00<00:00, 11228.89it/s, Materializing param=audio_model.audio_encoder.layers.2.blocks.4.attention.self.query.weight]Loading weights:  36%|███▌      | 162/447 [00:00<00:00, 11262.68it/s, Materializing param=audio_model.audio_encoder.layers.2.blocks.4.attention.self.relative_position_bias_table]Loading weights:  36%|███▌      | 162/447 [00:00<00:00, 11242.18it/s, Materializing param=audio_model.audio_encoder.layers.2.blocks.4.attention.self.relative_position_bias_table]Loading weights:  36%|███▋      | 163/447 [00:00<00:00, 11278.73it/s, Materializing param=audio_model.audio_encoder.layers.2.blocks.4.attention.self.relative_position_index]     Loading weights:  36%|███▋      | 163/447 [00:00<00:00, 11258.67it/s, Materializing param=audio_model.audio_encoder.layers.2.blocks.4.attention.self.relative_position_index]Loading weights:  37%|███▋      | 164/447 [00:00<00:00, 11293.34it/s, Materializing param=audio_model.audio_encoder.layers.2.blocks.4.attention.self.value.bias]             Loading weights:  37%|███▋      | 164/447 [00:00<00:00, 11273.16it/s, Materializing param=audio_model.audio_encoder.layers.2.blocks.4.attention.self.value.bias]Loading weights:  37%|███▋      | 165/447 [00:00<00:00, 11307.62it/s, Materializing param=audio_model.audio_encoder.layers.2.blocks.4.attention.self.value.weight]Loading weights:  37%|███▋      | 165/447 [00:00<00:00, 11288.44it/s, Materializing param=audio_model.audio_encoder.layers.2.blocks.4.attention.self.value.weight]Loading weights:  37%|███▋      | 166/447 [00:00<00:00, 11323.42it/s, Materializing param=audio_model.audio_encoder.layers.2.blocks.4.intermediate.dense.bias]    Loading weights:  37%|███▋      | 166/447 [00:00<00:00, 11304.12it/s, Materializing param=audio_model.audio_encoder.layers.2.blocks.4.intermediate.dense.bias]Loading weights:  37%|███▋      | 167/447 [00:00<00:00, 11337.42it/s, Materializing param=audio_model.audio_encoder.layers.2.blocks.4.intermediate.dense.weight]Loading weights:  37%|███▋      | 167/447 [00:00<00:00, 11316.91it/s, Materializing param=audio_model.audio_encoder.layers.2.blocks.4.intermediate.dense.weight]Loading weights:  38%|███▊      | 168/447 [00:00<00:00, 11338.33it/s, Materializing param=audio_model.audio_encoder.layers.2.blocks.4.layernorm_after.bias]     Loading weights:  38%|███▊      | 168/447 [00:00<00:00, 11319.39it/s, Materializing param=audio_model.audio_encoder.layers.2.blocks.4.layernorm_after.bias]Loading weights:  38%|███▊      | 169/447 [00:00<00:00, 11355.21it/s, Materializing param=audio_model.audio_encoder.layers.2.blocks.4.layernorm_after.weight]Loading weights:  38%|███▊      | 169/447 [00:00<00:00, 11336.32it/s, Materializing param=audio_model.audio_encoder.layers.2.blocks.4.layernorm_after.weight]Loading weights:  38%|███▊      | 170/447 [00:00<00:00, 11370.67it/s, Materializing param=audio_model.audio_encoder.layers.2.blocks.4.layernorm_before.bias] Loading weights:  38%|███▊      | 170/447 [00:00<00:00, 11352.38it/s, Materializing param=audio_model.audio_encoder.layers.2.blocks.4.layernorm_before.bias]Loading weights:  38%|███▊      | 171/447 [00:00<00:00, 11387.25it/s, Materializing param=audio_model.audio_encoder.layers.2.blocks.4.layernorm_before.weight]Loading weights:  38%|███▊      | 171/447 [00:00<00:00, 11369.02it/s, Materializing param=audio_model.audio_encoder.layers.2.blocks.4.layernorm_before.weight]Loading weights:  38%|███▊      | 172/447 [00:00<00:00, 11403.69it/s, Materializing param=audio_model.audio_encoder.layers.2.blocks.4.output.dense.bias]      Loading weights:  38%|███▊      | 172/447 [00:00<00:00, 11385.69it/s, Materializing param=audio_model.audio_encoder.layers.2.blocks.4.output.dense.bias]Loading weights:  39%|███▊      | 173/447 [00:00<00:00, 11420.71it/s, Materializing param=audio_model.audio_encoder.layers.2.blocks.4.output.dense.weight]Loading weights:  39%|███▊      | 173/447 [00:00<00:00, 11402.76it/s, Materializing param=audio_model.audio_encoder.layers.2.blocks.4.output.dense.weight]Loading weights:  39%|███▉      | 174/447 [00:00<00:00, 11435.43it/s, Materializing param=audio_model.audio_encoder.layers.2.blocks.5.attention.output.dense.bias]Loading weights:  39%|███▉      | 174/447 [00:00<00:00, 11417.36it/s, Materializing param=audio_model.audio_encoder.layers.2.blocks.5.attention.output.dense.bias]Loading weights:  39%|███▉      | 175/447 [00:00<00:00, 11449.12it/s, Materializing param=audio_model.audio_encoder.layers.2.blocks.5.attention.output.dense.weight]Loading weights:  39%|███▉      | 175/447 [00:00<00:00, 11430.58it/s, Materializing param=audio_model.audio_encoder.layers.2.blocks.5.attention.output.dense.weight]Loading weights:  39%|███▉      | 176/447 [00:00<00:00, 11464.30it/s, Materializing param=audio_model.audio_encoder.layers.2.blocks.5.attention.self.key.bias]      Loading weights:  39%|███▉      | 176/447 [00:00<00:00, 11445.81it/s, Materializing param=audio_model.audio_encoder.layers.2.blocks.5.attention.self.key.bias]Loading weights:  40%|███▉      | 177/447 [00:00<00:00, 11478.81it/s, Materializing param=audio_model.audio_encoder.layers.2.blocks.5.attention.self.key.weight]Loading weights:  40%|███▉      | 177/447 [00:00<00:00, 11460.91it/s, Materializing param=audio_model.audio_encoder.layers.2.blocks.5.attention.self.key.weight]Loading weights:  40%|███▉      | 178/447 [00:00<00:00, 11494.43it/s, Materializing param=audio_model.audio_encoder.layers.2.blocks.5.attention.self.query.bias]Loading weights:  40%|███▉      | 178/447 [00:00<00:00, 11476.58it/s, Materializing param=audio_model.audio_encoder.layers.2.blocks.5.attention.self.query.bias]Loading weights:  40%|████      | 179/447 [00:00<00:00, 11509.74it/s, Materializing param=audio_model.audio_encoder.layers.2.blocks.5.attention.self.query.weight]Loading weights:  40%|████      | 179/447 [00:00<00:00, 11490.72it/s, Materializing param=audio_model.audio_encoder.layers.2.blocks.5.attention.self.query.weight]Loading weights:  40%|████      | 180/447 [00:00<00:00, 11523.87it/s, Materializing param=audio_model.audio_encoder.layers.2.blocks.5.attention.self.relative_position_bias_table]Loading weights:  40%|████      | 180/447 [00:00<00:00, 11503.85it/s, Materializing param=audio_model.audio_encoder.layers.2.blocks.5.attention.self.relative_position_bias_table]Loading weights:  40%|████      | 181/447 [00:00<00:00, 11536.12it/s, Materializing param=audio_model.audio_encoder.layers.2.blocks.5.attention.self.relative_position_index]     Loading weights:  40%|████      | 181/447 [00:00<00:00, 11517.04it/s, Materializing param=audio_model.audio_encoder.layers.2.blocks.5.attention.self.relative_position_index]Loading weights:  41%|████      | 182/447 [00:00<00:00, 11549.14it/s, Materializing param=audio_model.audio_encoder.layers.2.blocks.5.attention.self.value.bias]             Loading weights:  41%|████      | 182/447 [00:00<00:00, 11529.95it/s, Materializing param=audio_model.audio_encoder.layers.2.blocks.5.attention.self.value.bias]Loading weights:  41%|████      | 183/447 [00:00<00:00, 11561.87it/s, Materializing param=audio_model.audio_encoder.layers.2.blocks.5.attention.self.value.weight]Loading weights:  41%|████      | 183/447 [00:00<00:00, 11543.09it/s, Materializing param=audio_model.audio_encoder.layers.2.blocks.5.attention.self.value.weight]Loading weights:  41%|████      | 184/447 [00:00<00:00, 11575.18it/s, Materializing param=audio_model.audio_encoder.layers.2.blocks.5.intermediate.dense.bias]    Loading weights:  41%|████      | 184/447 [00:00<00:00, 11557.15it/s, Materializing param=audio_model.audio_encoder.layers.2.blocks.5.intermediate.dense.bias]Loading weights:  41%|████▏     | 185/447 [00:00<00:00, 11588.72it/s, Materializing param=audio_model.audio_encoder.layers.2.blocks.5.intermediate.dense.weight]Loading weights:  41%|████▏     | 185/447 [00:00<00:00, 11570.58it/s, Materializing param=audio_model.audio_encoder.layers.2.blocks.5.intermediate.dense.weight]Loading weights:  42%|████▏     | 186/447 [00:00<00:00, 11597.67it/s, Materializing param=audio_model.audio_encoder.layers.2.blocks.5.layernorm_after.bias]     Loading weights:  42%|████▏     | 186/447 [00:00<00:00, 11578.74it/s, Materializing param=audio_model.audio_encoder.layers.2.blocks.5.layernorm_after.bias]Loading weights:  42%|████▏     | 187/447 [00:00<00:00, 11610.66it/s, Materializing param=audio_model.audio_encoder.layers.2.blocks.5.layernorm_after.weight]Loading weights:  42%|████▏     | 187/447 [00:00<00:00, 11592.81it/s, Materializing param=audio_model.audio_encoder.layers.2.blocks.5.layernorm_after.weight]Loading weights:  42%|████▏     | 188/447 [00:00<00:00, 11624.39it/s, Materializing param=audio_model.audio_encoder.layers.2.blocks.5.layernorm_before.bias] Loading weights:  42%|████▏     | 188/447 [00:00<00:00, 11605.75it/s, Materializing param=audio_model.audio_encoder.layers.2.blocks.5.layernorm_before.bias]Loading weights:  42%|████▏     | 189/447 [00:00<00:00, 11638.02it/s, Materializing param=audio_model.audio_encoder.layers.2.blocks.5.layernorm_before.weight]Loading weights:  42%|████▏     | 189/447 [00:00<00:00, 11620.78it/s, Materializing param=audio_model.audio_encoder.layers.2.blocks.5.layernorm_before.weight]Loading weights:  43%|████▎     | 190/447 [00:00<00:00, 11653.06it/s, Materializing param=audio_model.audio_encoder.layers.2.blocks.5.output.dense.bias]      Loading weights:  43%|████▎     | 190/447 [00:00<00:00, 11635.87it/s, Materializing param=audio_model.audio_encoder.layers.2.blocks.5.output.dense.bias]Loading weights:  43%|████▎     | 191/447 [00:00<00:00, 11660.00it/s, Materializing param=audio_model.audio_encoder.layers.2.blocks.5.output.dense.weight]Loading weights:  43%|████▎     | 191/447 [00:00<00:00, 11641.36it/s, Materializing param=audio_model.audio_encoder.layers.2.blocks.5.output.dense.weight]Loading weights:  43%|████▎     | 192/447 [00:00<00:00, 11672.46it/s, Materializing param=audio_model.audio_encoder.layers.2.downsample.norm.bias]        Loading weights:  43%|████▎     | 192/447 [00:00<00:00, 11652.70it/s, Materializing param=audio_model.audio_encoder.layers.2.downsample.norm.bias]Loading weights:  43%|████▎     | 193/447 [00:00<00:00, 11685.15it/s, Materializing param=audio_model.audio_encoder.layers.2.downsample.norm.weight]Loading weights:  43%|████▎     | 193/447 [00:00<00:00, 11667.30it/s, Materializing param=audio_model.audio_encoder.layers.2.downsample.norm.weight]Loading weights:  43%|████▎     | 194/447 [00:00<00:00, 11699.59it/s, Materializing param=audio_model.audio_encoder.layers.2.downsample.reduction.weight]Loading weights:  43%|████▎     | 194/447 [00:00<00:00, 11682.63it/s, Materializing param=audio_model.audio_encoder.layers.2.downsample.reduction.weight]Loading weights:  44%|████▎     | 195/447 [00:00<00:00, 11714.59it/s, Materializing param=audio_model.audio_encoder.layers.3.blocks.0.attention.output.dense.bias]Loading weights:  44%|████▎     | 195/447 [00:00<00:00, 11697.00it/s, Materializing param=audio_model.audio_encoder.layers.3.blocks.0.attention.output.dense.bias]Loading weights:  44%|████▍     | 196/447 [00:00<00:00, 11719.77it/s, Materializing param=audio_model.audio_encoder.layers.3.blocks.0.attention.output.dense.weight]Loading weights:  44%|████▍     | 196/447 [00:00<00:00, 11702.26it/s, Materializing param=audio_model.audio_encoder.layers.3.blocks.0.attention.output.dense.weight]Loading weights:  44%|████▍     | 197/447 [00:00<00:00, 11731.74it/s, Materializing param=audio_model.audio_encoder.layers.3.blocks.0.attention.self.key.bias]      Loading weights:  44%|████▍     | 197/447 [00:00<00:00, 11713.77it/s, Materializing param=audio_model.audio_encoder.layers.3.blocks.0.attention.self.key.bias]Loading weights:  44%|████▍     | 198/447 [00:00<00:00, 11743.10it/s, Materializing param=audio_model.audio_encoder.layers.3.blocks.0.attention.self.key.weight]Loading weights:  44%|████▍     | 198/447 [00:00<00:00, 11723.71it/s, Materializing param=audio_model.audio_encoder.layers.3.blocks.0.attention.self.key.weight]Loading weights:  45%|████▍     | 199/447 [00:00<00:00, 11753.05it/s, Materializing param=audio_model.audio_encoder.layers.3.blocks.0.attention.self.query.bias]Loading weights:  45%|████▍     | 199/447 [00:00<00:00, 11735.70it/s, Materializing param=audio_model.audio_encoder.layers.3.blocks.0.attention.self.query.bias]Loading weights:  45%|████▍     | 200/447 [00:00<00:00, 11765.56it/s, Materializing param=audio_model.audio_encoder.layers.3.blocks.0.attention.self.query.weight]Loading weights:  45%|████▍     | 200/447 [00:00<00:00, 11748.09it/s, Materializing param=audio_model.audio_encoder.layers.3.blocks.0.attention.self.query.weight]Loading weights:  45%|████▍     | 201/447 [00:00<00:00, 11777.80it/s, Materializing param=audio_model.audio_encoder.layers.3.blocks.0.attention.self.relative_position_bias_table]Loading weights:  45%|████▍     | 201/447 [00:00<00:00, 11759.40it/s, Materializing param=audio_model.audio_encoder.layers.3.blocks.0.attention.self.relative_position_bias_table]Loading weights:  45%|████▌     | 202/447 [00:00<00:00, 11788.15it/s, Materializing param=audio_model.audio_encoder.layers.3.blocks.0.attention.self.relative_position_index]     Loading weights:  45%|████▌     | 202/447 [00:00<00:00, 11769.48it/s, Materializing param=audio_model.audio_encoder.layers.3.blocks.0.attention.self.relative_position_index]Loading weights:  45%|████▌     | 203/447 [00:00<00:00, 11798.24it/s, Materializing param=audio_model.audio_encoder.layers.3.blocks.0.attention.self.value.bias]             Loading weights:  45%|████▌     | 203/447 [00:00<00:00, 11780.61it/s, Materializing param=audio_model.audio_encoder.layers.3.blocks.0.attention.self.value.bias]Loading weights:  46%|████▌     | 204/447 [00:00<00:00, 11807.77it/s, Materializing param=audio_model.audio_encoder.layers.3.blocks.0.attention.self.value.weight]Loading weights:  46%|████▌     | 204/447 [00:00<00:00, 11790.52it/s, Materializing param=audio_model.audio_encoder.layers.3.blocks.0.attention.self.value.weight]Loading weights:  46%|████▌     | 205/447 [00:00<00:00, 11819.00it/s, Materializing param=audio_model.audio_encoder.layers.3.blocks.0.intermediate.dense.bias]    Loading weights:  46%|████▌     | 205/447 [00:00<00:00, 11797.92it/s, Materializing param=audio_model.audio_encoder.layers.3.blocks.0.intermediate.dense.bias]Loading weights:  46%|████▌     | 206/447 [00:00<00:00, 11824.80it/s, Materializing param=audio_model.audio_encoder.layers.3.blocks.0.intermediate.dense.weight]Loading weights:  46%|████▌     | 206/447 [00:00<00:00, 11807.35it/s, Materializing param=audio_model.audio_encoder.layers.3.blocks.0.intermediate.dense.weight]Loading weights:  46%|████▋     | 207/447 [00:00<00:00, 11836.20it/s, Materializing param=audio_model.audio_encoder.layers.3.blocks.0.layernorm_after.bias]     Loading weights:  46%|████▋     | 207/447 [00:00<00:00, 11819.93it/s, Materializing param=audio_model.audio_encoder.layers.3.blocks.0.layernorm_after.bias]Loading weights:  47%|████▋     | 208/447 [00:00<00:00, 11849.28it/s, Materializing param=audio_model.audio_encoder.layers.3.blocks.0.layernorm_after.weight]Loading weights:  47%|████▋     | 208/447 [00:00<00:00, 11833.05it/s, Materializing param=audio_model.audio_encoder.layers.3.blocks.0.layernorm_after.weight]Loading weights:  47%|████▋     | 209/447 [00:00<00:00, 11862.91it/s, Materializing param=audio_model.audio_encoder.layers.3.blocks.0.layernorm_before.bias] Loading weights:  47%|████▋     | 209/447 [00:00<00:00, 11846.72it/s, Materializing param=audio_model.audio_encoder.layers.3.blocks.0.layernorm_before.bias]Loading weights:  47%|████▋     | 210/447 [00:00<00:00, 11872.43it/s, Materializing param=audio_model.audio_encoder.layers.3.blocks.0.layernorm_before.weight]Loading weights:  47%|████▋     | 210/447 [00:00<00:00, 11856.45it/s, Materializing param=audio_model.audio_encoder.layers.3.blocks.0.layernorm_before.weight]Loading weights:  47%|████▋     | 211/447 [00:00<00:00, 11884.11it/s, Materializing param=audio_model.audio_encoder.layers.3.blocks.0.output.dense.bias]      Loading weights:  47%|████▋     | 211/447 [00:00<00:00, 11868.02it/s, Materializing param=audio_model.audio_encoder.layers.3.blocks.0.output.dense.bias]Loading weights:  47%|████▋     | 212/447 [00:00<00:00, 11894.76it/s, Materializing param=audio_model.audio_encoder.layers.3.blocks.0.output.dense.weight]Loading weights:  47%|████▋     | 212/447 [00:00<00:00, 11878.07it/s, Materializing param=audio_model.audio_encoder.layers.3.blocks.0.output.dense.weight]Loading weights:  48%|████▊     | 213/447 [00:00<00:00, 11906.74it/s, Materializing param=audio_model.audio_encoder.layers.3.blocks.1.attention.output.dense.bias]Loading weights:  48%|████▊     | 213/447 [00:00<00:00, 11890.26it/s, Materializing param=audio_model.audio_encoder.layers.3.blocks.1.attention.output.dense.bias]Loading weights:  48%|████▊     | 214/447 [00:00<00:00, 11916.74it/s, Materializing param=audio_model.audio_encoder.layers.3.blocks.1.attention.output.dense.weight]Loading weights:  48%|████▊     | 214/447 [00:00<00:00, 11900.15it/s, Materializing param=audio_model.audio_encoder.layers.3.blocks.1.attention.output.dense.weight]Loading weights:  48%|████▊     | 215/447 [00:00<00:00, 11928.56it/s, Materializing param=audio_model.audio_encoder.layers.3.blocks.1.attention.self.key.bias]      Loading weights:  48%|████▊     | 215/447 [00:00<00:00, 11910.91it/s, Materializing param=audio_model.audio_encoder.layers.3.blocks.1.attention.self.key.bias]Loading weights:  48%|████▊     | 216/447 [00:00<00:00, 11936.52it/s, Materializing param=audio_model.audio_encoder.layers.3.blocks.1.attention.self.key.weight]Loading weights:  48%|████▊     | 216/447 [00:00<00:00, 11920.65it/s, Materializing param=audio_model.audio_encoder.layers.3.blocks.1.attention.self.key.weight]Loading weights:  49%|████▊     | 217/447 [00:00<00:00, 11948.17it/s, Materializing param=audio_model.audio_encoder.layers.3.blocks.1.attention.self.query.bias]Loading weights:  49%|████▊     | 217/447 [00:00<00:00, 11931.57it/s, Materializing param=audio_model.audio_encoder.layers.3.blocks.1.attention.self.query.bias]Loading weights:  49%|████▉     | 218/447 [00:00<00:00, 11955.21it/s, Materializing param=audio_model.audio_encoder.layers.3.blocks.1.attention.self.query.weight]Loading weights:  49%|████▉     | 218/447 [00:00<00:00, 11938.04it/s, Materializing param=audio_model.audio_encoder.layers.3.blocks.1.attention.self.query.weight]Loading weights:  49%|████▉     | 219/447 [00:00<00:00, 11962.19it/s, Materializing param=audio_model.audio_encoder.layers.3.blocks.1.attention.self.relative_position_bias_table]Loading weights:  49%|████▉     | 219/447 [00:00<00:00, 11944.46it/s, Materializing param=audio_model.audio_encoder.layers.3.blocks.1.attention.self.relative_position_bias_table]Loading weights:  49%|████▉     | 220/447 [00:00<00:00, 11970.82it/s, Materializing param=audio_model.audio_encoder.layers.3.blocks.1.attention.self.relative_position_index]     Loading weights:  49%|████▉     | 220/447 [00:00<00:00, 11954.54it/s, Materializing param=audio_model.audio_encoder.layers.3.blocks.1.attention.self.relative_position_index]Loading weights:  49%|████▉     | 221/447 [00:00<00:00, 11981.09it/s, Materializing param=audio_model.audio_encoder.layers.3.blocks.1.attention.self.value.bias]             Loading weights:  49%|████▉     | 221/447 [00:00<00:00, 11964.85it/s, Materializing param=audio_model.audio_encoder.layers.3.blocks.1.attention.self.value.bias]Loading weights:  50%|████▉     | 222/447 [00:00<00:00, 11988.97it/s, Materializing param=audio_model.audio_encoder.layers.3.blocks.1.attention.self.value.weight]Loading weights:  50%|████▉     | 222/447 [00:00<00:00, 11972.94it/s, Materializing param=audio_model.audio_encoder.layers.3.blocks.1.attention.self.value.weight]Loading weights:  50%|████▉     | 223/447 [00:00<00:00, 11999.10it/s, Materializing param=audio_model.audio_encoder.layers.3.blocks.1.intermediate.dense.bias]    Loading weights:  50%|████▉     | 223/447 [00:00<00:00, 11982.96it/s, Materializing param=audio_model.audio_encoder.layers.3.blocks.1.intermediate.dense.bias]Loading weights:  50%|█████     | 224/447 [00:00<00:00, 12009.61it/s, Materializing param=audio_model.audio_encoder.layers.3.blocks.1.intermediate.dense.weight]Loading weights:  50%|█████     | 224/447 [00:00<00:00, 11993.36it/s, Materializing param=audio_model.audio_encoder.layers.3.blocks.1.intermediate.dense.weight]Loading weights:  50%|█████     | 225/447 [00:00<00:00, 12020.67it/s, Materializing param=audio_model.audio_encoder.layers.3.blocks.1.layernorm_after.bias]     Loading weights:  50%|█████     | 225/447 [00:00<00:00, 12000.79it/s, Materializing param=audio_model.audio_encoder.layers.3.blocks.1.layernorm_after.bias]Loading weights:  51%|█████     | 226/447 [00:00<00:00, 12009.23it/s, Materializing param=audio_model.audio_encoder.layers.3.blocks.1.layernorm_after.weight]Loading weights:  51%|█████     | 226/447 [00:00<00:00, 11979.33it/s, Materializing param=audio_model.audio_encoder.layers.3.blocks.1.layernorm_after.weight]Loading weights:  51%|█████     | 227/447 [00:00<00:00, 11996.71it/s, Materializing param=audio_model.audio_encoder.layers.3.blocks.1.layernorm_before.bias] Loading weights:  51%|█████     | 227/447 [00:00<00:00, 11976.49it/s, Materializing param=audio_model.audio_encoder.layers.3.blocks.1.layernorm_before.bias]Loading weights:  51%|█████     | 228/447 [00:00<00:00, 11995.60it/s, Materializing param=audio_model.audio_encoder.layers.3.blocks.1.layernorm_before.weight]Loading weights:  51%|█████     | 228/447 [00:00<00:00, 11978.77it/s, Materializing param=audio_model.audio_encoder.layers.3.blocks.1.layernorm_before.weight]Loading weights:  51%|█████     | 229/447 [00:00<00:00, 12002.14it/s, Materializing param=audio_model.audio_encoder.layers.3.blocks.1.output.dense.bias]      Loading weights:  51%|█████     | 229/447 [00:00<00:00, 11985.82it/s, Materializing param=audio_model.audio_encoder.layers.3.blocks.1.output.dense.bias]Loading weights:  51%|█████▏    | 230/447 [00:00<00:00, 12009.39it/s, Materializing param=audio_model.audio_encoder.layers.3.blocks.1.output.dense.weight]Loading weights:  51%|█████▏    | 230/447 [00:00<00:00, 11992.96it/s, Materializing param=audio_model.audio_encoder.layers.3.blocks.1.output.dense.weight]Loading weights:  52%|█████▏    | 231/447 [00:00<00:00, 12016.87it/s, Materializing param=audio_model.audio_encoder.norm.bias]                            Loading weights:  52%|█████▏    | 231/447 [00:00<00:00, 12000.80it/s, Materializing param=audio_model.audio_encoder.norm.bias]Loading weights:  52%|█████▏    | 232/447 [00:00<00:00, 12027.12it/s, Materializing param=audio_model.audio_encoder.norm.weight]Loading weights:  52%|█████▏    | 232/447 [00:00<00:00, 12012.13it/s, Materializing param=audio_model.audio_encoder.norm.weight]Loading weights:  52%|█████▏    | 233/447 [00:00<00:00, 12039.68it/s, Materializing param=audio_model.audio_encoder.patch_embed.norm.bias]Loading weights:  52%|█████▏    | 233/447 [00:00<00:00, 12017.92it/s, Materializing param=audio_model.audio_encoder.patch_embed.norm.bias]Loading weights:  52%|█████▏    | 234/447 [00:00<00:00, 12042.10it/s, Materializing param=audio_model.audio_encoder.patch_embed.norm.weight]Loading weights:  52%|█████▏    | 234/447 [00:00<00:00, 12026.60it/s, Materializing param=audio_model.audio_encoder.patch_embed.norm.weight]Loading weights:  53%|█████▎    | 235/447 [00:00<00:00, 12054.51it/s, Materializing param=audio_model.audio_encoder.patch_embed.proj.bias]  Loading weights:  53%|█████▎    | 235/447 [00:00<00:00, 12038.91it/s, Materializing param=audio_model.audio_encoder.patch_embed.proj.bias]Loading weights:  53%|█████▎    | 236/447 [00:00<00:00, 12054.51it/s, Materializing param=audio_model.audio_encoder.patch_embed.proj.weight]Loading weights:  53%|█████▎    | 236/447 [00:00<00:00, 12039.11it/s, Materializing param=audio_model.audio_encoder.patch_embed.proj.weight]Loading weights:  53%|█████▎    | 237/447 [00:00<00:00, 12064.89it/s, Materializing param=audio_projection.linear1.bias]                    Loading weights:  53%|█████▎    | 237/447 [00:00<00:00, 12048.80it/s, Materializing param=audio_projection.linear1.bias]Loading weights:  53%|█████▎    | 238/447 [00:00<00:00, 12076.36it/s, Materializing param=audio_projection.linear1.weight]Loading weights:  53%|█████▎    | 238/447 [00:00<00:00, 12061.63it/s, Materializing param=audio_projection.linear1.weight]Loading weights:  53%|█████▎    | 239/447 [00:00<00:00, 12090.25it/s, Materializing param=audio_projection.linear2.bias]  Loading weights:  53%|█████▎    | 239/447 [00:00<00:00, 12076.26it/s, Materializing param=audio_projection.linear2.bias]Loading weights:  54%|█████▎    | 240/447 [00:00<00:00, 12105.36it/s, Materializing param=audio_projection.linear2.weight]Loading weights:  54%|█████▎    | 240/447 [00:00<00:00, 12091.40it/s, Materializing param=audio_projection.linear2.weight]Loading weights:  54%|█████▍    | 241/447 [00:00<00:00, 12120.96it/s, Materializing param=logit_scale_a]                  Loading weights:  54%|█████▍    | 241/447 [00:00<00:00, 12107.60it/s, Materializing param=logit_scale_a]Loading weights:  54%|█████▍    | 242/447 [00:00<00:00, 12135.89it/s, Materializing param=logit_scale_t]Loading weights:  54%|█████▍    | 242/447 [00:00<00:00, 12121.98it/s, Materializing param=logit_scale_t]Loading weights:  54%|█████▍    | 243/447 [00:00<00:00, 12146.54it/s, Materializing param=text_model.embeddings.LayerNorm.bias]Loading weights:  54%|█████▍    | 243/447 [00:00<00:00, 12131.93it/s, Materializing param=text_model.embeddings.LayerNorm.bias]Loading weights:  55%|█████▍    | 244/447 [00:00<00:00, 12155.67it/s, Materializing param=text_model.embeddings.LayerNorm.weight]Loading weights:  55%|█████▍    | 244/447 [00:00<00:00, 12141.83it/s, Materializing param=text_model.embeddings.LayerNorm.weight]Loading weights:  55%|█████▍    | 245/447 [00:00<00:00, 12165.46it/s, Materializing param=text_model.embeddings.position_embeddings.weight]Loading weights:  55%|█████▍    | 245/447 [00:00<00:00, 12150.50it/s, Materializing param=text_model.embeddings.position_embeddings.weight]Loading weights:  55%|█████▌    | 246/447 [00:00<00:00, 12172.89it/s, Materializing param=text_model.embeddings.position_ids]              Loading weights:  55%|█████▌    | 246/447 [00:00<00:00, 12158.98it/s, Materializing param=text_model.embeddings.position_ids]Loading weights:  55%|█████▌    | 247/447 [00:00<00:00, 12185.00it/s, Materializing param=text_model.embeddings.token_type_embeddings.weight]Loading weights:  55%|█████▌    | 247/447 [00:00<00:00, 12169.97it/s, Materializing param=text_model.embeddings.token_type_embeddings.weight]Loading weights:  55%|█████▌    | 248/447 [00:00<00:00, 12195.89it/s, Materializing param=text_model.embeddings.token_type_ids]              Loading weights:  55%|█████▌    | 248/447 [00:00<00:00, 12180.89it/s, Materializing param=text_model.embeddings.token_type_ids]Loading weights:  56%|█████▌    | 249/447 [00:00<00:00, 12206.57it/s, Materializing param=text_model.embeddings.word_embeddings.weight]Loading weights:  56%|█████▌    | 249/447 [00:00<00:00, 12192.17it/s, Materializing param=text_model.embeddings.word_embeddings.weight]Loading weights:  56%|█████▌    | 250/447 [00:00<00:00, 12217.89it/s, Materializing param=text_model.encoder.layer.0.attention.output.LayerNorm.bias]Loading weights:  56%|█████▌    | 250/447 [00:00<00:00, 12202.96it/s, Materializing param=text_model.encoder.layer.0.attention.output.LayerNorm.bias]Loading weights:  56%|█████▌    | 251/447 [00:00<00:00, 12218.92it/s, Materializing param=text_model.encoder.layer.0.attention.output.LayerNorm.weight]Loading weights:  56%|█████▌    | 251/447 [00:00<00:00, 12204.05it/s, Materializing param=text_model.encoder.layer.0.attention.output.LayerNorm.weight]Loading weights:  56%|█████▋    | 252/447 [00:00<00:00, 12226.03it/s, Materializing param=text_model.encoder.layer.0.attention.output.dense.bias]      Loading weights:  56%|█████▋    | 252/447 [00:00<00:00, 12210.49it/s, Materializing param=text_model.encoder.layer.0.attention.output.dense.bias]Loading weights:  57%|█████▋    | 253/447 [00:00<00:00, 12232.24it/s, Materializing param=text_model.encoder.layer.0.attention.output.dense.weight]Loading weights:  57%|█████▋    | 253/447 [00:00<00:00, 12218.15it/s, Materializing param=text_model.encoder.layer.0.attention.output.dense.weight]Loading weights:  57%|█████▋    | 254/447 [00:00<00:00, 12242.77it/s, Materializing param=text_model.encoder.layer.0.attention.self.key.bias]      Loading weights:  57%|█████▋    | 254/447 [00:00<00:00, 12228.15it/s, Materializing param=text_model.encoder.layer.0.attention.self.key.bias]Loading weights:  57%|█████▋    | 255/447 [00:00<00:00, 12251.96it/s, Materializing param=text_model.encoder.layer.0.attention.self.key.weight]Loading weights:  57%|█████▋    | 255/447 [00:00<00:00, 12237.39it/s, Materializing param=text_model.encoder.layer.0.attention.self.key.weight]Loading weights:  57%|█████▋    | 256/447 [00:00<00:00, 12260.69it/s, Materializing param=text_model.encoder.layer.0.attention.self.query.bias]Loading weights:  57%|█████▋    | 256/447 [00:00<00:00, 12246.56it/s, Materializing param=text_model.encoder.layer.0.attention.self.query.bias]Loading weights:  57%|█████▋    | 257/447 [00:00<00:00, 12270.89it/s, Materializing param=text_model.encoder.layer.0.attention.self.query.weight]Loading weights:  57%|█████▋    | 257/447 [00:00<00:00, 12256.24it/s, Materializing param=text_model.encoder.layer.0.attention.self.query.weight]Loading weights:  58%|█████▊    | 258/447 [00:00<00:00, 12279.35it/s, Materializing param=text_model.encoder.layer.0.attention.self.value.bias]  Loading weights:  58%|█████▊    | 258/447 [00:00<00:00, 12265.30it/s, Materializing param=text_model.encoder.layer.0.attention.self.value.bias]Loading weights:  58%|█████▊    | 259/447 [00:00<00:00, 12289.58it/s, Materializing param=text_model.encoder.layer.0.attention.self.value.weight]Loading weights:  58%|█████▊    | 259/447 [00:00<00:00, 12274.86it/s, Materializing param=text_model.encoder.layer.0.attention.self.value.weight]Loading weights:  58%|█████▊    | 260/447 [00:00<00:00, 12299.60it/s, Materializing param=text_model.encoder.layer.0.intermediate.dense.bias]    Loading weights:  58%|█████▊    | 260/447 [00:00<00:00, 12285.60it/s, Materializing param=text_model.encoder.layer.0.intermediate.dense.bias]Loading weights:  58%|█████▊    | 261/447 [00:00<00:00, 12307.34it/s, Materializing param=text_model.encoder.layer.0.intermediate.dense.weight]Loading weights:  58%|█████▊    | 261/447 [00:00<00:00, 12293.52it/s, Materializing param=text_model.encoder.layer.0.intermediate.dense.weight]Loading weights:  59%|█████▊    | 262/447 [00:00<00:00, 12318.49it/s, Materializing param=text_model.encoder.layer.0.output.LayerNorm.bias]    Loading weights:  59%|█████▊    | 262/447 [00:00<00:00, 12304.56it/s, Materializing param=text_model.encoder.layer.0.output.LayerNorm.bias]Loading weights:  59%|█████▉    | 263/447 [00:00<00:00, 12325.57it/s, Materializing param=text_model.encoder.layer.0.output.LayerNorm.weight]Loading weights:  59%|█████▉    | 263/447 [00:00<00:00, 12312.23it/s, Materializing param=text_model.encoder.layer.0.output.LayerNorm.weight]Loading weights:  59%|█████▉    | 264/447 [00:00<00:00, 12336.46it/s, Materializing param=text_model.encoder.layer.0.output.dense.bias]      Loading weights:  59%|█████▉    | 264/447 [00:00<00:00, 12322.73it/s, Materializing param=text_model.encoder.layer.0.output.dense.bias]Loading weights:  59%|█████▉    | 265/447 [00:00<00:00, 12345.78it/s, Materializing param=text_model.encoder.layer.0.output.dense.weight]Loading weights:  59%|█████▉    | 265/447 [00:00<00:00, 12331.95it/s, Materializing param=text_model.encoder.layer.0.output.dense.weight]Loading weights:  60%|█████▉    | 266/447 [00:00<00:00, 12355.59it/s, Materializing param=text_model.encoder.layer.1.attention.output.LayerNorm.bias]Loading weights:  60%|█████▉    | 266/447 [00:00<00:00, 12341.24it/s, Materializing param=text_model.encoder.layer.1.attention.output.LayerNorm.bias]Loading weights:  60%|█████▉    | 267/447 [00:00<00:00, 12361.79it/s, Materializing param=text_model.encoder.layer.1.attention.output.LayerNorm.weight]Loading weights:  60%|█████▉    | 267/447 [00:00<00:00, 12347.34it/s, Materializing param=text_model.encoder.layer.1.attention.output.LayerNorm.weight]Loading weights:  60%|█████▉    | 268/447 [00:00<00:00, 12370.26it/s, Materializing param=text_model.encoder.layer.1.attention.output.dense.bias]      Loading weights:  60%|█████▉    | 268/447 [00:00<00:00, 12356.67it/s, Materializing param=text_model.encoder.layer.1.attention.output.dense.bias]Loading weights:  60%|██████    | 269/447 [00:00<00:00, 12379.23it/s, Materializing param=text_model.encoder.layer.1.attention.output.dense.weight]Loading weights:  60%|██████    | 269/447 [00:00<00:00, 12365.66it/s, Materializing param=text_model.encoder.layer.1.attention.output.dense.weight]Loading weights:  60%|██████    | 270/447 [00:00<00:00, 12388.14it/s, Materializing param=text_model.encoder.layer.1.attention.self.key.bias]      Loading weights:  60%|██████    | 270/447 [00:00<00:00, 12374.61it/s, Materializing param=text_model.encoder.layer.1.attention.self.key.bias]Loading weights:  61%|██████    | 271/447 [00:00<00:00, 12394.84it/s, Materializing param=text_model.encoder.layer.1.attention.self.key.weight]Loading weights:  61%|██████    | 271/447 [00:00<00:00, 12380.66it/s, Materializing param=text_model.encoder.layer.1.attention.self.key.weight]Loading weights:  61%|██████    | 272/447 [00:00<00:00, 12403.11it/s, Materializing param=text_model.encoder.layer.1.attention.self.query.bias]Loading weights:  61%|██████    | 272/447 [00:00<00:00, 12389.51it/s, Materializing param=text_model.encoder.layer.1.attention.self.query.bias]Loading weights:  61%|██████    | 273/447 [00:00<00:00, 12412.55it/s, Materializing param=text_model.encoder.layer.1.attention.self.query.weight]Loading weights:  61%|██████    | 273/447 [00:00<00:00, 12398.97it/s, Materializing param=text_model.encoder.layer.1.attention.self.query.weight]Loading weights:  61%|██████▏   | 274/447 [00:00<00:00, 12421.79it/s, Materializing param=text_model.encoder.layer.1.attention.self.value.bias]  Loading weights:  61%|██████▏   | 274/447 [00:00<00:00, 12408.25it/s, Materializing param=text_model.encoder.layer.1.attention.self.value.bias]Loading weights:  62%|██████▏   | 275/447 [00:00<00:00, 12431.12it/s, Materializing param=text_model.encoder.layer.1.attention.self.value.weight]Loading weights:  62%|██████▏   | 275/447 [00:00<00:00, 12417.60it/s, Materializing param=text_model.encoder.layer.1.attention.self.value.weight]Loading weights:  62%|██████▏   | 276/447 [00:00<00:00, 12437.05it/s, Materializing param=text_model.encoder.layer.1.intermediate.dense.bias]    Loading weights:  62%|██████▏   | 276/447 [00:00<00:00, 12423.03it/s, Materializing param=text_model.encoder.layer.1.intermediate.dense.bias]Loading weights:  62%|██████▏   | 277/447 [00:00<00:00, 12443.34it/s, Materializing param=text_model.encoder.layer.1.intermediate.dense.weight]Loading weights:  62%|██████▏   | 277/447 [00:00<00:00, 12429.89it/s, Materializing param=text_model.encoder.layer.1.intermediate.dense.weight]Loading weights:  62%|██████▏   | 278/447 [00:00<00:00, 12451.85it/s, Materializing param=text_model.encoder.layer.1.output.LayerNorm.bias]    Loading weights:  62%|██████▏   | 278/447 [00:00<00:00, 12438.04it/s, Materializing param=text_model.encoder.layer.1.output.LayerNorm.bias]Loading weights:  62%|██████▏   | 279/447 [00:00<00:00, 12460.32it/s, Materializing param=text_model.encoder.layer.1.output.LayerNorm.weight]Loading weights:  62%|██████▏   | 279/447 [00:00<00:00, 12447.20it/s, Materializing param=text_model.encoder.layer.1.output.LayerNorm.weight]Loading weights:  63%|██████▎   | 280/447 [00:00<00:00, 12469.93it/s, Materializing param=text_model.encoder.layer.1.output.dense.bias]      Loading weights:  63%|██████▎   | 280/447 [00:00<00:00, 12456.70it/s, Materializing param=text_model.encoder.layer.1.output.dense.bias]Loading weights:  63%|██████▎   | 281/447 [00:00<00:00, 12478.95it/s, Materializing param=text_model.encoder.layer.1.output.dense.weight]Loading weights:  63%|██████▎   | 281/447 [00:00<00:00, 12465.75it/s, Materializing param=text_model.encoder.layer.1.output.dense.weight]Loading weights:  63%|██████▎   | 282/447 [00:00<00:00, 12487.26it/s, Materializing param=text_model.encoder.layer.2.attention.output.LayerNorm.bias]Loading weights:  63%|██████▎   | 282/447 [00:00<00:00, 12474.10it/s, Materializing param=text_model.encoder.layer.2.attention.output.LayerNorm.bias]Loading weights:  63%|██████▎   | 283/447 [00:00<00:00, 12491.72it/s, Materializing param=text_model.encoder.layer.2.attention.output.LayerNorm.weight]Loading weights:  63%|██████▎   | 283/447 [00:00<00:00, 12477.01it/s, Materializing param=text_model.encoder.layer.2.attention.output.LayerNorm.weight]Loading weights:  64%|██████▎   | 284/447 [00:00<00:00, 12495.09it/s, Materializing param=text_model.encoder.layer.2.attention.output.dense.bias]      Loading weights:  64%|██████▎   | 284/447 [00:00<00:00, 12481.87it/s, Materializing param=text_model.encoder.layer.2.attention.output.dense.bias]Loading weights:  64%|██████▍   | 285/447 [00:00<00:00, 12502.76it/s, Materializing param=text_model.encoder.layer.2.attention.output.dense.weight]Loading weights:  64%|██████▍   | 285/447 [00:00<00:00, 12489.57it/s, Materializing param=text_model.encoder.layer.2.attention.output.dense.weight]Loading weights:  64%|██████▍   | 286/447 [00:00<00:00, 12512.08it/s, Materializing param=text_model.encoder.layer.2.attention.self.key.bias]      Loading weights:  64%|██████▍   | 286/447 [00:00<00:00, 12498.39it/s, Materializing param=text_model.encoder.layer.2.attention.self.key.bias]Loading weights:  64%|██████▍   | 287/447 [00:00<00:00, 12517.58it/s, Materializing param=text_model.encoder.layer.2.attention.self.key.weight]Loading weights:  64%|██████▍   | 287/447 [00:00<00:00, 12504.44it/s, Materializing param=text_model.encoder.layer.2.attention.self.key.weight]Loading weights:  64%|██████▍   | 288/447 [00:00<00:00, 12523.95it/s, Materializing param=text_model.encoder.layer.2.attention.self.query.bias]Loading weights:  64%|██████▍   | 288/447 [00:00<00:00, 12510.84it/s, Materializing param=text_model.encoder.layer.2.attention.self.query.bias]Loading weights:  65%|██████▍   | 289/447 [00:00<00:00, 12533.13it/s, Materializing param=text_model.encoder.layer.2.attention.self.query.weight]Loading weights:  65%|██████▍   | 289/447 [00:00<00:00, 12520.05it/s, Materializing param=text_model.encoder.layer.2.attention.self.query.weight]Loading weights:  65%|██████▍   | 290/447 [00:00<00:00, 12541.74it/s, Materializing param=text_model.encoder.layer.2.attention.self.value.bias]  Loading weights:  65%|██████▍   | 290/447 [00:00<00:00, 12528.69it/s, Materializing param=text_model.encoder.layer.2.attention.self.value.bias]Loading weights:  65%|██████▌   | 291/447 [00:00<00:00, 12547.98it/s, Materializing param=text_model.encoder.layer.2.attention.self.value.weight]Loading weights:  65%|██████▌   | 291/447 [00:00<00:00, 12535.61it/s, Materializing param=text_model.encoder.layer.2.attention.self.value.weight]Loading weights:  65%|██████▌   | 292/447 [00:00<00:00, 12557.02it/s, Materializing param=text_model.encoder.layer.2.intermediate.dense.bias]    Loading weights:  65%|██████▌   | 292/447 [00:00<00:00, 12544.16it/s, Materializing param=text_model.encoder.layer.2.intermediate.dense.bias]Loading weights:  66%|██████▌   | 293/447 [00:00<00:00, 12563.32it/s, Materializing param=text_model.encoder.layer.2.intermediate.dense.weight]Loading weights:  66%|██████▌   | 293/447 [00:00<00:00, 12550.36it/s, Materializing param=text_model.encoder.layer.2.intermediate.dense.weight]Loading weights:  66%|██████▌   | 294/447 [00:00<00:00, 12572.65it/s, Materializing param=text_model.encoder.layer.2.output.LayerNorm.bias]    Loading weights:  66%|██████▌   | 294/447 [00:00<00:00, 12559.97it/s, Materializing param=text_model.encoder.layer.2.output.LayerNorm.bias]Loading weights:  66%|██████▌   | 295/447 [00:00<00:00, 12582.19it/s, Materializing param=text_model.encoder.layer.2.output.LayerNorm.weight]Loading weights:  66%|██████▌   | 295/447 [00:00<00:00, 12569.79it/s, Materializing param=text_model.encoder.layer.2.output.LayerNorm.weight]Loading weights:  66%|██████▌   | 296/447 [00:00<00:00, 12591.55it/s, Materializing param=text_model.encoder.layer.2.output.dense.bias]      Loading weights:  66%|██████▌   | 296/447 [00:00<00:00, 12579.17it/s, Materializing param=text_model.encoder.layer.2.output.dense.bias]Loading weights:  66%|██████▋   | 297/447 [00:00<00:00, 12601.37it/s, Materializing param=text_model.encoder.layer.2.output.dense.weight]Loading weights:  66%|██████▋   | 297/447 [00:00<00:00, 12588.51it/s, Materializing param=text_model.encoder.layer.2.output.dense.weight]Loading weights:  67%|██████▋   | 298/447 [00:00<00:00, 12609.61it/s, Materializing param=text_model.encoder.layer.3.attention.output.LayerNorm.bias]Loading weights:  67%|██████▋   | 298/447 [00:00<00:00, 12596.27it/s, Materializing param=text_model.encoder.layer.3.attention.output.LayerNorm.bias]Loading weights:  67%|██████▋   | 299/447 [00:00<00:00, 12615.53it/s, Materializing param=text_model.encoder.layer.3.attention.output.LayerNorm.weight]Loading weights:  67%|██████▋   | 299/447 [00:00<00:00, 12602.72it/s, Materializing param=text_model.encoder.layer.3.attention.output.LayerNorm.weight]Loading weights:  67%|██████▋   | 300/447 [00:00<00:00, 12624.19it/s, Materializing param=text_model.encoder.layer.3.attention.output.dense.bias]      Loading weights:  67%|██████▋   | 300/447 [00:00<00:00, 12609.39it/s, Materializing param=text_model.encoder.layer.3.attention.output.dense.bias]Loading weights:  67%|██████▋   | 301/447 [00:00<00:00, 12630.03it/s, Materializing param=text_model.encoder.layer.3.attention.output.dense.weight]Loading weights:  67%|██████▋   | 301/447 [00:00<00:00, 12617.54it/s, Materializing param=text_model.encoder.layer.3.attention.output.dense.weight]Loading weights:  68%|██████▊   | 302/447 [00:00<00:00, 12638.61it/s, Materializing param=text_model.encoder.layer.3.attention.self.key.bias]      Loading weights:  68%|██████▊   | 302/447 [00:00<00:00, 12625.51it/s, Materializing param=text_model.encoder.layer.3.attention.self.key.bias]Loading weights:  68%|██████▊   | 303/447 [00:00<00:00, 12646.65it/s, Materializing param=text_model.encoder.layer.3.attention.self.key.weight]Loading weights:  68%|██████▊   | 303/447 [00:00<00:00, 12634.07it/s, Materializing param=text_model.encoder.layer.3.attention.self.key.weight]Loading weights:  68%|██████▊   | 304/447 [00:00<00:00, 12655.14it/s, Materializing param=text_model.encoder.layer.3.attention.self.query.bias]Loading weights:  68%|██████▊   | 304/447 [00:00<00:00, 12642.59it/s, Materializing param=text_model.encoder.layer.3.attention.self.query.bias]Loading weights:  68%|██████▊   | 305/447 [00:00<00:00, 12662.96it/s, Materializing param=text_model.encoder.layer.3.attention.self.query.weight]Loading weights:  68%|██████▊   | 305/447 [00:00<00:00, 12650.44it/s, Materializing param=text_model.encoder.layer.3.attention.self.query.weight]Loading weights:  68%|██████▊   | 306/447 [00:00<00:00, 12671.36it/s, Materializing param=text_model.encoder.layer.3.attention.self.value.bias]  Loading weights:  68%|██████▊   | 306/447 [00:00<00:00, 12658.74it/s, Materializing param=text_model.encoder.layer.3.attention.self.value.bias]Loading weights:  69%|██████▊   | 307/447 [00:00<00:00, 12680.22it/s, Materializing param=text_model.encoder.layer.3.attention.self.value.weight]Loading weights:  69%|██████▊   | 307/447 [00:00<00:00, 12667.62it/s, Materializing param=text_model.encoder.layer.3.attention.self.value.weight]Loading weights:  69%|██████▉   | 308/447 [00:00<00:00, 12688.54it/s, Materializing param=text_model.encoder.layer.3.intermediate.dense.bias]    Loading weights:  69%|██████▉   | 308/447 [00:00<00:00, 12675.97it/s, Materializing param=text_model.encoder.layer.3.intermediate.dense.bias]Loading weights:  69%|██████▉   | 309/447 [00:00<00:00, 12696.81it/s, Materializing param=text_model.encoder.layer.3.intermediate.dense.weight]Loading weights:  69%|██████▉   | 309/447 [00:00<00:00, 12684.26it/s, Materializing param=text_model.encoder.layer.3.intermediate.dense.weight]Loading weights:  69%|██████▉   | 310/447 [00:00<00:00, 12704.55it/s, Materializing param=text_model.encoder.layer.3.output.LayerNorm.bias]    Loading weights:  69%|██████▉   | 310/447 [00:00<00:00, 12692.52it/s, Materializing param=text_model.encoder.layer.3.output.LayerNorm.bias]Loading weights:  70%|██████▉   | 311/447 [00:00<00:00, 12712.12it/s, Materializing param=text_model.encoder.layer.3.output.LayerNorm.weight]Loading weights:  70%|██████▉   | 311/447 [00:00<00:00, 12700.11it/s, Materializing param=text_model.encoder.layer.3.output.LayerNorm.weight]Loading weights:  70%|██████▉   | 312/447 [00:00<00:00, 12721.38it/s, Materializing param=text_model.encoder.layer.3.output.dense.bias]      Loading weights:  70%|██████▉   | 312/447 [00:00<00:00, 12709.39it/s, Materializing param=text_model.encoder.layer.3.output.dense.bias]Loading weights:  70%|███████   | 313/447 [00:00<00:00, 12730.84it/s, Materializing param=text_model.encoder.layer.3.output.dense.weight]Loading weights:  70%|███████   | 313/447 [00:00<00:00, 12719.00it/s, Materializing param=text_model.encoder.layer.3.output.dense.weight]Loading weights:  70%|███████   | 314/447 [00:00<00:00, 12740.01it/s, Materializing param=text_model.encoder.layer.4.attention.output.LayerNorm.bias]Loading weights:  70%|███████   | 314/447 [00:00<00:00, 12724.01it/s, Materializing param=text_model.encoder.layer.4.attention.output.LayerNorm.bias]Loading weights:  70%|███████   | 315/447 [00:00<00:00, 12738.20it/s, Materializing param=text_model.encoder.layer.4.attention.output.LayerNorm.weight]Loading weights:  70%|███████   | 315/447 [00:00<00:00, 12725.31it/s, Materializing param=text_model.encoder.layer.4.attention.output.LayerNorm.weight]Loading weights:  71%|███████   | 316/447 [00:00<00:00, 12743.01it/s, Materializing param=text_model.encoder.layer.4.attention.output.dense.bias]      Loading weights:  71%|███████   | 316/447 [00:00<00:00, 12730.15it/s, Materializing param=text_model.encoder.layer.4.attention.output.dense.bias]Loading weights:  71%|███████   | 317/447 [00:00<00:00, 12750.48it/s, Materializing param=text_model.encoder.layer.4.attention.output.dense.weight]Loading weights:  71%|███████   | 317/447 [00:00<00:00, 12738.14it/s, Materializing param=text_model.encoder.layer.4.attention.output.dense.weight]Loading weights:  71%|███████   | 318/447 [00:00<00:00, 12757.79it/s, Materializing param=text_model.encoder.layer.4.attention.self.key.bias]      Loading weights:  71%|███████   | 318/447 [00:00<00:00, 12745.48it/s, Materializing param=text_model.encoder.layer.4.attention.self.key.bias]Loading weights:  71%|███████▏  | 319/447 [00:00<00:00, 12765.67it/s, Materializing param=text_model.encoder.layer.4.attention.self.key.weight]Loading weights:  71%|███████▏  | 319/447 [00:00<00:00, 12753.38it/s, Materializing param=text_model.encoder.layer.4.attention.self.key.weight]Loading weights:  72%|███████▏  | 320/447 [00:00<00:00, 12773.52it/s, Materializing param=text_model.encoder.layer.4.attention.self.query.bias]Loading weights:  72%|███████▏  | 320/447 [00:00<00:00, 12761.25it/s, Materializing param=text_model.encoder.layer.4.attention.self.query.bias]Loading weights:  72%|███████▏  | 321/447 [00:00<00:00, 12781.32it/s, Materializing param=text_model.encoder.layer.4.attention.self.query.weight]Loading weights:  72%|███████▏  | 321/447 [00:00<00:00, 12769.08it/s, Materializing param=text_model.encoder.layer.4.attention.self.query.weight]Loading weights:  72%|███████▏  | 322/447 [00:00<00:00, 12788.48it/s, Materializing param=text_model.encoder.layer.4.attention.self.value.bias]  Loading weights:  72%|███████▏  | 322/447 [00:00<00:00, 12776.87it/s, Materializing param=text_model.encoder.layer.4.attention.self.value.bias]Loading weights:  72%|███████▏  | 323/447 [00:00<00:00, 12795.73it/s, Materializing param=text_model.encoder.layer.4.attention.self.value.weight]Loading weights:  72%|███████▏  | 323/447 [00:00<00:00, 12783.53it/s, Materializing param=text_model.encoder.layer.4.attention.self.value.weight]Loading weights:  72%|███████▏  | 324/447 [00:00<00:00, 12802.93it/s, Materializing param=text_model.encoder.layer.4.intermediate.dense.bias]    Loading weights:  72%|███████▏  | 324/447 [00:00<00:00, 12791.24it/s, Materializing param=text_model.encoder.layer.4.intermediate.dense.bias]Loading weights:  73%|███████▎  | 325/447 [00:00<00:00, 12811.07it/s, Materializing param=text_model.encoder.layer.4.intermediate.dense.weight]Loading weights:  73%|███████▎  | 325/447 [00:00<00:00, 12795.79it/s, Materializing param=text_model.encoder.layer.4.intermediate.dense.weight]Loading weights:  73%|███████▎  | 326/447 [00:00<00:00, 12814.96it/s, Materializing param=text_model.encoder.layer.4.output.LayerNorm.bias]    Loading weights:  73%|███████▎  | 326/447 [00:00<00:00, 12802.96it/s, Materializing param=text_model.encoder.layer.4.output.LayerNorm.bias]Loading weights:  73%|███████▎  | 327/447 [00:00<00:00, 12820.98it/s, Materializing param=text_model.encoder.layer.4.output.LayerNorm.weight]Loading weights:  73%|███████▎  | 327/447 [00:00<00:00, 12809.13it/s, Materializing param=text_model.encoder.layer.4.output.LayerNorm.weight]Loading weights:  73%|███████▎  | 328/447 [00:00<00:00, 12829.13it/s, Materializing param=text_model.encoder.layer.4.output.dense.bias]      Loading weights:  73%|███████▎  | 328/447 [00:00<00:00, 12817.06it/s, Materializing param=text_model.encoder.layer.4.output.dense.bias]Loading weights:  74%|███████▎  | 329/447 [00:00<00:00, 12837.12it/s, Materializing param=text_model.encoder.layer.4.output.dense.weight]Loading weights:  74%|███████▎  | 329/447 [00:00<00:00, 12825.54it/s, Materializing param=text_model.encoder.layer.4.output.dense.weight]Loading weights:  74%|███████▍  | 330/447 [00:00<00:00, 12845.55it/s, Materializing param=text_model.encoder.layer.5.attention.output.LayerNorm.bias]Loading weights:  74%|███████▍  | 330/447 [00:00<00:00, 12833.52it/s, Materializing param=text_model.encoder.layer.5.attention.output.LayerNorm.bias]Loading weights:  74%|███████▍  | 331/447 [00:00<00:00, 12850.96it/s, Materializing param=text_model.encoder.layer.5.attention.output.LayerNorm.weight]Loading weights:  74%|███████▍  | 331/447 [00:00<00:00, 12838.95it/s, Materializing param=text_model.encoder.layer.5.attention.output.LayerNorm.weight]Loading weights:  74%|███████▍  | 332/447 [00:00<00:00, 12857.29it/s, Materializing param=text_model.encoder.layer.5.attention.output.dense.bias]      Loading weights:  74%|███████▍  | 332/447 [00:00<00:00, 12845.31it/s, Materializing param=text_model.encoder.layer.5.attention.output.dense.bias]Loading weights:  74%|███████▍  | 333/447 [00:00<00:00, 12862.65it/s, Materializing param=text_model.encoder.layer.5.attention.output.dense.weight]Loading weights:  74%|███████▍  | 333/447 [00:00<00:00, 12850.34it/s, Materializing param=text_model.encoder.layer.5.attention.output.dense.weight]Loading weights:  75%|███████▍  | 334/447 [00:00<00:00, 12868.92it/s, Materializing param=text_model.encoder.layer.5.attention.self.key.bias]      Loading weights:  75%|███████▍  | 334/447 [00:00<00:00, 12857.11it/s, Materializing param=text_model.encoder.layer.5.attention.self.key.bias]Loading weights:  75%|███████▍  | 335/447 [00:00<00:00, 12876.22it/s, Materializing param=text_model.encoder.layer.5.attention.self.key.weight]Loading weights:  75%|███████▍  | 335/447 [00:00<00:00, 12864.43it/s, Materializing param=text_model.encoder.layer.5.attention.self.key.weight]Loading weights:  75%|███████▌  | 336/447 [00:00<00:00, 12881.02it/s, Materializing param=text_model.encoder.layer.5.attention.self.query.bias]Loading weights:  75%|███████▌  | 336/447 [00:00<00:00, 12869.25it/s, Materializing param=text_model.encoder.layer.5.attention.self.query.bias]Loading weights:  75%|███████▌  | 337/447 [00:00<00:00, 12887.78it/s, Materializing param=text_model.encoder.layer.5.attention.self.query.weight]Loading weights:  75%|███████▌  | 337/447 [00:00<00:00, 12875.93it/s, Materializing param=text_model.encoder.layer.5.attention.self.query.weight]Loading weights:  76%|███████▌  | 338/447 [00:00<00:00, 12894.99it/s, Materializing param=text_model.encoder.layer.5.attention.self.value.bias]  Loading weights:  76%|███████▌  | 338/447 [00:00<00:00, 12883.15it/s, Materializing param=text_model.encoder.layer.5.attention.self.value.bias]Loading weights:  76%|███████▌  | 339/447 [00:00<00:00, 12902.04it/s, Materializing param=text_model.encoder.layer.5.attention.self.value.weight]Loading weights:  76%|███████▌  | 339/447 [00:00<00:00, 12890.34it/s, Materializing param=text_model.encoder.layer.5.attention.self.value.weight]Loading weights:  76%|███████▌  | 340/447 [00:00<00:00, 12909.64it/s, Materializing param=text_model.encoder.layer.5.intermediate.dense.bias]    Loading weights:  76%|███████▌  | 340/447 [00:00<00:00, 12897.96it/s, Materializing param=text_model.encoder.layer.5.intermediate.dense.bias]Loading weights:  76%|███████▋  | 341/447 [00:00<00:00, 12916.16it/s, Materializing param=text_model.encoder.layer.5.intermediate.dense.weight]Loading weights:  76%|███████▋  | 341/447 [00:00<00:00, 12904.62it/s, Materializing param=text_model.encoder.layer.5.intermediate.dense.weight]Loading weights:  77%|███████▋  | 342/447 [00:00<00:00, 12923.22it/s, Materializing param=text_model.encoder.layer.5.output.LayerNorm.bias]    Loading weights:  77%|███████▋  | 342/447 [00:00<00:00, 12911.48it/s, Materializing param=text_model.encoder.layer.5.output.LayerNorm.bias]Loading weights:  77%|███████▋  | 343/447 [00:00<00:00, 12930.26it/s, Materializing param=text_model.encoder.layer.5.output.LayerNorm.weight]Loading weights:  77%|███████▋  | 343/447 [00:00<00:00, 12918.07it/s, Materializing param=text_model.encoder.layer.5.output.LayerNorm.weight]Loading weights:  77%|███████▋  | 344/447 [00:00<00:00, 12935.75it/s, Materializing param=text_model.encoder.layer.5.output.dense.bias]      Loading weights:  77%|███████▋  | 344/447 [00:00<00:00, 12923.70it/s, Materializing param=text_model.encoder.layer.5.output.dense.bias]Loading weights:  77%|███████▋  | 345/447 [00:00<00:00, 12942.26it/s, Materializing param=text_model.encoder.layer.5.output.dense.weight]Loading weights:  77%|███████▋  | 345/447 [00:00<00:00, 12930.11it/s, Materializing param=text_model.encoder.layer.5.output.dense.weight]Loading weights:  77%|███████▋  | 346/447 [00:00<00:00, 12949.08it/s, Materializing param=text_model.encoder.layer.6.attention.output.LayerNorm.bias]Loading weights:  77%|███████▋  | 346/447 [00:00<00:00, 12937.07it/s, Materializing param=text_model.encoder.layer.6.attention.output.LayerNorm.bias]Loading weights:  78%|███████▊  | 347/447 [00:00<00:00, 12951.72it/s, Materializing param=text_model.encoder.layer.6.attention.output.LayerNorm.weight]Loading weights:  78%|███████▊  | 347/447 [00:00<00:00, 12939.63it/s, Materializing param=text_model.encoder.layer.6.attention.output.LayerNorm.weight]Loading weights:  78%|███████▊  | 348/447 [00:00<00:00, 12955.61it/s, Materializing param=text_model.encoder.layer.6.attention.output.dense.bias]      Loading weights:  78%|███████▊  | 348/447 [00:00<00:00, 12943.66it/s, Materializing param=text_model.encoder.layer.6.attention.output.dense.bias]Loading weights:  78%|███████▊  | 349/447 [00:00<00:00, 12961.89it/s, Materializing param=text_model.encoder.layer.6.attention.output.dense.weight]Loading weights:  78%|███████▊  | 349/447 [00:00<00:00, 12950.54it/s, Materializing param=text_model.encoder.layer.6.attention.output.dense.weight]Loading weights:  78%|███████▊  | 350/447 [00:00<00:00, 12968.71it/s, Materializing param=text_model.encoder.layer.6.attention.self.key.bias]      Loading weights:  78%|███████▊  | 350/447 [00:00<00:00, 12957.27it/s, Materializing param=text_model.encoder.layer.6.attention.self.key.bias]Loading weights:  79%|███████▊  | 351/447 [00:00<00:00, 12975.05it/s, Materializing param=text_model.encoder.layer.6.attention.self.key.weight]Loading weights:  79%|███████▊  | 351/447 [00:00<00:00, 12963.62it/s, Materializing param=text_model.encoder.layer.6.attention.self.key.weight]Loading weights:  79%|███████▊  | 352/447 [00:00<00:00, 12979.98it/s, Materializing param=text_model.encoder.layer.6.attention.self.query.bias]Loading weights:  79%|███████▊  | 352/447 [00:00<00:00, 12968.47it/s, Materializing param=text_model.encoder.layer.6.attention.self.query.bias]Loading weights:  79%|███████▉  | 353/447 [00:00<00:00, 12984.66it/s, Materializing param=text_model.encoder.layer.6.attention.self.query.weight]Loading weights:  79%|███████▉  | 353/447 [00:00<00:00, 12972.72it/s, Materializing param=text_model.encoder.layer.6.attention.self.query.weight]Loading weights:  79%|███████▉  | 354/447 [00:00<00:00, 12990.46it/s, Materializing param=text_model.encoder.layer.6.attention.self.value.bias]  Loading weights:  79%|███████▉  | 354/447 [00:00<00:00, 12977.97it/s, Materializing param=text_model.encoder.layer.6.attention.self.value.bias]Loading weights:  79%|███████▉  | 355/447 [00:00<00:00, 12996.12it/s, Materializing param=text_model.encoder.layer.6.attention.self.value.weight]Loading weights:  79%|███████▉  | 355/447 [00:00<00:00, 12984.67it/s, Materializing param=text_model.encoder.layer.6.attention.self.value.weight]Loading weights:  80%|███████▉  | 356/447 [00:00<00:00, 13002.20it/s, Materializing param=text_model.encoder.layer.6.intermediate.dense.bias]    Loading weights:  80%|███████▉  | 356/447 [00:00<00:00, 12990.77it/s, Materializing param=text_model.encoder.layer.6.intermediate.dense.bias]Loading weights:  80%|███████▉  | 357/447 [00:00<00:00, 13007.91it/s, Materializing param=text_model.encoder.layer.6.intermediate.dense.weight]Loading weights:  80%|███████▉  | 357/447 [00:00<00:00, 12996.51it/s, Materializing param=text_model.encoder.layer.6.intermediate.dense.weight]Loading weights:  80%|████████  | 358/447 [00:00<00:00, 13011.23it/s, Materializing param=text_model.encoder.layer.6.output.LayerNorm.bias]    Loading weights:  80%|████████  | 358/447 [00:00<00:00, 12998.84it/s, Materializing param=text_model.encoder.layer.6.output.LayerNorm.bias]Loading weights:  80%|████████  | 359/447 [00:00<00:00, 13013.52it/s, Materializing param=text_model.encoder.layer.6.output.LayerNorm.weight]Loading weights:  80%|████████  | 359/447 [00:00<00:00, 13001.72it/s, Materializing param=text_model.encoder.layer.6.output.LayerNorm.weight]Loading weights:  81%|████████  | 360/447 [00:00<00:00, 13017.14it/s, Materializing param=text_model.encoder.layer.6.output.dense.bias]      Loading weights:  81%|████████  | 360/447 [00:00<00:00, 13005.82it/s, Materializing param=text_model.encoder.layer.6.output.dense.bias]Loading weights:  81%|████████  | 361/447 [00:00<00:00, 13023.66it/s, Materializing param=text_model.encoder.layer.6.output.dense.weight]Loading weights:  81%|████████  | 361/447 [00:00<00:00, 13012.36it/s, Materializing param=text_model.encoder.layer.6.output.dense.weight]Loading weights:  81%|████████  | 362/447 [00:00<00:00, 13030.60it/s, Materializing param=text_model.encoder.layer.7.attention.output.LayerNorm.bias]Loading weights:  81%|████████  | 362/447 [00:00<00:00, 13019.31it/s, Materializing param=text_model.encoder.layer.7.attention.output.LayerNorm.bias]Loading weights:  81%|████████  | 363/447 [00:00<00:00, 13035.60it/s, Materializing param=text_model.encoder.layer.7.attention.output.LayerNorm.weight]Loading weights:  81%|████████  | 363/447 [00:00<00:00, 13024.79it/s, Materializing param=text_model.encoder.layer.7.attention.output.LayerNorm.weight]Loading weights:  81%|████████▏ | 364/447 [00:00<00:00, 13042.93it/s, Materializing param=text_model.encoder.layer.7.attention.output.dense.bias]      Loading weights:  81%|████████▏ | 364/447 [00:00<00:00, 13032.24it/s, Materializing param=text_model.encoder.layer.7.attention.output.dense.bias]Loading weights:  82%|████████▏ | 365/447 [00:00<00:00, 13050.22it/s, Materializing param=text_model.encoder.layer.7.attention.output.dense.weight]Loading weights:  82%|████████▏ | 365/447 [00:00<00:00, 13039.88it/s, Materializing param=text_model.encoder.layer.7.attention.output.dense.weight]Loading weights:  82%|████████▏ | 366/447 [00:00<00:00, 13056.59it/s, Materializing param=text_model.encoder.layer.7.attention.self.key.bias]      Loading weights:  82%|████████▏ | 366/447 [00:00<00:00, 13045.82it/s, Materializing param=text_model.encoder.layer.7.attention.self.key.bias]Loading weights:  82%|████████▏ | 367/447 [00:00<00:00, 13059.61it/s, Materializing param=text_model.encoder.layer.7.attention.self.key.weight]Loading weights:  82%|████████▏ | 367/447 [00:00<00:00, 13048.98it/s, Materializing param=text_model.encoder.layer.7.attention.self.key.weight]Loading weights:  82%|████████▏ | 368/447 [00:00<00:00, 13067.25it/s, Materializing param=text_model.encoder.layer.7.attention.self.query.bias]Loading weights:  82%|████████▏ | 368/447 [00:00<00:00, 13057.08it/s, Materializing param=text_model.encoder.layer.7.attention.self.query.bias]Loading weights:  83%|████████▎ | 369/447 [00:00<00:00, 13075.42it/s, Materializing param=text_model.encoder.layer.7.attention.self.query.weight]Loading weights:  83%|████████▎ | 369/447 [00:00<00:00, 13064.82it/s, Materializing param=text_model.encoder.layer.7.attention.self.query.weight]Loading weights:  83%|████████▎ | 370/447 [00:00<00:00, 13082.67it/s, Materializing param=text_model.encoder.layer.7.attention.self.value.bias]  Loading weights:  83%|████████▎ | 370/447 [00:00<00:00, 13072.42it/s, Materializing param=text_model.encoder.layer.7.attention.self.value.bias]Loading weights:  83%|████████▎ | 371/447 [00:00<00:00, 13090.66it/s, Materializing param=text_model.encoder.layer.7.attention.self.value.weight]Loading weights:  83%|████████▎ | 371/447 [00:00<00:00, 13079.99it/s, Materializing param=text_model.encoder.layer.7.attention.self.value.weight]Loading weights:  83%|████████▎ | 372/447 [00:00<00:00, 13089.94it/s, Materializing param=text_model.encoder.layer.7.intermediate.dense.bias]    Loading weights:  83%|████████▎ | 372/447 [00:00<00:00, 13079.84it/s, Materializing param=text_model.encoder.layer.7.intermediate.dense.bias]Loading weights:  83%|████████▎ | 373/447 [00:00<00:00, 13097.43it/s, Materializing param=text_model.encoder.layer.7.intermediate.dense.weight]Loading weights:  83%|████████▎ | 373/447 [00:00<00:00, 13086.81it/s, Materializing param=text_model.encoder.layer.7.intermediate.dense.weight]Loading weights:  84%|████████▎ | 374/447 [00:00<00:00, 13105.01it/s, Materializing param=text_model.encoder.layer.7.output.LayerNorm.bias]    Loading weights:  84%|████████▎ | 374/447 [00:00<00:00, 13094.84it/s, Materializing param=text_model.encoder.layer.7.output.LayerNorm.bias]Loading weights:  84%|████████▍ | 375/447 [00:00<00:00, 13112.88it/s, Materializing param=text_model.encoder.layer.7.output.LayerNorm.weight]Loading weights:  84%|████████▍ | 375/447 [00:00<00:00, 13102.72it/s, Materializing param=text_model.encoder.layer.7.output.LayerNorm.weight]Loading weights:  84%|████████▍ | 376/447 [00:00<00:00, 13119.85it/s, Materializing param=text_model.encoder.layer.7.output.dense.bias]      Loading weights:  84%|████████▍ | 376/447 [00:00<00:00, 13109.81it/s, Materializing param=text_model.encoder.layer.7.output.dense.bias]Loading weights:  84%|████████▍ | 377/447 [00:00<00:00, 13128.09it/s, Materializing param=text_model.encoder.layer.7.output.dense.weight]Loading weights:  84%|████████▍ | 377/447 [00:00<00:00, 13118.18it/s, Materializing param=text_model.encoder.layer.7.output.dense.weight]Loading weights:  85%|████████▍ | 378/447 [00:00<00:00, 13136.52it/s, Materializing param=text_model.encoder.layer.8.attention.output.LayerNorm.bias]Loading weights:  85%|████████▍ | 378/447 [00:00<00:00, 13123.80it/s, Materializing param=text_model.encoder.layer.8.attention.output.LayerNorm.bias]Loading weights:  85%|████████▍ | 379/447 [00:00<00:00, 13138.83it/s, Materializing param=text_model.encoder.layer.8.attention.output.LayerNorm.weight]Loading weights:  85%|████████▍ | 379/447 [00:00<00:00, 13128.31it/s, Materializing param=text_model.encoder.layer.8.attention.output.LayerNorm.weight]Loading weights:  85%|████████▌ | 380/447 [00:00<00:00, 13146.12it/s, Materializing param=text_model.encoder.layer.8.attention.output.dense.bias]      Loading weights:  85%|████████▌ | 380/447 [00:00<00:00, 13135.61it/s, Materializing param=text_model.encoder.layer.8.attention.output.dense.bias]Loading weights:  85%|████████▌ | 381/447 [00:00<00:00, 13153.48it/s, Materializing param=text_model.encoder.layer.8.attention.output.dense.weight]Loading weights:  85%|████████▌ | 381/447 [00:00<00:00, 13142.99it/s, Materializing param=text_model.encoder.layer.8.attention.output.dense.weight]Loading weights:  85%|████████▌ | 382/447 [00:00<00:00, 13159.84it/s, Materializing param=text_model.encoder.layer.8.attention.self.key.bias]      Loading weights:  85%|████████▌ | 382/447 [00:00<00:00, 13149.80it/s, Materializing param=text_model.encoder.layer.8.attention.self.key.bias]Loading weights:  86%|████████▌ | 383/447 [00:00<00:00, 13157.98it/s, Materializing param=text_model.encoder.layer.8.attention.self.key.weight]Loading weights:  86%|████████▌ | 383/447 [00:00<00:00, 13147.54it/s, Materializing param=text_model.encoder.layer.8.attention.self.key.weight]Loading weights:  86%|████████▌ | 384/447 [00:00<00:00, 13165.16it/s, Materializing param=text_model.encoder.layer.8.attention.self.query.bias]Loading weights:  86%|████████▌ | 384/447 [00:00<00:00, 13154.84it/s, Materializing param=text_model.encoder.layer.8.attention.self.query.bias]Loading weights:  86%|████████▌ | 385/447 [00:00<00:00, 13172.31it/s, Materializing param=text_model.encoder.layer.8.attention.self.query.weight]Loading weights:  86%|████████▌ | 385/447 [00:00<00:00, 13161.58it/s, Materializing param=text_model.encoder.layer.8.attention.self.query.weight]Loading weights:  86%|████████▋ | 386/447 [00:00<00:00, 13170.96it/s, Materializing param=text_model.encoder.layer.8.attention.self.value.bias]  Loading weights:  86%|████████▋ | 386/447 [00:00<00:00, 13157.58it/s, Materializing param=text_model.encoder.layer.8.attention.self.value.bias]Loading weights:  87%|████████▋ | 387/447 [00:00<00:00, 13172.30it/s, Materializing param=text_model.encoder.layer.8.attention.self.value.weight]Loading weights:  87%|████████▋ | 387/447 [00:00<00:00, 13162.47it/s, Materializing param=text_model.encoder.layer.8.attention.self.value.weight]Loading weights:  87%|████████▋ | 388/447 [00:00<00:00, 13179.81it/s, Materializing param=text_model.encoder.layer.8.intermediate.dense.bias]    Loading weights:  87%|████████▋ | 388/447 [00:00<00:00, 13170.00it/s, Materializing param=text_model.encoder.layer.8.intermediate.dense.bias]Loading weights:  87%|████████▋ | 389/447 [00:00<00:00, 13186.01it/s, Materializing param=text_model.encoder.layer.8.intermediate.dense.weight]Loading weights:  87%|████████▋ | 389/447 [00:00<00:00, 13167.28it/s, Materializing param=text_model.encoder.layer.8.intermediate.dense.weight]Loading weights:  87%|████████▋ | 390/447 [00:00<00:00, 13185.06it/s, Materializing param=text_model.encoder.layer.8.output.LayerNorm.bias]    Loading weights:  87%|████████▋ | 390/447 [00:00<00:00, 13174.76it/s, Materializing param=text_model.encoder.layer.8.output.LayerNorm.bias]Loading weights:  87%|████████▋ | 391/447 [00:00<00:00, 13192.18it/s, Materializing param=text_model.encoder.layer.8.output.LayerNorm.weight]Loading weights:  87%|████████▋ | 391/447 [00:00<00:00, 13182.32it/s, Materializing param=text_model.encoder.layer.8.output.LayerNorm.weight]Loading weights:  88%|████████▊ | 392/447 [00:00<00:00, 13200.01it/s, Materializing param=text_model.encoder.layer.8.output.dense.bias]      Loading weights:  88%|████████▊ | 392/447 [00:00<00:00, 13190.27it/s, Materializing param=text_model.encoder.layer.8.output.dense.bias]Loading weights:  88%|████████▊ | 393/447 [00:00<00:00, 13207.92it/s, Materializing param=text_model.encoder.layer.8.output.dense.weight]Loading weights:  88%|████████▊ | 393/447 [00:00<00:00, 13198.19it/s, Materializing param=text_model.encoder.layer.8.output.dense.weight]Loading weights:  88%|████████▊ | 394/447 [00:00<00:00, 13215.79it/s, Materializing param=text_model.encoder.layer.9.attention.output.LayerNorm.bias]Loading weights:  88%|████████▊ | 394/447 [00:00<00:00, 13205.55it/s, Materializing param=text_model.encoder.layer.9.attention.output.LayerNorm.bias]Loading weights:  88%|████████▊ | 395/447 [00:00<00:00, 13222.27it/s, Materializing param=text_model.encoder.layer.9.attention.output.LayerNorm.weight]Loading weights:  88%|████████▊ | 395/447 [00:00<00:00, 13212.04it/s, Materializing param=text_model.encoder.layer.9.attention.output.LayerNorm.weight]Loading weights:  89%|████████▊ | 396/447 [00:00<00:00, 13229.24it/s, Materializing param=text_model.encoder.layer.9.attention.output.dense.bias]      Loading weights:  89%|████████▊ | 396/447 [00:00<00:00, 13219.03it/s, Materializing param=text_model.encoder.layer.9.attention.output.dense.bias]Loading weights:  89%|████████▉ | 397/447 [00:00<00:00, 13235.98it/s, Materializing param=text_model.encoder.layer.9.attention.output.dense.weight]Loading weights:  89%|████████▉ | 397/447 [00:00<00:00, 13226.30it/s, Materializing param=text_model.encoder.layer.9.attention.output.dense.weight]Loading weights:  89%|████████▉ | 398/447 [00:00<00:00, 13243.31it/s, Materializing param=text_model.encoder.layer.9.attention.self.key.bias]      Loading weights:  89%|████████▉ | 398/447 [00:00<00:00, 13233.24it/s, Materializing param=text_model.encoder.layer.9.attention.self.key.bias]Loading weights:  89%|████████▉ | 399/447 [00:00<00:00, 13249.68it/s, Materializing param=text_model.encoder.layer.9.attention.self.key.weight]Loading weights:  89%|████████▉ | 399/447 [00:00<00:00, 13239.62it/s, Materializing param=text_model.encoder.layer.9.attention.self.key.weight]Loading weights:  89%|████████▉ | 400/447 [00:00<00:00, 13256.54it/s, Materializing param=text_model.encoder.layer.9.attention.self.query.bias]Loading weights:  89%|████████▉ | 400/447 [00:00<00:00, 13246.81it/s, Materializing param=text_model.encoder.layer.9.attention.self.query.bias]Loading weights:  90%|████████▉ | 401/447 [00:00<00:00, 13263.80it/s, Materializing param=text_model.encoder.layer.9.attention.self.query.weight]Loading weights:  90%|████████▉ | 401/447 [00:00<00:00, 13253.66it/s, Materializing param=text_model.encoder.layer.9.attention.self.query.weight]Loading weights:  90%|████████▉ | 402/447 [00:00<00:00, 13269.56it/s, Materializing param=text_model.encoder.layer.9.attention.self.value.bias]  Loading weights:  90%|████████▉ | 402/447 [00:00<00:00, 13259.54it/s, Materializing param=text_model.encoder.layer.9.attention.self.value.bias]Loading weights:  90%|█████████ | 403/447 [00:00<00:00, 13276.24it/s, Materializing param=text_model.encoder.layer.9.attention.self.value.weight]Loading weights:  90%|█████████ | 403/447 [00:00<00:00, 13264.05it/s, Materializing param=text_model.encoder.layer.9.attention.self.value.weight]Loading weights:  90%|█████████ | 404/447 [00:00<00:00, 13278.63it/s, Materializing param=text_model.encoder.layer.9.intermediate.dense.bias]    Loading weights:  90%|█████████ | 404/447 [00:00<00:00, 13264.28it/s, Materializing param=text_model.encoder.layer.9.intermediate.dense.bias]Loading weights:  91%|█████████ | 405/447 [00:00<00:00, 13278.82it/s, Materializing param=text_model.encoder.layer.9.intermediate.dense.weight]Loading weights:  91%|█████████ | 405/447 [00:00<00:00, 13268.76it/s, Materializing param=text_model.encoder.layer.9.intermediate.dense.weight]Loading weights:  91%|█████████ | 406/447 [00:00<00:00, 13285.33it/s, Materializing param=text_model.encoder.layer.9.output.LayerNorm.bias]    Loading weights:  91%|█████████ | 406/447 [00:00<00:00, 13275.39it/s, Materializing param=text_model.encoder.layer.9.output.LayerNorm.bias]Loading weights:  91%|█████████ | 407/447 [00:00<00:00, 13291.61it/s, Materializing param=text_model.encoder.layer.9.output.LayerNorm.weight]Loading weights:  91%|█████████ | 407/447 [00:00<00:00, 13282.00it/s, Materializing param=text_model.encoder.layer.9.output.LayerNorm.weight]Loading weights:  91%|█████████▏| 408/447 [00:00<00:00, 13299.00it/s, Materializing param=text_model.encoder.layer.9.output.dense.bias]      Loading weights:  91%|█████████▏| 408/447 [00:00<00:00, 13289.19it/s, Materializing param=text_model.encoder.layer.9.output.dense.bias]Loading weights:  91%|█████████▏| 409/447 [00:00<00:00, 13306.47it/s, Materializing param=text_model.encoder.layer.9.output.dense.weight]Loading weights:  91%|█████████▏| 409/447 [00:00<00:00, 13296.98it/s, Materializing param=text_model.encoder.layer.9.output.dense.weight]Loading weights:  92%|█████████▏| 410/447 [00:00<00:00, 13313.91it/s, Materializing param=text_model.encoder.layer.10.attention.output.LayerNorm.bias]Loading weights:  92%|█████████▏| 410/447 [00:00<00:00, 13303.92it/s, Materializing param=text_model.encoder.layer.10.attention.output.LayerNorm.bias]Loading weights:  92%|█████████▏| 411/447 [00:00<00:00, 13318.23it/s, Materializing param=text_model.encoder.layer.10.attention.output.LayerNorm.weight]Loading weights:  92%|█████████▏| 411/447 [00:00<00:00, 13308.26it/s, Materializing param=text_model.encoder.layer.10.attention.output.LayerNorm.weight]Loading weights:  92%|█████████▏| 412/447 [00:00<00:00, 13324.29it/s, Materializing param=text_model.encoder.layer.10.attention.output.dense.bias]      Loading weights:  92%|█████████▏| 412/447 [00:00<00:00, 13314.43it/s, Materializing param=text_model.encoder.layer.10.attention.output.dense.bias]Loading weights:  92%|█████████▏| 413/447 [00:00<00:00, 13330.42it/s, Materializing param=text_model.encoder.layer.10.attention.output.dense.weight]Loading weights:  92%|█████████▏| 413/447 [00:00<00:00, 13320.47it/s, Materializing param=text_model.encoder.layer.10.attention.output.dense.weight]Loading weights:  93%|█████████▎| 414/447 [00:00<00:00, 13336.42it/s, Materializing param=text_model.encoder.layer.10.attention.self.key.bias]      Loading weights:  93%|█████████▎| 414/447 [00:00<00:00, 13323.94it/s, Materializing param=text_model.encoder.layer.10.attention.self.key.bias]Loading weights:  93%|█████████▎| 415/447 [00:00<00:00, 13339.84it/s, Materializing param=text_model.encoder.layer.10.attention.self.key.weight]Loading weights:  93%|█████████▎| 415/447 [00:00<00:00, 13330.44it/s, Materializing param=text_model.encoder.layer.10.attention.self.key.weight]Loading weights:  93%|█████████▎| 416/447 [00:00<00:00, 13346.21it/s, Materializing param=text_model.encoder.layer.10.attention.self.query.bias]Loading weights:  93%|█████████▎| 416/447 [00:00<00:00, 13336.73it/s, Materializing param=text_model.encoder.layer.10.attention.self.query.bias]Loading weights:  93%|█████████▎| 417/447 [00:00<00:00, 13353.07it/s, Materializing param=text_model.encoder.layer.10.attention.self.query.weight]Loading weights:  93%|█████████▎| 417/447 [00:00<00:00, 13343.19it/s, Materializing param=text_model.encoder.layer.10.attention.self.query.weight]Loading weights:  94%|█████████▎| 418/447 [00:00<00:00, 13359.79it/s, Materializing param=text_model.encoder.layer.10.attention.self.value.bias]  Loading weights:  94%|█████████▎| 418/447 [00:00<00:00, 13350.03it/s, Materializing param=text_model.encoder.layer.10.attention.self.value.bias]Loading weights:  94%|█████████▎| 419/447 [00:00<00:00, 13363.14it/s, Materializing param=text_model.encoder.layer.10.attention.self.value.weight]Loading weights:  94%|█████████▎| 419/447 [00:00<00:00, 13353.80it/s, Materializing param=text_model.encoder.layer.10.attention.self.value.weight]Loading weights:  94%|█████████▍| 420/447 [00:00<00:00, 13369.42it/s, Materializing param=text_model.encoder.layer.10.intermediate.dense.bias]    Loading weights:  94%|█████████▍| 420/447 [00:00<00:00, 13360.09it/s, Materializing param=text_model.encoder.layer.10.intermediate.dense.bias]Loading weights:  94%|█████████▍| 421/447 [00:00<00:00, 13375.77it/s, Materializing param=text_model.encoder.layer.10.intermediate.dense.weight]Loading weights:  94%|█████████▍| 421/447 [00:00<00:00, 13365.95it/s, Materializing param=text_model.encoder.layer.10.intermediate.dense.weight]Loading weights:  94%|█████████▍| 422/447 [00:00<00:00, 13382.50it/s, Materializing param=text_model.encoder.layer.10.output.LayerNorm.bias]    Loading weights:  94%|█████████▍| 422/447 [00:00<00:00, 13373.20it/s, Materializing param=text_model.encoder.layer.10.output.LayerNorm.bias]Loading weights:  95%|█████████▍| 423/447 [00:00<00:00, 13388.70it/s, Materializing param=text_model.encoder.layer.10.output.LayerNorm.weight]Loading weights:  95%|█████████▍| 423/447 [00:00<00:00, 13378.91it/s, Materializing param=text_model.encoder.layer.10.output.LayerNorm.weight]Loading weights:  95%|█████████▍| 424/447 [00:00<00:00, 13395.79it/s, Materializing param=text_model.encoder.layer.10.output.dense.bias]      Loading weights:  95%|█████████▍| 424/447 [00:00<00:00, 13386.51it/s, Materializing param=text_model.encoder.layer.10.output.dense.bias]Loading weights:  95%|█████████▌| 425/447 [00:00<00:00, 13401.94it/s, Materializing param=text_model.encoder.layer.10.output.dense.weight]Loading weights:  95%|█████████▌| 425/447 [00:00<00:00, 13392.18it/s, Materializing param=text_model.encoder.layer.10.output.dense.weight]Loading weights:  95%|█████████▌| 426/447 [00:00<00:00, 13408.08it/s, Materializing param=text_model.encoder.layer.11.attention.output.LayerNorm.bias]Loading weights:  95%|█████████▌| 426/447 [00:00<00:00, 13398.42it/s, Materializing param=text_model.encoder.layer.11.attention.output.LayerNorm.bias]Loading weights:  96%|█████████▌| 427/447 [00:00<00:00, 13413.38it/s, Materializing param=text_model.encoder.layer.11.attention.output.LayerNorm.weight]Loading weights:  96%|█████████▌| 427/447 [00:00<00:00, 13403.74it/s, Materializing param=text_model.encoder.layer.11.attention.output.LayerNorm.weight]Loading weights:  96%|█████████▌| 428/447 [00:00<00:00, 13419.06it/s, Materializing param=text_model.encoder.layer.11.attention.output.dense.bias]      Loading weights:  96%|█████████▌| 428/447 [00:00<00:00, 13409.44it/s, Materializing param=text_model.encoder.layer.11.attention.output.dense.bias]Loading weights:  96%|█████████▌| 429/447 [00:00<00:00, 13425.23it/s, Materializing param=text_model.encoder.layer.11.attention.output.dense.weight]Loading weights:  96%|█████████▌| 429/447 [00:00<00:00, 13415.52it/s, Materializing param=text_model.encoder.layer.11.attention.output.dense.weight]Loading weights:  96%|█████████▌| 430/447 [00:00<00:00, 13431.27it/s, Materializing param=text_model.encoder.layer.11.attention.self.key.bias]      Loading weights:  96%|█████████▌| 430/447 [00:00<00:00, 13421.67it/s, Materializing param=text_model.encoder.layer.11.attention.self.key.bias]Loading weights:  96%|█████████▋| 431/447 [00:00<00:00, 13437.29it/s, Materializing param=text_model.encoder.layer.11.attention.self.key.weight]Loading weights:  96%|█████████▋| 431/447 [00:00<00:00, 13428.10it/s, Materializing param=text_model.encoder.layer.11.attention.self.key.weight]Loading weights:  97%|█████████▋| 432/447 [00:00<00:00, 13443.78it/s, Materializing param=text_model.encoder.layer.11.attention.self.query.bias]Loading weights:  97%|█████████▋| 432/447 [00:00<00:00, 13434.61it/s, Materializing param=text_model.encoder.layer.11.attention.self.query.bias]Loading weights:  97%|█████████▋| 433/447 [00:00<00:00, 13450.15it/s, Materializing param=text_model.encoder.layer.11.attention.self.query.weight]Loading weights:  97%|█████████▋| 433/447 [00:00<00:00, 13440.50it/s, Materializing param=text_model.encoder.layer.11.attention.self.query.weight]Loading weights:  97%|█████████▋| 434/447 [00:00<00:00, 13455.70it/s, Materializing param=text_model.encoder.layer.11.attention.self.value.bias]  Loading weights:  97%|█████████▋| 434/447 [00:00<00:00, 13446.16it/s, Materializing param=text_model.encoder.layer.11.attention.self.value.bias]Loading weights:  97%|█████████▋| 435/447 [00:00<00:00, 13461.73it/s, Materializing param=text_model.encoder.layer.11.attention.self.value.weight]Loading weights:  97%|█████████▋| 435/447 [00:00<00:00, 13452.20it/s, Materializing param=text_model.encoder.layer.11.attention.self.value.weight]Loading weights:  98%|█████████▊| 436/447 [00:00<00:00, 13467.64it/s, Materializing param=text_model.encoder.layer.11.intermediate.dense.bias]    Loading weights:  98%|█████████▊| 436/447 [00:00<00:00, 13458.42it/s, Materializing param=text_model.encoder.layer.11.intermediate.dense.bias]Loading weights:  98%|█████████▊| 437/447 [00:00<00:00, 13474.41it/s, Materializing param=text_model.encoder.layer.11.intermediate.dense.weight]Loading weights:  98%|█████████▊| 437/447 [00:00<00:00, 13465.31it/s, Materializing param=text_model.encoder.layer.11.intermediate.dense.weight]Loading weights:  98%|█████████▊| 438/447 [00:00<00:00, 13481.06it/s, Materializing param=text_model.encoder.layer.11.output.LayerNorm.bias]    Loading weights:  98%|█████████▊| 438/447 [00:00<00:00, 13471.57it/s, Materializing param=text_model.encoder.layer.11.output.LayerNorm.bias]Loading weights:  98%|█████████▊| 439/447 [00:00<00:00, 13486.21it/s, Materializing param=text_model.encoder.layer.11.output.LayerNorm.weight]Loading weights:  98%|█████████▊| 439/447 [00:00<00:00, 13477.03it/s, Materializing param=text_model.encoder.layer.11.output.LayerNorm.weight]Loading weights:  98%|█████████▊| 440/447 [00:00<00:00, 13491.63it/s, Materializing param=text_model.encoder.layer.11.output.dense.bias]      Loading weights:  98%|█████████▊| 440/447 [00:00<00:00, 13482.57it/s, Materializing param=text_model.encoder.layer.11.output.dense.bias]Loading weights:  99%|█████████▊| 441/447 [00:00<00:00, 13498.22it/s, Materializing param=text_model.encoder.layer.11.output.dense.weight]Loading weights:  99%|█████████▊| 441/447 [00:00<00:00, 13489.16it/s, Materializing param=text_model.encoder.layer.11.output.dense.weight]Loading weights:  99%|█████████▉| 442/447 [00:00<00:00, 13504.49it/s, Materializing param=text_model.pooler.dense.bias]                   Loading weights:  99%|█████████▉| 442/447 [00:00<00:00, 13495.84it/s, Materializing param=text_model.pooler.dense.bias]Loading weights:  99%|█████████▉| 443/447 [00:00<00:00, 13511.52it/s, Materializing param=text_model.pooler.dense.weight]Loading weights:  99%|█████████▉| 443/447 [00:00<00:00, 13502.88it/s, Materializing param=text_model.pooler.dense.weight]Loading weights:  99%|█████████▉| 444/447 [00:00<00:00, 13519.31it/s, Materializing param=text_projection.linear1.bias]  Loading weights:  99%|█████████▉| 444/447 [00:00<00:00, 13510.28it/s, Materializing param=text_projection.linear1.bias]Loading weights: 100%|█████████▉| 445/447 [00:00<00:00, 13526.38it/s, Materializing param=text_projection.linear1.weight]Loading weights: 100%|█████████▉| 445/447 [00:00<00:00, 13517.67it/s, Materializing param=text_projection.linear1.weight]Loading weights: 100%|█████████▉| 446/447 [00:00<00:00, 13534.81it/s, Materializing param=text_projection.linear2.bias]  Loading weights: 100%|█████████▉| 446/447 [00:00<00:00, 13526.69it/s, Materializing param=text_projection.linear2.bias]Loading weights: 100%|██████████| 447/447 [00:00<00:00, 13542.23it/s, Materializing param=text_projection.linear2.weight]Loading weights: 100%|██████████| 447/447 [00:00<00:00, 13531.97it/s, Materializing param=text_projection.linear2.weight]Loading weights: 100%|██████████| 447/447 [00:00<00:00, 13505.84it/s, Materializing param=text_projection.linear2.weight]
Dimensions: 1
Sample: [[[[-0.2816235423088074, -0.5857007503509521, -0.2637820541858673, -0.20275360345840454, -0.07346493005752563, -0.21096086502075195, -0.26065635681152344, -0.47412192821502686, -0.08729344606399536, -0.25917911529541016, -0.30357539653778076, -0.6915126442909241, -0.11950640380382538, -0.24053838849067688, -0.0006372332572937012, 0.20478399097919464, -0.7306236624717712, -0.14503419399261475, -0.5557001233100891, -0.4729468822479248, -0.3725641667842865, -0.3658595383167267, -0.6932234764099121, -0.4011722207069397, -0.3099726736545563, -0.631043553352356, -0.5618394017219543, -0.2738834023475647, -0.6098697781562805, -0.4772523045539856, -0.5537705421447754, -0.18143442273139954], [-0.42827779054641724, -0.038699790835380554, -0.1820647418498993, 0.2585163712501526, 0.12737327814102173, 0.34907832741737366, -0.002336699515581131, 0.47818320989608765, -0.11181804537773132, 0.2687729299068451, 0.07404842972755432, 0.3649788796901703, 0.015180215239524841, 0.01926920935511589, 0.30447766184806824, 0.054649468511343, 0.23714712262153625, 0.7763693928718567, 0.011324048042297363, 0.3131972849369049, -0.4478875398635864, -1.0674399137496948, -0.6270362734794617, -0.4351643919944763, -0.4566418528556824, -0.36582228541374207, -0.43944647908210754, -0.44836169481277466, -0.11427699029445648, -0.3770734667778015, -0.2001732587814331, -0.39339733123779297]], [[-0.05264788493514061, -1.0087486505508423, -0.4114982485771179, -0.8482924699783325, -0.4137982726097107, -1.328291416168213, -0.6466847658157349, -0.24775609374046326, 0.18156100809574127, -0.3260205090045929, -0.10121607035398483, -0.9511775374412537, -0.3549652695655823, -0.28406059741973877, -0.3996936082839966, -0.8908137679100037, 0.06294485926628113, -0.4953899383544922, 0.08491456508636475, -0.9733248353004456, -0.17858359217643738, 0.026330381631851196, 0.08075584471225739, -0.4028280973434448, -0.9742075204849243, -0.43299221992492676, -0.5738158226013184, -0.09535330533981323, -0.3060225248336792, -0.060058094561100006, -0.13164131343364716, 0.23439179360866547], [0.4039444923400879, -0.7742902636528015, -0.23725344240665436, -0.6076942086219788, -1.0938117504119873, -1.029738426208496, -0.3077370524406433, -0.9769907593727112, -0.111431784927845, -1.051552414894104, -0.6880784630775452, -0.8922381401062012, -0.6095390319824219, -0.4996500015258789, -0.5889952778816223, -0.2617514729499817, -0.44284969568252563, -1.6055049896240234, -0.7703925967216492, -0.9715694189071655, -0.7543371915817261, -0.8394342660903931, -0.2689756751060486, -0.002680465579032898, 0.2424686700105667, -1.4893890619277954, 0.08060792088508606, 0.40136975049972534, -0.20310631394386292, 0.022083118557929993, -0.38422173261642456, 0.41620177030563354]], [[0.014851659536361694, -0.3019255995750427, 0.24769744277000427, -1.0416666269302368, 0.2997497618198395, -0.5569586753845215, 0.5357919931411743, -0.19666151702404022, 0.7765768766403198, -0.25323933362960815, 0.1631234586238861, -0.0701332688331604, 0.3179364502429962, -0.28665077686309814, 0.43803223967552185, -0.5469157695770264, 0.35823026299476624, -0.4565795660018921, -0.17184607684612274, 0.2746270000934601, -0.13000065088272095, 0.2538025677204132, 0.9008387327194214, 0.9998897314071655, 1.098442554473877, 0.5863858461380005, -0.4613683223724365, -0.05526858568191528, -0.3732490837574005, 0.08598411083221436, -0.1622624546289444, -0.21634376049041748], [-0.08983075618743896, -0.827081561088562, -0.47282466292381287, -0.7910164594650269, -0.9081357717514038, -0.8787776231765747, -0.41422346234321594, -0.8369187712669373, -0.39794981479644775, -1.1334532499313354, -0.7159233689308167, -1.2189725637435913, -0.9844486713409424, -0.877305269241333, -0.7401623725891113, -1.2815594673156738, -0.7875230312347412, -1.6861275434494019, -1.0444281101226807, -1.4547929763793945, -1.0760002136230469, -1.2895574569702148, -1.5415031909942627, -1.8460758924484253, -0.9785703420639038, -1.9518325328826904, -0.4661785662174225, -0.18378332257270813, -1.090153694152832, -0.5683513879776001, -1.1056746244430542, -0.15536069869995117]], [[0.176641047000885, -0.13671226799488068, 0.0654272586107254, -0.010972872376441956, -0.15784116089344025, 0.0745186060667038, 0.01734095811843872, -0.044712528586387634, -1.2043859958648682, 0.1454818844795227, 0.1428717076778412, 0.2511098384857178, 0.558053731918335, 0.4110391139984131, 0.07346805930137634, 0.6751613020896912, -0.48819905519485474, 0.6342045068740845, 0.5334526300430298, 0.17553868889808655, 0.653602123260498, 0.20875141024589539, -0.2125302404165268, 0.002460092306137085, -0.14386968314647675, 0.473845899105072, 1.2616277933120728, 0.3675673007965088, 0.4646190404891968, 0.5437665581703186, 1.043424129486084, 0.8388954401016235], [1.549480676651001, 0.05742061138153076, 0.2975042462348938, 0.06300702691078186, 0.33684664964675903, -0.06739230453968048, 0.33222275972366333, 0.16049528121948242, 0.4575769901275635, -0.09291131794452667, 0.21400150656700134, 0.22861464321613312, 0.5210223197937012, 0.3880861699581146, 0.7084620594978333, 0.19010888040065765, 0.2952531576156616, 0.4953603148460388, 0.29351526498794556, 0.3326481282711029, 0.406657338142395, 0.3474413752555847, 0.17350934445858002, 0.6114601492881775, 1.352953553199768, 1.521852731704712, 0.6321870684623718, 1.5741297006607056, 0.26474443078041077, 0.5587496757507324, 0.7324526309967041, 1.6438982486724854]], [[0.11695942282676697, 0.8329648971557617, 0.12282261252403259, 0.35997605323791504, 0.29702669382095337, 1.2665514945983887, 0.01660788059234619, 0.4806380867958069, -0.35297974944114685, 0.4328365921974182, -0.0053054094314575195, 0.4189198613166809, 0.061276406049728394, 0.2842467427253723, -0.08219102025032043, 0.5118036270141602, -0.30252283811569214, 0.7954281568527222, 0.06646385788917542, 0.6520847678184509, -0.036786943674087524, -0.0676281750202179, -0.908073365688324, -0.504526674747467, -0.0016289353370666504, 0.46786201000213623, 0.3516584634780884, 0.2732096314430237, 0.3744320273399353, 0.12968608736991882, 0.36030954122543335, 0.15744534134864807], [0.06028681993484497, -0.2923310101032257, -0.4133766293525696, -0.4607500433921814, -0.8173417448997498, -0.21101003885269165, -0.33267152309417725, -0.4365609884262085, -0.4079253077507019, -0.24099525809288025, -0.427467942237854, -0.5035499334335327, -0.8377358317375183, -0.5538286566734314, -0.628176748752594, -0.08198295533657074, -0.5238690376281738, 0.17260774970054626, -0.6253789663314819, -0.3982163369655609, -0.7104062438011169, -0.6621208190917969, -0.6408222913742065, -0.6668622493743896, -0.49854815006256104, -0.7217985391616821, -0.49471360445022583, 0.08516493439674377, -0.5984963178634644, -0.40166905522346497, -0.6167829632759094, 0.08487457036972046]], [[-0.30860650539398193, 0.22481796145439148, -0.7229948043823242, -0.12981058657169342, -0.9235349297523499, 0.3626159131526947, -0.8080295920372009, -0.07139059156179428, -0.3164042532444, -0.10093612223863602, -0.08860406279563904, 0.6103719472885132, -0.38569244742393494, -0.23150844871997833, -0.5557676553726196, -0.14606398344039917, -0.357989102602005, -0.04002203047275543, -0.04311567544937134, -0.18705226480960846, -0.3417694866657257, -0.24337759613990784, 0.17945997416973114, -0.35320407152175903, -0.2682998776435852, -0.25021710991859436, 0.3265278935432434, -0.5193630456924438, 0.030305568128824234, -0.27870550751686096, 0.01579689234495163, -0.27409160137176514], [-0.12652258574962616, 0.02397109940648079, -0.23361939191818237, 0.26609426736831665, -0.30501773953437805, 0.03708749637007713, -0.2294640690088272, 0.892367959022522, 0.1461659073829651, 0.761138916015625, -0.13423830270767212, 0.6349219679832458, -0.26616302132606506, -0.8397952914237976, -0.370879590511322, 0.6526792645454407, -0.541530191898346, 1.0246785879135132, -0.21311815083026886, 0.31550663709640503, -0.4241284132003784, -0.011553805321455002, -0.8260366320610046, -0.2808137834072113, -0.25348007678985596, 0.5554654002189636, 0.15627284348011017, -0.12217411398887634, 0.8483482599258423, 0.5227360129356384, 1.0716890096664429, -0.07837684452533722]], [[-0.5613572001457214, 0.16374510526657104, -0.4714505970478058, -0.2857864499092102, -0.2778879702091217, -0.27019333839416504, -0.5187102556228638, -0.27187538146972656, -0.6078189611434937, -0.4630145728588104, -0.4554019570350647, 0.017143428325653076, -0.23996621370315552, -0.7712562680244446, -0.603227972984314, -0.6381082534790039, -0.8583101034164429, -0.4208279252052307, -0.4380393326282501, -0.42009294033050537, -0.3311713933944702, -0.529621422290802, -0.9692558646202087, -1.1257493495941162, -1.1896060705184937, -0.4114072918891907, 0.39259225130081177, -0.6673750877380371, -0.3942207396030426, -0.5164534449577332, -0.011842846870422363, -0.5725312232971191], [-0.7941619157791138, -0.7995567917823792, -0.7390412092208862, -0.7380387783050537, -0.609162449836731, -0.657645046710968, -0.7965610027313232, -0.34918278455734253, -0.6948030591011047, -0.15179067850112915, -0.8934570550918579, -0.3557831943035126, -0.8024148941040039, -0.6966630220413208, -0.9700554013252258, -0.7562398314476013, -0.6735427975654602, -0.14979973435401917, -0.8756383657455444, -0.7812927961349487, -0.9434771537780762, -1.057221531867981, -0.9439284801483154, -0.8101567625999451, -1.1254791021347046, -0.8973991870880127, -0.7583465576171875, -0.7595372200012207, -0.17172884941101074, -0.8273367881774902, -0.04166299104690552, -0.7720502614974976]], [[-0.1739531308412552, 0.27425718307495117, 0.14091354608535767, -0.012143008410930634, -0.21368858218193054, -0.03422953188419342, -0.5570091605186462, -0.07521272450685501, 0.19563668966293335, 0.15097978711128235, 0.022942282259464264, 0.2429274618625641, -0.12356474995613098, -0.16407766938209534, -0.26401692628860474, 0.25346678495407104, 0.2505936324596405, -0.10398542881011963, 0.11466777324676514, -0.12587177753448486, -0.06429984420537949, 0.05878150463104248, -0.5127381682395935, -0.03456779196858406, 0.6881251335144043, 0.40370312333106995, 0.7718956470489502, 0.19185501337051392, 0.224111407995224, 0.08815380185842514, 0.22910209000110626, 0.08293826878070831], [-0.19741930067539215, 0.35039135813713074, 0.0081776799634099, 0.009569362737238407, 0.726455569267273, 0.8965690732002258, 0.007864926941692829, -0.04550792649388313, -0.1142241507768631, 0.3726927638053894, 0.5156369209289551, 0.43783584237098694, 0.4230654537677765, 0.18114981055259705, 0.09961278736591339, 0.015311944298446178, -0.20584739744663239, -0.27108287811279297, 0.046076469123363495, 0.4568580985069275, 0.02921290323138237, 0.667228102684021, 0.6286515593528748, 0.6473197937011719, 0.1672918200492859, 0.8647085428237915, 0.17666314542293549, -0.2543535828590393, 0.29245883226394653, 0.04237166792154312, 0.36719414591789246, -0.2675866484642029]], [[0.2285849004983902, 0.4021357297897339, -0.26618707180023193, 0.6744287610054016, 0.709848165512085, 1.3516614437103271, 0.5086996555328369, 0.7253779768943787, -0.22796082496643066, 0.4117248058319092, 0.08136226236820221, -0.13935726881027222, 0.3258926272392273, 0.1779964119195938, 0.4122105836868286, 0.41175711154937744, -0.30359435081481934, 0.2591816186904907, 0.24524681270122528, 0.8902726769447327, 0.4265637993812561, 0.4368724226951599, 0.7167961597442627, 1.6010485887527466, 0.6807074546813965, 0.26041656732559204, -0.24101635813713074, 0.2998366951942444, 0.2373201698064804, 0.38299989700317383, 0.32086181640625, 0.22457288205623627], [-0.13302090764045715, 0.1025763750076294, -0.09832736849784851, -0.04461974278092384, 0.6670087575912476, 0.27409160137176514, 0.2989153265953064, -0.43575841188430786, -0.26183363795280457, 0.0008126795291900635, 0.03130651265382767, 0.46370363235473633, 0.09397423267364502, -0.3870689272880554, -0.23642949759960175, -0.10670170187950134, -0.3741902709007263, -0.1363976001739502, -0.1527828723192215, 0.14045105874538422, -0.23079811036586761, 0.328865647315979, -0.14957919716835022, -0.6850045919418335, -0.6727566719055176, -0.11627364903688431, 0.020490147173404694, -0.11146073788404465, 0.15392360091209412, -0.15561743080615997, -0.028887420892715454, -0.10274457931518555]], [[0.14209295809268951, 1.3262180089950562, -0.0584007203578949, 0.8294387459754944, 0.39184123277664185, 1.2304630279541016, 0.34129852056503296, 0.8118762969970703, 0.6290900707244873, 0.4524458050727844, -0.208841934800148, 0.5386653542518616, -0.1254405826330185, 0.5991974472999573, 0.23977623879909515, 0.6976471543312073, 0.8407514691352844, 0.8220610618591309, 0.20701470971107483, 1.809434413909912, 0.29633212089538574, 0.42178577184677124, 0.676026463508606, 0.3306002616882324, 1.3610676527023315, 0.35566651821136475, 0.5720025897026062, 0.20195423066616058, 0.29129862785339355, -0.1020832508802414, 0.37889963388442993, 0.20434951782226562], [0.19308431446552277, 0.18570010364055634, 0.002808310091495514, -0.007350008934736252, -0.22862358391284943, 0.13019198179244995, 0.07037308812141418, -0.028796866536140442, -0.15518096089363098, -0.11409617960453033, -0.23476402461528778, -0.06278890371322632, -0.36561405658721924, 0.3692609667778015, -0.12139387428760529, -0.15994812548160553, 0.06908657401800156, -0.5620851516723633, -0.16979184746742249, -0.17879632115364075, -0.0036628954112529755, -0.565803050994873, -0.06412886828184128, 0.5640999674797058, 0.7639153003692627, -0.626033365726471, -0.13679392635822296, -0.02478305995464325, -0.3797711133956909, -0.34824907779693604, -0.128933385014534, 0.012700676918029785]], [[0.23214074969291687, 0.6666978001594543, 0.5975027680397034, 0.082737036049366, 0.17551743984222412, 0.13345441222190857, 0.3802069425582886, -0.23812657594680786, -0.20853662490844727, 0.5630796551704407, 0.6349356770515442, 0.8786963820457458, 0.7432544231414795, 0.2145410180091858, 0.2834789752960205, -0.7772967219352722, -0.23286882042884827, -0.4565477669239044, -0.08481846004724503, 0.3223717212677002, -0.11966503411531448, -0.48636531829833984, -0.33795127272605896, -0.8164752125740051, -1.1022772789001465, 0.3304121494293213, 0.33373332023620605, -0.0769737958908081, -0.03937225788831711, 0.049540407955646515, -0.0005033612251281738, -0.014756880700588226], [-0.018173210322856903, -0.1422903835773468, -0.5193565487861633, 0.30103209614753723, -0.11788687855005264, 0.3185715079307556, -0.2011423408985138, 0.5820286870002747, 0.011017777025699615, 0.29639706015586853, 0.35560354590415955, 0.1411086916923523, 0.07074623554944992, -0.7009546160697937, -0.0939059630036354, -0.21929123997688293, -0.7599467039108276, 0.2935982346534729, -0.3328925371170044, -0.27900663018226624, -0.4268132150173187, 0.24041667580604553, -0.7233437299728394, -1.9292523860931396, -1.7386270761489868, -0.36229419708251953, -0.5896309614181519, -0.014028877019882202, -0.18585866689682007, 0.10757798701524734, 0.7768374681472778, -0.07874298095703125]], [[-0.0511886402964592, 0.5234551429748535, 0.32984989881515503, 0.40652504563331604, -0.33777740597724915, 1.0561909675598145, 0.32209041714668274, 0.23437359929084778, 0.720560610294342, 0.773821234703064, 0.30694061517715454, 1.0789299011230469, 0.3288920223712921, 0.29805704951286316, 0.4713016748428345, 0.15379396080970764, -0.17029035091400146, 0.6148083806037903, 0.06486804783344269, 1.0596617460250854, -0.18820998072624207, 0.3365240693092346, 0.24793192744255066, 0.008129149675369263, -0.1806240975856781, 0.4309624135494232, 0.006161324679851532, 0.6110019683837891, 0.15445402264595032, 0.1904425024986267, -0.2486109435558319, 0.17706266045570374], [-0.41778868436813354, 0.9606104493141174, 0.4818834066390991, 0.6274704933166504, 1.364325761795044, 1.2351315021514893, 0.6932404041290283, 1.0749467611312866, 0.5920080542564392, 1.9602162837982178, 1.3911879062652588, 1.6536871194839478, 1.3009065389633179, 1.2358113527297974, 1.3125782012939453, 0.6706351041793823, 0.910112202167511, 2.023327112197876, 1.2485404014587402, 1.3620624542236328, 0.9882354736328125, 1.3693833351135254, 1.239665150642395, 1.2458710670471191, 0.7180184721946716, 1.232226014137268, 0.2297254204750061, -0.3359576165676117, 0.35609549283981323, 0.38563311100006104, 0.30874231457710266, -0.4043625295162201]], [[0.31187236309051514, -1.1645076274871826, 0.0686349868774414, -0.6079926490783691, 0.11328814178705215, -0.7369956970214844, 0.04479703679680824, -0.1760150045156479, 0.4155764579772949, -0.19819341599941254, -0.53773432970047, -0.6222038865089417, -0.3761458992958069, -0.09898609668016434, -0.14066459238529205, -0.1304442584514618, 0.1972765177488327, -0.6031428575515747, 0.03295634686946869, -0.38485538959503174, -0.03709857910871506, -0.09039855003356934, 0.37254613637924194, -0.2434498816728592, -0.7589932084083557, -0.8989758491516113, -1.5053445100784302, -0.49924880266189575, -0.44360119104385376, -0.06457731127738953, -0.9269007444381714, -0.1839500367641449], [0.25540971755981445, -0.28263330459594727, 0.24436788260936737, -0.2658505439758301, -0.4197773337364197, -0.40268152952194214, 0.2295345962047577, -0.16592468321323395, 0.0643024891614914, -0.4539695978164673, -0.4420117735862732, -0.43458622694015503, -0.0882994681596756, -0.020678453147411346, -0.05668913573026657, -0.058347418904304504, 0.3124396800994873, -0.7500591278076172, -0.015443410724401474, -0.4458774924278259, 0.04693124443292618, -0.05994565039873123, -0.5335246920585632, -0.7362132668495178, -0.13855110108852386, -0.3077710270881653, -0.1281338781118393, 0.23013024032115936, -0.3298572301864624, -0.03734185919165611, -0.8811851143836975, 0.2021941840648651]], [[0.6085382699966431, 0.800748348236084, 0.3562745749950409, 0.996755838394165, 0.816754937171936, 1.198401927947998, 0.5153449773788452, 1.1465544700622559, 0.842103123664856, 0.8605093955993652, 0.5148543119430542, 0.5837945938110352, 0.7480003833770752, 0.6440378427505493, 1.0255966186523438, 0.8942267894744873, 0.9382288455963135, 1.4054908752441406, 0.47205445170402527, 1.4471654891967773, 0.6380468606948853, 0.51085364818573, 1.075182318687439, 0.7552875280380249, 1.2014729976654053, 1.4305843114852905, 0.11509448289871216, 0.32569774985313416, 0.5011101961135864, 0.4540728032588959, 0.6138286590576172, 0.616779088973999], [0.47837045788764954, 0.8987151384353638, 0.35624387860298157, 0.391288161277771, 1.2553200721740723, 0.9112510681152344, 0.36160507798194885, 0.8806263208389282, 0.33052727580070496, 1.526922345161438, 1.1955509185791016, 1.071684718132019, 1.1821510791778564, 1.333058476448059, 0.8019294738769531, 0.19930067658424377, 0.814581036567688, 1.2749487161636353, 1.0827656984329224, 1.3286573886871338, 0.9118351936340332, 1.331422209739685, 1.4467257261276245, 0.9565771818161011, 1.184369683265686, 1.071227788925171, 0.2441442608833313, 0.4934374988079071, 0.5366125106811523, 0.28276753425598145, 0.3107195496559143, 0.4127468466758728]], [[0.14984995126724243, -0.5022628903388977, 0.036663830280303955, 0.3354690670967102, 0.5107666254043579, 0.04750308394432068, 0.7592743039131165, 0.420249879360199, 0.5831055045127869, -0.00035931169986724854, 0.527732253074646, -0.5043045282363892, 0.33659499883651733, 0.38310056924819946, 0.7861554026603699, -0.5088067054748535, 0.6956265568733215, -0.03413693606853485, 0.39815086126327515, -0.25559374690055847, 0.3124173879623413, 0.009575217962265015, 0.4669490456581116, 0.3192775845527649, 0.3726464509963989, -0.15405933558940887, -0.4783949553966522, 0.13653436303138733, -0.02167065441608429, 0.2083342969417572, -0.20642799139022827, 0.4480655789375305], [0.17357751727104187, -0.16140136122703552, -0.1272192895412445, 0.0669165551662445, 0.1070510745048523, 0.08694082498550415, 0.29702985286712646, -0.1653483510017395, -0.07153692841529846, -0.4973428249359131, -0.12227517366409302, -0.10911935567855835, -0.18323568999767303, -0.20275790989398956, 0.17306557297706604, 0.09562739729881287, -0.03567168116569519, -0.5670790672302246, -0.15875262022018433, -0.2780682444572449, -0.028833866119384766, -0.23365236818790436, 0.2353346049785614, -0.49129605293273926, -0.33486777544021606, -0.3709181547164917, 0.32182663679122925, 0.20118233561515808, -0.09252069890499115, 0.1581898331642151, -0.27841028571128845, 0.2560003101825714]], [[-0.6105566620826721, 0.16546973586082458, 0.46498557925224304, -0.3629506528377533, 0.06540805101394653, 0.15557119250297546, -0.0023105591535568237, -0.15693122148513794, 0.7021486759185791, 0.18281099200248718, 0.34532591700553894, 0.4047325551509857, 0.269743412733078, -0.03626628220081329, -0.046124011278152466, -0.2816298305988312, 0.009171515703201294, 0.5135210752487183, -0.1424168050289154, 0.4027230441570282, -0.14251643419265747, 0.016274169087409973, 1.0723848342895508, 0.3475528657436371, 0.5413376092910767, 0.9263207912445068, -0.04939405620098114, -0.20904049277305603, -0.4250214993953705, -0.21932852268218994, -0.4537188410758972, -0.714877724647522], [-0.41002893447875977, 0.09996423125267029, -0.2936550974845886, -0.23373718559741974, 0.3395204246044159, 0.34969136118888855, -0.011296182870864868, -0.09109748899936676, -0.2068820297718048, 0.258270263671875, 0.059630513191223145, -0.12358676642179489, 0.019334644079208374, 0.149743914604187, -0.07852064073085785, -0.1521545946598053, -0.0354827344417572, 0.017024725675582886, 0.06696465611457825, -0.4312434792518616, -0.11824999749660492, 0.05511859059333801, -0.30274155735969543, 0.01040622591972351, -0.376775860786438, 0.23537755012512207, -0.39386188983917236, -0.41501837968826294, -0.22619657218456268, -0.10163404047489166, -0.2752987742424011, -0.42300522327423096]], [[0.17505180835723877, -0.8711535930633545, -0.7031686305999756, -0.44670799374580383, -0.2730008661746979, -0.5304833054542542, 0.06650885194540024, -0.16386908292770386, -0.7818160057067871, -0.3977421224117279, -0.6729279160499573, -1.2685664892196655, -1.0104602575302124, -0.3839896619319916, -0.569118857383728, -0.9658125042915344, -0.4447462260723114, -0.9265531301498413, -0.2589777112007141, -0.9202505350112915, -0.21819818019866943, -0.23657670617103577, -0.25219854712486267, -0.6157008409500122, -1.0294079780578613, -0.5893531441688538, -0.6201843023300171, -0.5236440300941467, -0.4186059236526489, -0.2476733922958374, -0.6017395853996277, -0.439397394657135], [0.034543342888355255, -0.2548295557498932, -0.10368488729000092, -0.05605239421129227, -0.8372113704681396, -0.34568721055984497, -0.2240542769432068, -0.2001996636390686, 0.059033192694187164, -0.522504448890686, -0.6612769961357117, -0.7154949307441711, -0.629890501499176, 0.16703373193740845, -0.23810771107673645, -0.0512370690703392, 0.21734017133712769, -0.14082318544387817, -0.19061046838760376, -0.178105428814888, -0.3118346631526947, -0.8788686394691467, 0.3093957304954529, 0.5383652448654175, 0.7909138798713684, -0.9647254347801208, -0.4081345796585083, 0.13939905166625977, -0.8203234076499939, -0.3881778120994568, -1.0659370422363281, 0.10466054826974869]], [[-0.6525759696960449, -1.2557454109191895, -0.6297738552093506, -0.29958033561706543, -0.8351926803588867, -0.7317368984222412, -1.0518581867218018, -0.5341013669967651, -0.6909392476081848, -0.6023433804512024, -0.8641632199287415, -1.0301706790924072, -0.9936270713806152, -0.0885566920042038, -1.3501803874969482, -0.28899240493774414, -0.47481465339660645, -0.1385962963104248, 0.02867358922958374, -1.0217803716659546, -0.15418612957000732, -0.3089616298675537, -0.8573534488677979, -0.26328590512275696, -0.23415203392505646, -0.690659761428833, -1.8670574426651, -0.6322252154350281, -0.3794206976890564, -0.045210011303424835, -1.0312443971633911, -0.35431909561157227], [-0.23720383644104004, -0.5798535346984863, -0.3564078211784363, -0.10397043079137802, -0.5526034235954285, -0.22604738175868988, -0.3987311124801636, -0.06297701597213745, 0.1084185391664505, -0.298927903175354, -0.8068529367446899, -0.11064992845058441, -0.7603970170021057, -1.1374081373214722, -0.6093022227287292, 0.25561314821243286, -0.9257462024688721, -0.49561774730682373, -0.8406222462654114, -0.48874175548553467, -0.5838015079498291, -0.442543089389801, -1.4773589372634888, -1.2415781021118164, -1.1359564065933228, 0.5918093919754028, -0.017020374536514282, -0.22387434542179108, -0.14059904217720032, 0.08482462167739868, -0.19380301237106323, -0.2308654636144638]], [[-0.4142893850803375, -0.5558508038520813, -0.6383753418922424, -0.48397085070610046, -0.33900922536849976, -0.49441930651664734, -0.25558698177337646, -0.6638296842575073, -1.0935004949569702, -0.7926730513572693, -0.4594188630580902, -0.9587863683700562, -0.6737667918205261, -0.7277210354804993, -0.030765611678361893, -0.8565269708633423, -0.8479613661766052, -0.6477085947990417, -0.6178885102272034, -0.7210136651992798, -0.7468509078025818, -1.2062726020812988, -1.489775538444519, -1.080267071723938, -1.415713906288147, -0.7389414310455322, -1.9780961275100708, -0.6068187355995178, -1.1561720371246338, -1.0316803455352783, -1.3417375087738037, -0.8563129901885986], [0.02280406281352043, -0.08399517834186554, -0.06516899168491364, -0.29470095038414, 0.0890122652053833, -0.14397086203098297, -0.16740795969963074, -0.9514051675796509, -0.40534132719039917, -0.30282509326934814, -0.2520447075366974, -0.46983030438423157, 0.04790686070919037, 0.07846945524215698, -0.1146254688501358, -0.19852088391780853, 0.15348543226718903, -0.3001691401004791, 0.18892160058021545, -0.15582433342933655, 0.35200220346450806, 0.4049657881259918, 0.2100226879119873, 0.3529624342918396, -0.3116178512573242, -0.07224999368190765, -0.3968266248703003, 0.0266591627150774, -0.3611701428890228, -0.28935447335243225, -1.578175663948059, 0.09203675389289856]], [[1.0234013795852661, 0.9110791087150574, 1.0565381050109863, 0.9243053793907166, 0.5640977025032043, 0.8896574378013611, -0.20184677839279175, 0.6854469180107117, 0.972719132900238, 1.2822753190994263, 0.43539437651634216, 1.404841661453247, 0.44102397561073303, 0.7765380144119263, -0.09734799712896347, 0.9353960752487183, 0.7367681860923767, 0.5652446150779724, 0.7784674763679504, 0.4112717807292938, 0.547261118888855, 0.9821808338165283, 0.6704496145248413, 0.7130650281906128, 0.9792296290397644, 0.9327824115753174, 1.2311996221542358, 0.25044992566108704, 0.8259637951850891, 0.6947600245475769, 0.9433925747871399, 0.35675451159477234], [0.3663625717163086, 0.9428607821464539, 0.5228821635246277, 0.8380603790283203, 1.240959644317627, 0.9987092018127441, 0.4754200577735901, 1.0337260961532593, 0.6594281792640686, 1.4591901302337646, 0.8415268659591675, 1.2929017543792725, 0.7348004579544067, 0.6156336665153503, 0.3585434556007385, 0.8525633215904236, 0.6242597103118896, 1.359694242477417, 0.9438955187797546, 0.9025231003761292, 0.9200960993766785, 0.4809340834617615, 0.5433236360549927, 0.6514319777488708, 0.3861985504627228, 0.800055980682373, 0.9000550508499146, 0.3471079468727112, 0.8948506712913513, 0.4897480905056, 1.1752023696899414, 0.35407280921936035]], [[-0.5543296337127686, 0.42441925406455994, 0.5687708854675293, 0.08225630223751068, 0.07497543096542358, 0.18232707679271698, 0.17459656298160553, 0.14212915301322937, 0.24647220969200134, -0.2467954158782959, 0.5157145857810974, 0.6331482529640198, 0.4271179139614105, -0.15697503089904785, -0.24498537182807922, -0.10479510575532913, -0.27727362513542175, 0.00038054585456848145, -0.21246656775474548, 0.3993987441062927, 0.15693533420562744, 0.33940842747688293, 0.7728394269943237, -0.09411492198705673, -0.22772249579429626, 0.3644999563694, 0.8064257502555847, -0.025892682373523712, 0.484258770942688, -0.1005251333117485, 0.5832797884941101, -0.1189194992184639], [-0.09312316030263901, 0.10008055716753006, 0.10331225395202637, -0.23281291127204895, 0.5997049808502197, 0.044828951358795166, -0.10408509522676468, 0.2432086020708084, -0.17570438981056213, 0.4122493863105774, -0.17087256908416748, 0.18441542983055115, 0.034234412014484406, 0.4702450633049011, -0.27360451221466064, -0.3785973787307739, 0.23798447847366333, 0.6390761137008667, 0.3098638653755188, 0.12432217597961426, 0.10073177516460419, 0.203678160905838, 0.25520190596580505, 0.5330076217651367, 0.06353937834501266, 0.2526506781578064, -0.45291292667388916, -0.23724251985549927, 0.3914763033390045, -0.06253204494714737, 0.5369686484336853, -0.2801838219165802]], [[0.056964799761772156, -0.6348034143447876, -0.501570463180542, 0.034715548157691956, -0.47818776965141296, -0.06936147809028625, -0.39532890915870667, -0.3089601695537567, -1.3364598751068115, -0.24703913927078247, -0.48089584708213806, -0.13334748148918152, -0.6870992183685303, -0.054545044898986816, -0.7016632556915283, 0.04927453398704529, -0.6690928936004639, -0.27772289514541626, -0.1219615638256073, -0.4885800778865814, -0.05965319275856018, -0.1435730755329132, -0.6395013332366943, -0.2664501368999481, -1.9340460300445557, -0.16003698110580444, -0.7377266883850098, -0.3433474004268646, -0.06141635775566101, -0.2162858247756958, -0.44641509652137756, -0.064372718334198], [-0.04021134972572327, 0.40294724702835083, 0.42663317918777466, 0.7564525604248047, 0.16214780509471893, 0.19119244813919067, 0.42511096596717834, 0.35342395305633545, 0.3621949851512909, -0.054812878370285034, -0.08378386497497559, 0.4249219298362732, 0.1551176905632019, -0.3440261781215668, 0.10447715222835541, 0.8256897926330566, 0.2965409755706787, 0.34288233518600464, 0.013153105974197388, 0.1563510149717331, 0.08609499037265778, -0.09754502773284912, -0.3146732747554779, -0.3027298152446747, 0.194004625082016, 1.0030983686447144, 0.5804563760757446, -0.10090303421020508, 0.09801764786243439, 0.5423791408538818, 0.5613508224487305, -0.10126596689224243]], [[0.0323805995285511, -0.030905693769454956, -0.003725871443748474, 0.11711970716714859, -0.0293186753988266, 0.10858729481697083, 0.11123781651258469, 0.12253228574991226, 0.5976613759994507, -0.09956953674554825, 0.15467014908790588, -0.2287101447582245, 0.19177863001823425, 0.2838236689567566, 0.3946879804134369, 0.7027953863143921, 0.38877925276756287, 0.5244148969650269, -0.15918970108032227, 0.3070078492164612, -0.3028255105018616, -0.2847289443016052, -0.20893511176109314, 0.06280090659856796, 0.6223325729370117, -0.192702054977417, -0.6374750137329102, 0.2003900110721588, -0.30833548307418823, 0.0126417838037014, -0.3026209771633148, 0.13732489943504333], [0.08541224151849747, -0.06072557717561722, -0.19386142492294312, -0.12309294193983078, -0.5069774985313416, -0.4558313190937042, -0.16022533178329468, -0.5940281748771667, -0.18741849064826965, -0.72249436378479, -0.26484331488609314, -0.4473777711391449, -0.2743545472621918, -0.1731598675251007, -0.4995230734348297, -0.41536492109298706, -0.07921790331602097, -0.7650359272956848, -0.21276667714118958, -0.18210738897323608, -0.3771081566810608, -0.5403490662574768, -0.4632408320903778, 0.04939954727888107, 0.11767725646495819, -0.4081026017665863, -0.1470625400543213, 0.024049293249845505, -0.5470180511474609, -0.2917843759059906, -0.8941779732704163, 0.011892162263393402]], [[-1.0028231143951416, -0.7674999237060547, -0.6833382248878479, -0.20458750426769257, -0.7011033296585083, -0.5767868757247925, -0.751187801361084, -0.44274067878723145, -0.5540071725845337, -0.436218798160553, -0.1944030374288559, -0.34832048416137695, -0.34833359718322754, -0.21792899072170258, -0.5462673902511597, -0.020388364791870117, -0.8749248385429382, -0.49819231033325195, -0.8418185114860535, -0.6845874786376953, -0.7758563160896301, -0.788169264793396, -0.7260617017745972, -0.4947642683982849, -1.5409249067306519, -1.4345389604568481, -0.798768937587738, -0.5533152222633362, -0.8937826752662659, -0.6293204426765442, -0.9182843565940857, -0.49478137493133545], [-0.595616340637207, 0.41666144132614136, -0.3266855478286743, 0.17574022710323334, 0.15983016788959503, 0.6514423489570618, -0.26024752855300903, 0.23029066622257233, -0.4453197121620178, 0.410590797662735, -0.003228917717933655, 0.2129705399274826, -0.1710217446088791, 0.04550522565841675, 0.04123249650001526, 0.28159692883491516, 0.12422414124011993, 0.40616053342819214, 0.12226985394954681, 0.7449922561645508, 0.20699313282966614, 0.16855260729789734, 0.23887410759925842, 0.6133122444152832, -0.24687568843364716, 0.15649384260177612, -0.28512126207351685, -0.5406895875930786, 0.10267574340105057, 0.1912800818681717, -0.049904778599739075, -0.46941864490509033]], [[-0.4416637420654297, -1.3068232536315918, -1.1850323677062988, -0.8933695554733276, -1.0311235189437866, -1.632087230682373, -0.6711673736572266, -0.9812211990356445, -1.62203049659729, -1.0013575553894043, -0.7850551605224609, -1.3078579902648926, -1.3648040294647217, -0.6693378686904907, -0.2247026264667511, -1.6271400451660156, -0.1439146101474762, -1.4259214401245117, -0.7767777442932129, -1.2364177703857422, -1.1579442024230957, -1.3436758518218994, -1.8636186122894287, -1.2917943000793457, -0.30353274941444397, -0.2883799076080322, -1.334399938583374, -0.13826805353164673, -0.5886163711547852, -0.28860217332839966, -0.8099877834320068, -0.32796376943588257], [0.32170307636260986, -0.9071998000144958, -0.44329944252967834, -0.5489346981048584, -1.1760890483856201, -1.2812492847442627, -0.06444660574197769, -1.0451762676239014, -0.3499358892440796, -1.3026835918426514, -0.8091719150543213, -0.8276240229606628, -0.5824496746063232, -1.0980801582336426, -0.5600889325141907, -0.4142687916755676, -0.6338520050048828, -1.7158687114715576, -0.9109593629837036, -1.0649566650390625, -0.74823397397995, -0.9658543467521667, -0.8810514807701111, -0.8478791117668152, -0.46851280331611633, -1.1175650358200073, 0.09334033727645874, 0.2845294773578644, -0.3881317675113678, -0.12617573142051697, -0.4155769646167755, 0.3091822564601898]], [[0.3290337920188904, 0.7017644643783569, 0.2849889099597931, 0.7231644988059998, 0.034272462129592896, 0.06220627576112747, -0.218873992562294, 0.38168197870254517, -0.28701749444007874, 0.41598066687583923, 0.241667240858078, 0.24197900295257568, 0.06674247980117798, 0.4360993206501007, -0.7033867835998535, 0.28505030274391174, 0.44988831877708435, 0.6229588389396667, 0.2501632571220398, 0.5335157513618469, 0.04916388541460037, -0.46308228373527527, -1.2077664136886597, -0.5988520383834839, 0.35318562388420105, 0.5294309258460999, -0.2809453010559082, 0.3342129588127136, -0.06531067937612534, 0.06933467835187912, -0.34977349638938904, 0.46544432640075684], [0.32494857907295227, -0.032334908843040466, 0.4614216089248657, 0.3113250434398651, -0.8795777559280396, -0.4978128969669342, 0.11327049136161804, -0.16936981678009033, 0.3511545956134796, -0.34190133213996887, -0.1260637789964676, -0.2285645604133606, -0.46523886919021606, 0.05459887534379959, -0.3070654273033142, -0.24079912900924683, -0.14321370422840118, -0.21745970845222473, -0.34282901883125305, 0.09347721934318542, -0.4511933922767639, -0.5791416168212891, -1.6812870502471924, -1.1082682609558105, -0.8187757134437561, 0.26953303813934326, 0.3678586781024933, 0.2061946839094162, -0.39395880699157715, 0.10601119697093964, -0.024082694202661514, 0.2195432484149933]], [[-0.10300663113594055, 0.19401103258132935, 0.17912106215953827, -0.4038192331790924, -0.018068522214889526, -0.6907429695129395, 0.24208766222000122, -0.4028690457344055, -0.4624192416667938, -0.43690821528434753, 0.10208398103713989, -0.2928966283798218, -0.5434923768043518, -0.2597789466381073, -0.2177594155073166, -0.1774502992630005, -0.2040138840675354, 0.15919621288776398, -0.040953271090984344, 0.5084327459335327, 0.18357908725738525, 0.40167057514190674, 0.35707375407218933, -0.05826040357351303, 0.011303707957267761, 0.15431876480579376, -0.13402225077152252, 0.013110451400279999, -0.10182007402181625, 0.10537287592887878, -0.32609471678733826, -0.20397616922855377], [-0.3699690103530884, -0.7231305837631226, -0.5532311201095581, -0.6342493295669556, -0.9802255630493164, -1.0094178915023804, -0.7664490938186646, -0.6899569630622864, -0.4945165812969208, -0.8992725014686584, -0.8507538437843323, -0.8577640652656555, -0.9079506993293762, -1.1666967868804932, -0.8934431076049805, -0.9695382714271545, -0.9449912309646606, -0.8282068967819214, -0.7173126339912415, -0.8922112584114075, -0.7279812693595886, -0.31466996669769287, -1.1645947694778442, -1.164654016494751, -1.1005183458328247, -1.0352736711502075, -0.6551132798194885, -0.42608609795570374, -0.6732016801834106, -0.15623976290225983, -0.8948351144790649, -0.35351914167404175]], [[0.11857956647872925, -0.16478487849235535, -0.32966136932373047, 0.4161888659000397, -0.1974460333585739, -0.022780880331993103, -0.8905702829360962, -0.44781598448753357, -0.6996899843215942, 0.008210942149162292, -0.4059720039367676, -0.05390498787164688, 0.2354896366596222, 0.6172007322311401, -0.9070324897766113, -0.11888621002435684, -0.6807160377502441, 0.15412893891334534, 0.24336642026901245, 0.3989073932170868, 0.0437995046377182, -0.11546909809112549, -1.446273684501648, -1.7230641841888428, -1.094959020614624, -0.22671619057655334, -0.1921527236700058, -0.006540849804878235, 0.3514527976512909, 0.42741504311561584, -0.07170815020799637, 0.4702198803424835], [-0.19638410210609436, -0.19658318161964417, -0.3190334737300873, 0.07949221134185791, -0.4240742623806, -0.45832839608192444, -0.16740188002586365, -0.1950419694185257, 0.07351349294185638, -0.04652716964483261, -0.09653651714324951, -0.12393878400325775, -0.15882299840450287, 0.07592947781085968, -0.18111854791641235, 0.12734222412109375, -0.085556261241436, 0.4664754569530487, 0.1462939977645874, 0.13248321413993835, 0.1311018466949463, -0.34986168146133423, -0.9957600831985474, -0.9072765111923218, -0.004599094390869141, 1.2244175672531128, -0.02260565757751465, -0.11166238784790039, 0.4840686023235321, 0.41264471411705017, -0.024921327829360962, -0.20653663575649261]], [[0.3285592794418335, 1.7957767248153687, 0.7767362594604492, 1.0999343395233154, 0.39984267950057983, 1.986221432685852, 0.24761807918548584, 0.7985691428184509, 0.6264790892601013, 1.4844917058944702, 0.8207171559333801, 1.8118547201156616, 0.9374597072601318, 0.5530107617378235, 0.22158151865005493, 0.8758419752120972, 0.2253929078578949, 0.9931690096855164, 0.6135725378990173, 1.0939218997955322, 0.44265881180763245, 0.4816145598888397, 0.008606404066085815, -0.27474161982536316, 0.6014738082885742, 1.060868501663208, 1.2669836282730103, 0.7526823282241821, 0.7324049472808838, 0.7242052555084229, 0.5995266437530518, 0.681792676448822], [-0.4158684313297272, 0.6553118228912354, 0.018849611282348633, 0.26752644777297974, 1.0488592386245728, 1.0514273643493652, 0.1299545168876648, 0.6161549091339111, -0.2901481091976166, 1.4718043804168701, 0.6512872576713562, 1.0550518035888672, 0.250967800617218, 0.26480698585510254, 0.1515241265296936, 0.2513536810874939, 0.09874534606933594, 1.6284502744674683, 0.45444363355636597, 0.8304170370101929, 0.3060758113861084, 0.371683806180954, 0.0022658705711364746, 0.17794063687324524, 0.053581178188323975, 1.4759272336959839, -0.06551799178123474, -0.4136108458042145, 0.5442068576812744, 0.049703627824783325, 0.9530620574951172, -0.4444887340068817]], [[0.4809631109237671, 0.6133387088775635, 0.4085385799407959, 0.6194023489952087, 0.06243358924984932, 0.8895049095153809, 0.11710049211978912, 0.20827549695968628, 0.2882354259490967, 0.5275639891624451, 0.6335844993591309, 1.2425426244735718, 0.3710924983024597, 0.4108370840549469, 0.39702826738357544, 0.5649104714393616, 0.40811866521835327, 0.4699123501777649, 0.36150404810905457, 0.5454123020172119, 0.2470717579126358, 0.1713859587907791, 0.3937958776950836, 0.2895514965057373, 0.5397232174873352, -0.011003189720213413, 1.0710883140563965, 0.5735781192779541, 0.591566801071167, 0.5045456290245056, 0.20274755358695984, 0.5669324994087219], [0.21012091636657715, 1.0811821222305298, 0.42945024371147156, 0.8827437162399292, 1.0930908918380737, 1.4724318981170654, 0.49780306220054626, 1.6724939346313477, 0.442728728055954, 2.4124255180358887, 1.3660657405853271, 1.6196850538253784, 1.0512655973434448, 1.167029857635498, 1.0487295389175415, 1.142475962638855, 0.8847569823265076, 2.6563403606414795, 1.0712380409240723, 1.7122074365615845, 1.0711346864700317, 1.222681999206543, 1.850287914276123, 2.1769943237304688, 1.1107213497161865, 1.1896798610687256, 0.5267208218574524, 0.09152446687221527, 1.0230534076690674, 0.6953189373016357, 1.1531227827072144, 0.06407072395086288]], [[-0.2377416044473648, -1.1185802221298218, -0.703218400478363, -0.1256045401096344, 0.013900473713874817, -0.5249865055084229, -0.15632888674736023, -0.15687203407287598, -0.7530689835548401, -0.9613609910011292, -0.42101824283599854, -0.4735714793205261, -0.2577374577522278, -0.12949985265731812, -0.5977258086204529, -0.9117454290390015, -0.31333646178245544, -0.804236114025116, -0.12318097054958344, -0.6271957755088806, -0.023333445191383362, -0.6914764046669006, -1.0419435501098633, -0.6173244714736938, -0.8761305809020996, -0.384158194065094, -0.44687941670417786, 0.0752524584531784, -0.01895497739315033, 0.18606366217136383, -0.1334737241268158, -0.06609861552715302], [0.2639544606208801, -0.35216590762138367, -0.06668923795223236, -0.24538733065128326, -0.2751595377922058, -0.09496839344501495, -0.10801592469215393, -0.2636582851409912, -0.20046788454055786, -0.06681981682777405, -0.33943772315979004, -0.017172694206237793, -0.2700878977775574, -0.329327791929245, -0.3478476405143738, -0.6221321225166321, -0.2187754511833191, -0.3196341395378113, -0.2895585000514984, -0.22586371004581451, -0.3005993664264679, -0.13478556275367737, 0.06007002294063568, -0.45521581172943115, -0.3255656361579895, -0.7463412284851074, 0.07174824178218842, 0.33048415184020996, -0.3251578211784363, -0.8118823766708374, -0.6180582046508789, 0.2590397596359253]], [[0.2961961030960083, -0.05865888297557831, -0.05576883256435394, 0.026735767722129822, 0.061741724610328674, 0.14694254100322723, 0.4194643497467041, 0.0309876948595047, 0.29072147607803345, -0.0979805588722229, -0.07612790167331696, -0.5916687846183777, -0.07633218169212341, -0.14280173182487488, -0.2267676293849945, -0.5385477542877197, 0.4100889563560486, 0.2017510086297989, -0.1143529936671257, 0.15319521725177765, -0.24338147044181824, -0.05322115123271942, -0.09457924216985703, -0.27442845702171326, 0.8000709414482117, 0.5219114422798157, -0.21779121458530426, 0.3599770665168762, 0.01767781376838684, 0.34390634298324585, -0.1529623568058014, 0.26012539863586426], [0.23314140737056732, 0.17720039188861847, -0.049197226762771606, -0.0071652233600616455, 0.06616722047328949, 0.22751785814762115, 0.1684686690568924, 0.09595505893230438, 0.1541329175233841, 0.3995906114578247, 0.27152562141418457, 0.022278428077697754, 0.17995001375675201, 0.27127015590667725, 0.1156662255525589, -0.18590928614139557, 0.276782751083374, 0.18634416162967682, 0.42965054512023926, 0.1964637190103531, 0.49189943075180054, -0.006402924656867981, 0.11173124611377716, 0.3532220125198364, 0.882516086101532, 0.1515357345342636, -0.029798433184623718, 0.24045296013355255, 0.22466899454593658, 0.42000293731689453, -0.42306482791900635, 0.30039775371551514]], [[-1.2048190832138062, -1.3796041011810303, -1.3891394138336182, -1.013755440711975, -1.1004705429077148, -1.5523179769515991, -0.9099907875061035, -1.219748616218567, -0.686730682849884, -1.384827733039856, -1.4242405891418457, -1.59717857837677, -1.4847081899642944, -1.1982239484786987, -0.8239015340805054, -0.5029978156089783, -0.45391738414764404, -0.9982572793960571, -1.0333486795425415, -0.7117015719413757, -0.728459358215332, -0.3784204125404358, -0.04083570837974548, -0.33249688148498535, -0.6990057229995728, -1.0854512453079224, -0.32391977310180664, -0.82109534740448, -1.0236204862594604, -1.0432201623916626, -0.2585272192955017, -0.7942489385604858], [-0.5535367131233215, -0.9949191808700562, -0.9874577522277832, -0.8295807838439941, -1.211963176727295, -1.0297061204910278, -0.8957880735397339, -1.3516199588775635, -0.8890056610107422, -1.1807665824890137, -1.2084866762161255, -0.9229750633239746, -1.2516825199127197, -1.4346109628677368, -1.0426480770111084, -1.0739539861679077, -1.1034135818481445, -0.7258428335189819, -1.0051969289779663, -0.901695966720581, -0.9678539037704468, -1.3762980699539185, -1.8199596405029297, -2.1519713401794434, -1.5794785022735596, -0.24300767481327057, -0.8749852180480957, -0.5584819912910461, -0.9797286987304688, -1.0700297355651855, -0.20872052013874054, -0.4786983132362366]], [[-0.1806465983390808, -0.30222588777542114, 0.016689494252204895, 0.2406580150127411, 0.5237240791320801, 0.6184443235397339, 0.46553120017051697, 0.02395637333393097, 0.1561833918094635, -0.2216419130563736, -0.2122982144355774, 0.46484485268592834, 0.5556635856628418, 0.00027877092361450195, 0.08572268486022949, 0.8577432632446289, 0.10098803043365479, 0.2104378342628479, 0.43512097001075745, 0.6154839992523193, 0.5099649429321289, 0.0015056431293487549, -0.30587267875671387, -0.46992141008377075, -1.3376786708831787, -0.5035704374313354, 1.077355146408081, -0.15433572232723236, 0.7058360576629639, 0.05448940396308899, 1.3855278491973877, 0.4734834134578705], [-0.038551926612854004, -0.7993719577789307, -0.4580882787704468, -0.5119493007659912, -0.6361300945281982, -0.5218069553375244, -0.378984272480011, -0.6194055080413818, -0.26730164885520935, -0.8796683549880981, -0.5002821683883667, -0.6759829521179199, -0.6313150525093079, -0.5313987731933594, -0.6530026793479919, -0.5656942129135132, -0.638450026512146, -1.2371635437011719, -0.6281045079231262, -1.018267273902893, -0.7947126626968384, -1.144465684890747, -0.36739569902420044, -0.28898555040359497, -0.5525580644607544, 0.35572561621665955, -0.35034531354904175, -0.04896444082260132, 0.09766373038291931, -0.07784292846918106, 0.3706876337528229, -0.12183699011802673]], [[0.35704153776168823, 0.4781617820262909, 0.5524792075157166, 0.6141830682754517, 0.6300075650215149, 0.18996617197990417, 1.118829607963562, 0.6756660342216492, 1.134834885597229, 0.7911461591720581, 0.9851539731025696, -0.09507248550653458, 0.5715821981430054, 0.5530016422271729, 1.0841455459594727, -0.5605382323265076, 0.5740363597869873, 0.10721360146999359, 0.571130633354187, 0.005236320197582245, 0.5932962894439697, 1.1656322479248047, 1.698801040649414, 1.0406155586242676, 0.6149784326553345, 0.1656906008720398, -0.12975093722343445, 0.5055598020553589, 0.5647720098495483, 0.6037728190422058, 0.5642822980880737, 0.8126624226570129], [0.39063936471939087, 0.856907844543457, 0.726931631565094, 0.6172724366188049, 0.8409187197685242, 0.8750508427619934, 0.543411374092102, 0.6772827506065369, 0.7003239393234253, 0.32083994150161743, 0.6565567255020142, 0.2622204124927521, 0.7276270389556885, 0.9729400277137756, 0.816443920135498, 0.7234445810317993, 0.6594538688659668, -0.6955958604812622, 0.5489224195480347, 0.16899970173835754, 0.8957987427711487, 1.2346187829971313, 1.6674529314041138, 1.8107094764709473, 0.776049792766571, -0.4739226698875427, 0.3500905930995941, 0.4293566644191742, 0.9748679995536804, 0.9058735966682434, 0.33901724219322205, 0.4367533028125763]], [[-0.47427845001220703, 0.09101462364196777, 0.09909002482891083, -0.4145753085613251, -0.08975156396627426, 0.004239693284034729, -0.27966880798339844, -0.38299986720085144, -0.061591971665620804, -0.20533350110054016, -0.28652825951576233, -0.3451139032840729, -0.05904325097799301, -0.3206380009651184, -0.7294116616249084, -0.24357447028160095, -0.03784257918596268, -0.16380494832992554, -0.2249714583158493, -0.1362612098455429, -0.17686492204666138, -0.22529785335063934, 0.10203137993812561, -0.2939232587814331, 0.00350981205701828, 0.0888013243675232, 0.09205682575702667, -0.42142924666404724, -0.07774481177330017, -0.1929430067539215, -0.4687880873680115, -0.4421193599700928], [-0.1525682508945465, 0.5198345184326172, 0.11407776176929474, 0.3003387153148651, 0.6977091431617737, 0.4673575758934021, 0.20217156410217285, 0.664638340473175, 0.10292063653469086, 0.7012231349945068, 0.4825567603111267, 0.6006993055343628, 0.2214083969593048, -0.2549286484718323, -0.278105229139328, 0.2632029056549072, 0.23828178644180298, 0.5933731198310852, 0.05523867905139923, 0.21023911237716675, 0.443112850189209, 0.48340535163879395, 0.5087151527404785, -0.14116047322750092, 0.22090303897857666, 0.3239184319972992, 0.27225619554519653, -0.04741569608449936, 0.8250316381454468, 0.23251140117645264, 0.503799557685852, -0.08927156031131744]], [[0.07445221394300461, 0.5971534848213196, -0.32656604051589966, 0.8779494166374207, -0.04853624850511551, 1.2868499755859375, -0.23768207430839539, 0.6990216374397278, -0.5229724049568176, 0.7665530443191528, -0.47981199622154236, 0.42653921246528625, -0.1642005741596222, 0.45690223574638367, -0.00824892520904541, 0.8806857466697693, 0.004998810589313507, 0.0842355266213417, -0.2973554730415344, -0.5850181579589844, -0.035408809781074524, -0.057214681059122086, -0.528932511806488, -0.40485283732414246, -0.8614857792854309, -0.3073022663593292, 0.04436854273080826, 0.0230659618973732, 0.6464776396751404, 0.2794863283634186, 0.49620476365089417, 0.3632522523403168], [0.0398918017745018, 1.3295232057571411, 0.5079571008682251, 1.1301627159118652, 0.773131787776947, 1.2132676839828491, 0.9886921644210815, 0.937854528427124, 0.4413835108280182, 1.1857787370681763, 1.1889545917510986, 1.0539963245391846, 1.161636471748352, 1.0432820320129395, 0.8283121585845947, 1.3032894134521484, 0.7878433465957642, 1.36199951171875, 1.1277118921279907, 1.1526635885238647, 0.8442766666412354, -0.32943958044052124, 0.20491141080856323, 0.49574562907218933, 0.968718409538269, -0.9552843570709229, 0.5522332191467285, 0.02541489154100418, 0.7903975248336792, 0.6733582019805908, 1.2994840145111084, 0.006269529461860657]], [[-0.4887808561325073, -1.452964425086975, -0.5261497497558594, -0.8789834976196289, -0.6952226758003235, -1.5664523839950562, -0.6847962737083435, -1.0872937440872192, -1.3522005081176758, -1.1403627395629883, -0.5547799468040466, -1.431244134902954, -1.0230941772460938, -0.4760257601737976, -0.5921739339828491, -1.5296812057495117, -0.7961943745613098, -0.5859538912773132, -0.26071834564208984, -1.2219934463500977, -0.5535943508148193, -1.0400594472885132, -1.0383261442184448, -0.6128823757171631, -2.310650587081909, -0.2551270127296448, -1.4245296716690063, -0.6278902292251587, -0.9797892570495605, -0.479400634765625, -1.5200062990188599, -0.8369960784912109], [-0.26424217224121094, -0.02283768355846405, 0.10342340171337128, -0.05286046862602234, -0.06765663623809814, -0.002635270357131958, 0.11538223922252655, -0.48895537853240967, 0.00420716404914856, -0.4252825975418091, 0.09609340131282806, -0.4503391981124878, -0.04609218239784241, 0.4901154637336731, 0.10338658839464188, 0.05177914351224899, 0.2085748165845871, -0.32884520292282104, 0.007689356803894043, -0.2104581743478775, 0.2455584555864334, -0.6575236320495605, 0.628811240196228, 0.7915406227111816, 0.5199782252311707, -0.26627016067504883, -0.22711075842380524, -0.2914507985115051, -1.2304227352142334, -0.2074074000120163, -1.1263641119003296, -0.2386385053396225]], [[-0.2862067222595215, 0.26591187715530396, -0.2617455720901489, 0.5046765208244324, -0.5629071593284607, 0.8829782605171204, 0.028331175446510315, 0.12665791809558868, -1.1265522241592407, 0.21176688373088837, -0.20033803582191467, -0.1322932243347168, -0.25991541147232056, 0.11518700420856476, -0.09578974545001984, 0.5125385522842407, -0.4472944736480713, 0.4095720648765564, -0.09012600779533386, 0.4688875675201416, -0.3524966239929199, -0.14125362038612366, -0.7496675252914429, -0.5213456749916077, -0.3259151875972748, 0.09699581563472748, -0.1624811589717865, 0.07637350261211395, -0.14134347438812256, -0.09537810832262039, -0.3876327574253082, -0.17266979813575745], [0.3380845785140991, 0.23016484081745148, 0.03199188411235809, 0.2216411978006363, 0.08151231706142426, 0.10298500955104828, -0.08461794257164001, 0.23215965926647186, -0.11164681613445282, 0.08858707547187805, -0.22051121294498444, 0.08761346340179443, -0.4004465639591217, 0.2889399528503418, -0.14499936997890472, 0.009571850299835205, 0.27291470766067505, 0.24821127951145172, -0.0447964146733284, 0.037820830941200256, -0.27253231406211853, -0.00080108642578125, 0.493053674697876, 0.9249505400657654, 0.3133445978164673, -0.23963162302970886, -0.3298109173774719, 0.20963646471500397, 0.04045321047306061, -0.4087733030319214, -0.037134818732738495, 0.2444995492696762]], [[0.1476171612739563, -0.9406001567840576, -0.19313229620456696, -0.5569175481796265, 0.11583748459815979, -1.1426481008529663, -0.011307626962661743, -0.07879437506198883, -0.06728941202163696, -0.5476760268211365, -0.06206183135509491, -0.4461512565612793, 0.06495976448059082, -0.20202195644378662, 0.1405564248561859, -1.1527605056762695, -0.21914060413837433, -1.1340783834457397, 0.33732637763023376, -0.5578705668449402, 0.01607564091682434, 0.1123640239238739, -0.4506867527961731, -0.5539830923080444, -1.109071969985962, -0.6368099451065063, 0.19140124320983887, 0.0031205713748931885, 0.3462577760219574, 0.2751936614513397, 0.641750693321228, -0.00844910740852356], [0.2540825307369232, -0.3413538336753845, -0.0856398344039917, -0.3503691852092743, -0.8091983795166016, -0.9586367607116699, 0.1379905641078949, -0.3915182054042816, 0.05190861225128174, -1.1660009622573853, -0.4428786635398865, -0.6182035207748413, -0.3411826491355896, -0.8910501003265381, -0.34444335103034973, -0.4057404398918152, -0.2769218385219574, -1.2560325860977173, -0.31369102001190186, -1.0582367181777954, -0.3057934641838074, -0.5141165256500244, -0.8859611749649048, -0.11979550123214722, 0.26129183173179626, -0.798669695854187, 0.15644776821136475, 0.20778313279151917, 0.10940605401992798, -0.08630529046058655, 0.290039986371994, 0.24126026034355164]], [[0.3012605905532837, 0.08506229519844055, -0.20787246525287628, 0.16677692532539368, -0.15160241723060608, 0.3357440233230591, -0.4832858443260193, -0.2544613182544708, -0.9997221827507019, 0.04727122187614441, -0.04374861717224121, -0.12280046194791794, -0.42426130175590515, -0.07700981199741364, -0.6676174402236938, -0.6631042957305908, -0.09477336704730988, -0.21352282166481018, -0.2514493763446808, 0.4979831576347351, -0.2800670862197876, -0.6046240329742432, -2.365400791168213, -2.006631851196289, -1.6718254089355469, -0.34494930505752563, -0.8326742649078369, 0.4526587724685669, -0.24835793673992157, -0.2557408809661865, -0.6920906901359558, -0.36165449023246765], [0.3176546096801758, 0.5174639225006104, 0.2907148003578186, 0.4781211018562317, 0.06800749897956848, 0.4975427985191345, 0.24423223733901978, 0.5843065977096558, 0.39970624446868896, 0.8106493949890137, 0.5556803941726685, 0.4041217565536499, 0.368039071559906, 0.7500786781311035, 0.18274345993995667, 0.5388189554214478, 0.6218099594116211, 0.9301345348358154, 0.3598094582557678, 0.43358951807022095, 0.4694913625717163, 0.4936556816101074, 0.008392885327339172, 0.017565160989761353, 0.24445617198944092, 0.9996860027313232, 0.28945136070251465, 0.25983119010925293, 0.6003001928329468, 0.6646261215209961, 0.11653810739517212, 0.23393452167510986]], [[-0.33606791496276855, -0.7081811428070068, -0.5715566873550415, -0.8421880602836609, -0.4962537884712219, -1.324181079864502, -0.9512978196144104, -0.8711726069450378, -1.8138656616210938, -1.1356256008148193, -0.5884875655174255, -1.0378363132476807, -1.2204818725585938, -0.7946574091911316, -0.9489132761955261, -1.2798795700073242, -0.44883036613464355, -1.0829582214355469, -0.39084959030151367, -1.004154920578003, -0.3172740936279297, -0.9077449440956116, -1.5942473411560059, -1.5975890159606934, -1.7736210823059082, -1.3226139545440674, -0.03775149583816528, -0.40207749605178833, -0.5700907111167908, -0.6579710245132446, -0.2579900622367859, -0.6380487680435181], [-0.3679457902908325, -1.176640272140503, -0.4188738465309143, -0.7929980158805847, -1.5686397552490234, -1.7488772869110107, -0.7774659991264343, -1.3373010158538818, -0.7357987761497498, -1.79581618309021, -1.3575453758239746, -1.4255762100219727, -0.8646757006645203, -0.8001205325126648, -1.0750231742858887, -0.9525211453437805, -0.5943899750709534, -2.097612142562866, -0.7206253409385681, -1.2027454376220703, -1.1091771125793457, -1.62516450881958, -1.6726844310760498, -1.5266525745391846, -1.1286442279815674, -1.1824252605438232, -0.4471985101699829, -0.3339684009552002, -1.1408019065856934, -0.8972659707069397, -1.0471382141113281, -0.3373311161994934]], [[-0.3992014527320862, -0.5882289409637451, -0.6728829741477966, -0.39108431339263916, -0.24312284588813782, -0.7942293286323547, -0.38236290216445923, -0.8893274664878845, -0.29802724719047546, -1.1322983503341675, -0.7915887236595154, -1.739294171333313, -1.3150334358215332, -0.8109347820281982, -0.6491650342941284, -1.0492342710494995, 0.01769707351922989, -0.9769908785820007, -0.5117638111114502, -1.4046834707260132, -0.5712084770202637, -0.4423970580101013, -0.8745662569999695, -0.7786644697189331, 0.07257593423128128, -0.6886112689971924, -1.106116533279419, -0.6364806890487671, -0.8561057448387146, -0.4368453621864319, -1.3282067775726318, -0.5119742155075073], [0.003996178507804871, -0.32325881719589233, -0.11130261421203613, -0.04498341307044029, -0.26634371280670166, -0.09736095368862152, -0.3470568358898163, -0.20895026624202728, -0.12227565050125122, -0.6358204483985901, -0.6740539073944092, -0.1000046357512474, -0.35246190428733826, -0.1242426335811615, -0.14431694149971008, -0.4105234444141388, -0.10985861718654633, -0.832789421081543, -0.19840487837791443, 0.014515511691570282, -0.18984583020210266, -0.008258230984210968, 0.1758570671081543, 0.23044192790985107, -0.4211283028125763, -1.3800791501998901, -0.4461212456226349, 0.05610217899084091, -0.7528458833694458, -0.5108396410942078, -1.2116795778274536, 0.018626287579536438]], [[-0.9237241744995117, -2.077887535095215, -2.0006978511810303, -1.6527209281921387, -1.256169319152832, -2.7153496742248535, -0.7276762127876282, -1.3433945178985596, -1.3658188581466675, -1.881351351737976, -0.8408508896827698, -2.0291266441345215, -1.2190076112747192, -1.3902461528778076, -0.5209470987319946, -1.060538411140442, -0.923273503780365, -1.752261757850647, -1.0491009950637817, -2.2358334064483643, -1.2202699184417725, -1.832646131515503, -2.0247833728790283, -1.2815485000610352, -2.338186025619507, -1.6089649200439453, -2.1123313903808594, -0.9768029451370239, -1.2819494009017944, -0.9680615663528442, -1.7905359268188477, -1.3007304668426514], [-0.21289686858654022, -0.4335346519947052, -0.40820416808128357, -0.23552438616752625, -0.8683584928512573, -1.2172776460647583, -0.4989067316055298, -0.7867222428321838, -0.3193007707595825, -1.2344048023223877, -0.8503562211990356, -0.996412992477417, -0.8883323073387146, -1.4220882654190063, -0.7724159955978394, -0.45235395431518555, -0.5661643743515015, -0.8538106679916382, -0.6616805791854858, -0.5512095093727112, -0.7409421801567078, -1.4039857387542725, -1.550304889678955, -1.5242187976837158, -1.31282639503479, 0.38163551688194275, -0.5583106875419617, -0.2982378304004669, -0.7298100590705872, -0.45011258125305176, -0.5660996437072754, -0.2407897412776947]], [[-0.34222906827926636, -0.023005500435829163, 0.030407622456550598, -0.07079476118087769, 0.18682436645030975, 0.5233328938484192, -0.1453632116317749, -0.0966731458902359, -0.4969465732574463, -0.38103145360946655, -0.08071145415306091, 0.33064156770706177, 0.28389328718185425, -0.12613053619861603, 0.3960214853286743, 0.1582944542169571, -0.32440438866615295, 0.5304242968559265, 0.06448476016521454, 0.07415826618671417, 0.23187653720378876, 0.08847247064113617, 0.08879931271076202, 0.14004690945148468, -0.5355339646339417, -0.1290997415781021, 0.4238656759262085, -0.08220839500427246, 0.3627590537071228, -0.11385177075862885, 0.4203680157661438, -0.0008372217416763306], [0.23504327237606049, -0.19873285293579102, -0.18481622636318207, -0.33081352710723877, -0.22974009811878204, 0.08514823019504547, -0.2784143090248108, 0.1369486302137375, -0.26430636644363403, -0.3055334687232971, -0.6085360646247864, -0.17132574319839478, -0.4580387473106384, -0.40802133083343506, 0.258470356464386, 0.23377947509288788, -0.3048897385597229, 0.29275286197662354, -0.23320826888084412, 0.029033616185188293, -0.09160719811916351, 0.11811552941799164, -0.041287973523139954, -0.3578566908836365, -0.5369967222213745, -0.21453508734703064, -0.26045429706573486, 0.20036987960338593, -0.07139572501182556, -0.03823338449001312, 0.021827012300491333, 0.19996590912342072]], [[0.8595649003982544, 0.6592965722084045, 0.7645597457885742, 0.7570377588272095, 1.3956364393234253, 0.8650307655334473, 1.5409212112426758, 1.3685709238052368, 1.5857900381088257, 0.5657691955566406, 1.4881532192230225, 1.0371577739715576, 1.2835763692855835, 1.0784178972244263, 1.93105947971344, 0.8756773471832275, 1.5128237009048462, 1.0931044816970825, 1.2677637338638306, 1.7699759006500244, 1.252509593963623, 1.3384664058685303, 3.026662826538086, 3.1920623779296875, 0.9428820610046387, 1.4427614212036133, 1.017393946647644, 1.3619017601013184, 0.6093515157699585, 0.96612548828125, 0.8114697933197021, 1.2324187755584717], [-0.44261711835861206, 1.0123677253723145, 0.4859192967414856, 0.9230750799179077, 0.09008970856666565, 1.1026524305343628, 0.7549927234649658, 1.1496070623397827, 0.6379737854003906, 0.5062749981880188, 0.5049100518226624, 0.005240246653556824, 0.3124558925628662, 0.3297726511955261, 0.7352666854858398, 1.2238125801086426, 0.5107995271682739, 0.9210774898529053, 0.9000998139381409, 0.7383657693862915, 0.7309446930885315, 0.7630767822265625, -0.03758642077445984, 0.3123534917831421, -0.2971019148826599, 1.2611784934997559, 0.8232696056365967, -0.3920806050300598, 0.6814562082290649, 0.8871140480041504, 0.7114884853363037, -0.36460405588150024]], [[-0.17540469765663147, 0.4123518168926239, -0.27607446908950806, 0.10946956276893616, -0.6147914528846741, -0.29329410195350647, -0.997414231300354, -0.10048845410346985, -0.4058186113834381, -0.05854811146855354, -0.5490635633468628, -0.5812588930130005, -0.8774112462997437, -0.4527449309825897, -1.2358211278915405, -1.2987971305847168, -0.23922310769557953, -0.639315664768219, -0.6272501349449158, -0.8312690854072571, -0.8236328959465027, -0.9831064939498901, -2.667766809463501, -2.044222593307495, -1.1138174533843994, -1.0362399816513062, -0.5218713283538818, -0.49444687366485596, -0.5398675799369812, -0.46076273918151855, -0.38855913281440735, -0.519047737121582], [-0.12776285409927368, 0.47993195056915283, 0.3392104208469391, 0.018866339698433876, 0.6179987192153931, 0.5508661270141602, -0.035935964435338974, -0.1928171068429947, -0.002052322030067444, 0.04015522450208664, 0.0023196227848529816, -0.320903480052948, 0.007636304944753647, 0.7438377141952515, 0.10027999430894852, -0.41617679595947266, 0.4990878701210022, -0.20824293792247772, 0.24323338270187378, -0.015933159738779068, 0.15520843863487244, -0.6322038173675537, 0.517104983329773, 0.5304421186447144, 0.16860947012901306, 0.48861435055732727, -0.389298677444458, -0.12573350965976715, -0.029976259917020798, -0.1931217759847641, -0.1534339040517807, -0.17869213223457336]], [[2.336855888366699, 1.8720992803573608, 1.9715967178344727, 2.1058976650238037, 1.9891009330749512, 1.8315801620483398, 1.9739491939544678, 2.115745782852173, 1.916417121887207, 2.058722972869873, 1.9800176620483398, 1.8307147026062012, 1.9664592742919922, 2.277360439300537, 1.9861361980438232, 1.7817721366882324, 2.174243211746216, 1.9102649688720703, 2.2623820304870605, 1.8055083751678467, 2.1133787631988525, 2.065763473510742, 1.6473801136016846, 1.7466496229171753, 1.8311280012130737, 1.9582746028900146, 1.6713976860046387, 2.1653687953948975, 2.1390509605407715, 2.3541951179504395, 1.8313641548156738, 2.2998783588409424], [2.7780392169952393, 2.2230825424194336, 2.409292459487915, 2.350175142288208, 1.941121220588684, 1.9613604545593262, 2.3134872913360596, 1.9241931438446045, 2.4885220527648926, 1.857306957244873, 2.1918179988861084, 1.9547027349472046, 2.1998369693756104, 2.1544599533081055, 2.2709174156188965, 2.2857298851013184, 2.2988438606262207, 1.693460464477539, 2.2197678089141846, 2.0695154666900635, 2.1917874813079834, 1.9480000734329224, 2.0087311267852783, 2.130176544189453, 2.341745376586914, 1.6398130655288696, 2.4334819316864014, 2.782020330429077, 2.0334954261779785, 2.440157651901245, 1.8818323612213135, 2.777538537979126]], [[0.24734452366828918, 1.2155905961990356, 0.5128238797187805, 0.7256964445114136, 0.3840286135673523, 1.0164518356323242, -0.053889691829681396, 0.17783847451210022, 1.1405373811721802, 0.8927271366119385, 0.546775758266449, 1.2394044399261475, 0.4179743528366089, 0.3397156298160553, 0.20184902846813202, 1.6255401372909546, 0.703966498374939, 1.0089040994644165, 0.2987353801727295, 0.8264340162277222, 0.2516946494579315, 0.40369081497192383, 1.139270544052124, 1.5667074918746948, 2.2427401542663574, 1.499833106994629, 1.3006668090820312, 0.3761524558067322, 0.6480997800827026, 0.1808846890926361, 0.8599022030830383, 0.45705747604370117], [0.3584083318710327, 0.8838883638381958, 0.3522207736968994, 0.8155819177627563, 0.9143791794776917, 1.4397183656692505, 0.23531955480575562, 1.4740369319915771, 0.30096837878227234, 1.541045904159546, 0.4507949948310852, 1.1468353271484375, 0.6797298192977905, 0.7867452502250671, 0.7025120258331299, 0.892433226108551, 0.43194156885147095, 1.8499269485473633, 0.571764349937439, 1.28423011302948, 0.8895407319068909, 1.5858736038208008, 1.2614070177078247, 1.1943976879119873, 0.941639244556427, 2.1743826866149902, 0.36756545305252075, 0.3173981010913849, 0.8939265608787537, 0.4606146216392517, 1.4227796792984009, 0.22915050387382507]], [[0.6677350401878357, 0.3010298013687134, -0.6017208099365234, 0.16840478777885437, 0.39863502979278564, 0.2946847081184387, 0.6616735458374023, 0.03580188751220703, 0.9433767199516296, -0.28910624980926514, 0.14200928807258606, 0.3131940960884094, 0.006799966096878052, 0.14006805419921875, 0.5395806431770325, -0.1946740448474884, 0.9399449229240417, 0.08253303170204163, 0.2731305956840515, 1.1028101444244385, 0.4606521725654602, -0.03824037313461304, -0.8293008208274841, -0.8901674747467041, 0.15822067856788635, 0.20642510056495667, 0.43766915798187256, 0.9096457362174988, 0.44068676233291626, 0.16176509857177734, 0.19501256942749023, 1.022129774093628], [0.9326456189155579, 0.01977469027042389, 0.34234070777893066, 0.3014407157897949, -0.7095563411712646, -0.37239697575569153, 0.16110768914222717, 0.35588401556015015, 0.7749542593955994, 0.8254185318946838, 0.13436153531074524, 0.5186614990234375, -0.1899966299533844, -0.833279013633728, -0.2825356721878052, 0.21389827132225037, -0.24821539223194122, 1.0659794807434082, -0.37209686636924744, 0.1513315737247467, -0.9354214072227478, -0.8191599249839783, -1.7858378887176514, -1.3797106742858887, 0.5019868612289429, 0.7501118183135986, 0.9565727114677429, 0.946956217288971, 0.046054184436798096, 0.5534899830818176, 0.7196977734565735, 0.9373988509178162]], [[0.6702337861061096, -0.21176916360855103, 0.2658013701438904, 0.006793634966015816, 0.06873404234647751, -0.5961694121360779, 0.27700310945510864, 0.15206488966941833, 0.3510195314884186, 0.26630476117134094, 0.6841219067573547, -0.14175236225128174, 0.21543113887310028, 0.05925625562667847, 0.5969641208648682, -0.5668532848358154, 0.25602519512176514, -0.6205188035964966, 0.15667279064655304, -0.4699386954307556, 0.2725116014480591, 0.8497418165206909, 1.7112350463867188, 1.1258779764175415, -0.40619197487831116, -0.5976561307907104, -0.901795506477356, -0.08015654981136322, -0.4058552384376526, 0.21884161233901978, -0.6268888711929321, 0.24978888034820557], [0.18398569524288177, 0.5052969455718994, 0.8819316625595093, 0.40497127175331116, 0.7673567533493042, 0.5600062012672424, 0.7328333258628845, 0.1521221101284027, 0.5079175233840942, 0.16816574335098267, 1.0445023775100708, 0.6246273517608643, 1.0184327363967896, 1.2164175510406494, 1.0243417024612427, 0.24151337146759033, 0.8739980459213257, -0.39268335700035095, 0.9055296182632446, 0.3931592106819153, 1.0386037826538086, 1.659123182296753, 1.5934218168258667, 1.208275318145752, 1.1444683074951172, -0.6147337555885315, 0.4085526764392853, 0.11750511825084686, 0.01715496927499771, 0.19978466629981995, -0.4650334119796753, 0.04652473330497742]], [[-0.018079563975334167, -1.1656217575073242, -0.7536829113960266, -0.2850681245326996, -0.1984870433807373, -1.010185956954956, -0.5979819893836975, -0.4881577491760254, -0.7039787173271179, -0.8820070624351501, -0.7109553217887878, -1.3596038818359375, -0.7410188913345337, -0.2326829880475998, -0.05218861624598503, -0.8916395306587219, -0.38249364495277405, -0.8284587264060974, -0.46008992195129395, -0.910502016544342, -0.5982872247695923, -0.5309531092643738, -0.5752532482147217, -0.4140457510948181, -0.7295923233032227, -1.5201730728149414, -2.306013822555542, -1.109940767288208, -0.8994772434234619, -0.6953616142272949, -1.3931325674057007, -0.6283663511276245], [-0.047875043004751205, -0.4631633162498474, -0.2592327892780304, -0.2896749675273895, -0.03150894120335579, -0.2483261376619339, -0.024183165282011032, -0.3029043972492218, -0.24556483328342438, -0.8860636949539185, -0.37073346972465515, -0.42116427421569824, -0.20489028096199036, -1.0683733224868774, -0.06693285703659058, -0.0873836874961853, -0.860710859298706, -0.8286129236221313, -0.5723376870155334, -0.6811612844467163, -0.6226560473442078, -0.3371456563472748, -0.5791873335838318, -0.18253058195114136, -0.5716736316680908, -0.7002057433128357, -0.27820298075675964, -0.03840694949030876, -0.38394033908843994, -0.23900438845157623, -0.4613485634326935, 0.043945133686065674]], [[-0.22101998329162598, -0.9722275137901306, -0.1185799241065979, -0.8720415234565735, -0.2006770372390747, -0.7239376902580261, -0.1760818213224411, -0.32157188653945923, 0.5534070134162903, -0.2210424542427063, -0.24748915433883667, 0.0027707554399967194, 0.2798786163330078, -0.31188851594924927, -0.4307277798652649, -0.04654327780008316, -0.031214870512485504, -0.1140989363193512, 0.015092965215444565, 0.12497949600219727, 0.1689080446958542, 0.16377413272857666, 0.9117628335952759, 0.4983101785182953, 0.6292004585266113, 0.23696587979793549, 0.06337597221136093, -0.60245680809021, 0.048688486218452454, -0.27507513761520386, 0.17780622839927673, -0.7267593741416931], [0.11046159267425537, -0.11601385474205017, -0.27656006813049316, -0.09306389093399048, -0.18139967322349548, -0.11901266872882843, -0.08803460001945496, 0.27612069249153137, 0.022929728031158447, -0.04112091660499573, -0.0954902321100235, 0.2519929111003876, -0.12426812946796417, -0.1513037234544754, -0.20442846417427063, -0.10217037796974182, -0.32760921120643616, -0.02797548472881317, -0.19452068209648132, -0.09578114748001099, -0.18577232956886292, -0.014923885464668274, -0.2407529652118683, -0.5322585105895996, 0.013673629611730576, -0.01486784964799881, -0.2597363293170929, 0.12422942370176315, -0.15046420693397522, -0.4036751985549927, -0.1007399708032608, 0.07552004605531693]], [[0.06515048444271088, 1.3209571838378906, 1.0803618431091309, 1.569498896598816, 1.0715136528015137, 1.9049628973007202, 0.5836836099624634, 1.104588270187378, 0.265713632106781, 0.4349903166294098, 0.8580440282821655, 1.7243878841400146, 1.023240089416504, 0.926970899105072, 0.4551335871219635, 2.2358651161193848, 0.07946094125509262, 1.5930954217910767, 0.6066998243331909, 1.2479640245437622, 0.6164315342903137, -0.09401986002922058, -0.25264570116996765, 0.04631902277469635, 0.5850064158439636, 0.692106306552887, 1.508402943611145, 0.5949731469154358, 0.7744489312171936, 0.6061021089553833, 1.628511905670166, 0.6951201558113098], [-0.042392563074827194, 0.3466033935546875, 0.060818884521722794, 0.19866186380386353, 0.7322560548782349, 0.7887367010116577, 0.501833438873291, 0.6499128937721252, 0.11320577561855316, 1.0839515924453735, 0.7290370464324951, 0.9888084530830383, 0.5410239696502686, 0.32835811376571655, 0.4750255346298218, 0.4188339114189148, -0.01536766067147255, 1.5977622270584106, 0.20435860753059387, 0.8968725800514221, 0.3962617516517639, 0.2145492434501648, -0.18712668120861053, 0.19521954655647278, -0.47514069080352783, 1.7915380001068115, 0.18815827369689941, -0.012134533375501633, 0.6327319741249084, 0.4527050852775574, 1.1085963249206543, -0.0573875717818737]], [[0.016442179679870605, 1.198960304260254, -0.33158373832702637, 0.960661768913269, -0.14087380468845367, 1.6449000835418701, -0.13039489090442657, 0.6753181219100952, 0.5450901985168457, 0.6988698244094849, -0.14234277606010437, 0.9090578556060791, 0.49794700741767883, 0.8563165664672852, 0.021723419427871704, 1.5054690837860107, -0.015148699283599854, 1.2016148567199707, -0.14915214478969574, 0.9546184539794922, -0.07432159781455994, 0.17760798335075378, 0.019008785486221313, -0.1898202747106552, 1.1248657703399658, 0.47017744183540344, -0.11577709019184113, 0.3117465078830719, 0.2707407772541046, 0.11447194218635559, 0.25970837473869324, 0.3859296143054962], [0.1163896918296814, -0.0943966805934906, -0.34395933151245117, -0.05075782537460327, -0.5328341722488403, 0.12605664134025574, -0.3290289044380188, 0.42605146765708923, -0.3589491546154022, 0.6989290714263916, -0.4927271902561188, 0.24168094992637634, -0.4405820071697235, 0.10583806037902832, -0.30476072430610657, 0.13871994614601135, -0.1880493313074112, 1.4835784435272217, -0.16370733082294464, 0.37976548075675964, -0.16411440074443817, 0.06281015276908875, -0.5456469058990479, 0.286031037569046, -0.1557009369134903, 1.1300146579742432, -0.44310930371284485, 0.1764642298221588, -0.3815775513648987, -0.2738986909389496, -0.6633536219596863, 0.2120172679424286]], [[-0.7076343297958374, -0.5179286003112793, -0.35929805040359497, -0.6147531270980835, -0.963677704334259, -0.6025524139404297, -1.1357243061065674, -0.5869082808494568, -1.6583505868911743, -1.0078833103179932, -1.3607118129730225, -1.2664551734924316, -1.556984782218933, -0.7823295593261719, -1.5768426656723022, -1.4791810512542725, -0.7806247472763062, -1.1921093463897705, -0.7902683019638062, -1.2322405576705933, -1.073737382888794, -1.2801309823989868, -2.4016408920288086, -2.1454086303710938, -1.3777210712432861, -1.631356954574585, -1.083889126777649, -1.1968834400177002, -0.8979796171188354, -0.6845623254776001, -1.364046335220337, -1.0912224054336548], [-0.41315194964408875, -0.6205220222473145, -0.6366731524467468, -0.6004481315612793, -0.5722301602363586, -0.6234362125396729, -0.7523623704910278, -0.8145452737808228, -0.6176025867462158, -1.1430068016052246, -0.6859605312347412, -1.1443979740142822, -1.0475637912750244, -0.8083920478820801, -1.1532957553863525, -0.8945362567901611, -0.7369828224182129, -1.1181604862213135, -0.798538327217102, -1.026062250137329, -1.2048330307006836, -1.2036457061767578, -1.0545927286148071, -0.7891213297843933, -1.0336443185806274, -1.246515154838562, -0.7066124677658081, -0.4104507267475128, -1.19277024269104, -0.954957127571106, -1.4250142574310303, -0.3504839539527893]], [[-0.5777885913848877, 0.0057341232895851135, -0.3872414827346802, -0.5518311262130737, -0.48988431692123413, -0.13039270043373108, -0.008188501000404358, -0.5353760719299316, -0.5296484231948853, -0.3196455240249634, 0.2651154100894928, -0.4747812747955322, -0.02140350639820099, -0.5286110639572144, -0.20391403138637543, -0.8026226162910461, -1.0279310941696167, 0.2512242794036865, -0.292335569858551, -0.17193995416164398, -0.7124654054641724, -0.450691282749176, -0.09770937263965607, -0.18824298679828644, -0.8946905136108398, 0.16911344230175018, -0.8569220900535583, -0.42714136838912964, -0.6456543803215027, -0.34680837392807007, -1.1012182235717773, -0.534932017326355], [-0.5939053893089294, -1.2951512336730957, -0.9039930105209351, -1.128968358039856, -1.3640432357788086, -1.000331163406372, -1.0391573905944824, -1.415664792060852, -0.9784618616104126, -1.3857601881027222, -1.349177360534668, -1.678281307220459, -1.435416340827942, -1.4103997945785522, -1.0537118911743164, -1.3249760866165161, -0.7411722540855408, -0.6242353916168213, -1.0987083911895752, -1.748902440071106, -1.0652140378952026, -0.6121582984924316, -1.7766281366348267, -2.217926025390625, -1.862344741821289, -0.6692311763763428, -1.027457356452942, -0.49276846647262573, -1.6476781368255615, -0.777751624584198, -2.2275381088256836, -0.5076377987861633]], [[-0.20357048511505127, 0.22932933270931244, -0.4234278202056885, 0.38218510150909424, -0.537469744682312, 0.5548730492591858, -0.7283926606178284, 0.3254356384277344, 0.6690868735313416, 0.6594395637512207, -0.10636238753795624, -0.20119774341583252, -0.15945425629615784, 0.20187273621559143, -0.38564008474349976, 0.719020664691925, -0.32683008909225464, 0.69245845079422, -0.30844777822494507, 1.07443368434906, -0.4627358913421631, -0.38020849227905273, -0.017647825181484222, 0.18579648435115814, 1.4881696701049805, 0.02226494997739792, -0.6524041295051575, -0.1378713697195053, -0.37044256925582886, -0.16506469249725342, -0.13543066382408142, 0.30115216970443726], [0.26249414682388306, 0.4002278447151184, 0.24747870862483978, 0.08656442165374756, 0.5050932168960571, -0.06116483733057976, 0.48589926958084106, 0.061678968369960785, -0.03041534125804901, 0.486039400100708, 0.18864010274410248, 0.5710816979408264, 0.6042050719261169, 0.8085132837295532, 0.6673837304115295, 0.3157304525375366, 0.3406703472137451, 0.13824525475502014, 0.44607627391815186, 0.5651478171348572, 0.8761808276176453, 1.142659068107605, 1.5119646787643433, 1.4612488746643066, 0.5615376830101013, 1.0929293632507324, 0.20990164577960968, 0.21492019295692444, -0.09323441237211227, 0.07941411435604095, -0.029929116368293762, 0.2631128430366516]], [[0.37420910596847534, 0.9752404689788818, 0.42824769020080566, 0.7961392402648926, -0.10747841000556946, 0.2651265263557434, 0.20744234323501587, 0.34627097845077515, 0.1673741191625595, 0.733673095703125, 0.5754033327102661, 0.4286438524723053, 0.4732445180416107, 0.6584020853042603, 0.20789313316345215, -0.0009855180978775024, 0.019255779683589935, 0.46583572030067444, 0.3628038763999939, 0.984168291091919, 0.21616145968437195, 0.6675255298614502, 0.9568955898284912, -0.15060454607009888, 0.3213929235935211, 0.6022741794586182, 0.4462445080280304, 0.48699572682380676, 0.5600645542144775, 0.6716017723083496, 0.42531663179397583, 0.5710873603820801], [-0.030278459191322327, 0.8344486951828003, 0.3578942120075226, 0.5080007314682007, 0.43251296877861023, 0.5467424392700195, 0.27844321727752686, 0.08360664546489716, 0.32550048828125, 0.4157243072986603, 0.6418924331665039, -0.008258555084466934, 0.4146360158920288, 1.1244616508483887, 0.39348864555358887, -0.14575167000293732, 0.4043119251728058, 0.4408828914165497, 0.4935707151889801, 0.3361913859844208, 0.3182235658168793, 0.31010159850120544, 0.6926459074020386, 0.12763041257858276, 0.40066060423851013, 0.3157295286655426, 0.22533166408538818, -0.0492335669696331, 0.47726795077323914, 0.47748759388923645, 0.14327256381511688, -0.0760631337761879]], [[-0.4948658049106598, -0.25601550936698914, -0.6085344552993774, -0.28755074739456177, -0.5238263607025146, -0.1827310472726822, -0.8510011434555054, -0.5464295744895935, 0.5493975877761841, -0.34674885869026184, -0.4750143587589264, -0.922518253326416, -0.7267611026763916, -0.21557843685150146, -0.9344154596328735, -0.5521643757820129, 0.16339370608329773, -0.4738471806049347, -0.6599723100662231, -0.669816255569458, -0.6838475465774536, -0.14885398745536804, 0.21205341815948486, -0.14239837229251862, -0.7896273136138916, -1.1177585124969482, -1.6810104846954346, -0.750156044960022, -0.5915246605873108, -0.5641781091690063, -1.100412130355835, -0.5300654172897339], [-0.6015130281448364, -0.6756924390792847, -0.5237309336662292, -0.49446937441825867, -0.28055986762046814, -0.6821320056915283, -0.4662439823150635, -0.9484965801239014, -0.48635512590408325, -0.923180341720581, -0.5730530023574829, -0.47821465134620667, -0.4262707531452179, -0.7533009052276611, -0.5773301720619202, -0.8663120269775391, -0.6411535739898682, -0.9123958349227905, -0.5900743007659912, -0.7310695648193359, -0.8229073286056519, -0.6741948127746582, -0.8348706960678101, -1.2962523698806763, -1.0914565324783325, -1.4744887351989746, -0.4087728261947632, -0.5527932047843933, -0.5690997242927551, -0.6061397790908813, -0.9796072244644165, -0.579841136932373]], [[1.0187751054763794, 1.037380337715149, 1.1225141286849976, 1.0835628509521484, 1.1542785167694092, 1.0319477319717407, 1.10390305519104, 1.0811153650283813, 1.0952575206756592, 1.098692536354065, 1.1261188983917236, 1.010717749595642, 1.081189751625061, 1.0380085706710815, 1.1041496992111206, 1.0564614534378052, 1.0782252550125122, 1.094730019569397, 1.0483630895614624, 1.0729176998138428, 1.0818642377853394, 1.0704333782196045, 0.987205982208252, 1.0303236246109009, 0.9174331426620483, 1.0774178504943848, 0.9289470314979553, 1.0996145009994507, 1.078704833984375, 0.9913092255592346, 1.026672124862671, 1.0147243738174438], [0.49689728021621704, 1.0292474031448364, 0.9866635203361511, 1.0075751543045044, 1.0732738971710205, 1.0569411516189575, 1.0415198802947998, 1.0389429330825806, 0.9387727975845337, 0.9894390106201172, 1.0300662517547607, 1.0378035306930542, 1.0270259380340576, 1.0025849342346191, 1.0279067754745483, 0.9931582808494568, 0.9962758421897888, 0.9206972122192383, 1.0199496746063232, 1.0050270557403564, 1.0334465503692627, 1.06266450881958, 1.0199438333511353, 0.9530898928642273, 0.8950287103652954, 0.9390567541122437, 0.9794393181800842, 0.48990505933761597, 1.0383719205856323, 0.9347293376922607, 1.0208981037139893, 0.5024201273918152]], [[-0.012944573536515236, -0.7266727089881897, -1.0463042259216309, 0.07755877822637558, -0.6452682614326477, 0.20809215307235718, -0.8151993155479431, -0.05958864092826843, -0.9343556761741638, -0.3507385551929474, -0.8341279029846191, -1.210578203201294, -0.614922046661377, 0.4064262807369232, -0.044789157807826996, 0.3201669156551361, -0.4271538555622101, 0.04168595001101494, -0.2643652558326721, -0.2877136468887329, -0.505592405796051, -0.6094505786895752, -1.4445987939834595, -0.3992646336555481, -1.2795073986053467, -1.0502817630767822, -2.0832085609436035, 0.010388888418674469, -0.4014087915420532, -0.2994156777858734, -1.0279817581176758, 0.07778675109148026], [0.30412182211875916, -0.22395260632038116, 0.24087266623973846, 0.168382927775383, -0.6206715106964111, -0.20700204372406006, 0.3069685399532318, -0.4776151776313782, 0.05395733565092087, -1.130688190460205, -0.3145751655101776, -1.1165803670883179, -0.2917552888393402, 0.14677950739860535, 0.1690848022699356, 0.17953266203403473, 0.2117210477590561, -0.7814304232597351, 0.07149133831262589, -0.2447405606508255, 0.07515205442905426, -0.8816875219345093, -0.7514775991439819, 0.033455733209848404, -0.23450662195682526, -1.2183454036712646, 0.19769996404647827, 0.2842370271682739, -0.8534083366394043, -0.2913416624069214, -1.5432157516479492, 0.3483300805091858]], [[-0.28382349014282227, -0.3735487163066864, -0.5760132670402527, -0.3369849622249603, -0.2598932087421417, -0.23243242502212524, 0.09559078514575958, -0.4507189989089966, -0.5026286840438843, -0.8408478498458862, -0.4787881374359131, -0.9692962169647217, -0.6830995082855225, -0.44637805223464966, -0.14890636503696442, -1.052907943725586, -0.377160906791687, -0.6844193339347839, -0.2896856665611267, -0.3107580244541168, -0.1647622287273407, -0.08577492833137512, -0.4651443362236023, 0.10298119485378265, 0.31830450892448425, -0.7527918815612793, -1.3233749866485596, 0.05335533618927002, -0.079740971326828, -0.039750151336193085, -0.6549353003501892, -0.19768676161766052], [-0.10270747542381287, 0.3173443377017975, 0.14832547307014465, 0.11714255809783936, 0.31526318192481995, 0.3295353651046753, 0.11253052204847336, -0.15264329314231873, 0.18394505977630615, 0.2814180850982666, 0.3833414316177368, 0.32215356826782227, 0.34322577714920044, 0.4464474618434906, 0.17765949666500092, 0.1631326675415039, 0.13844439387321472, 0.33430710434913635, 0.35000282526016235, 0.7479939460754395, 0.32719531655311584, 0.18191108107566833, 0.03448808193206787, -0.21298760175704956, 0.21727043390274048, 0.8520933985710144, 0.5585533976554871, -0.048716843128204346, 0.3086293041706085, 0.34521418809890747, 0.11887772381305695, 0.005987204611301422]], [[0.2743610143661499, -0.6827934384346008, -0.09596267342567444, -0.057374849915504456, -0.08499588072299957, -0.2924184799194336, 0.13826869428157806, -0.11726886034011841, -0.09290603548288345, 0.005334705114364624, -0.20616091787815094, -0.6529118418693542, -0.3753425180912018, 0.10715340077877045, -0.18686038255691528, -0.6737774014472961, -0.0656350776553154, -0.4490897059440613, -0.07058782875537872, -0.2905471920967102, -0.3773350119590759, -0.24716445803642273, -0.3984413743019104, -0.21344569325447083, -1.1149147748947144, -0.4697722792625427, -0.9378042221069336, -0.07679107040166855, -0.3433460295200348, -0.02574726939201355, -0.911494791507721, 0.17430998384952545], [0.22614707052707672, 0.2233709841966629, 0.26962965726852417, 0.12865708768367767, 0.2134069949388504, 0.37537258863449097, 0.3500097393989563, -0.4405474066734314, 0.3543615937232971, -0.16657622158527374, 0.7531777024269104, -0.04894179850816727, 0.3200802206993103, 0.07705719769001007, 0.4660980701446533, 0.29483914375305176, 0.2490408569574356, -0.6663506031036377, 0.12105171382427216, 0.023664548993110657, -0.10451376438140869, -0.7681035995483398, 0.28345781564712524, 0.42445212602615356, -0.20689430832862854, -1.496941328048706, 0.1690092235803604, 0.1991778165102005, -0.933601975440979, -0.025071457028388977, -0.8256189823150635, 0.24967993795871735]], [[-0.019596166908740997, 0.6367367506027222, 0.5041276812553406, 0.10229247063398361, 0.611819863319397, 0.3878825902938843, 0.6601158976554871, 0.3371626138687134, 0.38349002599716187, 0.14806035161018372, 0.6296858191490173, 0.30811581015586853, 0.5249624848365784, -0.013504542410373688, 0.4149402976036072, 0.6150091886520386, 0.30191782116889954, 0.4227372407913208, 0.04375145584344864, -0.16734090447425842, 0.4316440224647522, 0.21162453293800354, 1.0742182731628418, 1.093829870223999, 0.1853114664554596, 0.689964771270752, 0.8045262694358826, 0.2142111361026764, 0.31278738379478455, 0.30125704407691956, 0.6535754799842834, 0.13241088390350342], [0.11293699592351913, 0.2370598018169403, 0.04734212905168533, -0.05372350662946701, 0.4279974102973938, 0.4955059885978699, -0.15724661946296692, 0.4575643539428711, 0.053616948425769806, 0.3933072090148926, 0.08590186387300491, 0.021279118955135345, -0.08470770716667175, -0.0015097260475158691, -0.1912427544593811, -0.09892859309911728, -0.26764214038848877, 0.11317513138055801, -0.01898745447397232, 0.016215182840824127, -0.34822309017181396, 0.19920727610588074, -0.19598576426506042, -0.5584511756896973, -0.23942500352859497, -0.03177352994680405, -0.2984936535358429, -0.014779478311538696, 0.164445161819458, -0.041268110275268555, 0.25956839323043823, -0.007551267743110657]], [[-0.3652387261390686, -0.28505900502204895, -0.164580836892128, -0.20880475640296936, -0.48642584681510925, -0.5269113183021545, -0.4381113648414612, -0.3799630105495453, 0.26254934072494507, 0.05575831979513168, -0.4789344370365143, -0.45823031663894653, -0.3368067145347595, -0.4502370357513428, -0.43427008390426636, -0.4514206349849701, 0.4102735221385956, -0.044277455657720566, -0.1849619299173355, -0.7946817278862, -0.5155531167984009, -0.614105761051178, 0.24100270867347717, -0.48947545886039734, -0.2886273264884949, 0.0007907114923000336, -0.5496372580528259, -0.07367612421512604, -0.3375351130962372, -0.45375290513038635, -0.5005393028259277, -0.5528945326805115], [-0.1969398856163025, 0.349947452545166, 0.2147207409143448, 0.06406355649232864, 0.7315039038658142, 0.25311213731765747, 0.0464533269405365, -0.2261512279510498, -0.017285548150539398, 0.0633586198091507, 0.28457745909690857, 0.46520906686782837, 0.3613361716270447, 0.607694685459137, 0.17820483446121216, -0.09079121053218842, 0.32718852162361145, 0.2973535656929016, 0.49195700883865356, 0.6490994691848755, 0.34030619263648987, -0.008396998047828674, 0.26284360885620117, -0.6889635324478149, -0.17974421381950378, 1.7639262676239014, -0.0662492960691452, -0.1820984035730362, 0.20633193850517273, 0.18329374492168427, -0.0951552540063858, -0.19804662466049194]], [[-0.4435293674468994, -0.5470899343490601, -0.307340145111084, -0.40935325622558594, -0.8086226582527161, -0.9837952852249146, -0.6893739700317383, -0.7696603536605835, -0.5602353811264038, -0.23572860658168793, -0.8833711743354797, -1.0892939567565918, -1.0379129648208618, -0.6062471270561218, -0.8951845765113831, -0.9513922929763794, -0.16339121758937836, -0.5511274337768555, -0.494753897190094, -0.35177624225616455, -0.885002851486206, -0.6329284906387329, -1.4764273166656494, -1.1257504224777222, -0.23828379809856415, -0.7537564039230347, -0.8843911290168762, -0.45275962352752686, -0.6189640760421753, -0.49146467447280884, -0.9515777826309204, -0.5659967064857483], [0.1420632004737854, -0.1430378258228302, -0.03490466624498367, -0.09006452560424805, -0.3085368275642395, -0.3886737823486328, -0.08699364960193634, -0.18399538099765778, 0.0002418309450149536, -0.3059459328651428, -0.4724652171134949, -0.3662542700767517, -0.4147515892982483, -0.1508508324623108, -0.17220161855220795, -0.06168454885482788, 0.2282969057559967, 0.16544145345687866, -0.07730492949485779, 0.030459057539701462, -0.06678079068660736, 0.35078394412994385, -0.08928795158863068, -0.18150955438613892, -0.18616054952144623, 0.46526914834976196, -0.20584945380687714, 0.1809786558151245, -0.04499068856239319, 0.35535651445388794, -0.3868998885154724, 0.22285166382789612]], [[0.12608939409255981, 0.4791553020477295, 0.5544919371604919, 0.4451124370098114, 0.4760379493236542, 0.8672487735748291, 0.19515372812747955, 0.21989208459854126, 0.6163045167922974, 0.5940243601799011, 0.14314213395118713, 0.3371727466583252, 0.3014084994792938, 0.5197934508323669, -0.2627488076686859, 1.1321208477020264, -0.13484445214271545, 1.1902360916137695, 0.4376414716243744, 0.8173563480377197, 0.4924832880496979, 0.5750260353088379, 0.7403446435928345, 1.0162357091903687, 1.3280463218688965, 1.0267353057861328, 0.24560287594795227, 0.14457498490810394, 0.39803650975227356, 0.5098205208778381, 0.11975671350955963, 0.32063937187194824], [0.45487332344055176, 0.6474547386169434, 0.5335351228713989, 0.5572423934936523, 0.7208403944969177, 1.1014307737350464, 0.29080554842948914, 0.932133138179779, 0.4978654384613037, 1.6819617748260498, 0.8292580842971802, 1.1041529178619385, 0.5304132699966431, 1.441786289215088, 0.3125319480895996, 0.7722637057304382, 0.8373121619224548, 2.02089786529541, 0.7316009998321533, 1.1180752515792847, 1.1073211431503296, 1.1957368850708008, 1.0400562286376953, 1.1026029586791992, 1.671081781387329, 1.732316493988037, 0.3837980031967163, 0.41313594579696655, 0.9521018862724304, 0.9542616605758667, 0.5928829908370972, 0.4134061932563782]], [[-0.36246028542518616, -0.7687116265296936, -0.42811641097068787, -0.5045626163482666, -0.18635229766368866, -1.0390324592590332, -0.19237428903579712, -0.5005223751068115, -0.655430793762207, -0.6540348529815674, 0.10945127159357071, -0.38442462682724, -0.5412093997001648, -0.9390119314193726, -0.856106162071228, -1.1140950918197632, -0.6028993725776672, -0.9242432713508606, -0.27178820967674255, -0.8042104244232178, -0.16283953189849854, -0.152290478348732, -0.4149814546108246, -0.8407604694366455, -2.7525999546051025, -1.0489325523376465, -0.8396680355072021, -0.5420734286308289, -0.31585001945495605, -0.37548717856407166, -0.5546398162841797, -0.2974921762943268], [-0.4141271710395813, 0.06989467889070511, -0.02491762489080429, -0.07097172737121582, 0.23872026801109314, 0.32510340213775635, -0.09324277192354202, -0.4097215235233307, -0.050783514976501465, -0.2144739329814911, 0.004307858645915985, -0.3013778626918793, -0.34168609976768494, -0.503618061542511, -0.37521255016326904, -0.24911141395568848, -0.3396547734737396, -0.29492929577827454, -0.688216507434845, -0.35277071595191956, -0.41749393939971924, -0.6500545144081116, -0.358511358499527, -0.8037866950035095, -0.9597786068916321, -0.20167195796966553, -0.2471121847629547, -0.37697625160217285, -0.42872944474220276, -0.23660525679588318, -0.13444381952285767, -0.427961140871048]], [[-0.6048160791397095, -0.6053074598312378, -0.1867278516292572, -0.37927839159965515, -0.770548403263092, -0.7502930760383606, -1.0486657619476318, -0.6377009153366089, 0.37357109785079956, -0.6448256373405457, -0.2143840491771698, -0.012330051511526108, -0.9941737055778503, -0.5584054589271545, -0.9969888925552368, -0.41652536392211914, -0.10832612961530685, -0.40445974469184875, -0.6750352382659912, -1.2330046892166138, -0.6254475116729736, -0.4525998532772064, -0.7166237831115723, -0.528793215751648, 0.6434646248817444, -0.2751019597053528, -0.20354890823364258, -0.038325849920511246, -0.318438857793808, -0.3180181086063385, -0.3035983741283417, -0.2678828537464142], [0.009150709956884384, -0.5327351093292236, -0.1469433605670929, -0.10595569759607315, -0.11135557293891907, -0.2611752152442932, -0.34143924713134766, -0.3423919081687927, -0.18686221539974213, 0.07679645717144012, -0.2855343520641327, 0.15783461928367615, -0.15313777327537537, -0.6635399460792542, -0.15803316235542297, 0.004919992759823799, -0.8361620903015137, -0.6956949234008789, -0.5594080686569214, -0.14184746146202087, -0.336599200963974, 0.5813628435134888, -0.47635313868522644, -0.32855233550071716, -0.5133345723152161, -0.10772547870874405, -0.16048891842365265, 0.05287640541791916, -0.03836444020271301, -0.3904454708099365, -0.301897257566452, -0.03622683137655258]], [[0.2138265073299408, -0.6930995583534241, -0.028851686045527458, -0.14768315851688385, -0.35848498344421387, -0.9285141229629517, -0.683510959148407, -0.6828627586364746, 0.5027123689651489, 0.12463188171386719, -0.3476938307285309, -0.020464949309825897, -0.118161641061306, -0.027285857126116753, -0.07246953994035721, -0.24207687377929688, 0.3630139231681824, -0.11280351877212524, 0.012173734605312347, -0.11569597572088242, -0.2817028760910034, -0.6080931425094604, -0.3235090374946594, -0.8000842332839966, 0.1894903928041458, 0.2064068615436554, -0.2311144322156906, -0.14015957713127136, -0.20405404269695282, -0.2795006036758423, -0.45795583724975586, -0.2867935597896576], [-0.221544548869133, -0.22513897716999054, -0.07645141333341599, -0.16871114075183868, 0.04613617807626724, -0.16922920942306519, -0.09917992353439331, 0.031076282262802124, -0.014332812279462814, 0.34561991691589355, 0.008333824574947357, 0.6497958302497864, 0.23707544803619385, -0.26024073362350464, 0.046983540058135986, -0.04525765776634216, -0.2212139219045639, 0.4324345588684082, -0.03702158108353615, 0.2540972828865051, -0.04123827442526817, 0.17679668962955475, -0.6486657857894897, -1.3490961790084839, -0.5178415775299072, 0.3140425980091095, 0.06656360626220703, -0.22307522594928741, 0.10751780867576599, 0.007957741618156433, 0.1806880533695221, -0.2788127064704895]], [[-0.26531052589416504, -0.46598732471466064, -0.252799928188324, -0.3097560405731201, -0.17629946768283844, -0.5165964365005493, -0.512773334980011, -0.27107542753219604, -0.8713089823722839, -0.36234813928604126, -0.008992761373519897, -0.21195180714130402, -0.1716349571943283, -0.3598657250404358, -0.538426399230957, -0.4652319550514221, -0.8703976273536682, -0.5057915449142456, -0.4708516597747803, -0.40834927558898926, -0.21668840944766998, -0.7502251863479614, -0.5186048746109009, -0.6909507513046265, -1.0285125970840454, -0.8177211880683899, 0.14022895693778992, -0.6447470188140869, -0.3361988663673401, -0.4965086579322815, 0.2702063322067261, -0.3467855453491211], [0.15425623953342438, -0.08096964657306671, 0.0861968994140625, -0.27023833990097046, -0.5770196318626404, -0.5055942535400391, -0.008214756846427917, -0.273362934589386, -0.014654919505119324, -0.6663615703582764, 0.2462940514087677, -0.5950368046760559, 0.004331856966018677, 0.4747855067253113, -0.10665573179721832, -0.39140528440475464, 0.3823298215866089, -0.3856314420700073, 0.19080688059329987, -0.2982255816459656, 0.13532882928848267, -0.7974745631217957, 0.11248286068439484, -0.08726797997951508, 0.45388779044151306, -0.5606423616409302, 0.0231332927942276, 0.13776668906211853, -0.01727926731109619, -0.02208608388900757, 0.07493150234222412, 0.13520494103431702]], [[-0.03256481885910034, 0.4282975196838379, 0.36790597438812256, 0.44273877143859863, 0.27051839232444763, 0.9058093428611755, 0.15743602812290192, 0.37559598684310913, -0.029567629098892212, 0.18172809481620789, 0.0074854642152786255, 0.3228456676006317, 0.1329665333032608, -0.08191260695457458, 0.25770488381385803, 1.2297381162643433, 0.1707811951637268, 0.6392317414283752, 0.03513936698436737, 0.7810207605361938, 0.025570407509803772, -0.2544406056404114, -0.414803147315979, 0.19836249947547913, 0.6535709500312805, 0.11688525229692459, 0.6388760209083557, 0.5479257702827454, -0.04773242771625519, 0.08130551129579544, 0.4996320605278015, 0.45055443048477173], [0.03854479640722275, -0.17175845801830292, 0.016173899173736572, 0.08087319880723953, -0.7000105381011963, -0.3886890411376953, -0.15423907339572906, 0.2539103925228119, 0.29087620973587036, 0.5718216896057129, -0.013567522168159485, -0.20429961383342743, -0.44646894931793213, -0.5413841009140015, -0.18750910460948944, -0.0946798324584961, -0.24460633099079132, 0.8915235996246338, -0.29231005907058716, 0.1142694503068924, -0.5105392336845398, -0.1900663524866104, -0.6494203805923462, 0.2480621337890625, 0.019026070833206177, 1.6771416664123535, 0.3299415111541748, 0.046646200120449066, 0.17193982005119324, 0.18062448501586914, 0.3300566077232361, 0.07884702831506729]], [[0.5070537328720093, 0.5694257020950317, 0.09250877797603607, -0.01928805559873581, 0.22114087641239166, 0.7567085027694702, 0.30578529834747314, 0.16719524562358856, 0.5634670257568359, 0.5610463619232178, 0.1661333292722702, -0.06290361285209656, 0.08472182601690292, 0.25346705317497253, 0.4105960726737976, 0.43663960695266724, 0.20477339625358582, 0.5905420184135437, 0.1205042153596878, -0.02555902674794197, -0.010830064304172993, 0.12370643764734268, 0.41407227516174316, 0.6675940752029419, 0.728508710861206, 0.4545939266681671, -0.3001725375652313, 0.2856852412223816, -0.0015611378476023674, 0.1522359699010849, -0.4190802276134491, 0.044050153344869614], [0.05921080708503723, 0.33796536922454834, 0.17554491758346558, -0.040872588753700256, -0.011254056356847286, 0.3361544907093048, 0.34340885281562805, -0.32610324025154114, 0.21317648887634277, 0.5138741731643677, 0.15304866433143616, -0.0011851172894239426, -0.33659377694129944, -0.18261295557022095, 0.19581902027130127, -0.052608586847782135, 0.28093743324279785, 0.49040141701698303, -0.19501227140426636, -0.49242764711380005, -0.42791423201560974, -0.3749423027038574, -0.6083946824073792, -0.6918378472328186, -0.4261195659637451, -0.6132899522781372, 0.16954897344112396, 0.1315455436706543, -0.5359172224998474, -0.07930371910333633, -0.6847308874130249, 0.10265178233385086]], [[-0.250469446182251, -0.24687157571315765, 0.13760405778884888, -0.1259591430425644, 0.07656321674585342, 0.04683006554841995, 0.14287187159061432, 0.008970662951469421, -0.49672532081604004, -0.10273931920528412, -0.0692855566740036, 0.2208298146724701, 0.2265920341014862, 0.14156128466129303, 0.33509767055511475, 0.28138530254364014, -0.3168983459472656, 0.09593461453914642, -0.35705578327178955, -0.2577545642852783, -0.40593862533569336, -0.16415159404277802, -0.0348602831363678, 0.22600701451301575, -0.11250327527523041, 0.23232731223106384, 0.6488529443740845, -0.25643789768218994, 0.28386884927749634, -0.01472163200378418, 0.6527848839759827, -0.13238437473773956], [-0.012019142508506775, 0.09392756223678589, -0.30852389335632324, -0.08642874658107758, 0.09830527007579803, 0.17866094410419464, -0.1521441489458084, 0.018865197896957397, -0.25744593143463135, -0.009388044476509094, -0.0506911426782608, 0.1428881734609604, -0.09198130667209625, -0.31856149435043335, -0.04323658347129822, -0.1815340369939804, -0.23672448098659515, -0.14391441643238068, -0.13358594477176666, -0.22410131990909576, -0.05469977855682373, -0.1119784563779831, -0.8296694755554199, -1.072311282157898, -0.8307675719261169, 1.0739277601242065, -0.18511028587818146, -0.04475276172161102, 0.2865248918533325, -0.011325344443321228, 0.045432575047016144, -0.023663923144340515]], [[0.10447321832180023, 0.38885384798049927, 0.03809460252523422, -0.24162305891513824, 0.7170022130012512, -0.007070779800415039, 1.235954999923706, 0.617428719997406, 0.9907861948013306, 0.358065664768219, 0.5271554589271545, 0.4045937657356262, 0.13346828520298004, 0.18787077069282532, 0.7117170691490173, 0.22395962476730347, 0.8190305233001709, -0.06912657618522644, 0.01876141130924225, -0.022119134664535522, 0.303615927696228, 0.8147948384284973, 2.285166025161743, 1.884332537651062, 1.353026270866394, 0.41284263134002686, 0.9825907945632935, 0.35140687227249146, 0.19679249823093414, 0.3575914204120636, 0.8100384473800659, 0.15617939829826355], [0.3610476851463318, -0.4037214517593384, 0.012548506259918213, -0.1031588464975357, -0.4483320713043213, -0.3837108016014099, 0.4731265902519226, 0.12211581319570541, 0.010244667530059814, -0.6494979858398438, -0.259067177772522, -0.32218796014785767, -0.2062641829252243, -0.6356703042984009, 0.01572348177433014, -0.08237384259700775, -0.3483421802520752, -1.3074097633361816, -0.6216773986816406, -0.7815095782279968, -0.3073754906654358, -0.17156849801540375, 0.039268121123313904, 0.03915427625179291, 0.12372970581054688, -2.001847505569458, 0.07259413599967957, 0.34738588333129883, 0.18742181360721588, 0.10745632648468018, 0.6395920515060425, 0.34117910265922546]], [[-0.5536472797393799, -0.7460455298423767, -1.0914497375488281, -0.5385795831680298, -0.7352414131164551, -0.8961679339408875, -0.5445660352706909, -0.5162508487701416, -0.5391240119934082, -0.8516077399253845, -0.3834836781024933, -0.7943971753120422, -0.9390940070152283, -0.5133000016212463, -0.34921586513519287, -0.4425085783004761, 0.38984352350234985, -1.1523017883300781, -0.9741613268852234, -0.6321521401405334, -1.2674864530563354, -1.375641107559204, -1.6023037433624268, -0.7734649777412415, 0.41445738077163696, -0.900456964969635, -1.500109314918518, -0.8485016226768494, -0.6560620069503784, -0.5189724564552307, -0.9210960268974304, -0.4242228865623474], [-0.13714633882045746, -1.1691354513168335, -0.7146172523498535, -0.6665816903114319, -1.665675401687622, -1.5715537071228027, -0.5904718637466431, -0.5803807973861694, -0.5811020135879517, -1.8243794441223145, -1.3527470827102661, -1.3557665348052979, -1.2617796659469604, -1.449002981185913, -1.0401546955108643, -1.0071015357971191, -0.9862481355667114, -1.599795937538147, -1.2611573934555054, -1.310064435005188, -1.3165228366851807, -1.459468960762024, -1.2874114513397217, -0.9491210579872131, -0.7456153035163879, -2.253619909286499, -0.6577392220497131, -0.2914339303970337, -1.3687386512756348, -1.0034276247024536, -0.9391381740570068, -0.2995401620864868]], [[0.03319917619228363, -0.33660152554512024, 0.16272808611392975, -0.08054324984550476, -0.1295599341392517, 0.2482796609401703, -0.4110608994960785, 0.0324275940656662, -0.4744645655155182, 0.2948651909828186, -0.3814121186733246, -0.5618529319763184, 0.0652494877576828, 0.12288622558116913, 0.07311150431632996, -0.5217100381851196, 0.2320641726255417, 0.49912703037261963, 0.34820130467414856, 0.7948591709136963, -0.021635666489601135, -0.24958816170692444, -1.5452358722686768, -1.2969893217086792, 0.843848705291748, 0.5739312767982483, -0.39446231722831726, 0.3342211842536926, -0.10456818342208862, 0.3151567280292511, -0.49486038088798523, 0.19058404862880707], [-0.20794162154197693, 0.2951638102531433, 0.4452647864818573, 0.3312646746635437, 0.6192026138305664, 0.678736686706543, 0.6186519861221313, 0.42641615867614746, 0.3740563988685608, 0.3962467908859253, 0.6400536298751831, 0.3944472372531891, 0.8274568319320679, 1.1815167665481567, 0.9577609300613403, 0.5710161328315735, 0.8585793972015381, 0.5299316644668579, 0.7375150918960571, 0.7442420721054077, 0.90742027759552, 1.0236384868621826, 0.7748432159423828, 0.5664722919464111, 0.9080783128738403, 1.0717631578445435, 0.5268416404724121, -0.13602468371391296, 0.4378962218761444, 0.552163302898407, -0.47566357254981995, -0.07246267795562744]], [[-0.3909018039703369, -1.181056022644043, -0.47184255719184875, -0.4032532274723053, -0.32238298654556274, -0.7354145050048828, -0.3597736358642578, -0.7517199516296387, -0.30056673288345337, -0.5457379817962646, -0.677221417427063, -0.665805459022522, -0.22191773355007172, -0.5238687992095947, -0.2402167022228241, 0.37834128737449646, -0.17995354533195496, -0.5091995596885681, -0.3502117991447449, -0.5852039456367493, -0.4473511576652527, -0.6018117070198059, 0.023051902651786804, -0.19933639466762543, -0.3586447834968567, -0.8978457450866699, -0.5474017858505249, -0.9461605548858643, -0.5240256786346436, -0.8781919479370117, -0.44195055961608887, -0.8146935701370239], [-0.21902461349964142, -0.1834934651851654, -0.015683136880397797, -0.13307523727416992, 0.12221771478652954, -0.1354387104511261, -0.22135257720947266, -0.2820873260498047, -0.18058553338050842, -0.13221493363380432, -0.04441990703344345, -0.06627845764160156, -0.019790172576904297, -0.18553698062896729, 0.014702588319778442, -0.13142038881778717, -0.027196310460567474, -0.6026736497879028, -0.1828969120979309, -0.40928566455841064, -0.12784290313720703, -0.6889052391052246, 0.3548376262187958, 0.48108789324760437, 0.10141627490520477, -0.7156194448471069, -0.44432005286216736, -0.2656320631504059, -0.10255163908004761, -0.4330621063709259, -0.1395927220582962, -0.2760378122329712]], [[0.3737289607524872, 0.26474529504776, 1.1084226369857788, 0.10647968202829361, 0.47333040833473206, 0.5898680686950684, -0.05872277170419693, 0.2160411775112152, 1.0541921854019165, 0.6509130001068115, 0.5287810564041138, 0.7860535979270935, 0.8168836236000061, 0.333759069442749, 0.02714177966117859, 1.1732267141342163, 0.5267573595046997, 0.6276324987411499, 0.6091147065162659, 0.9850661158561707, 0.7723791599273682, 1.0705950260162354, 0.8666876554489136, 1.5544885396957397, 1.3699040412902832, 0.3328455686569214, 0.6841127872467041, 0.1896880567073822, 0.5897080898284912, 0.4442175328731537, 0.34023037552833557, 0.3686882555484772], [-0.3044632077217102, 0.6336696743965149, 0.24063578248023987, 0.4313479959964752, 0.8943989276885986, 1.014101266860962, 0.273112416267395, 1.3789368867874146, 0.4638691246509552, 1.3270057439804077, 0.9059698581695557, 0.9285559058189392, 0.5809746980667114, 0.41994479298591614, 0.49878230690956116, 0.5766748785972595, 0.19284403324127197, 1.2107192277908325, 0.3288983702659607, 0.34645089507102966, 0.6817132234573364, 1.3749523162841797, 1.0812008380889893, 0.7989863157272339, 0.6005920767784119, 1.3845937252044678, 0.6827468276023865, -0.34796151518821716, 1.425817608833313, 1.0352755784988403, 2.013223648071289, -0.40322116017341614]], [[0.08265072107315063, -0.6492204666137695, -0.6502457857131958, -0.17914661765098572, -0.3179674446582794, -0.39136162400245667, -0.3688119053840637, -0.37283051013946533, -0.5334625840187073, -0.4966079592704773, -0.5696783065795898, -1.4049129486083984, -0.7650607824325562, 0.08374437689781189, -0.3643333911895752, -0.47064632177352905, 0.10673841834068298, -0.19111403822898865, -0.23508355021476746, -0.4722473621368408, -0.5175150632858276, -0.37869951128959656, -1.200132131576538, -1.1212997436523438, -1.3116563558578491, -0.6814264059066772, -2.6184206008911133, -0.2741236984729767, -0.6923801898956299, -0.02792447805404663, -1.5251977443695068, 0.03886699676513672], [0.21731054782867432, 0.08129110932350159, -0.05894237756729126, -0.22721198201179504, -0.6769474148750305, -0.2019094079732895, -0.07048812508583069, -0.5144850015640259, -0.09073975682258606, -1.1098062992095947, -0.2231837511062622, -0.9260220527648926, -0.3844429850578308, -0.4804638922214508, -0.32598578929901123, -0.11447100341320038, -0.368673712015152, -1.177841067314148, -0.3053678870201111, -0.7553434371948242, -0.5679267644882202, -1.1603713035583496, -0.9747096300125122, -0.8926728367805481, -0.5652121305465698, -0.9911789298057556, -0.11369273066520691, 0.07763493061065674, -0.3776594400405884, -0.21099334955215454, -1.0544540882110596, 0.05398896336555481]], [[0.33648771047592163, -0.017757534980773926, 0.48182326555252075, 0.2230854332447052, 0.5816231369972229, -0.18025389313697815, 0.6429907083511353, 0.15371865034103394, -0.9749188423156738, -0.44454681873321533, 0.9677416682243347, 0.38611888885498047, 0.15278875827789307, 0.1542862355709076, 0.3709390163421631, 0.20308342576026917, -0.14681056141853333, -0.16717299818992615, 0.6662999391555786, 0.27737098932266235, 0.7485030293464661, 0.2519347667694092, 0.019585609436035156, 0.3468601107597351, -0.5695386528968811, 0.4053003787994385, 0.47261327505111694, 0.5111555457115173, 0.3286110758781433, 0.23002880811691284, 0.20922422409057617, 0.2249862253665924], [0.42904555797576904, 0.19808262586593628, 0.4665719270706177, 0.2649025321006775, 0.40143001079559326, 0.052748799324035645, 0.4038237929344177, -0.03928115963935852, 0.16932043433189392, -0.16376924514770508, 0.3816770911216736, 0.35621726512908936, 0.4682363271713257, 0.3807171583175659, 0.4371097683906555, -0.04641321301460266, 0.20174506306648254, -0.047333166003227234, 0.5996912121772766, 0.08083942532539368, 0.13333386182785034, -0.4300495982170105, 0.020371437072753906, -0.10718391835689545, -0.09089958667755127, -0.3977675437927246, 0.0687212347984314, 0.4096783995628357, -0.004910558462142944, 0.11133554577827454, -0.11530925333499908, 0.442096471786499]], [[-0.4775094985961914, 0.3917055130004883, 0.22823838889598846, 0.30060362815856934, -0.1607232540845871, 0.6052992343902588, -0.5208375453948975, 0.4284537434577942, 0.3295738697052002, 0.4018567204475403, -0.11548302322626114, 0.7904329895973206, 0.29724186658859253, 0.32157641649246216, -0.2831382155418396, 0.8524826169013977, -0.14110490679740906, 0.8331944346427917, 0.011459484696388245, 0.5800247192382812, 0.14155907928943634, 0.3056502342224121, 0.3073287010192871, 0.21867723762989044, 0.9741746783256531, -0.18157920241355896, 0.9796727299690247, -0.36043643951416016, 0.3450670838356018, 0.08333976566791534, 0.8827763199806213, 0.3212984800338745], [0.020088672637939453, 0.344028115272522, 0.0749330073595047, 0.04885832965373993, 0.6007131338119507, 0.8964352011680603, 0.10499142110347748, 0.7776979804039001, -0.06406049430370331, 1.0417544841766357, 0.22719945013523102, 0.7625155448913574, 0.07425861060619354, 0.5246898531913757, -0.028996556997299194, 0.2392197996377945, 0.31679660081863403, 1.0690373182296753, 0.1070873886346817, 0.3818950057029724, 0.10058821737766266, 0.10173524916172028, 0.4596148133277893, 0.2777301073074341, 0.3673843741416931, 1.0649360418319702, -0.13231903314590454, -0.014503255486488342, 0.529168963432312, 0.0028413981199264526, 1.1506431102752686, -0.0018918812274932861]], [[-1.107785701751709, -0.8027560114860535, -0.30984818935394287, -0.7337103486061096, -0.23317283391952515, -1.0127350091934204, -0.24649575352668762, -0.8577326536178589, -1.1222081184387207, -0.9166139960289001, -0.5883483290672302, -1.2301980257034302, -0.9168923497200012, -0.883919358253479, -0.6041205525398254, -0.5951998829841614, -1.3637439012527466, -0.4277913570404053, -0.4724380373954773, -0.6130644083023071, -0.32931193709373474, -0.23164384067058563, -0.5237440466880798, -0.790458083152771, -1.2279688119888306, -0.8302974104881287, -0.6354874968528748, -0.9010226130485535, -0.5848442316055298, -0.5496860146522522, -0.8426140546798706, -1.0353693962097168], [-0.1536809653043747, 0.19580337405204773, -0.14841371774673462, 0.13782833516597748, 0.5931708812713623, 0.40737560391426086, -0.13379152119159698, 0.6176625490188599, 0.0697435736656189, 0.0003464454784989357, -0.2939460277557373, 0.15992532670497894, -0.0511176660656929, 0.07641206681728363, -0.28625306487083435, 0.007147080264985561, -0.14177145063877106, 0.34708479046821594, -0.038143910467624664, 0.2618999183177948, 0.24358679354190826, 0.11090186983346939, 0.12818099558353424, -0.27427664399147034, 0.16519251465797424, 0.5495880842208862, 0.03272704780101776, -0.1115652397274971, 0.21191704273223877, 0.20898696780204773, 0.8295803666114807, -0.14521931111812592]], [[-0.39345836639404297, -0.7122329473495483, -0.17333276569843292, -0.5717347264289856, -0.18908639252185822, -0.7197829484939575, -0.0984533280134201, -0.43915897607803345, -0.0778668075799942, -0.13520994782447815, 0.3201464116573334, -0.03720173239707947, -0.2741590142250061, -0.18830685317516327, 0.06650911271572113, -0.58736652135849, -0.3225865364074707, -0.4349520206451416, -0.4152103066444397, -0.9309709072113037, -0.10180281102657318, -0.20114286243915558, 0.22248725593090057, -0.3840089440345764, -1.5095019340515137, 0.40239226818084717, 0.7867813110351562, 0.440365731716156, 0.03567466139793396, -0.08629776537418365, -0.15039105713367462, -0.5898770689964294], [0.022110313177108765, 0.1342841386795044, 0.005921639502048492, 0.15636587142944336, -0.04378481209278107, -0.2103772610425949, -0.1484970897436142, 0.005701422691345215, -0.01601068675518036, 0.3112919330596924, -0.09414161741733551, 0.25754332542419434, 0.0679808109998703, -0.10245729982852936, 0.08504799753427505, 0.08379201591014862, 0.30895304679870605, 1.0536422729492188, 0.09539726376533508, 0.1781051605939865, 0.04430282115936279, 0.1227278783917427, -0.20400767028331757, 0.13342684507369995, 0.5951001644134521, 0.1536904126405716, 0.12513741850852966, -0.08756175637245178, 0.12662316858768463, 0.1379852443933487, -0.35253793001174927, -0.06304678320884705]], [[0.20477117598056793, 0.4796493947505951, -0.3559208810329437, -0.17203783988952637, -0.08900007605552673, -0.22755514085292816, 0.2886607348918915, 0.05756223201751709, 0.35526397824287415, -0.18165920674800873, -0.2951226532459259, 0.2591612637042999, -0.45458266139030457, 0.17995958030223846, 0.13517102599143982, 0.061051078140735626, 1.1710745096206665, 0.5041669011116028, -0.2730714678764343, -0.01727716624736786, -0.5381606221199036, -0.5583323240280151, -0.2619194984436035, 0.32917800545692444, 1.935215950012207, 0.2911859154701233, 0.10070390999317169, 0.14688454568386078, -0.16726325452327728, -0.04780314862728119, -0.0981655940413475, 0.30115240812301636], [0.8772218823432922, -0.07520488649606705, 0.11967261135578156, 0.06423287838697433, -0.34285834431648254, -0.24939802289009094, -0.03567977249622345, -0.4162595570087433, 0.05588755011558533, -0.29965633153915405, -0.4255716800689697, -0.6240522265434265, -0.4480227828025818, -0.6362201571464539, -0.030946940183639526, -0.10020053386688232, -0.1351063996553421, 0.06711718440055847, -0.4289560317993164, -0.34485408663749695, -0.3413378596305847, 0.14318148791790009, -0.7891460061073303, -0.27284783124923706, -0.06814377009868622, 0.5344119668006897, 0.08387266844511032, 0.8177529573440552, -0.22432732582092285, 0.12459249794483185, -0.23609399795532227, 0.8389086127281189]], [[0.2695111632347107, 1.0887166261672974, 0.6768473386764526, 0.5850547552108765, 0.10762859880924225, 0.7154933214187622, 0.32839787006378174, 0.687678873538971, 0.8766005039215088, 0.2993670105934143, 0.1314544826745987, 0.9920166730880737, 0.28473949432373047, 0.4233330488204956, -0.152091845870018, 0.7037744522094727, 0.750171422958374, 0.5975086092948914, 0.44509536027908325, 0.08977736532688141, 0.132354274392128, 0.2524780035018921, 0.8109515905380249, 0.4413250684738159, 1.0210676193237305, 0.27176761627197266, 0.9651001691818237, 0.05918027460575104, 0.6475527286529541, 0.6164717078208923, 0.8786622285842896, 0.44631922245025635], [-0.056653380393981934, 0.6635740399360657, 0.25044625997543335, 0.5002471208572388, 0.04906652867794037, 0.5288854837417603, 0.35297220945358276, 1.0371156930923462, 0.3132960796356201, 0.8611018657684326, 0.13708971440792084, 0.6492428779602051, 0.4694032669067383, -0.0960344597697258, 0.27360260486602783, 0.702306866645813, -0.1382298767566681, 1.2403709888458252, 0.337576687335968, 0.6584364771842957, 0.3130767345428467, 0.7249321937561035, -0.3725113272666931, -0.2536216974258423, 0.03580634295940399, 0.5447078943252563, 0.47310900688171387, 0.017377838492393494, 0.4440431594848633, 0.6541404724121094, 0.3635396957397461, -0.01695932447910309]], [[-0.1370251178741455, 0.11738622188568115, 0.4230763614177704, 0.006687760353088379, 0.854486346244812, 0.47645774483680725, 0.44446101784706116, 0.254784494638443, 0.31031176447868347, 0.06936907768249512, 0.8055610656738281, 0.7298294305801392, 1.2046470642089844, 0.5135443210601807, 0.862375020980835, 1.0668995380401611, 0.06598374247550964, 0.9490437507629395, 0.2545217275619507, 0.3166348934173584, 0.3906092941761017, 0.10247638821601868, 1.0674200057983398, 0.6396629810333252, -0.2922474443912506, -0.04446757584810257, 0.6249934434890747, 0.19446676969528198, 0.4658330976963043, 0.2928844094276428, 0.9144692420959473, 0.49058404564857483], [0.013489216566085815, -0.07820300757884979, -0.30428147315979004, -0.09328308701515198, 0.20379701256752014, -0.08467495441436768, -0.27628397941589355, 0.09080536663532257, -0.2907061278820038, -0.22404885292053223, -0.06942803412675858, -0.563728928565979, -0.2504809498786926, -1.3326808214187622, -0.42367634177207947, -0.14271143078804016, -0.8780949115753174, 0.31730887293815613, -0.718489408493042, -0.9517648220062256, -0.3153725266456604, -0.6573970317840576, -1.0286649465560913, -0.632026731967926, -0.6134159564971924, 0.5419849157333374, -0.22663550078868866, 0.0702962875366211, 0.33583134412765503, -0.04606631398200989, 0.087645024061203, 0.0921480655670166]], [[-0.5254538059234619, -0.5661932826042175, -0.08759717643260956, -0.616138756275177, -0.5211557149887085, -0.6794982552528381, -0.7574070692062378, -0.45366179943084717, -0.4966999888420105, -0.21119675040245056, -0.7841478586196899, -0.6604177355766296, -0.6759577989578247, -0.2441268414258957, -0.7868273854255676, -0.3820253014564514, -0.2915538251399994, 0.16760151088237762, -0.13214385509490967, -0.3580567240715027, -0.29100069403648376, -0.37839844822883606, -0.8494871854782104, -1.013654351234436, -0.5115368366241455, -0.4279461205005646, -0.5340824723243713, -0.35251131653785706, -0.5850116610527039, -0.2782517671585083, -0.71160888671875, -0.31133273243904114], [0.08982095867395401, -0.20351450145244598, -0.2982092499732971, -0.21886518597602844, -0.22466892004013062, -0.16722829639911652, -0.22991050779819489, -0.21566030383110046, 0.04864984750747681, -0.504729151725769, 0.054972175508737564, -0.2604770064353943, -0.10895396769046783, -0.1039494127035141, -0.10127942264080048, 0.09676086902618408, 0.10213243216276169, -0.089962437748909, -0.037716254591941833, -0.38069066405296326, 0.277608722448349, -0.03734278678894043, 0.33944249153137207, 0.3104862868785858, 0.206822469830513, 0.4273267388343811, -0.06403231620788574, 0.02030821144580841, -0.23465408384799957, 0.05612194910645485, -0.22529096901416779, 0.0011383555829524994]], [[-0.3924919068813324, -0.6126749515533447, -0.38680651783943176, -0.4488053321838379, -0.9759495854377747, -0.32245662808418274, -0.6893438100814819, -0.34423351287841797, -0.1277071088552475, -0.1285080760717392, -0.901628315448761, 0.18743818998336792, -0.6452531814575195, -0.3188496232032776, -0.24522757530212402, -0.20135922729969025, 0.2900433838367462, -0.6833900809288025, -0.4858490526676178, -0.6902673840522766, -0.6361863017082214, -0.1561356782913208, -0.352216511964798, -0.7686100006103516, -0.7031034827232361, -0.9759229421615601, -0.5780007839202881, -0.0246003158390522, -0.047045595943927765, -0.28938132524490356, -0.4930112361907959, -0.46610769629478455], [0.7152294516563416, -0.23499561846256256, -0.35959628224372864, -0.03896933048963547, 0.24199986457824707, 0.33033281564712524, -0.11221712827682495, 0.04462561756372452, -0.08020620793104172, 0.31414294242858887, 0.0566403865814209, 0.22949209809303284, -0.014894548803567886, -0.11160030961036682, 0.095023512840271, 0.13691705465316772, -0.12146183848381042, 0.29074370861053467, 0.0921601951122284, 0.32087481021881104, -0.04380638152360916, 0.302348792552948, -0.2959423363208771, 0.3336957097053528, -1.074034333229065, -2.6089634895324707, -0.19198459386825562, 0.6507138013839722, -0.02516750618815422, -0.17897658050060272, -0.3278796374797821, 0.6140181422233582]], [[-0.09494692087173462, 1.4360392093658447, 0.6033072471618652, 0.7875717878341675, 0.913711667060852, 1.039884328842163, 1.1152269840240479, 1.0837676525115967, 0.7363013029098511, 0.9488294124603271, 0.8025633096694946, 0.9031267166137695, 0.7602947950363159, 0.6108831167221069, 0.782567024230957, 0.4306139051914215, 0.019752338528633118, 1.4238297939300537, 0.6618809700012207, 1.5909265279769897, 0.9107058048248291, 0.9261451959609985, 1.6850193738937378, 1.700661540031433, 1.947100281715393, 1.713532567024231, 0.313750684261322, 0.6558035612106323, 0.41538578271865845, 0.6729098558425903, 0.7205289602279663, 0.7299594879150391], [-0.046438321471214294, 0.8477498292922974, 0.42197689414024353, 0.5298298597335815, 1.253319501876831, 0.979839563369751, -0.010277621448040009, 0.813198447227478, 0.02380841225385666, 1.485076904296875, 0.37883350253105164, 0.9071170091629028, 0.6751803159713745, 0.8337587118148804, 0.3475395441055298, 0.6121933460235596, 0.42507404088974, 1.7297186851501465, 0.9955612421035767, 1.0824627876281738, 0.921303391456604, 1.629319190979004, 0.4517737627029419, 0.6148929595947266, 0.6385960578918457, 2.7541370391845703, -0.07405036687850952, -0.05275581777095795, 0.7169864177703857, 0.6569687128067017, 0.26326459646224976, -0.08461979031562805]], [[-1.0350685119628906, -1.7647932767868042, -1.3940118551254272, -1.216816782951355, -1.5336041450500488, -1.8159923553466797, -1.4773043394088745, -1.498715877532959, -2.126284122467041, -1.971684217453003, -1.7246676683425903, -2.627523183822632, -2.015352249145508, -1.4773728847503662, -1.6881167888641357, -1.9760669469833374, -0.9292675256729126, -1.5680350065231323, -1.2315258979797363, -1.8338314294815063, -1.2695839405059814, -1.49103844165802, -1.9889260530471802, -2.038630962371826, -2.0808677673339844, -1.4195523262023926, -1.7579467296600342, -1.0309820175170898, -0.9222747087478638, -1.1170461177825928, -1.6454347372055054, -1.285634994506836], [-0.37692466378211975, -1.499674916267395, -0.8393818140029907, -1.0130641460418701, -1.5549650192260742, -1.6758954524993896, -1.2031164169311523, -1.3936467170715332, -0.941119909286499, -2.044193983078003, -1.4193289279937744, -1.5010501146316528, -1.4509259462356567, -1.712862253189087, -1.3575198650360107, -1.2732793092727661, -1.1385228633880615, -2.301030397415161, -1.3222146034240723, -1.32536780834198, -1.4164632558822632, -1.6495577096939087, -2.0289814472198486, -1.4011151790618896, -1.303345799446106, -1.4509609937667847, -0.9618309736251831, -0.38232964277267456, -1.0263292789459229, -1.0484626293182373, -1.507638692855835, -0.4089111089706421]], [[-0.3284450173377991, 0.5167055130004883, 0.25881147384643555, 0.6889570951461792, 0.0891326367855072, 1.130016803741455, -0.016405686736106873, 0.4766528010368347, 0.104561947286129, 0.2355315387248993, 0.16800525784492493, 1.3089510202407837, 0.4009871780872345, 0.00022289901971817017, -0.050647348165512085, 0.6803414821624756, 0.10445369780063629, 0.6095207929611206, 0.048611171543598175, 0.7284448146820068, 0.07674111425876617, -0.2791368067264557, -0.4729768931865692, -0.8549100160598755, -0.31228914856910706, 0.20534633100032806, 1.4492231607437134, 0.36102718114852905, 0.07418994605541229, 0.15381330251693726, 0.35740578174591064, 0.2870715856552124], [-0.2594839334487915, -0.2109275758266449, -0.27348238229751587, 0.033192239701747894, 0.04163787513971329, 0.20430508255958557, -0.3932875692844391, 0.547701358795166, -0.2495565414428711, 0.5255436897277832, -0.2734759449958801, -0.009346872568130493, -0.2088685929775238, -0.1447804570198059, -0.22631409764289856, -0.13956525921821594, -0.17339041829109192, 0.7924631834030151, -0.10167531669139862, 0.11843222379684448, -0.02426186203956604, -0.07764385640621185, 0.02263125777244568, -0.02252422273159027, -0.8602017164230347, 0.28475797176361084, -0.328059583902359, -0.3877089321613312, 0.15159395337104797, 0.010475009679794312, 0.00556250661611557, -0.38896194100379944]], [[-0.6022636294364929, -0.995415985584259, -1.4517512321472168, -0.9101197719573975, -0.7101957201957703, -1.3048157691955566, -0.33244413137435913, -0.607768714427948, -0.7932359576225281, -1.3791133165359497, -0.8858079314231873, -1.84722101688385, -1.8142035007476807, -1.1952918767929077, -0.712222158908844, -2.0814623832702637, -0.34071511030197144, -1.2958216667175293, -1.000622272491455, -1.3369760513305664, -1.2228796482086182, -1.196947455406189, -1.2992688417434692, -1.3273653984069824, -1.189812421798706, -1.1841533184051514, -1.6172878742218018, -0.6825428605079651, -0.8826246857643127, -0.5318595767021179, -1.4924012422561646, -0.7658771872520447], [-0.44544780254364014, -0.8104149103164673, -0.59351646900177, -0.6262045502662659, -1.85345458984375, -1.3926459550857544, -0.6531379222869873, -0.9371345043182373, -0.4674871563911438, -1.4941625595092773, -1.162826418876648, -1.6810364723205566, -1.338025689125061, -1.362772822380066, -1.0415009260177612, -0.751789927482605, -0.8067975640296936, -1.722373366355896, -1.2726972103118896, -1.4026453495025635, -1.532914400100708, -1.00788152217865, -1.0349185466766357, -0.4399169087409973, -0.699610710144043, -3.151170492172241, -0.6072480082511902, -0.4514040946960449, -0.8283325433731079, -0.7561200261116028, -1.4138909578323364, -0.47620540857315063]], [[-1.2887003421783447, -1.772210717201233, -2.5106935501098633, -1.4886229038238525, -2.3902366161346436, -1.3655301332473755, -2.5858335494995117, -1.7793896198272705, -2.1195716857910156, -1.9580544233322144, -3.0457446575164795, -3.30840802192688, -2.714404344558716, -1.318397045135498, -2.54721736907959, -2.085658550262451, -1.43413245677948, -1.8329278230667114, -1.8379446268081665, -1.2872626781463623, -2.218472719192505, -2.3100666999816895, -2.6808650493621826, -2.545301914215088, -1.346251130104065, -1.9192835092544556, -3.541808843612671, -2.1111176013946533, -2.3811306953430176, -1.8602503538131714, -3.0089571475982666, -1.4821516275405884], [0.64527827501297, -1.3035887479782104, -0.7466245293617249, -1.1077065467834473, -1.4729855060577393, -1.2954325675964355, -1.2711561918258667, -2.1861491203308105, -0.9099013805389404, -1.7179428339004517, -1.243625521659851, -1.7970298528671265, -1.3982045650482178, -0.3767964839935303, -1.1715093851089478, -1.1990035772323608, -0.6174706220626831, -2.4638335704803467, -0.9228800535202026, -1.193638563156128, -1.3837379217147827, -2.637359857559204, -0.7177874445915222, -0.9971606731414795, -1.3985249996185303, -2.7696940898895264, -1.5172840356826782, 0.5621669292449951, -1.982592225074768, -1.5010929107666016, -2.727328300476074, 0.6717579960823059]], [[-0.11177325993776321, -0.3471599519252777, -0.14372161030769348, -0.24239680171012878, -0.374622106552124, -0.22563397884368896, -0.7329679727554321, -0.3764597773551941, -0.02958785742521286, -0.12677019834518433, -0.5759749412536621, -0.05582711845636368, -0.36837512254714966, 0.012323960661888123, -0.37581866979599, 0.15243861079216003, 0.3275545537471771, 0.03622768819332123, 0.28729313611984253, 0.3814351558685303, -0.016434773802757263, 0.3259277641773224, -0.4224332571029663, -0.7304326295852661, 0.2582414746284485, 0.030625421553850174, -0.2901310324668884, 0.29200997948646545, -0.026078596711158752, -0.11343129724264145, -0.14347630739212036, 0.062312252819538116], [0.31000834703445435, 0.0690445601940155, 0.10388661921024323, 0.24905243515968323, -0.24836549162864685, -0.2699974477291107, 0.12702473998069763, -0.30516669154167175, 0.05144735798239708, -0.9215369820594788, -0.07938113063573837, -0.5425627827644348, 0.20925065875053406, 0.24379700422286987, 0.3010028600692749, 0.20454758405685425, 0.039574407041072845, -1.069820761680603, 0.282230019569397, 0.48098209500312805, 0.26468363404273987, 0.850282609462738, 0.10618370771408081, 0.5468754768371582, 0.6212596297264099, 0.1988622546195984, 0.2008114457130432, 0.20279407501220703, 0.03479377180337906, 0.34915149211883545, -0.32614028453826904, 0.2270316779613495]], [[-0.1048380434513092, -0.2079869955778122, 0.18769261240959167, -0.3139323592185974, 0.21022652089595795, -0.7032658457756042, 0.21016693115234375, -0.17677199840545654, 0.30873018503189087, -0.3712911009788513, 0.2654254138469696, -0.36072778701782227, 0.12080436944961548, -0.26681995391845703, 0.33047401905059814, -0.4655294418334961, 0.4776342511177063, -0.27793020009994507, 0.00665443018078804, -0.44743454456329346, 0.29320889711380005, 0.24797244369983673, 0.6793529391288757, 0.40622127056121826, 0.47597795724868774, 0.24759575724601746, -0.025493841618299484, -0.11621059477329254, -0.05825183540582657, 0.018718693405389786, 0.004297100007534027, -0.11182163655757904], [-0.1247553676366806, -0.48517119884490967, -0.3739560842514038, -0.36369597911834717, -0.4699134826660156, -0.2912003993988037, -0.15495914220809937, -0.3972121477127075, -0.28475457429885864, -0.6470023393630981, -0.354921817779541, -0.5800997614860535, -0.349571168422699, -0.6594171524047852, -0.3244926333427429, -0.6518042683601379, -0.7114400863647461, -0.9655413627624512, -0.6392603516578674, -0.9212391972541809, -0.7464621067047119, -0.827575147151947, -0.779501736164093, -0.5288401246070862, -1.1529133319854736, -0.7176023125648499, -0.38860487937927246, -0.008574094623327255, -0.28618866205215454, -0.31789034605026245, -0.14217209815979004, 0.006093330681324005]], [[0.012837106361985207, 0.5816872119903564, 0.5428839921951294, 0.30490389466285706, 0.29759567975997925, 0.5692434906959534, 0.21820808947086334, 0.2782565951347351, 0.20832479000091553, 0.2712300419807434, 0.35725635290145874, 0.6642148494720459, 0.29652348160743713, 0.237369567155838, 0.3470238447189331, 0.7681188583374023, 0.2641858160495758, 0.781018853187561, 0.28890615701675415, 0.5604830384254456, 0.44167304039001465, 0.35976317524909973, 1.3555337190628052, 0.32583537697792053, 0.06582561880350113, 0.6274598240852356, 0.9127174019813538, 0.1113690435886383, 0.46735328435897827, 0.38660183548927307, 0.7500540614128113, 0.2074916809797287], [-0.6482312083244324, 0.12151660025119781, 0.04756268113851547, 0.013008980080485344, 0.6853302717208862, 0.6742067933082581, -0.23660334944725037, 0.37230101227760315, 0.1652350127696991, 0.4276118278503418, 0.07241261005401611, 0.23204225301742554, 0.16713890433311462, -0.0008812230080366135, -0.12901978194713593, 0.09784965217113495, 0.08944551646709442, 0.2704299986362457, 0.2459334135055542, 0.10622149705886841, 0.17982922494411469, 0.007602779194712639, -0.007359404116868973, -0.08966145664453506, -0.2876357436180115, 0.12878012657165527, -0.24408525228500366, -0.5579296350479126, 0.28840401768684387, 0.1306326985359192, 0.47782352566719055, -0.6247094869613647]], [[-0.659723162651062, -1.649059772491455, -1.0105735063552856, -1.3390454053878784, -0.6204410195350647, -1.4893302917480469, -0.4765925407409668, -1.1223927736282349, -0.739284336566925, -1.0239267349243164, -0.9263063669204712, -1.8080250024795532, -0.8568630218505859, -0.8749409914016724, -0.5225211381912231, -1.8399052619934082, -0.6430162787437439, -1.328182578086853, -0.9141499400138855, -1.60353684425354, -0.8248118162155151, -1.1285218000411987, -1.605510950088501, -1.7241216897964478, -1.0617625713348389, -1.0140727758407593, -2.1460258960723877, -0.9913764595985413, -1.3069778680801392, -0.9853624701499939, -1.6779189109802246, -1.1463139057159424], [-0.05849522352218628, -0.4727497696876526, -0.36825093626976013, -0.6073216199874878, -0.3229265511035919, -0.505584180355072, -0.4425972104072571, -0.9273465871810913, -0.38540539145469666, -1.04555082321167, -0.7535874247550964, -0.595120370388031, -0.5180084109306335, -0.4788355827331543, -0.43517637252807617, -0.7063711881637573, -0.5655367970466614, -1.1281474828720093, -0.5922816395759583, -0.8259557485580444, -0.42250168323516846, -0.6171186566352844, -0.4685901999473572, 0.05441133677959442, 0.0393955260515213, -1.4246547222137451, -0.47660017013549805, -0.08736191689968109, -1.2267742156982422, -0.8341320753097534, -1.7010064125061035, -0.1037369817495346]], [[0.17842888832092285, 0.012211399152874947, 0.4636537432670593, -0.1317136585712433, -0.33401066064834595, -0.6012738943099976, -0.6029390096664429, -0.3361318111419678, 0.5856541395187378, 0.07385796308517456, 0.49799656867980957, 0.4463464319705963, -0.6296259760856628, -0.11341340094804764, -0.5997259020805359, 0.07690048217773438, 0.13414093852043152, -0.0884879007935524, 0.10635796934366226, -0.39975741505622864, 0.18193069100379944, 0.5396194458007812, 0.8965374827384949, 0.9890516996383667, 0.6327242255210876, -0.4915522038936615, 0.751612663269043, -0.2676680386066437, 0.10330025106668472, -0.08295238018035889, 0.07696069777011871, 0.12079081684350967], [0.33080220222473145, 0.2882598042488098, 0.13472850620746613, 0.1264512836933136, 0.3448544442653656, 0.621645987033844, -0.12371362000703812, 0.5019604563713074, 0.17603707313537598, -0.09172696620225906, -0.05752051621675491, -0.01673966646194458, -0.3734644651412964, -0.5674367547035217, -0.42985114455223083, 0.40247514843940735, -0.27885738015174866, -0.38378968834877014, -0.5728715658187866, -0.26994290947914124, -0.46810677647590637, -0.4640029966831207, -0.4251064360141754, -0.8114259839057922, -0.324278861284256, 0.716532826423645, 0.12889015674591064, 0.28605592250823975, 0.20130813121795654, 0.5378811359405518, 0.8407081961631775, 0.3690912425518036]], [[0.7672629952430725, 1.1679060459136963, 0.6074509024620056, 0.8142005801200867, 0.004229813814163208, 0.6244533658027649, 0.4086070656776428, 0.3980657458305359, 0.5069472789764404, 0.7983749508857727, 0.33940547704696655, 0.44792550802230835, -0.00624963641166687, 0.41964662075042725, 0.06924459338188171, 0.5353310108184814, 0.5379559397697449, 0.6082231998443604, 0.5052381753921509, 0.5226554274559021, 0.13043531775474548, 0.3148142695426941, 0.4737761616706848, 0.40013134479522705, 0.09522837400436401, 0.5997695326805115, 0.47512179613113403, 0.44129127264022827, 0.46544861793518066, 0.4188070297241211, 0.16906747221946716, 0.4478316903114319], [0.05831894278526306, 0.5106698274612427, 0.3268499970436096, 0.3111851215362549, 0.23807299137115479, 0.5653539299964905, 0.4623294472694397, 0.35503947734832764, 0.14684441685676575, 0.36013877391815186, 0.19025194644927979, 0.14645898342132568, 0.21768426895141602, 0.4017661213874817, 0.1309686005115509, 0.35968852043151855, 0.3503458499908447, 0.11213204264640808, 0.37914758920669556, -0.1488153338432312, 0.08243975043296814, 0.3145279884338379, 0.11224570870399475, -0.21455341577529907, 0.2504347562789917, 0.7288605570793152, 0.26411598920822144, 0.00528302788734436, 0.46307188272476196, 0.15306538343429565, -0.011254101991653442, -0.010620296001434326]], [[-0.3206012547016144, -0.1753721535205841, -0.268189936876297, -0.4837799668312073, -0.5381937026977539, -0.41530030965805054, -0.8836920857429504, -0.32870444655418396, -0.2174271196126938, -0.26030635833740234, -0.5829839706420898, -0.26408544182777405, -0.8781331777572632, -0.6375470161437988, -1.3043609857559204, -0.9911149144172668, -0.1559833586215973, -1.0130970478057861, -0.4312344789505005, -0.8944088816642761, -0.40369224548339844, -0.46159911155700684, -1.075563669204712, -0.8758986592292786, 0.0017978101968765259, -1.072440266609192, -1.0069843530654907, -0.7484381794929504, -0.5464717745780945, -0.5925524234771729, -1.0076569318771362, -0.6889846324920654], [-0.16477039456367493, -0.6200423240661621, -0.37195366621017456, -0.35382598638534546, -0.4675147831439972, -0.3073088526725769, -0.29618000984191895, -0.202312633395195, -0.03826543688774109, -0.7764351963996887, -0.3553137183189392, -0.5485171675682068, -0.4479779601097107, -0.5783651471138, -0.7036880254745483, -0.49437612295150757, -0.4500265419483185, -1.6315556764602661, -0.5356745719909668, -0.8217982649803162, -0.3785870373249054, -0.9983847141265869, -1.1371817588806152, -1.1813669204711914, -0.7907133102416992, -1.2959197759628296, -0.5008820295333862, -0.26243406534194946, -0.5291796326637268, -0.24252484738826752, -0.32867223024368286, -0.21599973738193512]], [[-1.162649154663086, 0.019700221717357635, -0.47235649824142456, -0.06868106126785278, -0.7945583462715149, -0.3281193673610687, -0.7485237717628479, -0.22340375185012817, -0.08763706684112549, -0.4719583988189697, -0.6733501553535461, -0.6388218998908997, -0.8130884766578674, -0.4778327941894531, -0.5128401517868042, 0.41249728202819824, -0.9052801132202148, -0.0908479243516922, -0.8105066418647766, -0.2700076103210449, -0.7389932870864868, -0.5163218975067139, 1.060072898864746, 0.6488881707191467, 0.1711222231388092, -0.5177847146987915, -0.7452727556228638, -1.1431553363800049, -0.833379864692688, -0.8674049377441406, -0.27245938777923584, -0.446905255317688], [-0.5297443866729736, -0.2968754470348358, -0.6253331899642944, -0.18520712852478027, -0.49531540274620056, -0.1568155139684677, -1.0614569187164307, -0.15846605598926544, -0.6704031229019165, -0.4518195688724518, -0.8688638210296631, -0.5281350016593933, -1.1569011211395264, -0.01694514788687229, -0.9762969017028809, -0.5811247825622559, -0.6714699268341064, -0.29745912551879883, -0.8055079579353333, -0.41617143154144287, -1.1375552415847778, -0.9192209839820862, -0.747624933719635, -0.554314374923706, -0.382588267326355, 0.417934775352478, -0.9292508959770203, -0.4153091013431549, -0.795225203037262, -0.45122501254081726, -0.320690393447876, -0.34277409315109253]], [[-0.19285543262958527, -0.7471950650215149, -0.476272314786911, -1.0346006155014038, -0.4954151511192322, -0.7894790768623352, 0.338315486907959, -0.6437457799911499, 0.1203366219997406, -0.18327610194683075, -0.37930989265441895, -0.8195638656616211, -0.5088312029838562, -0.4132259786128998, -0.08069929480552673, -0.5792803168296814, 0.18196332454681396, -0.5856577157974243, 0.01600419357419014, -1.113884687423706, -0.022120118141174316, -0.13945071399211884, 0.6740102767944336, 0.7981333136558533, 0.7277565598487854, -0.028034444898366928, -0.34100794792175293, -0.19852589070796967, -0.4364596903324127, -0.3348521590232849, -0.6083341836929321, -0.641528844833374], [-0.22419357299804688, 0.21229016780853271, 0.36004331707954407, 0.0050374604761600494, -0.2138247936964035, -0.34340590238571167, -0.021307144314050674, -0.5876510143280029, 0.006337631493806839, -0.7512683868408203, -0.528991162776947, -0.49575167894363403, -0.2745457887649536, -0.44706711173057556, 0.11267971992492676, 0.05303116515278816, 0.27226749062538147, -0.5962308645248413, 0.03985690698027611, 0.0858326107263565, -0.22204044461250305, -0.3546818196773529, -0.1437806487083435, 0.6928407549858093, 0.06004364416003227, 0.21552571654319763, -0.1239248663187027, -0.28256669640541077, -1.2280234098434448, -0.5409888625144958, -0.8729378581047058, -0.2558451294898987]], [[0.04530959576368332, 0.4079364836215973, 0.44977396726608276, -0.38143327832221985, 0.05661020055413246, -0.4876125752925873, 0.6579837799072266, -0.15008726716041565, 0.24820056557655334, -0.19266706705093384, 0.0400264747440815, -0.6588344573974609, -0.11437059938907623, -0.5049461126327515, 0.6594377756118774, -0.46748819947242737, -0.1109963208436966, -0.49049142003059387, -0.15884825587272644, 0.020086955279111862, -0.16440166532993317, -0.13979367911815643, 1.043237566947937, 0.41643455624580383, 0.42644786834716797, 0.08875444531440735, 0.04273137450218201, 0.13395391404628754, -0.22990798950195312, -0.08098761737346649, 0.29266953468322754, -0.19070440530776978], [-0.2668296992778778, -0.8011705875396729, -0.20954781770706177, -0.40039360523223877, -0.5671783685684204, -1.1943647861480713, -0.5929770469665527, -1.1298755407333374, -0.11642058193683624, -1.097654104232788, -0.7620404958724976, -0.98066246509552, -0.7310688495635986, -0.7056320905685425, -0.3774357736110687, -0.5842258930206299, -0.5544589757919312, -1.0707343816757202, -0.45428207516670227, -0.7457551956176758, -0.6389979124069214, -0.723955512046814, -0.8791427612304688, -1.3635916709899902, -1.0994610786437988, -0.940814733505249, -0.07780827581882477, -0.1969725489616394, -0.7833209037780762, -0.6010174751281738, -0.5070010423660278, -0.16619731485843658]], [[0.1653723120689392, -1.0974349975585938, -0.0077555179595947266, -1.0079190731048584, 0.02508043497800827, -1.7644844055175781, -0.2769309878349304, -0.8251955509185791, 0.33055827021598816, -0.5203135013580322, 0.054826684296131134, -0.9330421686172485, -0.22538357973098755, -0.5946130156517029, -0.22555390000343323, -0.9077109694480896, 0.04759765416383743, -0.4508242905139923, -0.03447769582271576, -1.252522349357605, -0.027171149849891663, -0.1479603350162506, 0.02340049296617508, -0.4856022000312805, 0.351875901222229, -0.3976670801639557, -0.44507676362991333, -0.06771176308393478, -0.25748488306999207, -0.04313637688755989, -0.3685251772403717, -0.107232466340065], [0.5078380703926086, -0.2139466553926468, -0.03242824971675873, -0.42154544591903687, -0.6555317640304565, -1.073128581047058, -0.38041627407073975, -1.1569746732711792, 0.09185036271810532, -1.6075799465179443, -0.7400609254837036, -1.286705732345581, -0.6555071473121643, -0.6580793857574463, -0.6074603199958801, -0.7922075390815735, -0.4055282175540924, -1.7828102111816406, -0.5897155404090881, -1.041330337524414, -0.2558121979236603, -0.6532437205314636, -0.7639034390449524, -0.5627084970474243, -0.49953794479370117, 0.45682409405708313, 0.00305803120136261, 0.3900385797023773, -0.01038043200969696, 0.37676599621772766, -0.2891263961791992, 0.4643714129924774]], [[0.3260704278945923, 0.18250930309295654, 0.7201887369155884, 0.2750582993030548, 0.4310283958911896, 0.6723955869674683, 0.7003037929534912, 0.6655992269515991, 0.059107705950737, 0.5702764987945557, 0.7247176170349121, 0.7326409816741943, 0.3392351269721985, 0.47372278571128845, 0.36488965153694153, 0.7412654161453247, -0.10039206594228745, 0.6819977760314941, 0.6221736669540405, 0.9240807294845581, 0.5763171911239624, 0.8632724285125732, 0.9602311849594116, 0.9532262086868286, 0.11204764246940613, 0.6797465085983276, 0.3780129849910736, 0.36623719334602356, 0.5766738653182983, 0.6893857717514038, 0.2959740161895752, 0.23074743151664734], [-0.20317618548870087, 0.0897238552570343, 0.0153626948595047, 0.22437620162963867, 0.23666515946388245, 0.06613464653491974, 0.07224512100219727, 0.2152310311794281, -0.1537974327802658, 0.0007644742727279663, 0.06965537369251251, -0.06463150680065155, -0.14576920866966248, -0.4796880781650543, -0.23173430562019348, -0.0848119780421257, -0.3590189516544342, 0.1667812466621399, 0.038834378123283386, -0.16698984801769257, -0.05625387281179428, -0.0027035772800445557, -0.17161433398723602, -0.4477222263813019, -0.3195227384567261, -0.23953521251678467, 0.12335637211799622, -0.1356843262910843, -0.21586796641349792, -0.11845911294221878, -0.17364893853664398, -0.15969043970108032]], [[0.3120657205581665, -0.19267520308494568, 0.589506983757019, 0.007980840280652046, 0.47568681836128235, -0.39285412430763245, 0.36159658432006836, -0.03119136020541191, -0.20803578197956085, -0.317943274974823, 0.42319321632385254, -0.016748130321502686, 0.46336600184440613, 0.21848663687705994, 0.7525748014450073, 0.2728118896484375, -0.14319352805614471, 0.18925867974758148, 0.38153964281082153, 0.9027591943740845, 0.35739341378211975, 0.36592403054237366, -0.07335508614778519, 0.015978585928678513, -0.6527013778686523, 0.21323589980602264, 0.9887183904647827, 0.21950173377990723, 0.2230401486158371, 0.19353479146957397, 0.8031754493713379, 0.27128738164901733], [-0.051513008773326874, 0.7295701503753662, 0.1170952320098877, 0.1671612709760666, 1.0733593702316284, 0.8796309232711792, 0.4181009531021118, 0.6641309261322021, -0.0658959373831749, 0.8535720109939575, 0.5925889015197754, 0.8790692090988159, 0.6741670370101929, 1.0745445489883423, 0.7802906036376953, 0.2740437984466553, 0.3871373236179352, 1.1649824380874634, 0.7080855369567871, 0.7322660684585571, 0.8155946731567383, 0.8234883546829224, 0.6853227615356445, 0.802278995513916, 0.39022302627563477, 0.5697652101516724, 0.13918337225914001, 0.027127642184495926, 0.972614049911499, 0.4993719756603241, 1.2288007736206055, -0.009598176926374435]], [[0.5270660519599915, 0.9989829063415527, 0.8519992828369141, 1.0827168226242065, 0.858608067035675, 1.7195770740509033, 0.9438150525093079, 1.0264523029327393, 1.1004756689071655, 1.515178918838501, 1.160806655883789, 1.668322205543518, 1.1038354635238647, 0.848534107208252, 1.4119001626968384, 1.3113383054733276, 0.6794779300689697, 1.5433909893035889, 0.8337129354476929, 1.866665244102478, 0.7170801758766174, 0.9402632117271423, 1.642350435256958, 1.2843905687332153, 1.4724483489990234, 1.498355507850647, 1.888255000114441, 1.2564243078231812, 0.9997066259384155, 0.5574460625648499, 0.9920799136161804, 0.6939809322357178], [0.275459885597229, 0.8575717806816101, 0.5298887491226196, 0.7705111503601074, 0.9219065308570862, 1.5406923294067383, 0.7987059354782104, 0.9959710836410522, 0.3300809860229492, 1.6666933298110962, 1.0280510187149048, 1.1989693641662598, 0.7739730477333069, 1.2227483987808228, 0.760606586933136, 0.578924298286438, 0.9060894250869751, 1.8785943984985352, 0.9354649782180786, 1.1473602056503296, 0.6971024870872498, 1.1443771123886108, 0.8207402229309082, 0.6204173564910889, 0.6775400638580322, 0.51434326171875, 0.6563887596130371, 0.2851642072200775, 0.675366997718811, 0.30657851696014404, 1.1687382459640503, 0.19849669933319092]], [[-0.8226918578147888, -1.620978593826294, -1.0319260358810425, -0.8670699000358582, -0.5682467818260193, -1.231530785560608, -0.4848000109195709, -0.8733676075935364, -0.48463115096092224, -0.602087676525116, -0.8470513224601746, -0.8345105648040771, -0.6934108138084412, -0.8664385080337524, -0.16194495558738708, -0.6277150511741638, -0.6683601140975952, -1.4335874319076538, -0.8313712477684021, -1.131016492843628, -0.6202258467674255, -0.615045428276062, -0.4194071888923645, -0.7316213250160217, -1.4445545673370361, -1.3045237064361572, -1.71149480342865, -1.0812238454818726, -0.8598833680152893, -0.9422550797462463, -0.920559287071228, -0.5798282623291016], [-0.2428475022315979, -1.1214618682861328, -0.750146210193634, -0.666878879070282, -1.0742290019989014, -0.9592985510826111, -0.9182309508323669, -0.7319880723953247, -0.45619601011276245, -0.9060385823249817, -1.2422879934310913, -0.5953013300895691, -1.3337087631225586, -1.8875230550765991, -1.243733286857605, -0.9522650837898254, -1.5786787271499634, -1.5780953168869019, -1.447859287261963, -1.2024630308151245, -1.4768712520599365, -1.3927587270736694, -2.145423650741577, -1.7589185237884521, -1.7618085145950317, -0.24570772051811218, -0.6718852519989014, -0.28368645906448364, -0.38114604353904724, -0.621477484703064, -0.8237428665161133, -0.32728543877601624]], [[0.36706894636154175, -0.3301789164543152, 0.5022086501121521, -0.1405305117368698, 0.4385199546813965, -1.0551540851593018, 0.22459262609481812, -0.25366973876953125, 0.14284589886665344, -0.12128420174121857, 0.3980834484100342, 0.21271765232086182, 0.20055034756660461, -0.0675460547208786, -0.40114712715148926, 0.26719725131988525, 0.20174819231033325, 0.05631221830844879, 0.3798498809337616, 0.2366098165512085, 0.5737342238426208, 0.250019907951355, -0.0204705148935318, 0.7109091281890869, -0.8355395793914795, 0.14282342791557312, 1.164759874343872, 0.039087966084480286, 0.3031897246837616, 0.12560078501701355, 0.3840290904045105, -0.16162283718585968], [0.6142533421516418, 0.049068182706832886, 0.24137461185455322, 0.18903522193431854, 0.23571144044399261, -0.2836758494377136, 0.09170536696910858, -0.037175387144088745, 0.3908466696739197, -0.14856098592281342, 0.32254040241241455, -0.03935101628303528, 0.04148095101118088, -0.44916200637817383, -0.020390838384628296, 0.008805498480796814, -0.15898536145687103, -0.34287774562835693, -0.4671497344970703, -0.2525889277458191, -0.46385717391967773, -1.009414792060852, -0.37313729524612427, -0.08574660122394562, -0.22992049157619476, -0.6444407105445862, 0.4458646774291992, 0.5816677808761597, 0.22836680710315704, 0.2815488874912262, 1.0020790100097656, 0.6230375170707703]], [[-0.2841373383998871, -0.7028694152832031, -0.28256580233573914, -0.5561675429344177, -0.21746772527694702, -1.2035318613052368, -0.33251357078552246, -0.4510110020637512, -0.6678079962730408, -1.0128767490386963, 0.07974136620759964, 0.2103659212589264, 0.11748933047056198, -0.2773270308971405, 0.38406646251678467, -0.18341991305351257, -0.6769723892211914, -0.4549255967140198, -0.3005048334598541, -0.5137260556221008, -0.08034670352935791, -0.08797648549079895, -0.3387027382850647, -0.32606858015060425, -2.336366653442383, -0.6297025084495544, 0.5071626305580139, -0.04456762969493866, -0.10076162219047546, -0.24437656998634338, -0.028275012969970703, -0.029835641384124756], [0.11209045350551605, -0.05213502049446106, 0.16592931747436523, 0.11868449300527573, 0.10920918732881546, -0.280555784702301, 0.1961192637681961, 0.0773104727268219, -0.17862474918365479, -0.14899298548698425, 0.1611081063747406, 0.47287365794181824, 0.5780608654022217, 0.3887329697608948, 0.47153550386428833, 0.1735503226518631, 0.27815136313438416, 0.3567734956741333, 0.1511543244123459, 0.2251979112625122, 0.6694808602333069, 0.29569771885871887, -0.37249451875686646, -0.6843318343162537, 0.39015182852745056, 0.9098222851753235, 0.060519322752952576, 0.04775756597518921, 0.06062230467796326, 0.32442396879196167, 0.24495352804660797, 0.11526107788085938]], [[0.05702194944024086, -0.8362256288528442, -0.35917893052101135, -0.8427107930183411, -0.04878605157136917, -0.860833466053009, 0.24124495685100555, -0.6898109912872314, -0.28884419798851013, -0.5817044973373413, -0.17605821788311005, -0.7296604514122009, -0.5402444005012512, -0.5677714943885803, 0.24760299921035767, -1.3807281255722046, 0.5067704916000366, -1.1373354196548462, -0.384198933839798, -1.419023871421814, -0.4503008723258972, -0.28693240880966187, -0.04754035919904709, 0.38381120562553406, -0.22965416312217712, -0.971556544303894, -1.8426868915557861, -0.17383447289466858, -0.7591277360916138, -0.3925326466560364, -1.3548626899719238, -0.4213646650314331], [-0.2073005884885788, -0.07620701938867569, -0.0786212682723999, -0.12240725010633469, 0.3018336296081543, -0.040026456117630005, -0.170200914144516, -0.19987332820892334, -0.09528033435344696, -0.30971118807792664, -0.1540752649307251, -0.06510194391012192, 0.15485483407974243, -0.5264788269996643, 0.032773133367300034, 0.21432726085186005, -0.20012491941452026, -0.5791000723838806, -0.18189109861850739, -0.1293865144252777, 0.1418842226266861, 0.30802983045578003, -0.4032510221004486, -0.7962371110916138, -0.5511256456375122, -0.40633174777030945, -0.11846422404050827, -0.10220596194267273, -0.687211275100708, -0.28765544295310974, -0.965520441532135, -0.09755517542362213]], [[-0.5556578636169434, -0.5454001426696777, -0.2669534385204315, -0.7823668718338013, -0.39154115319252014, -0.4144883453845978, -0.19842812418937683, -0.4343261420726776, 0.544893741607666, -0.03915366530418396, 0.01903003454208374, -0.5119084119796753, 0.060906797647476196, -0.41798391938209534, 0.33285507559776306, 0.4298174977302551, -0.4569699466228485, 0.039981454610824585, -0.5101256370544434, -0.39126238226890564, -0.4448576867580414, 0.11539491266012192, 0.9302791357040405, 1.1692060232162476, 0.7557830810546875, -0.5089662075042725, -0.975353479385376, -0.47696366906166077, -0.8069082498550415, -0.3422017991542816, -0.7308467626571655, -0.5656099319458008], [-0.007111698389053345, -0.21253404021263123, -0.0358695387840271, -0.06564369797706604, -0.5279282331466675, -0.21341219544410706, -0.2400836944580078, 0.10912483185529709, 0.02920430898666382, -0.2693279981613159, -0.2592020034790039, -0.47254183888435364, -0.46362873911857605, -0.5313912630081177, -0.053246840834617615, -0.31600359082221985, -0.20956599712371826, -0.5753312110900879, -0.49282822012901306, -0.7429343461990356, -0.5418823957443237, 0.2237444669008255, 0.13446030020713806, -0.07628819346427917, 0.32263633608818054, 0.2612725794315338, -0.5225269794464111, -0.03454087674617767, -0.6849372386932373, -0.2703695595264435, -0.5425460338592529, -0.01052798330783844]], [[-0.2778577506542206, -1.1590986251831055, -0.2866993248462677, -0.8803904056549072, -0.38410383462905884, -0.9074779152870178, -0.22312800586223602, -0.7392340302467346, -0.5182580947875977, -0.7160329222679138, -0.8253992199897766, -0.7441310882568359, -0.2363205850124359, -0.6433829069137573, -0.152200847864151, -0.8291038274765015, -0.49972960352897644, -0.988114058971405, -0.17503806948661804, -0.6087007522583008, 0.13284876942634583, 0.025778919458389282, -0.7570114731788635, -0.8257737159729004, -1.7560800313949585, -0.9973049759864807, -0.652667224407196, -0.116020567715168, -0.092092365026474, -0.28626465797424316, -0.4932290017604828, -0.3461344838142395], [-0.06750521063804626, -0.296507865190506, -0.2768324017524719, -0.22149717807769775, -0.3806386888027191, -0.727579653263092, -0.10837061703205109, 0.013541772961616516, -0.18235331773757935, -0.30172890424728394, -0.02318333089351654, -0.20969973504543304, -0.11576142907142639, -0.4491623640060425, -0.2325652539730072, -0.21789991855621338, -0.04320741444826126, -0.46410566568374634, -0.3761632442474365, -0.388711541891098, -0.0886717140674591, -0.0021849125623703003, -0.43805861473083496, -0.38269510865211487, 0.029507532715797424, -0.23372644186019897, 0.06431299448013306, -0.047773487865924835, 0.17590761184692383, -0.17793156206607819, 0.11430180072784424, -0.023519396781921387]], [[-0.6321448087692261, -0.47687941789627075, -0.5679950714111328, -0.4411177635192871, -0.2532866299152374, -0.12724816799163818, -0.006839007139205933, -0.07823116332292557, -0.041205450892448425, 0.18070261180400848, 0.3182751536369324, 0.0538811981678009, -0.22046738862991333, -0.06690099090337753, 0.3123771548271179, 0.43681448698043823, 0.18396492302417755, 0.057312414050102234, -0.2248706817626953, -0.5866429209709167, -0.3959358036518097, 0.05328275263309479, 0.6976670026779175, 0.49122852087020874, 0.1915779858827591, 0.07496301829814911, -0.4919673204421997, -0.23761963844299316, -0.34063437581062317, -0.15369407832622528, -0.5420963764190674, -0.4339755177497864], [0.03284008800983429, -0.08599742501974106, -0.4086303114891052, 0.030294090509414673, -0.45223724842071533, 0.06449428200721741, -0.31525662541389465, -0.24681150913238525, -0.025827988982200623, 0.5506776571273804, -0.1622476875782013, 0.175039604306221, -0.45609813928604126, -1.0656771659851074, -0.09558261185884476, 0.30521857738494873, -0.44349855184555054, 0.5947007536888123, -0.5721632242202759, -0.34067368507385254, -0.24335283041000366, 0.03180009126663208, -0.3324739933013916, -0.2846221923828125, -0.2600289285182953, 0.05782049894332886, -0.01902170479297638, 0.08616088330745697, 0.5989893674850464, 0.21149124205112457, 0.15248019993305206, 0.03453119099140167]], [[-0.6895655393600464, -0.5265783667564392, -0.6899661421775818, -0.8043875098228455, -1.4264572858810425, -1.4363055229187012, -1.3627382516860962, -0.9138299226760864, -0.9756304025650024, -1.1586405038833618, -1.0887036323547363, -1.1429375410079956, -0.9631830453872681, -0.6402667760848999, -1.2791895866394043, -0.8190357089042664, -0.6817250847816467, -0.7361448407173157, -0.9475472569465637, -0.7246121764183044, -0.9370274543762207, -0.7008262872695923, -1.568806767463684, -1.4478800296783447, -1.8875751495361328, -0.685912013053894, -1.0465744733810425, -1.1872259378433228, -0.9384608864784241, -0.7476234436035156, -1.1693956851959229, -0.8389908671379089], [0.25787538290023804, -0.4218481779098511, -0.314378947019577, -0.2623838186264038, -0.8395978808403015, -0.9936996698379517, -0.31902819871902466, -0.6572548151016235, -0.16217142343521118, -0.7089675068855286, -0.4347451329231262, -0.7501058578491211, -0.5635699033737183, -0.4836982190608978, -0.6387824416160583, -0.3516072630882263, -0.4057707190513611, -0.28171390295028687, -0.6929883360862732, -0.7844926714897156, -0.42710113525390625, -0.8425034284591675, -0.7072850465774536, -0.7275393009185791, -0.1379561573266983, -1.7305184602737427, -0.5093096494674683, 0.17077887058258057, -0.5093327760696411, -0.07555379718542099, -0.20609909296035767, 0.13227681815624237]], [[0.4650908410549164, 0.1600014716386795, 0.9467406868934631, 0.1387871503829956, 0.5413411259651184, 0.11034706979990005, 0.11246296763420105, 0.06348512321710587, 0.9072659611701965, 0.43993449211120605, 0.8951854109764099, 0.3220236003398895, 0.4417478144168854, 0.20939287543296814, 0.0683371052145958, 1.0741249322891235, 0.16982832551002502, 0.7475600242614746, 0.6103359460830688, 0.18492025136947632, 0.6557860970497131, 0.8274941444396973, 0.17564263939857483, -0.048188287764787674, -0.6383013129234314, 0.026138465851545334, 0.3554731607437134, 0.0821220725774765, 0.42567571997642517, 0.40593576431274414, 0.49975094199180603, 0.14712375402450562], [-0.13776656985282898, 0.38080161809921265, 0.21368932723999023, 0.23453357815742493, 0.8684540390968323, 0.45629554986953735, 0.2695452570915222, 0.8498031497001648, 0.3986935019493103, 1.0537174940109253, 0.47129276394844055, 0.7538805603981018, 0.7246896624565125, 0.3425004780292511, 0.37297916412353516, 0.3854643702507019, 0.3426832854747772, 1.222465991973877, 0.3227071166038513, 0.4355475604534149, 0.3934125304222107, 1.1536705493927002, 0.05235442519187927, 0.19048771262168884, 0.01395544782280922, 1.601312279701233, 0.04198428988456726, -0.08135132491588593, 0.45691466331481934, 0.42832985520362854, 0.9443508386611938, -0.08467882871627808]], [[-0.13867996633052826, -0.4621735215187073, -0.08458437025547028, -0.01152127981185913, 0.3907749652862549, -0.007285907864570618, 0.5042046904563904, 0.13435262441635132, 0.295522004365921, 0.07188886404037476, 0.3126513957977295, 0.25779470801353455, 0.5790271162986755, -0.12399829924106598, 0.7775043249130249, 0.2323700189590454, 0.5192567706108093, -0.13012374937534332, 0.04159943759441376, -0.036780551075935364, 0.3257896304130554, 0.2819523513317108, -0.08573128283023834, 0.9899171590805054, 0.5551111698150635, -0.11266623437404633, 0.2622791528701782, 0.2269616276025772, 0.4634156823158264, 0.21059322357177734, 0.3779687285423279, 0.40979111194610596], [0.22549094259738922, -0.25417596101760864, 0.038452744483947754, 0.0025920122861862183, 0.18347716331481934, -0.2113567441701889, 0.20475707948207855, -0.1766004115343094, -0.03157542645931244, -0.4026271104812622, 0.030168667435646057, -0.14928080141544342, 0.09287033975124359, -0.20149268209934235, 0.13350386917591095, -0.17668934166431427, -0.13965363800525665, -0.3998368978500366, -0.27706801891326904, -0.68550705909729, -0.25054723024368286, -0.4061563014984131, -0.18935255706310272, -0.40446627140045166, -0.20881672203540802, -0.834231972694397, 0.24229782819747925, 0.2280353158712387, 0.2681552469730377, 0.3887074589729309, 0.2982289493083954, 0.2336854785680771]], [[-0.29127436876296997, -1.2058748006820679, -0.26191839575767517, -0.4954979419708252, -0.3835166096687317, -1.0239702463150024, -0.6234460473060608, -0.5270519256591797, -0.08175115287303925, -0.3211458921432495, -0.6931887865066528, -0.5514288544654846, -0.1761852204799652, -0.45701026916503906, -1.1005784273147583, -1.5263913869857788, 0.12289068102836609, -0.8201344609260559, -0.4399053454399109, -0.9417049884796143, -0.3332778215408325, -0.4101099967956543, -0.5434945225715637, -1.341686725616455, -1.3513883352279663, -1.133191704750061, -0.2817288637161255, -0.45716410875320435, -0.15712007880210876, -0.42475271224975586, -0.39900898933410645, -0.6063607931137085], [-0.33075663447380066, -0.5631980299949646, -0.35543641448020935, -0.6289389133453369, -0.3068189024925232, -0.5595932602882385, 0.03607931733131409, -0.36616238951683044, -0.41843223571777344, -0.5830090641975403, -0.1703965812921524, -0.20567387342453003, -0.18894001841545105, 0.16822998225688934, -0.10851465165615082, -0.5993494987487793, -0.09599125385284424, -0.867566704750061, -0.25066033005714417, -0.37149912118911743, 0.176597461104393, 0.23076443374156952, 0.6937177181243896, 0.16342057287693024, -0.4079393744468689, -1.201123833656311, -0.469587504863739, -0.3193216025829315, -0.4634796380996704, -0.25549209117889404, -0.749538779258728, -0.2657095193862915]], [[-0.3047592043876648, -0.7476672530174255, -0.4385671019554138, -0.4830329418182373, -0.008665628731250763, -0.7919073700904846, -0.2562549114227295, -0.31429237127304077, -0.3480980396270752, -0.05951647460460663, -0.20575933158397675, -0.32034367322921753, -0.49015510082244873, -0.3882793188095093, -0.781445324420929, -0.5838569402694702, -0.82717365026474, -0.6025025844573975, -0.22842557728290558, -0.4360666275024414, -0.054752007126808167, 0.1301346868276596, 0.02487042546272278, -0.022620953619480133, -1.3959527015686035, -0.2969636917114258, 0.17358297109603882, -0.5966982245445251, -0.13867682218551636, -0.3620571494102478, 0.04941197857260704, -0.3721855878829956], [-0.16336055099964142, -0.37387561798095703, -0.5722249746322632, -0.3494613766670227, -0.5414355397224426, -0.5606281757354736, -0.38721537590026855, -0.5009192824363708, -0.3433508276939392, -0.2754145860671997, -0.5128645896911621, -0.4178381562232971, -0.4292528033256531, -0.6571516990661621, -0.5073687434196472, -0.41575247049331665, -0.5322577357292175, -0.46636176109313965, -0.6527701020240784, -0.5458683967590332, -0.512332022190094, -0.5627390146255493, -0.19674144685268402, -1.1312111616134644, -1.1299772262573242, -0.9191177487373352, -0.5687646269798279, -0.24002628028392792, -0.5479200482368469, -0.687143862247467, -0.4446296691894531, -0.23354847729206085]], [[0.29497402906417847, 0.652079164981842, 0.2954486608505249, 1.205553650856018, 0.15645505487918854, 1.133392095565796, 0.05345866456627846, 0.35466480255126953, 0.5518038868904114, 0.38682126998901367, 0.09015549719333649, 0.641974925994873, 0.4682549834251404, 0.7695136070251465, 0.31962060928344727, 0.8492287397384644, 0.8115518093109131, 0.6815956830978394, 0.4196060299873352, 1.1374926567077637, 0.2255387008190155, 0.317548930644989, 0.4677988886833191, 0.25650423765182495, 0.6681911945343018, -0.03585188835859299, 0.7121689319610596, 0.3917989134788513, 0.8502928614616394, 0.5614728927612305, 0.4059301018714905, 0.6688687801361084], [0.2897363007068634, 0.5813019275665283, 0.2965441942214966, 0.47951507568359375, 0.001895703375339508, 0.6865361928939819, 0.24659915268421173, 0.5451123118400574, 0.24693137407302856, 0.9407990574836731, 0.691291332244873, 0.585779070854187, 0.40389448404312134, 1.259753942489624, 0.4968917965888977, 0.5806595087051392, 1.1607178449630737, 1.048003077507019, 0.9841367602348328, 1.048797607421875, 0.4430215358734131, 0.42162269353866577, 0.04535078629851341, 0.5548406839370728, 0.5708737969398499, 0.18310850858688354, 0.5111947655677795, 0.25734251737594604, 0.3138201832771301, 0.3224879503250122, 0.4070891737937927, 0.3209543228149414]], [[0.02000698447227478, 0.1932287961244583, 0.6123712062835693, -0.06852801144123077, -0.05548402667045593, 0.27896925806999207, 0.016654565930366516, -0.27686363458633423, 0.191655233502388, 0.1311102956533432, 0.18156036734580994, 0.03917613625526428, 0.15871530771255493, -0.13818947970867157, 0.4057864546775818, 0.025292828679084778, 0.2972668409347534, 0.16660983860492706, 0.01395396888256073, 8.407235145568848e-05, -0.10201321542263031, -0.025274023413658142, 0.19884943962097168, -0.12201638519763947, 0.5453047752380371, 0.1893603652715683, 0.3111354112625122, -0.1986640840768814, -0.2784618139266968, -0.04186531901359558, -0.210093691945076, -0.313318133354187], [0.2293553501367569, 0.48837316036224365, 0.4879623055458069, 0.18895673751831055, 0.8826301097869873, 0.7699606418609619, 0.2696247696876526, 0.248349130153656, 0.1323094218969345, 0.5023482441902161, 0.5556562542915344, 0.43188709020614624, 0.5438591837882996, 0.9354848861694336, 0.5833079814910889, 0.2339426875114441, 0.6676903963088989, 0.7222474217414856, 0.6206881403923035, 0.4090847969055176, 0.7579095959663391, 1.404076337814331, 1.6209524869918823, 1.4416916370391846, 1.1258894205093384, 1.153538703918457, 0.28794461488723755, 0.19685041904449463, 0.07566674053668976, 0.3716123700141907, -0.25238925218582153, 0.20124125480651855]], [[-0.1440342366695404, 0.371583491563797, -0.1848781406879425, -0.17476555705070496, -0.026820242404937744, -0.26330164074897766, 0.5179507732391357, 0.3982086181640625, 0.5385727882385254, -0.06634482741355896, 0.30225223302841187, 0.20810800790786743, 0.022266894578933716, -0.08574527502059937, 0.15634681284427643, 0.059533700346946716, -0.22386816143989563, -0.1368466019630432, -0.18513274192810059, -1.039008617401123, -0.11225855350494385, 0.17696259915828705, 0.5127036571502686, 0.39884424209594727, 0.1848948895931244, 0.03255610167980194, 0.6901488900184631, -0.2931400239467621, -0.3106236159801483, 0.034203484654426575, 0.008491575717926025, -0.08923384547233582], [-0.21833333373069763, 0.11236019432544708, -0.27463796734809875, 0.008821874856948853, -0.5304739475250244, 0.18863016366958618, -0.25846657156944275, 0.33361589908599854, -0.37439408898353577, 0.455019474029541, -0.13433799147605896, 0.06543825566768646, -0.5900722742080688, -0.3307941257953644, -0.4063932001590729, -0.1694556474685669, -0.3240622580051422, 0.5574799180030823, -0.5969587564468384, -0.39443066716194153, -0.8802334070205688, -0.7251719236373901, -1.175508975982666, -1.0665823221206665, -0.601999044418335, -0.6745650768280029, -0.30702659487724304, -0.27224358916282654, -0.09111592173576355, -0.2744843065738678, 0.045678794384002686, -0.28481772541999817]], [[-0.05032232403755188, 0.021915435791015625, -0.3481573462486267, -0.19140511751174927, 0.312322735786438, 0.1866438239812851, 0.391211599111557, 0.25495535135269165, -0.226924329996109, 0.0004992634057998657, 0.10619165003299713, -0.5301685333251953, -0.01701037585735321, 0.2360948771238327, -0.21540257334709167, 0.3218774199485779, -0.7327412366867065, 0.10347472131252289, 0.08985082060098648, -0.5627231001853943, 0.7740334868431091, 0.7521603107452393, 1.4266688823699951, 1.7702248096466064, 0.63519287109375, 0.16632148623466492, 0.8522818684577942, -0.35171762108802795, 0.38587749004364014, 0.15965886414051056, 0.9007890820503235, 0.22234611213207245], [-0.046106159687042236, 0.7968871593475342, 0.23090451955795288, 0.590947151184082, 0.9936466217041016, 0.7676822543144226, 0.44327154755592346, 0.6065764427185059, 0.46849894523620605, 0.5266901254653931, 0.9719744324684143, 0.632036566734314, 0.7924636602401733, 0.39701157808303833, 0.5214860439300537, 0.8339537382125854, 0.37324005365371704, 0.9194706678390503, 0.6540811061859131, 0.7142916917800903, 0.6106232404708862, -0.5271626114845276, 0.7194659113883972, 0.6557350158691406, 0.6195080876350403, 0.8791197538375854, 0.2631496787071228, -0.00475427508354187, 0.9216086268424988, 0.5466172695159912, 1.4653681516647339, -0.02498340606689453]], [[-0.1598118543624878, 0.6166151165962219, -0.0023125987499952316, 0.1727890968322754, 0.3403944671154022, 0.6296355724334717, 0.24177253246307373, 0.3035970628261566, 0.5231368541717529, 1.053237795829773, 0.23117142915725708, 0.018753256648778915, 0.6805821061134338, 0.4013560116291046, -0.17201286554336548, 0.24974468350410461, 0.032637711614370346, 0.6156665086746216, -7.270462810993195e-05, 0.5174627304077148, 0.16988518834114075, 0.12066542357206345, 0.2848903238773346, 0.5291265249252319, 1.4428890943527222, 0.42495816946029663, 0.07597598433494568, 0.24272778630256653, 0.10515333712100983, 0.10342615097761154, 0.2089933156967163, 0.2199138104915619], [-0.03262097015976906, 0.14292123913764954, -0.24980074167251587, -0.05952192097902298, -0.5757664442062378, -0.3668271601200104, 0.05885167419910431, 0.021755505353212357, 0.11115892231464386, -0.018509715795516968, -0.13989931344985962, -0.3724702000617981, -0.48917755484580994, -0.42795103788375854, -0.11294142156839371, 0.02486608736217022, -0.1804671287536621, 0.540703535079956, -0.5418356657028198, -0.2941431999206543, -0.42574450373649597, -0.6879175305366516, -0.6521409153938293, -0.31613802909851074, 0.2366276979446411, -1.2916725873947144, 0.3745769262313843, -0.036744456738233566, -0.38563334941864014, 0.00854335818439722, 0.06216715648770332, -0.005344744771718979]], [[0.3743773400783539, 0.4253234565258026, 0.28207895159721375, 0.3748328983783722, 0.7286070585250854, 0.22541359066963196, 0.6103271245956421, 0.577896237373352, 0.8997359275817871, 0.5909169912338257, 0.39211907982826233, 0.15083688497543335, 0.6438665390014648, 0.08868399262428284, 0.7068568468093872, 0.26558563113212585, 0.46838751435279846, -0.05364768207073212, -0.029736310243606567, 0.4393227994441986, 0.3558368980884552, 0.2979106605052948, 0.6593903303146362, 0.7244358062744141, 0.5970674753189087, 0.20361796021461487, 0.5675386190414429, 0.41717472672462463, 0.5821727514266968, 0.17864826321601868, 0.48107996582984924, 0.33715787529945374], [0.3004484474658966, 0.21155768632888794, 0.18925920128822327, 0.3875577747821808, -0.05679738521575928, -0.14972686767578125, 0.3923746645450592, -0.17120452225208282, 0.3579130470752716, -0.24249930679798126, 0.18646851181983948, -0.19321781396865845, 0.005013138055801392, -0.4427889883518219, 0.10610970854759216, 0.27823594212532043, -0.018839076161384583, -0.8401265144348145, 0.10913807153701782, 0.019384771585464478, 0.08146405220031738, -0.4078942537307739, -0.3328036367893219, -0.04907098412513733, -0.6773591041564941, -1.0657238960266113, 0.3882443606853485, 0.2397182285785675, 0.5983752012252808, 0.21583020687103271, 0.1988186538219452, 0.23409390449523926]], [[-0.49512404203414917, 0.4900589883327484, -0.09581035375595093, -0.08140107244253159, 0.3250204622745514, -0.410152405500412, 0.3143594563007355, 0.062214210629463196, -0.10319039225578308, -0.5974781513214111, -0.17588376998901367, -0.48003000020980835, 0.18980340659618378, -0.3193305432796478, -0.37234026193618774, -0.09712513536214828, -0.22996705770492554, -0.18369607627391815, -0.0956784039735794, 0.12496619671583176, 0.41578927636146545, 0.04096405208110809, 0.9510138034820557, 0.8758842349052429, 0.04814646393060684, -0.16762860119342804, 0.2691371440887451, -0.4152502715587616, 0.03827860206365585, -0.24794387817382812, 0.27953872084617615, -0.1341371089220047], [-0.021088484674692154, -0.922599732875824, -0.6213998198509216, -0.6053452491760254, -0.7633427977561951, -0.8111445903778076, -0.8125928640365601, -0.7301270961761475, -0.35916510224342346, -1.4668887853622437, -0.8723320960998535, -1.1862919330596924, -1.2814258337020874, -1.713395595550537, -1.2028688192367554, -0.7851700782775879, -1.0115935802459717, -1.98313570022583, -1.290084719657898, -0.9404608607292175, -1.4694734811782837, -1.6750190258026123, -2.0305893421173096, -1.821228265762329, -1.4672338962554932, -1.6207813024520874, -0.4227030277252197, -0.0467037707567215, -0.9240258932113647, -0.4016677141189575, -0.5035448670387268, 0.013928413391113281]], [[-0.11137451231479645, 0.3992721438407898, 0.017289867624640465, -0.03809477388858795, 0.5119196176528931, 0.20175610482692719, 0.34395289421081543, 0.212320014834404, 0.2009800523519516, -0.14437496662139893, -0.03957301378250122, 0.20165254175662994, 0.2214609831571579, 0.02346295677125454, 0.3948647379875183, 0.49374181032180786, -0.2247474044561386, 0.2735177278518677, -0.0933421403169632, -0.06649735569953918, 0.37148553133010864, 0.2484908103942871, 1.0883817672729492, 0.9600657224655151, 1.8040560483932495, 0.5266349911689758, 0.24915340542793274, 0.0008929446339607239, 0.21286951005458832, 0.2278260886669159, 0.6825335025787354, 0.1447218358516693], [-0.04822814464569092, -0.346549928188324, -0.1679006665945053, -0.38607257604599, -0.3559876084327698, -0.2746901512145996, -0.2429937869310379, -0.29218679666519165, -0.22770707309246063, -0.4021499752998352, -0.4052175283432007, -0.4365519881248474, -0.43754345178604126, -0.4019063115119934, -0.5004028677940369, -0.41080713272094727, -0.1936538964509964, -0.4194566011428833, -0.297052264213562, -0.02227465808391571, -0.4147012233734131, 0.375759482383728, -0.4661096930503845, -0.3671170473098755, -0.2483796626329422, -0.870507538318634, 0.052120257169008255, -0.00712333619594574, -0.3819369077682495, -0.15336336195468903, -0.028634287416934967, -0.06402408331632614]], [[0.6587746143341064, -0.0877905786037445, 0.5994676351547241, 0.032459408044815063, 0.42498621344566345, -0.012760937213897705, 0.727770984172821, 0.06837815046310425, -0.2408493459224701, -0.0019966959953308105, 0.6393222808837891, -0.024399101734161377, 0.3812950849533081, 0.25935378670692444, 0.8792572021484375, 0.05622577667236328, 0.1873190850019455, -0.24367043375968933, 0.16653671860694885, -0.04748743772506714, 0.26274800300598145, 0.6484677791595459, 0.6117823719978333, 0.8820993900299072, 0.2904508113861084, 0.11573544144630432, -0.34537914395332336, 0.2851274907588959, -0.0958578884601593, 0.11147481203079224, -0.4204429090023041, 0.07264916598796844], [0.03967311978340149, 0.4087833762168884, 0.46182751655578613, 0.24555134773254395, 0.17172466218471527, 0.2961558997631073, 0.2649807929992676, 0.3661261200904846, 0.1292632520198822, -0.16370615363121033, 0.32316112518310547, -0.18419456481933594, 0.11256276071071625, 0.22918547689914703, 0.11822241544723511, 0.2867603302001953, 0.2286854088306427, 0.1569460928440094, 0.33024731278419495, 0.20405560731887817, 0.22833400964736938, 0.4222109913825989, -0.035539716482162476, 0.10922758281230927, 0.29868054389953613, 0.6964420080184937, 0.2615159749984741, 0.12163147330284119, -0.04505646228790283, 0.3119126856327057, -0.2555443346500397, 0.1150783896446228]], [[0.29599258303642273, 0.11582973599433899, 0.017189711332321167, 0.47199785709381104, 0.005947187542915344, 0.29926422238349915, 0.17949074506759644, 0.39408576488494873, 0.42708253860473633, 0.5028291940689087, 0.5817421674728394, 0.37998759746551514, 0.009958967566490173, 0.45985251665115356, 0.4130478501319885, 0.11978533864021301, 0.9678228497505188, 0.13739001750946045, 0.32561132311820984, 0.6828280687332153, 0.28094372153282166, 0.5413756966590881, 0.17654263973236084, 0.7566046118736267, 0.9856751561164856, 0.8246434926986694, 0.1896345019340515, 0.46495604515075684, 0.15652555227279663, 0.28596121072769165, -0.20342159271240234, 0.5013834834098816], [0.010454133152961731, 0.6339373588562012, 0.6436640024185181, 0.4596303105354309, 0.9832077622413635, 0.9964825510978699, 0.5254082083702087, 0.5510128140449524, 0.6169427037239075, 1.0066285133361816, 0.6211374402046204, 0.7208212018013, 0.6499959826469421, 0.5752131938934326, 0.6540157794952393, 0.5653296709060669, 0.659623920917511, 0.8238071799278259, 0.6221458315849304, 0.48417091369628906, 0.6038963794708252, 0.9001546502113342, 0.29598894715309143, 0.2252030074596405, 0.5223552584648132, 0.5529880523681641, 0.35017651319503784, 0.04363921284675598, 0.03740130364894867, 0.07655037939548492, 0.5331737399101257, 0.05717100203037262]], [[0.16966548562049866, -0.08687486499547958, 0.04942866042256355, -0.2834072411060333, -0.2435707449913025, -0.05639500916004181, 0.12809592485427856, 0.10026083886623383, -0.42035070061683655, 0.045771725475788116, 0.13875257968902588, 0.11834190040826797, -0.3192615509033203, 0.2680695950984955, -0.4415319859981537, -0.062323398888111115, -0.28296348452568054, 0.0540650300681591, -0.011478565633296967, -0.17645695805549622, -0.051619596779346466, 0.05277364328503609, -0.3602418601512909, 0.1204436868429184, 0.2799154818058014, 0.05595402419567108, 0.2825902998447418, 0.6135942935943604, 0.044460542500019073, 0.01064305379986763, -0.016045205295085907, 0.07458924502134323], [-0.1694640815258026, 0.194574236869812, 0.15811413526535034, 0.22406744956970215, 0.19664764404296875, 0.48791858553886414, 0.22789064049720764, 0.7092446684837341, 0.22258472442626953, 0.5375548601150513, -0.17200851440429688, 0.4631108343601227, -0.17273366451263428, -0.2668585181236267, -0.2577148377895355, 0.46634018421173096, -0.07393806427717209, 0.9383987188339233, -0.008742406964302063, 0.41599345207214355, -0.18754732608795166, -0.1850767731666565, -0.43035566806793213, -0.8711163997650146, 0.2039007544517517, -0.06848280876874924, 0.12499822676181793, -0.18421772122383118, 0.6814478635787964, 0.44870224595069885, 0.23584619164466858, -0.2304609715938568]], [[-0.44497281312942505, -1.0415536165237427, -0.8250882029533386, -0.5508143901824951, -0.9651004076004028, -0.9727458953857422, -0.15603342652320862, -0.7444408535957336, -0.5213728547096252, -0.4362420439720154, -0.6434586644172668, -1.7138272523880005, -1.2942801713943481, -0.549479603767395, -0.12381366640329361, -1.3257824182510376, -0.03867840766906738, -0.5747876763343811, -0.6352646350860596, -0.804604172706604, -0.8297560811042786, -0.4816270172595978, -0.09412972629070282, -0.518452525138855, -0.19245098531246185, -0.6529714465141296, -2.0661535263061523, -0.4880183935165405, -0.9359446167945862, -0.6278635859489441, -1.563310146331787, -0.5692157745361328], [-0.19262999296188354, 0.08276446163654327, 0.2667626142501831, -0.1234261766076088, -0.082490935921669, 0.018335863947868347, -0.0705038458108902, -0.7357373833656311, -0.15731550753116608, -0.26834428310394287, 0.026668474078178406, -0.6031528115272522, 0.07378135621547699, 1.030056118965149, 0.16408737003803253, -0.1518562287092209, 0.6143603920936584, -0.15155825018882751, 0.4324500560760498, 0.3682909607887268, 0.27380335330963135, 0.33641451597213745, 1.4771218299865723, 1.9917848110198975, 0.6638053059577942, -0.11887899786233902, -0.10032935440540314, -0.11686316132545471, -1.0744125843048096, -0.488484263420105, -1.4364697933197021, -0.12281190603971481]], [[0.23690176010131836, 0.09884566068649292, 0.27680593729019165, -0.055773600935935974, 0.4666566848754883, -0.6451060771942139, 0.5816395878791809, -0.20447659492492676, -0.028486624360084534, -0.22573885321617126, 0.5676573514938354, 0.2859298586845398, 0.5089623928070068, 0.23900538682937622, 0.3513984978199005, -0.14468881487846375, 0.08413057774305344, -0.4578187167644501, 0.0008799433708190918, 0.5627846121788025, 0.41016238927841187, -0.13261735439300537, 0.18573099374771118, -0.09920917451381683, 0.7387079000473022, 0.29487740993499756, 0.7542283535003662, 0.7723907232284546, 0.09309813380241394, 0.1307612955570221, 0.6255178451538086, 0.4857012927532196], [-0.1809127926826477, -0.35800042748451233, 0.2620704770088196, -0.17885351181030273, -0.46778276562690735, -0.36376944184303284, 0.15436328947544098, -0.18939539790153503, 0.1315382719039917, -0.6251288652420044, 0.08325163275003433, -0.352113276720047, -0.1435447335243225, -0.19092237949371338, -0.10186395049095154, -0.24084830284118652, 0.07538363337516785, -1.023409366607666, -0.08978356420993805, -0.5133957862854004, -0.47726139426231384, -0.8257372379302979, -0.7436548471450806, -0.7042251825332642, -0.02909061312675476, -1.6702311038970947, 0.18611420691013336, -0.08337937295436859, -0.4258280098438263, -0.15416228771209717, 0.15154193341732025, -0.1619638204574585]], [[0.703712522983551, 0.6672096252441406, 0.8867409825325012, 0.9847174286842346, 0.29891854524612427, 0.7061381936073303, -0.04263915866613388, 0.6751516461372375, 0.1742725968360901, 0.7473997473716736, 0.10895061492919922, 0.9572012424468994, 0.7689372301101685, 1.1543382406234741, 0.1784987449645996, 1.3831403255462646, 0.20913438498973846, 0.9095027446746826, 0.895439088344574, 1.2022813558578491, 0.6005544662475586, 0.0994730144739151, -0.9700151085853577, -0.720065176486969, -0.2518734037876129, 0.597854495048523, 1.0282436609268188, 0.3804847300052643, 0.6771842241287231, 0.738450288772583, 0.8940879106521606, 0.893592894077301], [0.032269928604364395, 0.6218565702438354, 0.728407621383667, 0.6388828158378601, 0.8940461874008179, 0.849724292755127, 0.6313827037811279, 0.6364510655403137, 0.5406356453895569, 1.060325026512146, 0.9046574234962463, 0.805502712726593, 0.9906654953956604, 1.0312243700027466, 0.9758135676383972, 0.40772321820259094, 0.7258479595184326, 1.15780508518219, 0.420553058385849, 0.6429345011711121, 0.8273163437843323, 0.8963650465011597, 0.6592861413955688, 0.4896489381790161, -0.19049973785877228, 0.6951785683631897, 0.39197754859924316, 0.03937339410185814, 0.4995153546333313, 0.4671967625617981, 0.7940115928649902, 0.006823334842920303]], [[0.5397945046424866, 0.14311985671520233, 0.8075685501098633, 0.28505057096481323, 0.19943447411060333, 0.4730229079723358, 0.15499743819236755, 0.34853553771972656, 1.1521825790405273, 0.15422038733959198, 0.17862990498542786, 0.8836100697517395, 0.22951899468898773, 0.5577122569084167, -0.359753280878067, 1.2166543006896973, 0.7426605224609375, -0.03574385493993759, 0.3337326645851135, 0.1565905064344406, 0.9216390252113342, 1.303993582725525, 1.5647618770599365, 0.9434444308280945, 0.5345289707183838, -0.00219634547829628, 0.35443705320358276, -0.021277261897921562, 0.4846549332141876, 0.5588604211807251, 0.47095513343811035, 0.5602309107780457], [0.2459029108285904, 0.4928160309791565, 0.5130419135093689, 0.5110764503479004, 0.7629585266113281, 0.8065900802612305, 0.39852243661880493, 0.8620361089706421, 0.3972945213317871, 0.6381597518920898, 0.44361013174057007, 0.6770815253257751, 0.5026256442070007, 0.44175487756729126, 0.7883643507957458, 0.4815917909145355, 0.43037521839141846, 0.2372533679008484, 0.3127991557121277, 0.3484192490577698, 0.16708919405937195, 0.25075358152389526, -0.024432843551039696, -0.18298234045505524, 0.07747255265712738, 0.49268609285354614, 0.16314426064491272, 0.2389628142118454, 0.35761722922325134, 0.25951793789863586, 1.1177433729171753, 0.25411802530288696]], [[-0.22669607400894165, -0.338168740272522, -0.33520573377609253, -0.6571564674377441, -0.5405677556991577, -0.7645926475524902, -0.6167460680007935, -0.5335679650306702, -0.7318801879882812, -0.44109365344047546, -0.05424463748931885, 0.0729927122592926, -0.34954190254211426, -0.4759364128112793, -0.34365275502204895, -0.8853776454925537, -0.29139748215675354, -0.8980618715286255, -0.26246416568756104, -1.0492085218429565, -0.30347615480422974, -0.5249927639961243, -0.7155463099479675, -0.736579418182373, -0.7758342027664185, -0.8512914180755615, 0.5426572561264038, 0.03786778450012207, -0.07673221826553345, -0.015574097633361816, -0.08550891280174255, -0.30336958169937134], [0.7828413248062134, 0.7254695892333984, 0.5408799648284912, 0.15457496047019958, 0.6640639305114746, 0.8058713674545288, -0.08986568450927734, 0.36321166157722473, 0.11209067702293396, 1.2967197895050049, 0.4771479666233063, 0.7095285654067993, 0.22773477435112, 0.4365864098072052, 0.13988664746284485, 0.16843494772911072, 0.3876570165157318, 1.1380656957626343, 0.47258052229881287, 0.5153074264526367, 0.6791203022003174, 0.5286296606063843, 0.8411284685134888, 0.577538013458252, 0.4518577754497528, 1.3229631185531616, 0.1218961775302887, 0.766265869140625, 0.7952399253845215, 0.20815786719322205, 0.8870294094085693, 0.7411032915115356]], [[0.023593224585056305, 0.7056918740272522, 0.5484091639518738, 0.03727895766496658, 0.3418872356414795, 0.20374248921871185, 0.27357572317123413, 0.48073214292526245, -0.012622971087694168, 0.14997324347496033, 0.593066930770874, 0.6162362694740295, 0.3036090135574341, 0.17317862808704376, 0.400778591632843, 0.41879892349243164, -0.2436826378107071, -0.2608596682548523, -0.17580315470695496, -0.5523889660835266, 0.2151782363653183, 0.42588502168655396, 1.0865339040756226, 1.333289384841919, -0.006738007068634033, 0.24797086417675018, 0.7407773733139038, 0.12334461510181427, 0.20139430463314056, 0.2723473906517029, 0.8555410504341125, 0.06759648025035858], [0.19470752775669098, 0.07150308787822723, -0.14077705144882202, 0.14690808951854706, 0.259443461894989, 0.11101754009723663, 0.11584462225437164, 0.45122015476226807, 0.07109315693378448, 0.4177600145339966, 0.03828214854001999, 0.15963830053806305, 0.08943773806095123, -0.09529900550842285, 0.1261468380689621, 0.24063028395175934, -0.42342257499694824, 0.2857058048248291, -0.23835282027721405, -0.36068475246429443, -0.03397415950894356, 0.30601537227630615, -0.5672318935394287, -0.9923444986343384, -0.8101904392242432, -0.1120062917470932, -0.00948265939950943, 0.24997122585773468, 0.3098275661468506, 0.26618868112564087, 0.7047240138053894, 0.26223695278167725]], [[-0.09050378203392029, 0.10808494687080383, -0.1640469878911972, -0.1661972552537918, 0.019397258758544922, -0.02210785448551178, 0.11895623803138733, 0.15064173936843872, 1.2845489978790283, 0.760426938533783, 0.0844883918762207, 0.18867796659469604, 0.13522860407829285, 0.0688052773475647, 0.5359240174293518, 0.26497137546539307, 0.45383256673812866, 0.24094605445861816, -0.11012212932109833, -0.17281419038772583, -0.03349338471889496, 0.19761043787002563, 1.0306508541107178, 0.5152570605278015, 1.469163179397583, -0.006774812936782837, 0.4899687170982361, -0.11847293376922607, 0.26020288467407227, -0.013916626572608948, 0.5479769706726074, 0.03252458572387695], [0.4021216034889221, 0.07346442341804504, 0.17344093322753906, -0.03185147047042847, -0.3088327944278717, -0.011413797736167908, 0.21865075826644897, -0.18005096912384033, -0.06149895489215851, -0.20584988594055176, -0.03386408090591431, -0.6063014268875122, 0.060101091861724854, 0.307853102684021, 0.18785935640335083, 0.043767452239990234, 0.2178904414176941, -0.2834755778312683, 0.10016968846321106, -0.26225313544273376, 0.163536936044693, -0.40815725922584534, 0.18479546904563904, 0.10868382453918457, 0.266443133354187, -0.6394855976104736, -0.06738875806331635, 0.3375091552734375, 0.028608471155166626, 0.10376337170600891, -0.08532798290252686, 0.383608877658844]], [[0.21615882217884064, -0.9842918515205383, -0.7335106134414673, -0.3266604244709015, -0.39834678173065186, -0.8086831569671631, -0.3636554479598999, -0.4641176462173462, -0.7927098274230957, -0.3276557922363281, -0.5709406733512878, -1.086671233177185, -0.6117891669273376, 0.10260142385959625, -0.7707167863845825, -0.8639401793479919, 0.16970838606357574, -0.23714527487754822, -0.3819912075996399, -1.3663374185562134, -0.6098272204399109, -0.8299256563186646, -1.4347233772277832, -1.3523277044296265, -0.752848744392395, -0.7995933294296265, -1.9724788665771484, -0.59846431016922, -0.6435078978538513, -0.2221277356147766, -1.036562442779541, -0.13428372144699097], [-0.1308487206697464, -0.16824829578399658, 0.03388623893260956, -0.11667521297931671, -0.4945179224014282, -0.33698636293411255, -0.11490478366613388, -0.23578830063343048, -0.16821779310703278, -0.37845566868782043, -0.26236993074417114, -0.705868124961853, -0.5216092467308044, -0.11403288692235947, -0.38592585921287537, -0.19155414402484894, -0.11494843661785126, -0.17999084293842316, -0.3032318949699402, -0.4985821843147278, -0.039548248052597046, -0.8031302690505981, -0.8086882829666138, -0.3681655526161194, 0.16114728152751923, -1.0729414224624634, -0.5487464070320129, -0.08786588907241821, -0.3531608581542969, -0.24600835144519806, -0.26482558250427246, -0.011988356709480286]], [[0.04676045477390289, 0.3756997883319855, -0.2757861316204071, -0.22991237044334412, -0.3062877357006073, 0.7303149700164795, 0.15049977600574493, -0.1880028247833252, 0.6363070011138916, 0.3844781517982483, 0.20663748681545258, 0.5586352348327637, 0.0064546167850494385, 0.04350486397743225, 0.387617290019989, 0.5911153554916382, 0.48788192868232727, 0.6464213132858276, -0.2451627254486084, 0.06347554922103882, -0.744455099105835, -0.6421833038330078, -0.9090460538864136, -0.8507823944091797, 0.4433714747428894, 0.09612730890512466, -0.6401858329772949, -0.12771257758140564, -0.6662861108779907, -0.38940826058387756, -0.9202479124069214, -0.5458517074584961], [0.03241519629955292, 0.18302568793296814, -0.3178674876689911, -0.1917622983455658, -0.2850993573665619, 0.28163662552833557, -0.2623240649700165, -0.21778395771980286, -0.23946821689605713, 0.24218210577964783, -0.2116735577583313, -0.14750057458877563, -0.5563095808029175, -0.5731092691421509, -0.3240368068218231, -0.18623292446136475, -0.39467641711235046, 0.5063865184783936, -0.5603798627853394, -0.3118800222873688, -0.7386726140975952, -0.9102393388748169, -1.2461706399917603, -1.1992095708847046, -0.9101541042327881, -0.145891934633255, -0.3818502128124237, 0.022938475012779236, -1.072887659072876, -0.43860146403312683, -1.4341018199920654, 0.13917456567287445]], [[-0.7570507526397705, -0.4653621017932892, -1.0749913454055786, -0.38745346665382385, -0.7588661909103394, -0.9205417633056641, -0.6534041166305542, -0.5666240453720093, -2.244875192642212, -1.3389033079147339, -1.3269933462142944, -1.0138239860534668, -0.8992881774902344, -0.6001465320587158, -0.754076361656189, -0.302213191986084, -1.2147992849349976, -0.7587751150131226, -0.751496434211731, -1.2257760763168335, -0.7035285234451294, -1.2858771085739136, -2.018620491027832, -1.3893588781356812, -2.456498622894287, -1.7312800884246826, -0.8416205644607544, -0.752044677734375, -0.28797993063926697, -0.42199358344078064, -0.08095115423202515, -0.31691813468933105], [-0.22541117668151855, -0.3350575268268585, -0.3036018908023834, -0.3150922656059265, -0.8009116649627686, -0.8651533126831055, -0.2910037040710449, -0.49654272198677063, -0.23028844594955444, -0.7537593841552734, -0.5449551343917847, -1.0075037479400635, -0.8160091638565063, -1.1147563457489014, -0.5964444875717163, -0.27244701981544495, -0.4267289936542511, -0.3635307848453522, -0.8856765031814575, -0.7647051811218262, -0.4422762095928192, -0.780705451965332, -0.529484748840332, 0.3386628031730652, 0.06783215701580048, -0.43147239089012146, -0.2620716989040375, -0.21378055214881897, -0.1882316768169403, -0.018065959215164185, -0.17135706543922424, -0.1970873475074768]], [[0.3747100234031677, 0.9411458969116211, 1.1237319707870483, 0.48110702633857727, 0.26763296127319336, 1.048516035079956, 0.4350019097328186, 0.3910689055919647, 0.037907347083091736, 0.8842991590499878, 0.7199797630310059, 0.6865757703781128, 0.47586411237716675, 0.4509306848049164, 0.43093162775039673, -0.09077808260917664, -0.04699656367301941, 0.4007846713066101, 0.33952975273132324, 0.690906286239624, 0.41977089643478394, 0.5319967269897461, 0.5542173385620117, 0.3576989769935608, -0.0006199479103088379, 0.5314554572105408, 0.708818793296814, 0.38440340757369995, 0.4214155673980713, 0.5562926530838013, 0.2287266105413437, 0.4023938477039337], [-0.4139535129070282, 0.5909641981124878, 0.7214558124542236, 0.5871841907501221, 0.832904577255249, 0.6461440324783325, 0.49600425362586975, 0.47322046756744385, 0.5781147480010986, 0.2176276445388794, 0.7737129926681519, 0.30288171768188477, 0.8592642545700073, 0.6897668242454529, 0.5740378499031067, 0.306810587644577, 0.6046212911605835, -0.08293697237968445, 0.8557759523391724, 0.5012649893760681, 0.5919382572174072, 0.6781651973724365, 0.6372929811477661, 0.050181373953819275, -0.06248581409454346, 0.24715173244476318, 0.34200459718704224, -0.5029265880584717, 0.44581007957458496, 0.6123207807540894, -0.19209930300712585, -0.4708620011806488]], [[-0.19553105533123016, 0.23951047658920288, -0.11800609529018402, -0.062033891677856445, -0.574040412902832, 0.2564884424209595, -0.18599055707454681, 0.0302240252494812, -0.9086732268333435, 0.01373608410358429, 0.10612443089485168, 0.32843488454818726, -0.5419724583625793, 0.0661468654870987, -0.3993663787841797, -0.006277203559875488, -0.6192693114280701, 0.05303274095058441, -0.23280899226665497, -0.4547719955444336, -0.11347244679927826, 0.3874492645263672, 0.47550106048583984, 0.2917536795139313, -0.7752933502197266, 0.10644853115081787, 0.3877057135105133, -0.14158980548381805, 0.04792013764381409, 0.2579810619354248, 0.11867117881774902, 0.37841561436653137], [-0.014409884810447693, 0.1212586760520935, 5.0187110900878906e-05, -0.008674755692481995, -0.033265262842178345, -0.0020360350608825684, -0.16452167928218842, 0.3666757345199585, 0.06027262657880783, 0.3414204716682434, 0.011342108249664307, -0.15641914308071136, -0.28832387924194336, 0.27552011609077454, -0.016591623425483704, 0.05863227695226669, 0.19845956563949585, -0.3220570683479309, 0.08630838990211487, -0.3850787281990051, -0.04340529441833496, -0.3331984877586365, 0.7211679220199585, 1.0762184858322144, 0.2271844893693924, -0.5233943462371826, -0.21919356286525726, 0.05943881720304489, 0.5375634431838989, 0.25692903995513916, 0.5319393277168274, 0.0351167768239975]], [[0.7461792230606079, 1.3346084356307983, 1.0477579832077026, 1.1471362113952637, 1.1651451587677002, 1.2819839715957642, 1.246777892112732, 1.6461213827133179, 0.6648279428482056, 1.2325456142425537, 1.1184208393096924, 1.4595385789871216, 0.854434609413147, 0.9603886604309082, 0.8851834535598755, 1.1983016729354858, 0.31786811351776123, 1.0721427202224731, 0.7018101215362549, 1.3640244007110596, 1.2487969398498535, 0.8528492450714111, 0.9468271732330322, 1.836575984954834, 1.4943455457687378, 1.9849474430084229, 2.2505249977111816, 1.2409300804138184, 1.1462987661361694, 1.2518919706344604, 1.693179726600647, 1.1976174116134644], [0.559157133102417, 1.0754411220550537, 0.630871593952179, 0.9214973449707031, 1.3356921672821045, 1.4319249391555786, 0.7316608428955078, 1.363500714302063, 0.6093084812164307, 1.6039015054702759, 1.1719887256622314, 1.4441622495651245, 0.8729957342147827, 0.7381325960159302, 0.5942444205284119, 0.6826146841049194, 0.878646969795227, 1.1010409593582153, 0.8116638660430908, 1.4278703927993774, 0.6568003296852112, 0.08555904030799866, 1.3256406784057617, 0.9170398712158203, 0.2704277038574219, -0.12120860815048218, 0.5325279831886292, 0.6937516331672668, 1.304852843284607, 0.9170699119567871, 1.7932159900665283, 0.5806840062141418]], [[0.18839897215366364, 0.5651472210884094, 0.3148777484893799, 0.29462748765945435, 0.6516698598861694, 0.4795454144477844, 0.8120787739753723, 0.7153999209403992, -0.15909406542778015, 0.30770307779312134, 0.13661836087703705, 0.6695463061332703, 0.5178523659706116, 0.20945923030376434, 0.6191551089286804, 0.610480785369873, 0.4261539578437805, 0.32405078411102295, 0.6434064507484436, 0.9474917650222778, 0.8462262153625488, 0.8633884787559509, 1.4811195135116577, 1.6328010559082031, 1.360329031944275, 0.7716677188873291, 1.727620244026184, 0.4830482006072998, 1.017702579498291, 0.20658661425113678, 1.8314608335494995, 0.5408334136009216], [0.17557086050510406, 0.3384983539581299, 0.2529618740081787, 0.5811569094657898, 0.18884165585041046, 0.3683491349220276, 0.3926529884338379, 0.7981728315353394, 0.13106860220432281, 0.16802988946437836, 0.4674137830734253, 0.5539093017578125, 0.580820620059967, 0.5994036197662354, 0.4547966718673706, 0.832373857498169, 0.31982314586639404, 0.10724158585071564, 0.6185662150382996, 0.5207874178886414, 0.39309293031692505, 0.08217330276966095, 0.528498113155365, 0.28762727975845337, 0.5548160672187805, 0.0221329927444458, 0.2928374409675598, 0.23366378247737885, 0.6385709643363953, 0.04293575882911682, 1.0542885065078735, 0.2726244330406189]], [[-0.6580630540847778, -1.133734107017517, -0.6383515000343323, -0.6107479333877563, -0.3676912188529968, -1.413946270942688, -0.31357741355895996, -0.5469229221343994, -0.31668949127197266, -0.6014013290405273, -0.17878898978233337, -0.912449836730957, -0.21463748812675476, -0.5008515119552612, 0.28140175342559814, -0.4783746004104614, -0.4423654079437256, -0.8395642042160034, -0.5464052557945251, -1.174428939819336, -0.6261630058288574, -1.0516526699066162, -1.4168989658355713, -1.2197136878967285, -1.0934830904006958, -0.8309917449951172, -1.1866035461425781, -0.1552661955356598, -0.6217865347862244, -0.3365705907344818, -0.8653185367584229, -0.4109296202659607], [-0.25336915254592896, -0.6074215769767761, -0.4307461977005005, -0.46397584676742554, -0.4276420474052429, -0.4166327714920044, -0.7384937405586243, -0.21550661325454712, -0.41503840684890747, -0.7288202047348022, -1.0228556394577026, -0.5365409851074219, -0.770762026309967, -1.6534454822540283, -0.899687647819519, -0.7617350220680237, -1.3658943176269531, -0.497844934463501, -0.9462846517562866, -0.8189094662666321, -1.1280707120895386, -0.9716757535934448, -1.4648710489273071, -1.5665682554244995, -1.9270769357681274, -0.8585158586502075, -0.48838794231414795, -0.2418595403432846, -0.5532496571540833, -0.4260872006416321, -0.5252998471260071, -0.23822234570980072]], [[0.38818955421447754, -0.8441344499588013, 0.6699110269546509, 0.2569328546524048, 0.038638729602098465, -0.12672890722751617, -0.10130099952220917, 0.006987318396568298, 0.9115117192268372, 0.4269746243953705, -0.17970749735832214, -0.41015851497650146, -0.2412758618593216, 0.7367092370986938, 0.42803117632865906, 0.6392235159873962, 1.1651673316955566, 0.38786745071411133, 0.493329256772995, 0.107269287109375, 0.3474736511707306, 0.45378321409225464, 0.29471075534820557, 0.022075332701206207, 1.6304713487625122, 0.10382130742073059, -0.5267378687858582, 0.006436966359615326, 0.4705718457698822, 0.3353242874145508, -0.17885282635688782, 0.5679230093955994], [0.7663112878799438, 0.6368975639343262, 0.5507653951644897, 0.7611672282218933, -0.06328330188989639, 0.12135697901248932, 0.6538393497467041, 0.7450860738754272, 0.7061969041824341, 0.2787843644618988, 0.5911487936973572, 0.6559041142463684, 0.612468957901001, 0.9190939664840698, 0.7481572031974792, 0.9562450051307678, 0.9927172660827637, 0.16931506991386414, 0.7698432803153992, 0.5779818892478943, 0.8064225912094116, 0.8591319918632507, 1.6024574041366577, 1.4317911863327026, 1.8417924642562866, -0.28192374110221863, 0.5801094770431519, 0.7775458097457886, 0.17231495678424835, 0.7198274731636047, 0.1520991027355194, 0.7714914083480835]], [[0.2852237820625305, 0.24895291030406952, 0.5974228382110596, 0.04601051285862923, 0.0572306253015995, 0.5276215076446533, 0.10330435633659363, 0.1707950383424759, 0.22465655207633972, 0.907672643661499, 0.5899435877799988, 0.8094490766525269, 0.5632736682891846, 0.307701051235199, 0.22100546956062317, 0.8009294867515564, 0.07402249425649643, 0.9811601638793945, 0.38045376539230347, 0.020564952865242958, 0.2063138633966446, 0.27586326003074646, -0.2844220697879791, 0.41060870885849, 0.14565204083919525, 0.714210033416748, 0.8379974365234375, 0.6106287837028503, 0.4071688652038574, 0.5146288871765137, 0.7704522013664246, 0.6406705379486084], [-0.08511486649513245, 0.8354436159133911, 0.25136688351631165, 0.6820099353790283, 0.25666701793670654, 0.9578930139541626, 0.21503043174743652, 0.7101595401763916, 0.3900054097175598, 0.7151129841804504, 0.5671615600585938, 0.697265625, 0.41467422246932983, 0.38971075415611267, 0.5522869229316711, 0.6196752190589905, 0.4153118133544922, 0.8801016211509705, 0.5851438045501709, 0.6416717171669006, 0.29074519872665405, 0.4897972643375397, 0.20676815509796143, 0.29934462904930115, 0.34823155403137207, -0.24839814007282257, 0.22292101383209229, -0.0591631755232811, 0.39447033405303955, 0.6212624907493591, 0.28376367688179016, -0.04142933338880539]], [[-0.10149706900119781, -0.5832152962684631, -0.36167606711387634, -0.4538413882255554, -0.086503766477108, -0.672166109085083, -0.17560501396656036, -0.5477151274681091, -1.2052254676818848, -1.0967259407043457, -0.7427218556404114, -1.8065123558044434, -0.776336133480072, -0.5065479874610901, -0.7695311307907104, -0.8464431166648865, -0.25550174713134766, -0.5341683030128479, 0.0671558529138565, -0.4535740911960602, -0.06334802508354187, -0.10498064756393433, -0.5398959517478943, -0.5835129022598267, -0.7422770857810974, -0.5338682532310486, -1.5205929279327393, -0.36975550651550293, -0.27730658650398254, -0.22883151471614838, -1.3665285110473633, -0.599413275718689], [-0.23634111881256104, -0.7524974346160889, -0.07696890830993652, -0.2859122157096863, -1.0063438415527344, -0.8641780614852905, -0.24048158526420593, -0.5580453872680664, -0.024614540860056877, -1.3740758895874023, -1.044072151184082, -1.1976041793823242, -1.0591657161712646, -0.949713945388794, -0.7974849939346313, -0.2507251501083374, -0.8621172904968262, -1.2919235229492188, -1.119072437286377, -0.8480618000030518, -0.7908174395561218, -0.6781403422355652, -1.2061631679534912, -1.1151633262634277, -0.7989577054977417, -0.636656641960144, -0.03942692279815674, -0.20014116168022156, -0.6801138520240784, -0.2927905321121216, -0.8066819310188293, -0.1957550197839737]], [[-0.39526158571243286, -0.8421234488487244, -0.31150588393211365, -0.5865771174430847, -0.21267706155776978, -0.7134756445884705, -0.715885579586029, -0.2765146791934967, -1.1001933813095093, -0.4799042344093323, -0.6244301795959473, -0.1285673975944519, -0.14236325025558472, -0.37123411893844604, -0.8931694626808167, -0.11131845414638519, -0.3818899989128113, -0.08822041004896164, 0.072552390396595, -0.1757623851299286, -0.1532309353351593, -0.9039875864982605, -1.79703950881958, -1.1177226305007935, -1.2458857297897339, -0.2843242883682251, -0.04582373797893524, -0.4735034704208374, -0.14355958998203278, -0.18789465725421906, -0.46532195806503296, -0.20611441135406494], [0.07565099745988846, -0.9626211524009705, -0.3491722047328949, -0.5476526021957397, -1.5599466562271118, -1.1498841047286987, -0.5408786535263062, -0.5906275510787964, -0.32381948828697205, -1.0818437337875366, -0.7096510529518127, -0.7198466062545776, -0.7204214930534363, -0.16671697795391083, -0.7361030578613281, -0.5463448762893677, -0.218546062707901, -0.3562299907207489, -0.19833272695541382, -0.4452184736728668, -0.24144989252090454, -0.47838643193244934, -0.47957831621170044, 0.08726226538419724, 0.2055319994688034, -0.3331131339073181, -0.10829480737447739, -0.013562774285674095, -0.7565056085586548, -0.3805629312992096, -0.8770354986190796, 0.027466682717204094]], [[0.4982457160949707, 0.6281619071960449, 1.0828429460525513, 0.8835242986679077, 0.28721538186073303, 0.7458467483520508, -0.031235117465257645, 0.07829810678958893, 0.431187242269516, 0.5804066061973572, 0.6476619839668274, 0.6545602083206177, 0.6255068778991699, 0.24688014388084412, 0.3536994755268097, 1.0261595249176025, 0.3222297430038452, 1.030930995941162, 0.48622971773147583, 0.912608802318573, 0.4011114537715912, 0.2982899844646454, 0.14526435732841492, 0.5882601737976074, 0.6614037752151489, 0.17293702065944672, 0.4591711759567261, -0.05040179565548897, 0.03946498781442642, 0.25857600569725037, 0.40597671270370483, 0.44142159819602966], [0.18529543280601501, 0.01958380453288555, 0.38797637820243835, 0.15804746747016907, 0.03221338242292404, -0.3011191785335541, 0.25444766879081726, -0.06121272221207619, 0.5110234022140503, 0.3177766799926758, 0.07338889688253403, 0.24443992972373962, 0.17368492484092712, 0.8264467120170593, 0.19157449901103973, 0.15979740023612976, 0.8810757398605347, 0.9137778878211975, 0.5974242091178894, 0.5822186470031738, 0.6489152908325195, 0.6400731205940247, 1.7079886198043823, 1.6680631637573242, 1.4937368631362915, 1.3351423740386963, 0.3376566469669342, 0.25303858518600464, 0.17827308177947998, 0.40791839361190796, 0.3396719992160797, 0.3309386968612671]], [[0.02128666266798973, 0.7442806959152222, 0.3231313228607178, 0.549274206161499, 0.3106136620044708, 0.07338783144950867, -0.09211887419223785, 0.04247526451945305, -0.3636549115180969, 0.38320261240005493, 0.10581398010253906, 0.44073227047920227, 0.803045392036438, 0.19838325679302216, 0.15434256196022034, 0.5579131841659546, 0.21918494999408722, 0.3018980920314789, 0.2912226617336273, 0.6437045335769653, 0.5174164772033691, 0.6904187798500061, 0.650238573551178, 0.7063757181167603, 0.8343915939331055, 0.025049608200788498, 0.8494084477424622, 0.17317456007003784, 0.8527683019638062, 0.5094785094261169, 1.3409963846206665, 0.5321197509765625], [-0.06082643195986748, 0.26289862394332886, 0.5115480422973633, 0.2925155460834503, 0.5866074562072754, 0.13230904936790466, 0.06934355199337006, -0.18275611102581024, 0.2647336423397064, -0.1652342528104782, 0.3846436142921448, 0.1064239889383316, 1.08144211769104, 1.0002411603927612, 0.4554629325866699, 0.08922062814235687, 0.7414324879646301, -0.23263317346572876, 0.9678604602813721, 0.8646038174629211, 0.7485700845718384, -0.24778355658054352, 0.1712522953748703, 0.17102111876010895, 0.14376579225063324, -0.9057930111885071, 0.29593467712402344, -0.0631578117609024, 0.5267174243927002, 0.18490111827850342, 0.4177391529083252, -0.030099445953965187]], [[0.49277257919311523, -0.4350026249885559, -0.23681887984275818, -0.02440902590751648, -0.6962575912475586, -0.19428685307502747, -0.9421223402023315, -0.4132469892501831, -0.872210681438446, 0.09463717043399811, -0.6847682595252991, -0.15058326721191406, -0.4514033794403076, 0.20545314252376556, -0.3736664652824402, 0.033528268337249756, -0.1969957947731018, 0.03641936182975769, 0.31203997135162354, -0.4229769706726074, -0.37080907821655273, -0.8922072052955627, -1.8762404918670654, -1.7972486019134521, -0.8587875366210938, -0.4559789299964905, -0.9208517670631409, -0.23762109875679016, -0.22473251819610596, 0.010314062237739563, -0.7785893678665161, -0.07564495503902435], [0.6096886396408081, 0.4237225651741028, 0.5135440826416016, 0.5775512456893921, -0.6424003839492798, -0.3829772174358368, 0.0900806188583374, 0.12677128612995148, 0.5909618735313416, -0.31798291206359863, -0.08218193054199219, -0.5665640234947205, -0.29708755016326904, 0.22083403170108795, -0.0934692919254303, 0.16459019482135773, 0.5015671849250793, 0.026882469654083252, 0.02856418490409851, -0.190993070602417, 0.3032097816467285, -0.8010327816009521, -0.06389987468719482, 0.5640373826026917, 0.9146460890769958, 0.21134071052074432, 0.6481947898864746, 0.5912961363792419, -0.06377054750919342, 0.44843244552612305, 0.023611441254615784, 0.6107403635978699]], [[-0.6366581320762634, -0.7806129455566406, -0.4351898431777954, -0.46739333868026733, -0.10728007555007935, -0.6144710779190063, 0.16984587907791138, -0.5373773574829102, -0.48709836602211, -0.9420327544212341, -0.21621611714363098, -0.32294541597366333, -0.3822425305843353, -0.6127113103866577, 0.01700683683156967, -0.38830262422561646, -0.3086302876472473, -0.37178313732147217, -0.32035118341445923, 0.10597305744886398, -0.16070100665092468, -0.10863731801509857, 0.41448497772216797, 0.16737616062164307, 0.0932501032948494, -0.11463102698326111, -0.04016923904418945, -0.4410358965396881, -0.416305273771286, -0.7682487368583679, -0.30173948407173157, -0.6034659147262573], [-0.49900487065315247, -0.40235283970832825, -0.7654743790626526, -0.48479709029197693, -0.1474737823009491, 0.01131518930196762, -0.22572007775306702, 0.058769591152668, -0.8154240846633911, 0.21995282173156738, -0.14380742609500885, 0.30309319496154785, -0.3047676980495453, -0.662107527256012, -0.3391872048377991, -0.10870502889156342, -0.5078208446502686, 0.7529973983764648, -0.40568554401397705, 0.15586453676223755, -0.6958492994308472, -0.7492346167564392, -0.8295912742614746, -1.08436119556427, -0.48932573199272156, -0.3024260103702545, -0.18426409363746643, -0.5046459436416626, -0.1835499405860901, -0.3638937473297119, 0.21970516443252563, -0.5089827179908752]], [[-0.9323664903640747, -0.8045338988304138, -1.009103775024414, -1.0577399730682373, -0.5940840840339661, -1.5648329257965088, -0.6706939339637756, -0.6741683483123779, -1.5049152374267578, -0.7646889686584473, -0.626737654209137, -0.7314371466636658, -1.0956445932388306, -0.913169801235199, -0.6873076558113098, -0.8354084491729736, -0.9317350387573242, -0.7833835482597351, -0.6663516163825989, -1.0738269090652466, -0.5352979898452759, -0.8466472029685974, -0.5930626392364502, -0.5155311822891235, -1.2478079795837402, -1.1370506286621094, -1.3854990005493164, -1.326765775680542, -0.888498842716217, -0.9712728261947632, -0.9259356260299683, -1.2115671634674072], [0.006695054471492767, -0.12998437881469727, -0.36331504583358765, -0.23270529508590698, -0.7858231663703918, -0.6126860976219177, -0.5406416058540344, -0.4068962335586548, -0.6359133124351501, -0.5910664200782776, -0.8311519622802734, -0.4026871919631958, -0.6894363164901733, -0.8200479745864868, -0.5755500197410583, -0.3140670657157898, -0.6172442436218262, -0.35620471835136414, -0.5888351798057556, -0.630537211894989, -0.24937212467193604, 0.08275379240512848, 0.0495738610625267, 0.05311702936887741, -0.10450656712055206, -0.35052689909935, -0.5324403047561646, -0.019639328122138977, -0.7016293406486511, -0.42410990595817566, -0.15984509885311127, -0.014726512134075165]], [[0.576774001121521, -0.22840899229049683, 0.5987914800643921, 0.1537906527519226, 0.3696523606777191, -0.4433823823928833, 0.1506805717945099, 0.2719648480415344, -0.039629608392715454, 0.12325239181518555, 0.22678786516189575, 0.3037527799606323, 0.19808027148246765, 0.29118508100509644, -0.04704843461513519, 0.14484313130378723, 0.07372453063726425, -0.21093028783798218, 0.5608375072479248, 0.34480729699134827, 0.36215871572494507, 0.5079071521759033, 0.2262549102306366, -0.20890790224075317, -0.2656744122505188, 0.4409930109977722, 0.6045299768447876, 0.269822359085083, 0.32289785146713257, 0.2958269715309143, 0.12245122343301773, 0.48645663261413574], [0.31944721937179565, 0.39183738827705383, 0.26733583211898804, 0.02074091136455536, 0.20779961347579956, 0.03421703353524208, 0.2702246904373169, 0.06900683790445328, 0.15151238441467285, 0.1280525028705597, 0.045557502657175064, 0.32095324993133545, 0.3064725697040558, 0.11672647297382355, -0.1467064619064331, -0.16150452196598053, 0.046190761029720306, -0.31916454434394836, 0.3253866136074066, 0.14329899847507477, 0.3981073796749115, 0.7690536379814148, 0.6972228288650513, 0.5124844312667847, 0.2847938537597656, 0.2111629694700241, 0.2402493953704834, 0.30628615617752075, 0.6788629293441772, 0.1346832811832428, 0.6860876679420471, 0.294217586517334]], [[0.11998564749956131, 1.2486404180526733, 0.60466468334198, 0.5580046772956848, -0.2604740262031555, 1.3526746034622192, -0.5132725238800049, 0.41120272874832153, -0.16208027303218842, 1.0779155492782593, -0.36264097690582275, 0.09901253879070282, -0.2906656265258789, 0.25072190165519714, -0.8897570967674255, 0.642863392829895, -0.10207797586917877, 0.9988232851028442, 0.18859997391700745, 1.24466073513031, 0.012674355879426003, 0.11104180663824081, -0.3872937858104706, -0.03603844344615936, 1.4330720901489258, 0.5093156099319458, 0.2207392156124115, -0.3945395052433014, 0.22613750398159027, 0.01646280474960804, 0.41561222076416016, 0.27857616543769836], [-0.16473223268985748, 0.11685491353273392, -0.009278953075408936, -0.05554480850696564, 0.3455209732055664, 0.2631611227989197, 0.1119360700249672, 0.3667101562023163, 0.21297968924045563, 0.302920937538147, 0.2183138132095337, -0.1331717073917389, -0.06523341685533524, -0.3140307366847992, -0.33397260308265686, 0.0055399127304553986, -0.0338425412774086, 0.06472205370664597, -0.10968223959207535, -0.2894725203514099, -0.3688637316226959, -0.5553067326545715, 0.13193874061107635, 0.3230590522289276, 0.0029688216745853424, 0.3719247281551361, -0.03387583792209625, -0.12224910408258438, 0.023251982405781746, -0.18184755742549896, 0.19933970272541046, -0.08893859386444092]], [[0.43488985300064087, 1.6368426084518433, 0.404729962348938, 1.2996506690979004, 0.9614278078079224, 2.3134422302246094, 0.8101074695587158, 1.3577442169189453, -0.6866023540496826, 0.7928812503814697, 0.26386579871177673, 1.362289309501648, 1.1276001930236816, 1.0248154401779175, 0.8879408836364746, 1.950442910194397, -0.4072141647338867, 1.0000656843185425, 0.57762610912323, 1.5938799381256104, 0.6107087135314941, 0.659716010093689, 0.635901689529419, 0.8678951263427734, -0.09776866436004639, 0.8700947761535645, 1.14290452003479, 0.35168397426605225, 0.8160907030105591, 0.6966818571090698, 1.2882039546966553, 0.8618638515472412], [0.43037912249565125, 0.514488697052002, 0.17046517133712769, 0.5784657001495361, 0.130604088306427, 0.7640478610992432, 0.3566987216472626, 1.4062446355819702, 0.26978790760040283, 1.119579792022705, -0.14354859292507172, 0.6252123117446899, -0.07310084998607635, 0.23278570175170898, 0.2686210572719574, 1.0970007181167603, 0.19434036314487457, 1.2939401865005493, 0.19145649671554565, 0.576285719871521, -0.019593656063079834, -0.09470653533935547, -0.051002971827983856, 0.08761660754680634, -0.058233216404914856, 0.3373727798461914, 0.34159278869628906, 0.4904376268386841, 0.883385181427002, 0.7090474367141724, 1.2380921840667725, 0.44877225160598755]], [[0.21647295355796814, 1.0049810409545898, 0.43117755651474, -0.1063586175441742, 0.7008552551269531, 0.577695369720459, 0.35065457224845886, 0.0831378698348999, 0.8595031499862671, 0.2788271903991699, 0.6026332378387451, 0.7602871656417847, 0.6163580417633057, 0.3116816580295563, 0.33311668038368225, 0.7712925672531128, 0.9093306064605713, 0.9813698530197144, 0.3524459898471832, 1.1628607511520386, 0.8024328947067261, 0.3316909074783325, 0.98137366771698, 1.1183522939682007, 2.4723494052886963, 1.6112529039382935, 0.8938443660736084, 0.3260115087032318, 0.1862460821866989, 0.3487272560596466, 0.7216665744781494, 0.2521248459815979], [-0.054206620901823044, 0.5184042453765869, 0.4171604514122009, 0.3655737340450287, 1.4406263828277588, 0.8790446519851685, 0.21057868003845215, 0.31072798371315, 0.1815623790025711, 1.2292636632919312, 0.8969365358352661, 0.8507088422775269, 0.8582812547683716, 1.1661038398742676, 0.5707930326461792, 0.4618438184261322, 0.5955561399459839, 1.582147240638733, 0.801171064376831, 1.2132068872451782, 0.6068146228790283, 0.49796995520591736, 0.7149027585983276, 0.2436552345752716, 0.3172001540660858, 1.0239206552505493, 0.09303855895996094, -0.07956178486347198, 0.12891122698783875, 0.10834240913391113, -0.007240593433380127, -0.11342193931341171]], [[0.36900511384010315, 1.1515748500823975, 0.2665867507457733, 0.7897578477859497, 0.403780996799469, 0.4872766137123108, 0.2903714179992676, 0.5992939472198486, 0.6256596446037292, 0.2947268784046173, 0.15732546150684357, 0.38378965854644775, 0.3720424771308899, 0.465631365776062, -0.5505870580673218, 0.09010948240756989, 0.15052933990955353, 0.5979759097099304, 0.4435568153858185, 1.1419832706451416, 0.5064189434051514, 0.5428743362426758, 1.1967155933380127, 0.8551411628723145, 0.755531907081604, 1.247373342514038, 0.6765046119689941, 0.38332241773605347, 0.4132695496082306, 0.39317139983177185, 0.8383650183677673, 0.6028674840927124], [0.05110405385494232, -0.0938434898853302, 0.25565534830093384, 0.13120773434638977, 0.10315041244029999, 0.04947337508201599, 0.1607826054096222, -0.014176011085510254, 0.16308555006980896, 0.056752681732177734, 0.18119564652442932, -0.2366134524345398, -0.15757855772972107, 0.5134925842285156, -0.15819194912910461, -0.2792123258113861, 0.37158292531967163, -0.3690911531448364, 0.254250705242157, 0.1278264820575714, -0.12449097633361816, -0.37730276584625244, 0.052170321345329285, -0.959987461566925, -0.11339974403381348, -0.6503297686576843, -0.08677473664283752, 0.02257378399372101, 0.1613837480545044, -0.0039038509130477905, -0.06055977940559387, -0.03477787971496582]], [[-0.04331623762845993, -0.37307241559028625, -0.21788790822029114, -0.1379205584526062, -0.1696096807718277, -0.6476835608482361, 0.40388140082359314, -0.3627183139324188, -0.3469006419181824, -0.008630294352769852, 0.25231871008872986, -0.12282079458236694, 0.2164752185344696, 0.36210671067237854, 0.5302690267562866, 0.15090036392211914, -0.6190845370292664, 0.17453137040138245, -0.04233280569314957, 0.024427562952041626, -0.0014951974153518677, 0.2915962338447571, 0.4673559367656708, 0.05973491817712784, -0.5889607071876526, 0.13962969183921814, -0.7521713972091675, 0.06149765104055405, -0.12445616722106934, -0.12574325501918793, -0.3727334141731262, -0.24486342072486877], [0.27665072679519653, 0.10316617041826248, 0.13827350735664368, -0.0662071481347084, 0.2454904019832611, -0.18333876132965088, 0.12432975322008133, 0.10701630264520645, -0.05491258203983307, 0.34900301694869995, -0.1199931800365448, 0.3037683665752411, 0.11414196342229843, 0.33031705021858215, 0.33727777004241943, 0.15075647830963135, -0.10952510684728622, 0.2816106379032135, -0.11759592592716217, 0.022269390523433685, 0.13679298758506775, 0.9385508894920349, 0.4129698574542999, 0.6846249103546143, 0.2592405080795288, 0.5141942501068115, -0.06746207177639008, 0.1480633020401001, -0.5692172646522522, -0.14807036519050598, -0.18720556795597076, 0.15911272168159485]], [[0.1921476572751999, 0.532670795917511, 0.4336538314819336, 0.8824714422225952, 0.2465602606534958, 0.43863511085510254, 0.4316391944885254, 0.4826911687850952, -0.44667017459869385, -0.07024262100458145, 0.2720440626144409, 0.6495956182479858, 0.11907103657722473, 0.5936979055404663, 0.24418140947818756, 0.6220153570175171, 0.0993308573961258, 0.48969417810440063, 0.39353877305984497, -0.18704168498516083, 0.45471107959747314, 0.3372368812561035, -1.1505587100982666, -0.7557861804962158, -0.9240259528160095, -0.04638511314988136, 0.4208618998527527, 0.7271363139152527, 0.566230833530426, 0.7335615754127502, 0.7801876068115234, 0.5305595993995667], [-0.27401962876319885, 0.23988597095012665, -0.15807121992111206, 0.2942681312561035, -0.05073932930827141, 0.18041320145130157, -0.06534773111343384, 0.6171327233314514, 0.16721408069133759, 0.31308382749557495, 0.15039747953414917, 0.5342122912406921, -0.15928363800048828, -0.8003597259521484, -0.12091698497533798, 0.22195424139499664, -0.6404552459716797, 0.8899186849594116, -0.42491835355758667, 0.0511443167924881, -0.18323013186454773, -0.5080686807632446, -1.7279877662658691, -1.4160587787628174, -1.3727084398269653, -0.14060302078723907, 0.2400313764810562, -0.15566709637641907, 0.7241431474685669, 0.5223875641822815, 1.0062748193740845, -0.11985296756029129]], [[0.10327024757862091, 0.06683602929115295, 0.7084173560142517, 0.20255175232887268, 0.06611885130405426, 0.09669660031795502, -0.2966277599334717, -0.07167579233646393, 0.5831059813499451, 0.2588890492916107, 0.026551567018032074, 0.6941431164741516, 0.23674434423446655, 0.08428682386875153, 0.16569671034812927, 0.7465634942054749, 0.4553816318511963, 0.7419093251228333, 0.3941152095794678, 0.891360878944397, 0.14577576518058777, 0.5431910157203674, -0.344149649143219, 0.20822066068649292, 1.7616623640060425, 0.05240592360496521, 0.5324866771697998, 0.2523197531700134, -0.14461399614810944, -0.0095747709274292, -0.07710523903369904, -0.15464872121810913], [-0.256597638130188, -0.07581707835197449, 0.02695252001285553, -0.01304791122674942, -0.39462557435035706, 0.11364215612411499, -0.04402627423405647, -0.2972128391265869, 0.10246714949607849, -0.2757050693035126, -0.025705255568027496, -0.11724388599395752, -0.11334812641143799, -0.06325417011976242, -0.03301400691270828, 0.3919694125652313, -0.18050603568553925, -0.5603076815605164, 0.15017344057559967, 0.2941265404224396, 0.005723975598812103, 0.25780603289604187, -0.16316425800323486, -0.09708600491285324, -0.2424963414669037, -0.42098331451416016, 0.10583628714084625, -0.24789223074913025, -0.34301450848579407, -0.029490314424037933, -0.5401041507720947, -0.2667420506477356]], [[-0.3445693254470825, -0.9571264982223511, -0.8729526996612549, -0.5184106826782227, -0.6627286672592163, -0.7369158864021301, -0.868243932723999, -0.7693822383880615, -0.5895520448684692, -0.6639809608459473, -1.053717017173767, -0.969714879989624, -0.9985438585281372, -0.6060206890106201, -0.942913293838501, -0.4059324264526367, -0.45820993185043335, -0.9137097597122192, -0.654382050037384, -0.33265221118927, -0.6441143155097961, -0.7025188207626343, -0.6982183456420898, -0.26201334595680237, -1.0394771099090576, -1.0127370357513428, -1.37781822681427, -0.19985611736774445, -0.6590617299079895, -0.7151095867156982, -0.8034365177154541, -0.25432106852531433], [-0.26312536001205444, -0.07110840082168579, 0.13664597272872925, 0.033055245876312256, -0.032613128423690796, -0.15966883301734924, 0.002867773175239563, -0.43424558639526367, 0.054261475801467896, -0.17959284782409668, 0.02609756588935852, -0.11954432725906372, -0.12273681908845901, -0.1722990870475769, -0.10338814556598663, -0.36900609731674194, -0.05393137037754059, -0.36547422409057617, -0.1289760023355484, -0.24029448628425598, -0.6016605496406555, -0.6068602800369263, -0.6739894151687622, -0.6131494045257568, -0.42360636591911316, -0.7127557992935181, -0.25467947125434875, -0.24544773995876312, 0.03427034616470337, -0.4250621497631073, 0.036285966634750366, -0.2877364754676819]], [[0.1407497674226761, 1.0726772546768188, 0.45146965980529785, 0.47360706329345703, -0.05647778883576393, 1.3467235565185547, 0.21566830575466156, 0.16466456651687622, 0.7279209494590759, 0.6554718613624573, 0.29702234268188477, 0.7874691486358643, 0.4047921597957611, 0.27057039737701416, -0.3334578275680542, -0.14299757778644562, 0.31813764572143555, 0.5849536061286926, 0.019684165716171265, 1.158446192741394, -0.18052522838115692, -0.0230872742831707, -0.12878304719924927, -0.3540154993534088, 0.8997355699539185, 0.7291151285171509, -0.3269016146659851, 0.3140225410461426, -0.006618966348469257, -0.06878498196601868, -0.1890929937362671, -0.01918143220245838], [0.01049746572971344, 0.5573185682296753, 0.162464439868927, 0.32369574904441833, 0.44411593675613403, 0.8997100591659546, 0.15241430699825287, 0.3689226508140564, -0.07702288776636124, 1.019248604774475, 0.4173004627227783, 0.3676718771457672, 0.03285100683569908, 0.5764912366867065, 0.32790809869766235, 0.3066285252571106, 0.1836831420660019, 0.8112491369247437, 0.1964748203754425, 0.49197837710380554, 0.037783071398735046, 0.4985804557800293, 0.12290259450674057, 0.8420444130897522, 0.18977686762809753, 0.49467960000038147, -0.1579946130514145, 0.03539847955107689, 0.10993644595146179, -0.01920902542769909, -0.13693982362747192, 0.0801171362400055]], [[-0.20102886855602264, 0.8465959429740906, 0.4899347722530365, 0.5836330652236938, 0.41663113236427307, 1.0167603492736816, 0.5068213939666748, 0.5305271744728088, -0.25897276401519775, 0.32741302251815796, 0.7563124895095825, 1.3440865278244019, 0.7791444063186646, 0.4504779577255249, 0.5517823100090027, 0.9359056353569031, 0.23766976594924927, 0.8945572376251221, 0.29905715584754944, 1.13554048538208, 0.3954348564147949, 0.3173457980155945, 0.6991562843322754, 0.7008047103881836, 0.6041309833526611, 0.4430003762245178, 1.2654626369476318, 0.40166059136390686, 0.3278849422931671, 0.3438429832458496, 1.0286827087402344, 0.35678786039352417], [0.20002415776252747, 0.7108832597732544, 0.31327420473098755, 0.363338440656662, 1.1358708143234253, 0.8496711850166321, 0.4533272087574005, 0.9577456116676331, 0.31782272458076477, 0.9283636212348938, 1.1678212881088257, 0.880932629108429, 0.7916753888130188, 0.47577714920043945, 0.5005302429199219, 0.7899121642112732, 0.5298296213150024, 1.3350591659545898, 0.4287976920604706, 0.9430892467498779, 0.9105654358863831, 0.8143293857574463, 1.0399231910705566, 0.7848346829414368, -0.0679282620549202, 1.0425034761428833, 0.42119401693344116, 0.22615353763103485, 0.6014294624328613, 0.6633721590042114, 1.1226094961166382, 0.2336030751466751]], [[0.5560396313667297, 0.19328254461288452, 0.32556039094924927, 0.07547003030776978, -0.15172989666461945, 0.2599228322505951, -0.31726616621017456, 0.013680428266525269, 0.8255598545074463, 0.7069669365882874, -0.2916738986968994, -0.37355053424835205, 0.04771904647350311, 0.26382774114608765, -0.3214840888977051, -0.21571755409240723, 0.5213615894317627, 0.01992182433605194, 0.4611678719520569, 0.964510440826416, -0.28768154978752136, 0.07986685633659363, -0.09546995908021927, 0.05655735731124878, 0.9520682096481323, 0.5896878242492676, -0.1581679880619049, 0.12792399525642395, 0.07217317819595337, 0.1560232937335968, -0.21416904032230377, 0.12518495321273804], [0.10056577622890472, -0.02605123072862625, -0.1957971453666687, -0.3883726894855499, -0.05031006038188934, -0.26509082317352295, -0.2918016314506531, -0.8276837468147278, -0.15507879853248596, -0.3927284777164459, -0.23606452345848083, -0.19483014941215515, -0.011533945798873901, 0.2709862291812897, -0.15647432208061218, -0.482774019241333, -0.23415739834308624, -1.107545018196106, -0.1474631130695343, -0.24105235934257507, -0.4682316482067108, -0.33448463678359985, -0.3014531135559082, -0.5424764752388, -0.4496728777885437, -0.8724720478057861, -0.3482138514518738, 0.15974277257919312, -0.6419970393180847, -0.5545991063117981, -0.45422041416168213, 0.22851133346557617]], [[-0.7532339096069336, -0.4221039414405823, -0.4856942892074585, -0.13485123217105865, 0.030454138293862343, -0.4676818251609802, -0.28112539649009705, 0.12308546900749207, -0.9363134503364563, -1.1003233194351196, -0.43483564257621765, -0.5903626084327698, -0.564772367477417, -0.3050205707550049, -0.5732423663139343, -1.0848792791366577, -0.42550933361053467, -0.9374533295631409, -0.41500115394592285, -0.5428442358970642, -0.20291192829608917, -0.5183739066123962, -0.9666343331336975, -0.8659535646438599, -0.828354001045227, -0.8267444372177124, -0.7483223676681519, -0.3873494863510132, -0.06572629511356354, -0.23317576944828033, -0.5684664845466614, -0.41062185168266296], [-0.5920308232307434, -0.4894677996635437, -0.27478185296058655, -0.41105523705482483, -0.7126251459121704, -0.35846051573753357, -0.6120302081108093, -0.46075090765953064, -0.4934345483779907, -0.8533279895782471, -0.40248873829841614, -0.647433876991272, -0.5412065386772156, -0.9105380177497864, -0.781533420085907, -0.8739032745361328, -0.7552014589309692, -1.1899350881576538, -0.5043391585350037, -0.6243453621864319, -0.8391226530075073, -0.6352161765098572, -0.7383931279182434, -0.7747538685798645, -1.3082739114761353, -0.2617320716381073, -0.2977388799190521, -0.39995086193084717, -0.19411513209342957, -0.5073051452636719, -0.32544663548469543, -0.4218738079071045]], [[0.6439627408981323, 1.4343689680099487, 1.063029408454895, 0.5979090929031372, 0.7689209580421448, 0.8031470775604248, 0.813758134841919, 0.5352024435997009, 0.7542445063591003, 0.779354453086853, 0.8949658274650574, 1.0548088550567627, 1.113874912261963, 0.7576181292533875, 0.8319902420043945, 0.7892862558364868, 0.4109271764755249, 0.4664306342601776, 0.716620147228241, 0.9829094409942627, 1.1647356748580933, 0.6727302670478821, 0.47396162152290344, 0.1345238983631134, 0.17259210348129272, 0.281628280878067, 1.967421531677246, 0.7144280076026917, 0.9685038328170776, 0.8257452249526978, 1.5844987630844116, 0.9377049207687378], [0.09973045438528061, 0.42790207266807556, 0.3771151602268219, 0.28020092844963074, 0.43298840522766113, 0.47240689396858215, 0.32233762741088867, 0.3702523410320282, 0.6201359033584595, 0.3528701663017273, 0.866858184337616, 0.7943047285079956, 0.7486698627471924, 0.7246307134628296, 0.2875186502933502, 0.18154379725456238, 0.7107375860214233, -0.08677785843610764, 0.6101503372192383, 0.5611559748649597, 0.7262463569641113, 1.2632054090499878, 0.5360172390937805, 0.8158318400382996, 1.0562338829040527, 1.57848060131073, 0.2966992259025574, 0.06307480484247208, 0.4314441382884979, 0.4398972988128662, 0.8194933533668518, 0.023849159479141235]], [[-0.35056328773498535, -1.4293382167816162, -1.039599895477295, -0.8161223530769348, -1.036715030670166, -1.537311315536499, -0.8854207396507263, -0.7420105338096619, -1.1239871978759766, -0.9087658524513245, -1.0319724082946777, -1.8224053382873535, -1.254906415939331, -0.2482399344444275, -0.7529295086860657, -0.7903948426246643, -0.4046732187271118, -1.024467945098877, -0.3942187428474426, -0.9780516028404236, -0.578531801700592, -0.3751533031463623, -1.046445369720459, -0.6515892148017883, -0.7090060114860535, -0.9226657748222351, -1.6004819869995117, -0.5556603074073792, -0.6027467846870422, -0.10248821973800659, -1.1174228191375732, -0.27720487117767334], [0.5135186910629272, -0.21869701147079468, -0.0905604362487793, -0.10466837882995605, -0.6437943577766418, -0.9022501111030579, -0.24790829420089722, -1.0574533939361572, 0.144578754901886, -1.2707726955413818, -0.408033549785614, -1.0302038192749023, -0.37513595819473267, -0.4668453335762024, -0.26244276762008667, -0.5208188891410828, -0.15109270811080933, -1.4345035552978516, -0.27376604080200195, -0.6548249125480652, -0.12230938673019409, -0.2014859914779663, 0.029638051986694336, 0.10577470064163208, 0.037960320711135864, -0.9136573672294617, -0.01569730043411255, 0.5208057165145874, -0.5862134099006653, 0.02397000789642334, -1.1258480548858643, 0.47648394107818604]], [[0.7291743159294128, 0.013719737529754639, 0.35818666219711304, 0.5295614004135132, 0.13358628749847412, 0.3516693115234375, 0.8573107719421387, 0.34336209297180176, 0.5351855158805847, 0.8773156404495239, 0.8685289621353149, -0.2800179719924927, 0.3049715757369995, 0.5463008284568787, 0.6630675792694092, -0.33620738983154297, 0.6517969965934753, -0.035462573170661926, 0.6875959634780884, 0.6027932167053223, 0.6525480151176453, 1.1696019172668457, 1.1860729455947876, 1.0554348230361938, 0.5674601197242737, 0.3310459852218628, -0.673188328742981, 0.5917539596557617, 0.40375569462776184, 0.6131911873817444, -0.4036162495613098, 0.3769819736480713], [-0.30306100845336914, 0.9069859981536865, 0.5731437802314758, 0.6465768814086914, 0.49486440420150757, 0.3414480686187744, 0.36876028776168823, 0.252564400434494, 0.48530423641204834, 0.578985869884491, 0.662969172000885, 0.344125360250473, 0.5966492891311646, 0.6859403848648071, 0.32870379090309143, 0.3321512043476105, 0.5352705121040344, 0.013025641441345215, 0.9095896482467651, 0.6342258453369141, 0.6757184267044067, 0.6813029646873474, 0.7109583616256714, 0.7536469101905823, 0.2481776773929596, -0.030806824564933777, 0.4250214099884033, -0.2061849683523178, 0.14569492638111115, 0.3193359971046448, -0.5143713355064392, -0.23794476687908173]], [[0.9602259397506714, 1.261932134628296, 1.4261537790298462, 0.9885915517807007, 1.1584137678146362, 1.3170162439346313, 0.8518660068511963, 1.1820545196533203, 1.4141008853912354, 1.0311607122421265, 0.8129532337188721, 1.2956384420394897, 1.1635701656341553, 0.7710491418838501, 0.842266321182251, 1.3598672151565552, 0.990717887878418, 1.3627408742904663, 0.9788835048675537, 1.467747688293457, 0.9687120914459229, 1.0001428127288818, 1.6692999601364136, 1.7573697566986084, 2.4762837886810303, 1.3245924711227417, 1.4329584836959839, 0.37275180220603943, 0.8865064382553101, 0.49653276801109314, 1.4933518171310425, 0.7258505821228027], [-0.11104581505060196, 0.565207839012146, 0.5111581087112427, 0.5536201000213623, 0.8180488348007202, 0.8529425859451294, 0.38898560404777527, 1.0069597959518433, 0.3935421407222748, 1.0987006425857544, 0.507156252861023, 1.0134034156799316, 0.6310926675796509, 0.4810532033443451, 0.3305545151233673, 0.7750604152679443, 0.2269669771194458, 0.9906034469604492, 0.5944727659225464, 0.8436353206634521, 0.3415551483631134, 0.7586309909820557, 0.6111922264099121, 0.5344228744506836, 0.15088215470314026, 1.0579346418380737, 0.518837571144104, -0.003931835293769836, 0.874984622001648, 0.6440728902816772, 1.2739413976669312, -0.013259559869766235]], [[-0.9476507306098938, -0.8012109398841858, -0.7319945096969604, -0.5795853734016418, -0.8885334134101868, -1.0043435096740723, -1.2580137252807617, -0.7932491898536682, -1.2192790508270264, -1.0593640804290771, -0.9340252876281738, -0.8247054815292358, -1.4810593128204346, -0.5014678835868835, -1.8582515716552734, -0.49338823556900024, -0.9116142988204956, -0.6704075336456299, -0.449993759393692, -0.6170104742050171, -0.4361218214035034, -0.17760580778121948, -0.8543541431427002, -1.0867648124694824, -2.014995813369751, -1.4573345184326172, -1.3247860670089722, -1.161956787109375, -0.50802081823349, -0.3861563503742218, -0.7862339615821838, -0.8094772100448608], [0.18242746591567993, -0.46708381175994873, -0.12284034490585327, -0.2055816650390625, -1.1156734228134155, -1.147208571434021, -0.49772530794143677, -0.47425615787506104, -0.12223121523857117, -1.010082721710205, -0.7606862783432007, -0.8420143723487854, -0.7291057705879211, -0.5499338507652283, -0.5273746848106384, -0.48267868161201477, -0.5650032162666321, -1.0416779518127441, -0.5510373115539551, -0.7701630592346191, -0.6042135953903198, -0.61197829246521, -1.077362298965454, -0.7984999418258667, -0.3952367901802063, -0.9135423898696899, -0.35074231028556824, 0.30767232179641724, -0.565751314163208, -0.30392366647720337, -0.4307474195957184, 0.17114728689193726]], [[0.4527167081832886, -0.23374950885772705, 0.3222845792770386, 0.09852863848209381, 0.11562295258045197, 0.5597867369651794, 0.5195939540863037, 0.0020757168531417847, 0.35739046335220337, 0.405277818441391, 0.3035663664340973, -0.06646332144737244, 0.06628503650426865, 0.3356230854988098, 0.9644342660903931, 0.10939496755599976, 0.558275580406189, 0.523326575756073, 0.36195212602615356, 0.4506869614124298, 0.19227534532546997, 0.29414796829223633, 0.25452694296836853, 0.22419217228889465, 0.6136330366134644, 0.6504349112510681, -0.36290889978408813, 0.17762164771556854, 0.07968513667583466, 0.2022305130958557, -0.5840135812759399, 0.03705452382564545], [0.23762720823287964, -0.4543370008468628, -0.19802933931350708, -0.09443703293800354, -0.729291558265686, -0.7248080968856812, -0.008653998374938965, -0.7352737188339233, 0.1321902573108673, -0.4855723977088928, -0.18421101570129395, -0.22576609253883362, -0.3733066916465759, -0.4862411618232727, -0.056447163224220276, -0.11761236190795898, -0.12742313742637634, -0.21945512294769287, -0.40487802028656006, -0.2709917724132538, -0.706854522228241, -0.33781898021698, -0.25373542308807373, 0.3627875745296478, 0.31067705154418945, -0.9504792094230652, 0.07965477555990219, 0.21151840686798096, -0.39556246995925903, -0.11476597189903259, -0.6176004409790039, 0.31781435012817383]], [[0.360831618309021, 0.24076470732688904, -0.4536551237106323, 0.36601129174232483, -0.14018897712230682, 0.6917314529418945, 0.43641436100006104, 0.2176511436700821, 0.15173493325710297, 0.41226446628570557, -0.11033086478710175, 0.21115204691886902, 0.5070356726646423, 0.6155819296836853, 0.35949110984802246, 0.19942909479141235, -0.051688551902770996, 0.3212537169456482, 0.17662616074085236, 0.3034115433692932, 0.3338884115219116, 0.33029744029045105, -0.2215621918439865, 0.5565852522850037, 0.18817277252674103, 0.08375132828950882, 0.22219565510749817, 0.5176498889923096, 0.3168269097805023, 0.41719233989715576, 0.237455353140831, 0.7045705318450928], [0.43997782468795776, 0.6148711442947388, 0.3810589015483856, 0.5743368268013, 0.8525118231773376, 0.9065186381340027, 0.5260014533996582, 0.6767306327819824, 0.5236762166023254, 1.195676565170288, 0.3662090599536896, 0.7710413336753845, 0.6612852215766907, 1.2249537706375122, 0.859963059425354, 0.9069639444351196, 0.7487639784812927, 1.5193713903427124, 0.7174285054206848, 0.7519014477729797, 1.4192419052124023, 1.2235311269760132, 1.3941792249679565, 1.6928530931472778, 1.8047510385513306, 1.5242118835449219, 0.39642614126205444, 0.45299309492111206, 0.7542284727096558, 0.851046621799469, 0.8545823097229004, 0.49730008840560913]], [[-0.11648564040660858, -0.7332635521888733, -0.362638920545578, -0.28115224838256836, -0.40606051683425903, -0.9593229293823242, -0.5292377471923828, -0.5703121423721313, -0.8812910914421082, -0.9753811359405518, -0.9082244038581848, -1.2565125226974487, -0.8662815690040588, -0.23450040817260742, -0.45478859543800354, -1.0126698017120361, -0.4696483910083771, -0.7424935698509216, -0.1996854543685913, -0.5679652690887451, -0.18855895102024078, -0.4983256161212921, -0.7619478106498718, -0.5454182624816895, -0.7956029772758484, -0.7847325801849365, -1.3896689414978027, -0.5112566947937012, -0.6553943753242493, -0.33013927936553955, -0.8243454694747925, -0.3501667380332947], [-0.24851159751415253, -0.03188031166791916, -0.005185745656490326, 0.022764164954423904, -0.12109139561653137, -0.27602115273475647, -0.13491973280906677, -0.5331511497497559, 0.1713225245475769, -0.14958219230175018, -0.025109419599175453, -0.14479318261146545, -0.13412894308567047, 0.24715061485767365, -0.029478346928954124, 0.07406190037727356, 0.4823109209537506, -0.1689714938402176, 0.17665986716747284, 0.1141836941242218, 0.14133282005786896, 0.09309360384941101, 0.5375818014144897, 0.4535447657108307, 0.3586674630641937, 0.23694638907909393, 0.17680469155311584, -0.3475373685359955, -0.565909206867218, -0.1315673142671585, -0.40803414583206177, -0.4096226990222931]], [[0.4137641489505768, 1.044869065284729, -0.05323077738285065, 0.6579888463020325, -0.2965279817581177, 0.9055011868476868, -0.20129795372486115, 0.16126498579978943, -0.4435698986053467, 0.49532508850097656, -0.47615551948547363, 0.11707542091608047, 0.1469017118215561, 0.4556182026863098, -0.0048585087060928345, 0.5712108016014099, -0.32930535078048706, 0.5848670601844788, 0.30788248777389526, 0.7197141647338867, 0.22929014265537262, 0.02775368094444275, -0.7173464894294739, -0.8000140190124512, -1.0542722940444946, -0.6403785347938538, 0.4977705478668213, 0.3071487545967102, 0.6894898414611816, 0.4090125560760498, 0.7802870869636536, 0.6935667991638184], [0.20449265837669373, 0.7410460710525513, 0.5123097896575928, 0.5917655825614929, 0.8737799525260925, 0.6248465776443481, 0.5423699021339417, 0.8102994561195374, 0.548662006855011, 0.8984951376914978, 0.7281926870346069, 0.8225473761558533, 0.8567224144935608, 0.34166842699050903, 0.5941155552864075, 0.602211594581604, 0.791418731212616, 1.680328369140625, 0.7747029662132263, 0.7982739210128784, 0.7289255261421204, 0.2543686032295227, 0.6988200545310974, 0.5252547860145569, 1.2908415794372559, 1.822070837020874, 0.6360451579093933, 0.17996472120285034, 1.208646535873413, 0.8924620151519775, 1.2538307905197144, 0.1089169830083847]], [[-0.9879170656204224, -0.612669825553894, -1.1701745986938477, -0.7617692947387695, -0.903596043586731, -1.344348669052124, -1.021791696548462, -1.0331264734268188, -0.9248912930488586, -0.8486948013305664, -0.9547189474105835, -1.1225569248199463, -1.1788549423217773, -0.9334101676940918, -1.2750661373138428, -0.9500237703323364, -1.1513454914093018, -0.9915962815284729, -0.7910253405570984, -0.6777779459953308, -0.451253741979599, -0.4873025715351105, -0.2797739505767822, 0.2038913071155548, 0.20926058292388916, -0.30103451013565063, -0.7243152856826782, -1.0141322612762451, -0.4414217174053192, -0.6385861039161682, -0.637056827545166, -0.8470214009284973], [-0.19175374507904053, -0.9617670774459839, -0.6705119013786316, -0.7648679614067078, -1.0886633396148682, -0.9974609613418579, -0.8451406359672546, -0.7043286561965942, -0.6001049280166626, -0.9919958114624023, -1.0035077333450317, -0.8152631521224976, -0.9768425226211548, -1.537851333618164, -1.0527112483978271, -0.7525336742401123, -1.256946325302124, -0.9769688248634338, -1.4660463333129883, -1.2516522407531738, -1.278986930847168, -1.2206876277923584, -1.4949588775634766, -1.0492767095565796, -0.9584632515907288, -0.6372422575950623, -0.5113093256950378, -0.16219718754291534, -0.6466100811958313, -0.4207485616207123, -0.3782402575016022, -0.17378613352775574]], [[-0.15862275660037994, 0.10975321382284164, 0.13493883609771729, -0.4028252363204956, 0.23465360701084137, -0.05987204611301422, 0.27716419100761414, -0.17860136926174164, 0.12953463196754456, -0.06622733175754547, 0.063817098736763, 0.008567795157432556, 0.29272037744522095, 0.12179063260555267, 0.5239970088005066, 0.20436015725135803, 0.01035889983177185, -0.43244314193725586, -0.04003800451755524, 0.25064897537231445, 0.0004713088274002075, 0.2669854164123535, 0.4595777094364166, 0.36314964294433594, -0.5078248977661133, -0.27064430713653564, -0.3111995458602905, -0.29519158601760864, 0.054040491580963135, -0.15195633471012115, -0.3332436680793762, -0.578485906124115], [0.06408630311489105, -0.306992769241333, -0.21411986649036407, -0.03555651009082794, 0.12634122371673584, 0.08766137063503265, 0.007905378937721252, 0.3065132200717926, -0.1303776055574417, -0.17625616490840912, -0.12954066693782806, 0.24717187881469727, 0.4193546772003174, 0.16375954449176788, 0.2087627500295639, 0.2873600721359253, -0.34973543882369995, -0.8589727282524109, -0.12189929187297821, -0.31846117973327637, -0.08136941492557526, 0.15686863660812378, 0.8421144485473633, 0.10535775125026703, -0.005881994962692261, -0.4455385208129883, -0.08672265708446503, 0.043086811900138855, -0.3131590485572815, -0.21954597532749176, -0.005586221814155579, 0.06780898571014404]], [[-0.10363059490919113, -0.48674240708351135, -0.3089166283607483, -0.31675615906715393, -0.7254723310470581, -0.20880712568759918, -0.8122377395629883, -0.5302791595458984, -0.19575034081935883, -0.19137971103191376, -0.5423699021339417, -0.794863224029541, -0.7931461334228516, -0.32094502449035645, -0.6198321580886841, -0.47521504759788513, 0.21403652429580688, -0.17297007143497467, -0.2737875282764435, -0.4695966839790344, -0.4718141555786133, -0.18047066032886505, -0.608695387840271, -1.064491868019104, -0.47401031851768494, -1.1490306854248047, -1.1900534629821777, -0.32106488943099976, -0.3956085443496704, -0.2300143837928772, -0.9134831428527832, -0.3506438136100769], [0.024283215403556824, 0.09641364216804504, 0.13785043358802795, 0.328286349773407, -0.09654533118009567, 0.19009092450141907, 0.13622549176216125, 0.40465524792671204, 0.2556726336479187, 0.016670912504196167, -0.10848678648471832, 0.2211119830608368, 0.002103090286254883, -0.01163993775844574, -0.04989199340343475, 0.4800556004047394, 0.33114829659461975, 0.3088017702102661, 0.346878319978714, 0.4648799002170563, 0.0689404159784317, -0.5348562002182007, -0.9270907640457153, -0.4614502787590027, 0.1815839409828186, -0.13764455914497375, 0.34038978815078735, 0.10128965973854065, 0.36713483929634094, 0.36696657538414, 0.02842763066291809, 0.07572709023952484]], [[-0.10285592079162598, 0.4434546232223511, 0.5581105351448059, -0.1639009714126587, 0.10808473825454712, -0.29931533336639404, -0.38558441400527954, 0.10039491951465607, 0.022861473262310028, -0.10197478532791138, 0.3866211771965027, 0.7118774056434631, 0.3011990189552307, -0.23412351310253143, -0.09383270144462585, 0.303425669670105, -0.19924864172935486, 0.09529443085193634, 0.3609479069709778, -0.26835161447525024, 0.41275739669799805, 0.019785545766353607, 0.11439529061317444, 0.751284122467041, -0.08883391320705414, 0.09791629016399384, 1.1247942447662354, 0.06640971451997757, 0.31420087814331055, 0.25047916173934937, 0.7516468167304993, 0.10762488842010498], [-0.08603563904762268, -0.405457079410553, -0.6978972554206848, -0.41719287633895874, -0.006125718355178833, -0.34982216358184814, -0.3757615089416504, -0.03313181549310684, -0.33608418703079224, -0.2771828770637512, -0.28615763783454895, -0.3163304328918457, -0.5873098969459534, -1.121384620666504, -0.48166292905807495, -0.5835365653038025, -1.0485345125198364, -0.3736540675163269, -0.7316310405731201, -0.5704691410064697, -0.4785618185997009, -0.6822509765625, -0.5345237851142883, -0.6169196963310242, -0.4693031311035156, -0.5235292911529541, -0.14411552250385284, -0.2526479661464691, 0.04086795449256897, -0.2831515073776245, 0.4405205249786377, -0.2569581866264343]], [[0.15577282011508942, -0.010533884167671204, -0.5087076425552368, 0.48956358432769775, -0.46006712317466736, 0.05584079027175903, -0.4797169864177704, 0.08091641962528229, -0.7273606657981873, -0.22136059403419495, -0.6184813976287842, -0.5015842318534851, -0.46136191487312317, 0.4133588969707489, -0.7859558463096619, 0.1089472696185112, 0.47544386982917786, 0.30804067850112915, 0.31529736518859863, -0.010437168180942535, -0.09698072820901871, -0.9603269696235657, -2.3642427921295166, -1.9765822887420654, -0.7635315656661987, 0.0010265856981277466, -0.049275852739810944, -0.034703291952610016, 0.12915241718292236, 0.11467528343200684, -0.11770699173212051, -0.09234503656625748], [-0.5873656868934631, 0.2389785647392273, 0.11426129937171936, 0.16393229365348816, 0.13629651069641113, 0.2858118414878845, -0.13587775826454163, 0.10222162306308746, -0.16661179065704346, 0.24407958984375, -0.18013325333595276, 0.3013721704483032, -0.18127340078353882, -0.2851206064224243, -0.19986137747764587, 0.10894694179296494, -0.3037296235561371, 0.0190310999751091, -0.21819782257080078, -0.21874186396598816, -0.3019309341907501, -1.118487000465393, -0.9490402340888977, -0.5756177306175232, -0.9496033787727356, -0.7641151547431946, -0.21565204858779907, -0.5580102205276489, 0.11388487368822098, -0.2397463619709015, 0.2636576294898987, -0.587746798992157]], [[-0.5246620774269104, -0.7450483441352844, -0.3144468665122986, -1.2232649326324463, -0.5583406686782837, -0.9590953588485718, -0.6676537394523621, -0.9536217451095581, -0.19492751359939575, -0.08427508175373077, -0.2660597264766693, -0.7335137724876404, -0.6339590549468994, -0.8518114686012268, -0.5512458682060242, -1.0636045932769775, -0.45793575048446655, -0.38696298003196716, -0.47251927852630615, -1.1633244752883911, -0.6216027736663818, -0.6856396198272705, -0.7352553009986877, -0.9770484566688538, -0.10992610454559326, -0.26442644000053406, -1.1057661771774292, -0.8878523111343384, -0.7070958018302917, -0.26142585277557373, -1.031562089920044, -0.5979089140892029], [-0.3328503370285034, -0.40901508927345276, -0.2031836062669754, -0.20284081995487213, -0.40813031792640686, -0.6412115693092346, -0.33911171555519104, -0.802584707736969, -0.20331811904907227, -0.8179483413696289, -0.42619290947914124, -1.1793843507766724, -0.49141716957092285, -0.4177958071231842, -0.1515694558620453, -0.7544437646865845, -0.38845592737197876, -0.8094504475593567, -0.5402681827545166, -0.8854613304138184, -0.2809986472129822, -0.6907531023025513, -0.21069271862506866, -0.3486916422843933, -0.8201624751091003, -2.548490285873413, -0.36479660868644714, -0.36845430731773376, -0.7256590127944946, -0.19765305519104004, -1.5530462265014648, -0.31298714876174927]], [[0.5394595861434937, 0.6573625206947327, 0.4062838852405548, 0.3918108344078064, 0.9580119252204895, 0.7710898518562317, 0.5070175528526306, 0.531600296497345, 0.7917071580886841, 0.5759909749031067, 0.4472222924232483, 0.7752430438995361, 0.8624082803726196, 0.24548007547855377, 0.7083058953285217, 0.5400989055633545, 0.3383197486400604, -0.05316703021526337, -0.012956291437149048, -0.1475542038679123, 0.18687576055526733, 0.19651785492897034, 0.3841480016708374, 0.7752856016159058, 0.6776958107948303, 0.5524786114692688, -0.038232579827308655, 0.24724075198173523, 0.17170265316963196, 0.5093992948532104, 0.34250155091285706, 0.22829897701740265], [-0.11255185306072235, 0.5900075435638428, 0.5032554268836975, 0.5027753710746765, 1.0520728826522827, 0.7021555304527283, 0.334800660610199, 0.48561644554138184, 0.27103808522224426, 0.5205559134483337, 0.4081176221370697, 0.4519406259059906, 0.6245585083961487, 0.06310848891735077, 0.3466477394104004, 0.21292130649089813, 0.1640303134918213, -0.18376247584819794, 0.40226200222969055, 0.5120424628257751, 0.5738694071769714, -0.3275543451309204, 0.21339021623134613, 0.27219483256340027, 0.35804009437561035, 0.1822863072156906, 0.4564107060432434, -0.07561282813549042, 0.551315188407898, 0.5940329432487488, 0.5933433771133423, -0.0616137832403183]], [[-0.3637569546699524, -0.6441060304641724, 0.616222620010376, -0.2689465284347534, 0.1490204781293869, -1.436525583267212, 0.15487296879291534, -0.3938755691051483, -0.1623370498418808, -0.5137556195259094, 0.4855736494064331, -0.11468325555324554, 0.08802147209644318, -0.5317046046257019, 0.29352909326553345, -0.3361789286136627, 0.05278089642524719, -1.0882691144943237, 0.11891734600067139, -0.4945642054080963, 0.4070033133029938, 0.410230427980423, 0.7405476570129395, 0.21603257954120636, -0.17492586374282837, -0.5566287636756897, 1.134114146232605, 0.17432105541229248, 0.33537498116493225, -0.060577694326639175, 0.5711615681648254, -0.27068743109703064], [-0.20555642247200012, -0.13581591844558716, 0.13029755651950836, 0.1006128340959549, 0.19963403046131134, 0.014686384238302708, 0.35811662673950195, 0.10387785732746124, 0.1856074333190918, -0.60407954454422, -0.02295519784092903, -0.028868719935417175, 0.5340318083763123, 0.3531719446182251, 0.4879052937030792, 0.09799796342849731, 0.3629419803619385, -0.5081257820129395, 0.17421485483646393, -0.02267187088727951, 0.20945757627487183, -0.11652033030986786, 1.0087136030197144, 0.7340905070304871, 0.47763940691947937, 0.8454499840736389, 0.361453115940094, -0.16104814410209656, 0.16837774217128754, 0.06250244379043579, 0.1636761575937271, -0.16072428226470947]], [[0.7938662171363831, 1.019380807876587, 0.5570094585418701, 0.45001277327537537, 0.49724504351615906, 0.2536410391330719, -0.11009769886732101, 0.5214838981628418, 1.2150202989578247, 0.8314303159713745, 0.23357102274894714, 1.177700400352478, 0.9397403597831726, 0.5671794414520264, 0.17402362823486328, 1.0066168308258057, 0.9290578961372375, 0.7859045267105103, 0.7341253161430359, 0.6865699291229248, 0.6227397322654724, 1.141595482826233, 1.3536646366119385, 1.140615463256836, 1.1609143018722534, 0.6457412242889404, 1.2528822422027588, 0.5485541820526123, 0.668729305267334, 0.5872578620910645, 1.0951265096664429, 0.7261452674865723], [0.3861664831638336, 0.9698911905288696, 0.6876050233840942, 0.49934297800064087, 1.1769946813583374, 1.0134937763214111, 0.6099690198898315, 0.5980873703956604, 0.7352926135063171, 1.0274947881698608, 0.8842038512229919, 0.6476563811302185, 1.313522458076477, 1.144428014755249, 0.8910870552062988, 0.278637558221817, 0.917992889881134, 0.8305517435073853, 1.3819352388381958, 0.7756853699684143, 1.7055450677871704, 1.4121999740600586, 1.156411051750183, 0.5816094279289246, 0.6549474000930786, 1.9016139507293701, 0.5376251339912415, 0.3228316009044647, 0.9643194079399109, 0.6633686423301697, 1.2617499828338623, 0.25464412569999695]], [[-0.5172443389892578, -0.7154684066772461, -0.4691223204135895, -0.45877984166145325, -0.3390630781650543, -0.7134240865707397, -0.7660431861877441, -0.8172605037689209, -1.2594871520996094, -0.7270674705505371, -0.6985704898834229, -0.9657198190689087, -0.9297621250152588, -0.7172046899795532, -1.2545827627182007, -1.333984613418579, -0.9129147529602051, -0.8263723850250244, -0.30618563294410706, -0.23588022589683533, -0.43356749415397644, -0.6872344017028809, -1.4890263080596924, -1.7015340328216553, -1.6976674795150757, -1.0939090251922607, -1.4066516160964966, -0.7064945697784424, -0.6642173528671265, -0.6061053276062012, -1.124581217765808, -0.8698054552078247], [-0.018082529306411743, -0.4458320438861847, -0.17257758975028992, -0.3949739634990692, -0.6523584127426147, -0.7783435583114624, -0.5925554037094116, -0.6898037195205688, -0.138807475566864, -0.6068321466445923, -0.5505905151367188, -0.8713185787200928, -0.7906205654144287, -0.5007690191268921, -0.845098614692688, -0.9477378129959106, -0.7407687902450562, -0.8452926874160767, -0.8276462554931641, -1.0406265258789062, -0.906856894493103, -1.2672590017318726, -1.0105279684066772, -1.0137885808944702, -0.9492243528366089, -0.5690921545028687, -0.4668251574039459, -0.016989409923553467, -0.616252064704895, -0.38615497946739197, -1.0057878494262695, -0.02667728066444397]], [[-0.37085509300231934, -0.4845825433731079, -0.07676507532596588, 0.01392383873462677, -0.3576975464820862, -0.42556703090667725, -0.3706568479537964, -0.2074456661939621, -0.8767446279525757, -0.1959153562784195, 0.1331600844860077, 0.27406617999076843, 0.0344545841217041, 0.09136159718036652, -0.22606690227985382, 0.18460868299007416, -0.6495039463043213, 0.1462361216545105, 0.45229029655456543, -0.24843765795230865, 0.07060771435499191, 0.4501842260360718, -0.2046327143907547, -0.48284465074539185, -0.9751930236816406, -0.2628101706504822, -0.2832494378089905, -0.3565681576728821, 0.3932455778121948, 0.25406473875045776, 0.1856795847415924, 0.06754298508167267], [-0.20438314974308014, -0.5257505774497986, -0.5041672587394714, -0.6746130585670471, -0.6043766736984253, -0.3498679995536804, -0.7577710747718811, -1.049973487854004, -0.6658831238746643, -0.5436238646507263, -0.2020171731710434, -0.33461713790893555, -0.4020267128944397, -0.6803261041641235, -0.34819161891937256, -0.11671997606754303, -0.5439532399177551, -0.7611742615699768, 0.011887788772583008, -0.04976385831832886, -0.3423612713813782, -0.7784882187843323, -1.0262343883514404, -0.7565532326698303, -1.0227936506271362, -0.4640743136405945, -0.6877632737159729, -0.22093574702739716, 0.1290886104106903, -0.40125566720962524, -0.546851396560669, -0.14977411925792694]], [[-0.3225749135017395, 0.7123798131942749, 0.7145749926567078, 0.0567287839949131, 0.09187111258506775, 0.8320049047470093, 0.25969716906547546, -0.2509978711605072, 1.2543511390686035, 0.4447229206562042, 0.24061425030231476, 1.2402422428131104, 0.5794691443443298, 0.2781098783016205, 0.11081862449645996, 1.1648606061935425, -0.11724555492401123, 0.5367856621742249, 0.0014864448457956314, 0.7690213918685913, 0.2949686646461487, 0.788116455078125, 0.8510874509811401, 0.683834969997406, 0.7532635927200317, 0.21027961373329163, 0.3488297462463379, -0.10923703014850616, 0.13186264038085938, -0.17223818600177765, 0.23048192262649536, -0.524011492729187], [0.007416820153594017, 1.3590360879898071, 0.8656352162361145, 0.9402000904083252, 2.131002426147461, 1.753840446472168, 0.9967482686042786, 1.3240220546722412, 0.7750903964042664, 1.8576561212539673, 1.783451795578003, 1.6512885093688965, 1.5684537887573242, 1.2267895936965942, 1.239174246788025, 1.1560442447662354, 1.227205753326416, 1.8939176797866821, 1.3862663507461548, 1.5253820419311523, 1.3843218088150024, 1.0658209323883057, 1.2151128053665161, 1.3603980541229248, 1.0479986667633057, 0.7552065849304199, 0.29935207962989807, -0.17800581455230713, 1.1711921691894531, 0.7066637277603149, 1.5633831024169922, -0.2010030746459961]], [[-0.26622405648231506, -1.3803938627243042, -0.7719500064849854, -1.002044916152954, -0.509519100189209, -1.1244488954544067, -0.3012986183166504, -0.8415083885192871, -0.5012819766998291, -0.526881754398346, -0.35960957407951355, -0.977820634841919, -0.5765992403030396, -0.8913531303405762, -0.3181720972061157, -2.061950445175171, -0.10086023062467575, -1.2569310665130615, -0.8697596788406372, -1.7924553155899048, -0.8970626592636108, -0.9825034141540527, -1.5428664684295654, -1.3427244424819946, -0.7733180522918701, -1.2117342948913574, -1.5294393301010132, -0.4929153621196747, -1.076494574546814, -0.8634673357009888, -1.7168747186660767, -1.0133447647094727], [-0.4595133364200592, -0.7036982774734497, -0.21700143814086914, -0.580310583114624, -0.2284095585346222, -0.4024130702018738, -0.16499073803424835, -0.2263997495174408, -0.26034966111183167, -0.3017647862434387, -0.06013178825378418, -0.3529265522956848, -0.3742823600769043, -0.5216593742370605, -0.28317075967788696, -0.6537189483642578, -0.379925936460495, -0.5883591771125793, -0.8218337297439575, -1.244940996170044, -0.7442408800125122, -0.33029210567474365, -0.3907093107700348, -0.6128832101821899, -0.7289537191390991, -1.5420901775360107, -0.5533522367477417, -0.4671233296394348, -0.775528073310852, -0.6016358137130737, -1.0267808437347412, -0.49373728036880493]], [[0.12986378371715546, -1.3729488849639893, -0.637790858745575, -0.48497098684310913, -0.09472611546516418, -0.7758378386497498, -0.3662198483943939, -0.39172065258026123, -0.22837816178798676, -0.7509167194366455, -0.48691779375076294, -0.9152490496635437, -0.6280034184455872, -0.06858192384243011, -0.2177925407886505, -0.1420699506998062, 0.5593525767326355, -0.30992576479911804, -0.11471734941005707, -0.6383877992630005, 0.06710471212863922, 0.22352449595928192, -0.002498418092727661, -0.05968332663178444, 0.5539440512657166, -0.16084055602550507, -0.8255029916763306, -0.7187153697013855, -0.4912409782409668, -0.32872599363327026, -0.7091494798660278, -0.05370168015360832], [0.08302640914916992, -0.2335556298494339, 0.016957154497504234, -0.3898733854293823, -0.0712725818157196, -0.4973751902580261, -0.17813605070114136, -0.5675225853919983, 0.038085054606199265, -0.33779025077819824, -0.06223350390791893, -0.3193937838077545, -0.12272670865058899, 0.12603913247585297, -0.10062932968139648, -0.3628356158733368, 0.40176793932914734, -0.13939881324768066, 0.17450110614299774, -0.2624990940093994, 0.17412583529949188, 0.20869147777557373, 0.19269990921020508, -0.025487974286079407, 0.606028139591217, -0.062280621379613876, -0.41297647356987, 0.08962315320968628, -0.3729119598865509, -0.27961161732673645, 0.04399343207478523, 0.06813652813434601]], [[0.6664029359817505, 0.6807011365890503, 0.7850661277770996, 0.721759557723999, 0.6452252268791199, 0.15767902135849, 0.8856979012489319, 0.7613619565963745, 0.9390307068824768, 0.3787482976913452, 0.9373133778572083, 0.7188670039176941, 1.019230842590332, 0.7083548903465271, 1.3315037488937378, 0.6892014145851135, 1.219226360321045, 0.06988320499658585, 0.3336085379123688, 0.5999428033828735, 0.6689411401748657, 0.937522828578949, 1.9339814186096191, 1.155234694480896, 0.7344807982444763, 0.2797222137451172, 1.2921168804168701, 0.6335826516151428, 0.4504238963127136, 0.3330649435520172, 1.0828421115875244, 0.3488801419734955], [0.3001021444797516, -0.24337679147720337, 0.3883899450302124, -0.09533867985010147, -0.0009583309292793274, -0.10875649005174637, 0.15262341499328613, -0.04012618958950043, 0.1984308958053589, -0.5473936200141907, -0.036188848316669464, -0.2881346642971039, 0.13459867238998413, -0.12291423231363297, 0.07449101656675339, -0.21937039494514465, -0.08159040659666061, -0.9657111167907715, -0.13152137398719788, -0.41037437319755554, -0.3596723675727844, -0.4902417063713074, -0.8046966195106506, -0.8845065236091614, -0.28396075963974, -1.2241297960281372, 0.2290303111076355, 0.3037162721157074, -0.03529464080929756, -0.16527986526489258, -0.25246015191078186, 0.30586519837379456]], [[0.03886668384075165, 1.2330412864685059, 0.5192099213600159, 0.3713517189025879, 0.1906711310148239, 0.7558320164680481, -0.03596529737114906, 0.44812625646591187, 0.646388053894043, 0.6969575881958008, 0.2007741779088974, 1.1147323846817017, 0.22453142702579498, 0.22960896790027618, -0.2584741413593292, 1.1880439519882202, 0.38326185941696167, 1.0278829336166382, 0.44202399253845215, 0.7808733582496643, 0.05925615131855011, -0.4037759304046631, -0.8016029596328735, -0.10734062641859055, 1.2354685068130493, 0.39423274993896484, 1.0111067295074463, 0.24898402392864227, 0.08165150880813599, 0.13776543736457825, 0.32538706064224243, 0.25598883628845215], [0.2146024852991104, 0.24317260086536407, 0.050382986664772034, 0.2803279757499695, -0.3050747513771057, -0.10567805171012878, 0.2588679790496826, 0.3219550848007202, 0.42334502935409546, 0.9024032354354858, 0.49045324325561523, 0.264808714389801, 0.03976243734359741, 0.5299668312072754, 0.21984617412090302, 0.27538806200027466, 0.4846418499946594, 1.1797974109649658, 0.06314672529697418, 0.07010804116725922, -0.11432409286499023, -0.28565600514411926, -0.31819432973861694, -0.2785070240497589, 0.665596067905426, 0.7017674446105957, 0.44825536012649536, 0.18124987185001373, 0.17173688113689423, 0.522885262966156, 0.5692101716995239, 0.20392678678035736]], [[-0.3100831210613251, 0.5762132406234741, 0.5406134724617004, -0.536767840385437, 0.1558862030506134, -0.343483030796051, 0.06036979705095291, -0.15382912755012512, -0.03803747892379761, -0.2164425551891327, 0.4832589030265808, 0.5180848240852356, 0.6815676689147949, -0.1594460904598236, -0.08375364542007446, 0.20221315324306488, -0.3708402216434479, 0.21784323453903198, -0.00781276822090149, 0.008486509323120117, 0.45389524102211, 0.7961157560348511, 0.6940807104110718, 0.5580532550811768, 0.2148621827363968, 0.2773056626319885, 0.9314879179000854, -0.49871936440467834, 0.32691341638565063, 0.1737930178642273, 0.9313783645629883, -0.20912796258926392], [-0.1982685625553131, -0.322724312543869, -0.21887636184692383, -0.2682229280471802, 0.5384684801101685, -0.11208547651767731, -0.12019595503807068, 0.10875697433948517, -0.186051607131958, 0.765477180480957, 0.272580087184906, 0.3667301535606384, 0.12545441091060638, -0.13459789752960205, -0.04417325556278229, -0.38929030299186707, -0.09148518741130829, 0.6577261686325073, -0.1893252432346344, 0.2794772982597351, 0.210536390542984, 0.3938080072402954, -0.2683064043521881, -0.6582380533218384, -0.5322474241256714, 0.49398642778396606, -0.08187597990036011, -0.15089958906173706, 0.6945239305496216, -0.030515074729919434, 1.0688714981079102, -0.13609591126441956]], [[-0.616901695728302, -0.9296410083770752, -0.35512006282806396, -0.9680038690567017, -0.38663703203201294, -1.1875165700912476, -0.1249614953994751, -0.5008161067962646, -0.38974887132644653, -0.8455496430397034, 0.1782425343990326, 0.05070570856332779, -0.3676297664642334, -0.7364587187767029, -0.5123183727264404, -0.568285346031189, -0.462009072303772, -0.9605133533477783, -0.3022550344467163, -0.7833664417266846, 0.07821130752563477, 0.602123498916626, 0.5922842621803284, 0.5945892333984375, -0.21643604338169098, -0.2613852024078369, 0.5754392743110657, -0.2990748882293701, -0.05886615067720413, -0.12212134897708893, 0.2809534966945648, -0.7020459771156311], [-0.16090849041938782, -0.20424427092075348, 0.09898356348276138, -0.10496480762958527, 0.09016206860542297, -0.44677114486694336, -0.010961011052131653, -0.10064749419689178, 0.020764805376529694, -0.6389300227165222, -0.21850766241550446, 0.17682883143424988, 0.17022830247879028, -0.30237138271331787, -0.028010986745357513, -0.4640743136405945, -0.5412993431091309, -1.1622791290283203, -0.22128380835056305, -0.4211731553077698, 0.02733870968222618, 0.508675217628479, 0.5008969306945801, 0.22209136188030243, -0.2674216628074646, -0.40110886096954346, 0.16628709435462952, -0.1633967161178589, -0.14668269455432892, -0.06911028921604156, -0.022737525403499603, -0.2479286938905716]], [[-0.40307679772377014, 0.560937225818634, -0.043288130313158035, 0.4851408898830414, 0.5560345649719238, 0.5290299654006958, 0.3686161935329437, 0.6960908770561218, -0.5788847208023071, -0.3084627687931061, 0.12126241624355316, 0.7901822328567505, 0.6640743613243103, 0.2660115957260132, 0.3266925513744354, 0.5707078576087952, -0.28450003266334534, -0.1730777621269226, 0.02782018482685089, 0.40656909346580505, 0.17977361381053925, 0.004305422306060791, 0.9235917329788208, 0.9531647562980652, 1.031528115272522, 0.38750138878822327, 2.140528678894043, 0.13765470683574677, 0.5135400295257568, 0.05822210758924484, 1.4628649950027466, 0.1597425639629364], [-0.1366845816373825, -0.6165995001792908, -0.5718021988868713, -0.5271948575973511, -0.3487660586833954, -0.482593834400177, -0.30673348903656006, -0.016203809529542923, -0.43015870451927185, -0.3476356267929077, -0.3925722539424896, 0.09648217260837555, -0.2704247832298279, -0.5233827233314514, -0.2458644062280655, -0.37233442068099976, -0.549699068069458, -0.21642816066741943, -0.4187014400959015, -0.7019414901733398, -0.5320522785186768, -0.6937565207481384, -0.5277807712554932, -0.8043175935745239, -0.44387131929397583, -0.8406395316123962, -0.09729883074760437, -0.006745355203747749, 0.0915740430355072, -0.20891143381595612, 0.4819515347480774, 0.018141601234674454]], [[-0.040149688720703125, 0.4515526592731476, 0.3103446662425995, 0.03269651532173157, 0.23700660467147827, 0.9303531646728516, -0.04706510901451111, 0.08508501946926117, 0.3757416009902954, 0.3530261218547821, 0.08093337714672089, -0.022006481885910034, -0.04417094588279724, -0.0658646821975708, 0.01035754382610321, 0.27754858136177063, 0.17103131115436554, 0.5054468512535095, -0.13055828213691711, -0.06668347120285034, -0.33442801237106323, -0.4571937322616577, -0.5716595649719238, -0.37382882833480835, 0.4207436144351959, 0.07142874598503113, 0.07198311388492584, -0.12886157631874084, -0.3507012128829956, -0.1566566824913025, -0.17763948440551758, -0.2045285403728485], [0.017214760184288025, -0.07558780908584595, -0.0999542772769928, -0.20958250761032104, 0.14833131432533264, -0.025708377361297607, 0.11010319739580154, -0.03972557187080383, -0.05948343873023987, 0.23607654869556427, 0.10794271528720856, -0.1890212595462799, -0.11062395572662354, 0.31957417726516724, 0.19236789643764496, -0.10194116830825806, -0.035434842109680176, 0.15993881225585938, -0.27375611662864685, -0.4184357523918152, 0.19477564096450806, -0.2366386353969574, 0.5137283802032471, 0.4319545328617096, -0.09326070547103882, -0.18630507588386536, 0.016701728105545044, -0.02796107530593872, 0.13027548789978027, 0.14569875597953796, 0.2956486940383911, -0.04980599880218506]], [[-0.09435706585645676, -0.47135403752326965, -0.36287984251976013, -0.9834383130073547, -0.03780870512127876, -1.0659971237182617, 0.14233353734016418, -0.39920130372047424, 0.45724818110466003, -0.5039219856262207, -0.17432814836502075, -0.5236077308654785, -0.14324572682380676, -0.7816776633262634, -0.29155951738357544, -1.0379797220230103, 0.3518730401992798, -0.7619961500167847, -0.3771505057811737, -0.9987999200820923, -0.3811565637588501, -0.5383449792861938, 0.16756725311279297, 0.667494535446167, -0.36242538690567017, -0.0469374842941761, -0.21516436338424683, -0.22275742888450623, -0.5292484760284424, -0.23954841494560242, -0.37308621406555176, -0.5102980732917786], [0.12851399183273315, -0.3684918284416199, -0.15871325135231018, -0.5167062282562256, -0.43193531036376953, -0.802264392375946, -0.5057973861694336, -0.7002696394920349, -0.29951244592666626, -0.6465719938278198, -0.5022568106651306, -0.7680984139442444, -0.7876587510108948, -0.8459713459014893, -0.5848411917686462, -0.849029004573822, -0.4469178318977356, -0.6994686722755432, -0.7673986554145813, -1.0429571866989136, -0.2803523540496826, -0.6223017573356628, -0.27245256304740906, 0.13763290643692017, -0.37542787194252014, -0.8676793575286865, -0.4382592439651489, 0.1398245394229889, -0.6347696781158447, -0.26412835717201233, -0.47380805015563965, 0.11432834714651108]], [[-0.317769318819046, 0.20337709784507751, -0.5289642214775085, 0.22676292061805725, -0.9522784948348999, -0.5256453156471252, -1.0026038885116577, -0.02713906764984131, -0.4564744532108307, -0.3788277804851532, -0.9329383373260498, -0.7717242240905762, -1.303370714187622, -0.5593528747558594, -1.4757057428359985, -1.1348024606704712, -0.3411485552787781, -0.8178163766860962, -0.5872473120689392, -0.5440841317176819, -0.579551100730896, -0.24091944098472595, -0.29103022813796997, -0.989213228225708, -0.5599640011787415, -0.7737407088279724, -0.2740497887134552, -0.4525901973247528, -0.24876943230628967, -0.6119575500488281, -0.31029561161994934, -0.631393313407898], [-0.03914719820022583, -0.23729191720485687, -0.256560742855072, -0.10382848978042603, -0.5634559392929077, -0.12548105418682098, -0.2116789072751999, -0.292330265045166, -0.17907345294952393, -0.2990424931049347, -0.23685529828071594, -0.2203599363565445, -0.11508873105049133, 0.5977944135665894, -0.13769283890724182, -0.43660008907318115, 0.10599026083946228, -1.0207927227020264, 0.18930038809776306, 0.0297907292842865, -0.22429853677749634, -0.41888439655303955, 0.04599305987358093, 0.09519064426422119, 0.2853449881076813, -0.36574089527130127, -0.3904561400413513, -0.08265021443367004, -0.05167070031166077, -0.3976351022720337, 0.1264234483242035, -0.13085319101810455]], [[0.17957854270935059, -0.7731342911720276, 0.13090020418167114, -0.896012544631958, -0.12246620655059814, -0.6410804986953735, -0.14001920819282532, -0.7165605425834656, 0.7221091985702515, -0.20660579204559326, -0.09289330244064331, -0.8379561305046082, -0.3028566837310791, -0.5326523780822754, -0.7669954299926758, -1.4125357866287231, -0.13003355264663696, -0.19793295860290527, -0.12234313786029816, -0.29480302333831787, -0.12358221411705017, 0.18530330061912537, 0.8941062688827515, 0.03994215279817581, -0.20641204714775085, -0.11316201090812683, -0.7232879400253296, -0.7219282984733582, -0.4961399435997009, -0.5850332379341125, -0.9073908925056458, -0.554625928401947], [0.06595826894044876, -0.4302661120891571, -0.08694207668304443, -0.22716477513313293, 0.30657345056533813, -0.5045156478881836, -0.02738535776734352, -0.5957717895507812, 0.019606944173574448, -0.5514717698097229, 0.19179780781269073, -0.259901225566864, -0.061746347695589066, -0.3049016296863556, 0.050023842602968216, -0.4041759669780731, -0.2842205762863159, -0.31998708844184875, -0.4693042039871216, -0.8440438508987427, -0.11407697200775146, -0.0403122641146183, 0.344087153673172, 0.001441117376089096, 0.42176324129104614, 0.5218623280525208, -0.03387104347348213, -0.054802168160676956, -0.3399543762207031, -0.5175739526748657, -0.23331618309020996, -0.11215496063232422]], [[-0.09520094096660614, 1.0048532485961914, 0.18654634058475494, 0.40533336997032166, 0.22041860222816467, 0.7777185440063477, 0.8492199182510376, 0.5602450370788574, 0.06554693728685379, 0.04806789755821228, 0.6553215980529785, 0.6687330007553101, 0.5608917474746704, 0.29472577571868896, 0.7213290929794312, 0.35521262884140015, -0.22757108509540558, 0.4119257926940918, 0.1807730793952942, 0.4534790813922882, 0.32668179273605347, 0.5953153371810913, 2.050851583480835, 1.6175730228424072, 0.10447540879249573, 0.22887396812438965, 0.8694760799407959, 0.459240585565567, 0.2899603843688965, 0.21128836274147034, 0.8366515636444092, 0.5733821392059326], [0.2864571213722229, 0.4478992223739624, 0.2324899137020111, 0.3770131468772888, 0.057448774576187134, 0.2006923258304596, 0.18375931680202484, 0.297247976064682, 0.15372593700885773, 0.10997457802295685, 0.09521578252315521, -0.06521637737751007, 0.01042424887418747, -0.07787744700908661, 0.01803654432296753, 0.21495923399925232, -0.16090697050094604, 0.05350395292043686, -0.006553005427122116, -0.046459782868623734, -0.1998620331287384, -0.2384987622499466, -0.658820390701294, -0.43499556183815, -0.38874179124832153, 0.13336855173110962, 0.13034367561340332, 0.29527929425239563, 0.1571333259344101, 0.3049531579017639, 0.237823486328125, 0.2350245714187622]], [[-0.1450851559638977, -1.4193012714385986, -0.6894866228103638, -0.7648252248764038, -0.7390453815460205, -1.7852426767349243, -1.0765169858932495, -1.1227290630340576, -0.9088977575302124, -0.9209129810333252, -0.5090962648391724, -1.2408148050308228, -1.0762982368469238, -0.8335256576538086, -1.0579233169555664, -1.7411850690841675, -0.5408896803855896, -1.4514944553375244, -0.5876314043998718, -1.5352702140808105, -0.6283258199691772, -0.5644241571426392, -1.250952959060669, -1.7170757055282593, -2.7232155799865723, -1.4826730489730835, -1.9498082399368286, -1.1881855726242065, -1.159862995147705, -0.7898944616317749, -1.9525400400161743, -0.80367112159729], [-0.11125169694423676, -0.2554740309715271, -0.15634885430335999, -0.3638191521167755, -0.5948604345321655, -0.848878026008606, -0.3211263120174408, -0.9309787750244141, 0.018429875373840332, -1.110042691230774, -0.35781019926071167, -0.7525858879089355, -0.4437727928161621, -0.38407933712005615, -0.4976033866405487, -0.6108870506286621, 0.1425740122795105, -1.5568851232528687, -0.4709504544734955, -0.8073369264602661, -0.44324347376823425, -1.3526266813278198, -0.6714675426483154, -0.8286807537078857, -0.34140658378601074, -2.638579845428467, -0.49993017315864563, -0.156370609998703, -0.9032495021820068, -0.4942377805709839, -0.8003431558609009, -0.22729438543319702]], [[-0.2977604269981384, -0.21396318078041077, -0.3546231985092163, 0.33875125646591187, -0.13103902339935303, 0.4218229055404663, 0.04021424800157547, -0.05727934092283249, -0.8324427604675293, 0.39181289076805115, -0.056402094662189484, 0.6634364128112793, 0.24159780144691467, 0.09438677132129669, 0.4126254618167877, 0.13313618302345276, -0.5487217903137207, -0.0006442815065383911, -0.21303892135620117, -0.23659992218017578, -0.015029579401016235, -0.3393048942089081, -0.4709412157535553, -0.5928486585617065, 0.37483149766921997, 0.00825653225183487, 0.6601214408874512, 0.08154910802841187, 0.3269599378108978, 0.04108100011944771, 0.4378335177898407, 0.20132172107696533], [0.05606647953391075, 0.5451093316078186, 0.016120150685310364, 0.5298866033554077, 0.7467505931854248, 0.5545111298561096, 0.0964144766330719, 1.353969931602478, 0.18357551097869873, 1.7392154932022095, 0.617584764957428, 1.5694383382797241, 0.7213699817657471, 0.22399181127548218, 0.404007226228714, 0.870522141456604, 0.3881009519100189, 2.6357648372650146, 0.7125539779663086, 1.1099457740783691, 0.8192364573478699, 0.9210086464881897, 0.5755449533462524, 0.21123936772346497, 0.5707883834838867, 1.0070184469223022, 0.3405446410179138, 0.1924222856760025, 0.7194775938987732, 0.3617299497127533, 1.229217290878296, 0.1735118180513382]], [[0.4668511748313904, 0.017055340111255646, 0.7424821257591248, 0.22601264715194702, 1.0637257099151611, 0.09369643032550812, 1.3398182392120361, 0.5609647035598755, 1.4326884746551514, -0.252556711435318, 1.039879322052002, 0.47190821170806885, 1.010380744934082, 0.04309540241956711, 0.7268482446670532, 0.31906381249427795, 0.48255985975265503, -0.14731158316135406, 0.3686397969722748, -0.3770919442176819, 0.9645068049430847, 1.1409332752227783, 2.6530351638793945, 2.3392014503479004, 0.7585100531578064, 0.7698559165000916, 1.3508143424987793, 0.5093225240707397, 0.6094343066215515, 0.5628211498260498, 1.1357176303863525, 0.5307413339614868], [0.16314734518527985, -0.037856001406908035, -0.18370266258716583, -0.13564689457416534, 0.7140917181968689, 0.4262825846672058, 0.21826764941215515, 0.36778563261032104, -0.033236365765333176, 0.14515353739261627, 0.02953287959098816, 0.474723756313324, 0.2433326244354248, -0.2604990005493164, 0.14827948808670044, -0.09034381806850433, -0.05381006374955177, -0.07397273182868958, 0.015108734369277954, -0.11808883398771286, 0.017698347568511963, 0.7119191288948059, -0.09748787432909012, -0.3554348647594452, 0.05728843808174133, -0.10399343818426132, -0.027711354196071625, 0.18960466980934143, 0.24795517325401306, 0.1871030479669571, 0.8484740853309631, 0.19227002561092377]], [[-0.25661537051200867, -0.6726065278053284, -0.23305514454841614, -0.4148711562156677, 0.44000425934791565, -1.0510451793670654, 0.7082449793815613, -0.1834077090024948, -0.37861764430999756, -0.5785411596298218, 0.20432744920253754, -0.6780753135681152, -0.22446855902671814, 0.030054692178964615, 0.6572472453117371, 0.19121651351451874, -0.08878372609615326, -0.13233591616153717, -0.042388420552015305, -0.016153741627931595, 0.2386970818042755, -0.0671890377998352, 0.2718160152435303, 0.7218143939971924, -0.4767742156982422, 0.01737615093588829, -0.6083561182022095, -0.1826283037662506, -0.4256781339645386, -0.2773750126361847, -0.31920212507247925, -0.43912291526794434], [0.11613170802593231, -0.02894117310643196, -0.07711365818977356, 0.09758326411247253, 0.06136031448841095, -0.0488135926425457, -0.19696339964866638, -0.21684691309928894, -0.0002792850136756897, -0.25938403606414795, -0.23616185784339905, -0.31816190481185913, -0.15261797606945038, 0.280377596616745, 0.1338692009449005, -0.09737695753574371, 0.05232249200344086, -0.09694527089595795, -0.11929252743721008, 0.21857088804244995, -0.13898439705371857, 0.485119104385376, 0.6320733428001404, 0.5771747827529907, -0.26781803369522095, -0.02958446368575096, -0.21663451194763184, 0.10639935731887817, -0.45231834053993225, -0.36244985461235046, -0.07016567885875702, 0.08363504707813263]], [[0.41727444529533386, 1.9427011013031006, 1.3396891355514526, 0.8491711020469666, 0.3370208442211151, 1.355080485343933, 0.5716879963874817, 0.8630023002624512, -0.0677839145064354, 1.1498667001724243, 0.6020962595939636, 1.3685051202774048, 0.3332533538341522, 0.11062527447938919, 0.5242003202438354, 0.6928428411483765, 0.2107349932193756, 0.912227988243103, 0.3472778797149658, 1.4170057773590088, 0.16834431886672974, 0.1602950394153595, 0.10041261464357376, -0.12696070969104767, 0.3329743444919586, 0.5829892158508301, 0.8939270377159119, 0.6540461778640747, 0.5318850874900818, 0.5217561721801758, 0.22826334834098816, 0.21509242057800293], [0.31174513697624207, 0.8925113677978516, 0.35450536012649536, 0.4866034686565399, 1.2195894718170166, 1.2980722188949585, 0.6063635349273682, 1.279845118522644, 0.14096710085868835, 2.027320146560669, 1.1071714162826538, 1.5463087558746338, 0.8735819458961487, 0.9844632148742676, 0.795497715473175, 0.8556494116783142, 0.6863166689872742, 1.6292537450790405, 0.7506698966026306, 1.0733805894851685, 0.8575588464736938, 1.3906880617141724, 1.1387985944747925, 1.2004098892211914, 0.9320387840270996, 1.305516242980957, 0.4524557292461395, 0.2430192530155182, 1.0360791683197021, 0.531410276889801, 0.609565258026123, 0.21295663714408875]], [[-0.23762917518615723, 0.004239801317453384, 0.37641316652297974, 0.4326413571834564, -0.3181324601173401, 0.11441122740507126, -0.41421839594841003, 0.46024152636528015, -0.5066779851913452, 0.48491528630256653, 0.2497865855693817, 0.47793930768966675, -0.2501198947429657, 0.3008253872394562, -0.8785731196403503, 0.01666596718132496, -0.5067452788352966, 0.2608815133571625, 0.14358821511268616, 0.22725719213485718, 0.2947596609592438, 0.23298096656799316, 0.23257389664649963, 0.2663438618183136, -0.09410729259252548, -0.1440158486366272, 0.30722445249557495, -0.2315218448638916, 0.28872016072273254, -0.04904627799987793, 0.7024186253547668, 0.29243239760398865], [-0.05525355041027069, 0.42732706665992737, 0.3824492394924164, 0.5454973578453064, -0.11859280616044998, 0.5887938737869263, 0.241578608751297, 0.7245520353317261, 0.4155557155609131, 0.5778392553329468, 0.41671305894851685, 0.36897796392440796, 0.18093279004096985, 0.7085129022598267, 0.2024867832660675, 0.3883887827396393, 0.3843204975128174, 0.49425673484802246, 0.5198039412498474, 1.038830041885376, 0.36954784393310547, 0.4346102476119995, -0.30300211906433105, -0.10883285850286484, -0.12924528121948242, 0.09431196749210358, -0.0754368007183075, 0.04077816754579544, 0.3809252381324768, 0.2503010332584381, 0.6976293325424194, 0.07246506214141846]], [[0.0857723206281662, 0.7005710005760193, 0.03760233521461487, 0.3909197449684143, 0.17033126950263977, 0.3948146104812622, 0.8784452080726624, 0.553341269493103, -0.1546781361103058, 0.44488611817359924, 0.7394075989723206, 0.7295511960983276, 0.4903464615345001, 0.30140894651412964, 0.3135488033294678, 0.45429909229278564, -0.13070738315582275, 0.3314289450645447, 0.24810901284217834, 0.49831798672676086, 0.5388238430023193, 0.31451523303985596, 0.06667502224445343, 0.3502575159072876, -0.3536997437477112, 0.5959892272949219, 0.7848191261291504, 0.880632758140564, 0.5965110659599304, 0.5060722231864929, 0.617453396320343, 0.4474566876888275], [-0.10026600956916809, 0.16840754449367523, 0.05159894376993179, 0.04491952806711197, 0.5936222076416016, 0.27578404545783997, 0.08279585093259811, 0.5156466364860535, -0.011975705623626709, 0.7756085991859436, 0.26075103878974915, 0.479788213968277, 0.38557708263397217, -0.12039840221405029, 0.31262463331222534, 0.09787924587726593, -0.01777377724647522, 0.600898027420044, 0.27172818779945374, 0.471299409866333, 0.33841967582702637, 0.391512930393219, 0.37180423736572266, 0.31540125608444214, -0.36829763650894165, 0.6129228472709656, 0.1692599505186081, -0.1804431974887848, 0.5372516512870789, -0.26292672753334045, 0.845371663570404, -0.14927458763122559]], [[-0.5141394138336182, 1.4955402612686157, 0.45144206285476685, 0.47623348236083984, 0.7010363936424255, 1.5685677528381348, 0.6941620111465454, 0.5662966966629028, -0.08587368577718735, 0.2241998165845871, 0.27431124448776245, 0.9382124543190002, 0.5782879590988159, 0.016301319003105164, -0.4558672308921814, 0.622356653213501, -0.2607358992099762, 0.6492061614990234, 0.05969895422458649, 1.3992432355880737, 0.19403575360774994, -0.05839378386735916, -0.10975603759288788, 0.23268871009349823, 1.0955026149749756, 1.0750538110733032, 1.7243047952651978, -0.0757959857583046, 0.33784574270248413, 0.029149502515792847, 1.1221052408218384, -0.24571406841278076], [-0.6343235373497009, -0.7081736326217651, -0.7748071551322937, -0.5938658714294434, -0.5938801169395447, -0.41380971670150757, -0.7325592041015625, 0.2689169645309448, -0.723405122756958, -0.2904004752635956, -0.8575129508972168, -0.40696316957473755, -1.035314917564392, -0.8352786898612976, -1.2262694835662842, -0.7326651215553284, -1.2071951627731323, 0.3492788076400757, -0.986400842666626, -0.9073201417922974, -1.1655735969543457, -0.8412975668907166, -1.2099891901016235, -1.078214406967163, -1.047484278678894, 0.4169278144836426, -0.48839712142944336, -0.4569171667098999, -0.0463281124830246, -0.4280809760093689, 0.718757152557373, -0.40926867723464966]], [[-0.13137593865394592, -0.8955990076065063, -1.4478001594543457, -0.7417599558830261, -0.6627944707870483, -0.3428385853767395, -0.7936824560165405, -0.7607350945472717, -0.9336115717887878, -0.7418579459190369, -0.9804701805114746, -0.9673055410385132, -0.8207672238349915, -0.7927071452140808, -0.5537170171737671, -0.8785666227340698, -0.17292632162570953, -0.5260757207870483, -0.6571327447891235, -0.7740728259086609, -1.1976441144943237, -1.872841477394104, -2.6914525032043457, -1.9741274118423462, -0.39098232984542847, -0.3088814616203308, -1.7834107875823975, -0.8724933862686157, -0.9435226917266846, -0.7652366757392883, -1.092915654182434, -0.5841900110244751], [-0.09985770285129547, -1.0764000415802002, -0.9277854561805725, -1.0331066846847534, -1.0164655447006226, -0.912821352481842, -0.9307088851928711, -0.8448964953422546, -1.046498417854309, -0.9926109910011292, -1.69719398021698, -0.8315853476524353, -1.6521965265274048, -1.8173056840896606, -1.3137391805648804, -1.0654529333114624, -1.5268487930297852, -0.158916175365448, -1.5714787244796753, -1.4108386039733887, -1.594486951828003, -2.4528629779815674, -2.7411441802978516, -2.061335563659668, -1.5685136318206787, -2.2618367671966553, -1.0593801736831665, -0.10893242806196213, -1.2076820135116577, -1.162439227104187, -1.1848751306533813, -0.1022673025727272]], [[-0.04150970280170441, 0.49425309896469116, -0.4492609202861786, 0.393076092004776, -0.4805814325809479, 0.6782097220420837, -0.020396748557686806, 0.3301771879196167, 0.021808229386806488, 0.4574626088142395, -0.5743908882141113, -0.9156962037086487, -0.6052836179733276, 0.3410704731941223, -0.002845647744834423, 0.18649868667125702, 0.17709140479564667, 0.5062068700790405, -0.37542322278022766, -0.481433629989624, -0.568030595779419, -0.5788288116455078, -0.03136496618390083, 0.08607302606105804, 0.7877383232116699, -0.08850405365228653, -1.4527140855789185, -0.5209559202194214, -0.4722892940044403, 0.096026211977005, -0.8860970735549927, 0.07960578054189682], [-0.07648787647485733, -0.17212821543216705, -0.04082435369491577, -0.3036179840564728, -0.15075142681598663, -0.4364307224750519, -0.20105479657649994, -1.117661476135254, -0.06272002309560776, -0.586667001247406, -0.61236572265625, -0.8834925293922424, -0.4662300944328308, -0.31521180272102356, -0.36329537630081177, -0.5591901540756226, -0.06331408768892288, -0.7225272059440613, -0.3204619288444519, -0.5306000709533691, -0.24962693452835083, -0.4624851942062378, -0.26461055874824524, -0.06240914762020111, -0.09771592170000076, -0.6164523959159851, -0.20270052552223206, -0.14187441766262054, -0.7819167971611023, -0.4168277084827423, -0.9923906922340393, -0.11717537045478821]], [[0.23747263848781586, 0.35249119997024536, 0.15987978875637054, 0.2732783257961273, -0.09505968540906906, 0.7066651582717896, -0.2744741141796112, 0.08632703125476837, 0.2682236135005951, 0.359984427690506, -0.10124067962169647, 0.8264952301979065, 0.2965438961982727, 0.13526353240013123, 0.28643229603767395, 0.6169176697731018, -0.15023943781852722, 0.5875723361968994, 0.29371294379234314, 1.0270038843154907, -0.27039629220962524, -0.29946568608283997, -1.2597612142562866, -0.812402606010437, 0.11320389807224274, 0.43868887424468994, 0.09910908341407776, 0.08872702717781067, 0.016451384872198105, 0.10463465750217438, 0.15742607414722443, 0.40076908469200134], [0.1710636466741562, 0.1392551213502884, -0.1831820011138916, 0.14159266650676727, 0.16487908363342285, 0.577613115310669, 0.03914779797196388, 0.4349992871284485, 0.036888379603624344, 0.7686835527420044, 0.050175298005342484, 0.6110478639602661, 0.1623518466949463, 0.2646431028842926, 0.02763824537396431, 0.43452513217926025, -0.10759378969669342, 0.7959518432617188, 0.2832898497581482, 0.713270366191864, -0.07524142414331436, -0.3266318142414093, -0.36231735348701477, 0.40761569142341614, 0.3564535975456238, 1.632074236869812, 0.11216869950294495, 0.07835111021995544, 0.8184751272201538, 0.34075209498405457, 0.6472988128662109, 0.13325995206832886]], [[-0.08439642190933228, 0.3103407025337219, 0.281449556350708, 0.017771169543266296, -0.010713130235671997, -0.12649741768836975, 0.05945954471826553, 0.09659651666879654, 0.1501629501581192, -0.5450228452682495, -0.14873826503753662, -0.0391509085893631, -0.07683040201663971, -0.231746643781662, -0.11336106061935425, 0.10280035436153412, 0.4538158178329468, 0.2469659149646759, 0.013914048671722412, 1.3106205463409424, -0.17171141505241394, -0.3180226683616638, 0.5286421775817871, 0.5490478277206421, 2.0735669136047363, 0.7669507265090942, 0.4051642119884491, 0.05130205303430557, 0.05361919850111008, -0.4380027651786804, 0.4682253897190094, -0.3550676107406616], [0.3071838617324829, -0.05351188778877258, -0.10105264186859131, -0.1178174614906311, 0.21796411275863647, -0.0018057823181152344, -0.07172125577926636, 0.42891785502433777, -0.19140639901161194, -0.11347919702529907, 0.1549997180700302, 0.11777671426534653, 0.13209247589111328, -0.267122745513916, -0.23894834518432617, 0.07251132279634476, -0.3055739402770996, -0.24020788073539734, 0.08327725529670715, 0.3916594982147217, -0.021383926272392273, -0.5211106538772583, 0.08093525469303131, -0.14047253131866455, 0.27427417039871216, 0.7682662010192871, 0.07721848785877228, 0.267484575510025, 0.21739178895950317, -0.11206087470054626, 0.47724807262420654, 0.2801262140274048]], [[-0.03557242453098297, -1.1348066329956055, -0.34609341621398926, -0.9226402640342712, -0.17667071521282196, -0.5980175137519836, -0.2662300169467926, -0.6882314682006836, -0.008943259716033936, 0.12890897691249847, -0.4216565489768982, -0.8199350237846375, -0.22743390500545502, -0.4587797522544861, -0.7037889957427979, -0.4634298086166382, 0.09025503695011139, -0.04797498881816864, -0.1576433628797531, -0.341900110244751, -0.17610126733779907, -0.354322224855423, -1.1687989234924316, -0.5957609415054321, 0.4851565361022949, 0.3558318614959717, -1.0008196830749512, -0.12656405568122864, -0.5334265232086182, -0.03930020332336426, -0.9888810515403748, -0.3513288199901581], [0.11661352217197418, -0.4766194820404053, -0.23277978599071503, -0.3852972984313965, -0.2480515092611313, -0.609019935131073, -0.36365824937820435, -0.5241652727127075, -0.13789524137973785, 0.14972718060016632, -0.14317476749420166, -0.09216921031475067, -0.21572011709213257, 0.32125240564346313, -0.2857010066509247, -0.46939077973365784, 0.03057129681110382, 0.44172435998916626, -0.2853332757949829, -0.1770586520433426, -0.10032901167869568, -0.17392441630363464, -0.1990298628807068, -0.8554189801216125, -0.7880669832229614, 0.2377728372812271, -0.20961765944957733, 0.12159647047519684, -0.36946967244148254, -0.09732685983181, -0.908046543598175, 0.15154524147510529]], [[0.34339991211891174, 0.7224231362342834, 0.06406974047422409, 0.6823579668998718, 0.366023987531662, 0.8893790245056152, 0.29299643635749817, 0.6891967058181763, -0.027753856033086777, 0.6577309370040894, 0.4688408076763153, 0.6973645091056824, 0.14411115646362305, 0.21251142024993896, 0.573889970779419, -0.0727834701538086, 0.48544174432754517, -0.00891821552067995, 0.5247688293457031, 0.7173095941543579, 0.3058697283267975, 0.14798390865325928, 0.41944947838783264, -0.4036063849925995, -0.5838018655776978, -0.17375913262367249, 0.4528752565383911, 0.4870509207248688, 0.5644811987876892, 0.18951210379600525, 0.7040680646896362, 0.5615155100822449], [0.4315261244773865, 0.08790607005357742, 0.4959816336631775, 0.3088001310825348, -0.27749359607696533, -0.1417115330696106, 0.6886276006698608, -0.3146822154521942, 0.2546299695968628, -0.21706603467464447, 0.4157065153121948, -0.49795278906822205, 0.25716719031333923, 0.3625672459602356, 0.2266634702682495, 0.3667922914028168, 0.48510727286338806, 0.12181343138217926, 0.5142403244972229, 0.08249184489250183, 0.7368270754814148, 0.008359076455235481, -0.1640678197145462, -0.045842356979846954, 0.22778305411338806, -0.10005678236484528, 0.5606483221054077, 0.40318459272384644, -0.007723706774413586, 0.586715042591095, -0.07729963213205338, 0.44961264729499817]], [[1.09270441532135, 0.877744197845459, 1.3273271322250366, 1.0293439626693726, 1.2659275531768799, 0.9889084696769714, 1.1771987676620483, 0.8551544547080994, 1.0342915058135986, 1.030410647392273, 0.8592033982276917, 1.5720982551574707, 1.016383409500122, 1.5074857473373413, 1.340680718421936, 1.6458553075790405, 1.4574960470199585, 1.3287577629089355, 1.4692124128341675, 2.423396348953247, 1.0494571924209595, 1.272480845451355, 1.2872055768966675, 1.7384501695632935, 0.6157428622245789, 1.1389968395233154, 1.3497456312179565, 1.4535328149795532, 0.8068928122520447, 0.9973177909851074, 0.537479043006897, 1.1350915431976318], [0.5203573107719421, 0.9164648652076721, 0.9779372215270996, 0.9861266613006592, 1.226183533668518, 1.168564796447754, 0.883849561214447, 1.6899750232696533, 1.0992099046707153, 1.8055487871170044, 1.112385630607605, 1.8248401880264282, 1.2074369192123413, 0.715399444103241, 0.8185893297195435, 1.1126768589019775, 1.129084825515747, 1.7411266565322876, 0.9356778264045715, 1.1698682308197021, 0.8998447060585022, 1.3365105390548706, 0.571210503578186, 0.6135503053665161, 0.8992509245872498, 1.7560042142868042, 1.14400315284729, 0.5067592859268188, 1.3636530637741089, 0.9210802316665649, 0.8511446118354797, 0.4633920192718506]], [[-0.1556633561849594, -0.9810665249824524, -0.16004307568073273, -0.10964211821556091, -0.37340688705444336, -0.19280089437961578, -0.19646038115024567, -0.1584327667951584, -0.6022024154663086, -0.5204890966415405, -0.5417248010635376, -0.8015766739845276, -0.41553258895874023, -0.01360785961151123, 0.026983387768268585, -0.5949777960777283, -0.9661754965782166, -0.9214088320732117, -0.3190664052963257, -1.3358662128448486, -0.21097873151302338, -0.02969127893447876, -0.19793985784053802, -0.34111958742141724, -0.8648880124092102, -1.0716743469238281, -0.10792428255081177, -0.4262326955795288, -0.0033574849367141724, 0.11195145547389984, -0.24553747475147247, 0.07517240941524506], [0.10535835474729538, -0.3066639304161072, -0.015371307730674744, -0.13409040868282318, -0.17406238615512848, -0.3165733814239502, 0.0759442150592804, -0.8331819772720337, -0.09448021650314331, -0.27878332138061523, -0.08439932763576508, 0.11654850840568542, 0.32031577825546265, 0.20755738019943237, 0.08839917182922363, -0.4218158721923828, 0.24115082621574402, -1.0801953077316284, 0.18908646702766418, -0.17880849540233612, -0.053913384675979614, 0.6094126105308533, 0.4639049172401428, 0.014580920338630676, -0.1492300182580948, -0.3071310520172119, -0.3280574083328247, 0.07660582661628723, -0.2406986802816391, -0.3799164891242981, -0.6768722534179688, 0.16505497694015503]], [[-0.4389224350452423, -1.604339838027954, -1.0935287475585938, -1.2069568634033203, -0.7815470695495605, -1.4376773834228516, -0.8633478283882141, -1.0611382722854614, -0.08696985989809036, -0.5256302952766418, -0.9533429741859436, -0.7197296619415283, -0.6122304797172546, -0.8087475299835205, -0.5370855331420898, -0.5912991762161255, -0.1475255787372589, -1.0596697330474854, -0.6966106295585632, -0.7629141211509705, -0.7254621982574463, -0.42370080947875977, -0.35958173871040344, -0.4083614945411682, -0.8264440894126892, -1.0278308391571045, -0.9813781380653381, -0.5048830509185791, -0.7151960730552673, -0.5304235816001892, -0.7348257303237915, -0.3277810215950012], [-0.12214181572198868, 0.088062584400177, 0.25305914878845215, 0.12119753658771515, -0.12507006525993347, -0.1608242392539978, 0.13185590505599976, 0.12594154477119446, 0.04161766171455383, -0.3351023197174072, -0.33313730359077454, 0.002229824662208557, -0.1198200210928917, 0.15513035655021667, 0.09711693972349167, 0.185164213180542, 0.21278396248817444, -0.3179675042629242, -0.04483315348625183, 0.05984086915850639, 0.4673837125301361, 0.48119139671325684, 0.46306174993515015, 0.5695369839668274, 0.3207777142524719, -1.0202362537384033, 0.0956205427646637, -0.1502746343612671, 0.04679018259048462, 0.17075112462043762, 0.2109490931034088, -0.1163598969578743]], [[-0.5158443450927734, 0.39775365591049194, 0.18163587152957916, -0.011819303035736084, 0.03356923162937164, -0.07542084157466888, -0.05745759606361389, 0.09434506297111511, -0.5449792146682739, -0.7847006320953369, -0.3126823902130127, 0.08379082381725311, -0.25640928745269775, -0.13957339525222778, -0.5448393225669861, 0.10773146152496338, -0.48232197761535645, -0.2962241768836975, -0.25827670097351074, 0.08474528789520264, -0.033965423703193665, -0.34891849756240845, -0.5882179737091064, -0.8512829542160034, -0.6146972179412842, -0.8592957854270935, 0.030800342559814453, -0.4157184958457947, -0.2639186978340149, -0.22978384792804718, 0.14095425605773926, -0.1533958464860916], [0.2217516154050827, -0.44773590564727783, -0.18906660377979279, -0.2889910340309143, -0.5353372693061829, -0.9400578141212463, -0.295773446559906, -0.7045915722846985, -0.3052917718887329, -1.069139838218689, -0.49221181869506836, -0.8836405873298645, -0.5521497130393982, -0.4556780457496643, -0.6682991981506348, -0.5484305620193481, -0.45037662982940674, -0.8606360554695129, -0.6020504236221313, -0.6962804198265076, -0.7978911995887756, -1.200034499168396, -0.129960298538208, 0.2910916209220886, 0.10412834584712982, -1.1190664768218994, -0.46641772985458374, 0.13683873414993286, -0.6911182403564453, -0.5225386023521423, -0.6469153165817261, 0.04736137390136719]], [[-0.31060510873794556, -0.7970894575119019, -0.690333902835846, -0.4966614246368408, 0.10198728740215302, -1.1965808868408203, 0.6412948966026306, -0.3833116888999939, -0.5893279314041138, -0.7965980768203735, 0.1428535133600235, -0.13327237963676453, 0.12681417167186737, -0.2449381798505783, 1.2132065296173096, -0.5118930339813232, -0.5553873181343079, -0.6646116971969604, -0.22524528205394745, -0.6217425465583801, -0.2629992365837097, 0.06581200659275055, 0.33324259519577026, 0.1582435518503189, -0.07017248868942261, -0.27714622020721436, -0.15987487137317657, 0.17847035825252533, 0.160133495926857, -0.39141231775283813, -0.03763672709465027, -0.32435017824172974], [-0.1835135668516159, -0.22743654251098633, 0.04510138928890228, -0.020781800150871277, -0.30086517333984375, -0.5517950057983398, -0.12934443354606628, -0.7565381526947021, -0.21837767958641052, -0.952029287815094, -0.3687729835510254, -0.5798804759979248, -0.10983143001794815, -0.05326181650161743, 0.15204410254955292, 0.1626606434583664, 0.12595145404338837, -1.521799087524414, 0.06199927628040314, -0.2367088347673416, -0.07257601618766785, 0.07579408586025238, 0.002115383744239807, 0.34388840198516846, 0.31739264726638794, -0.5751655101776123, -0.07033556699752808, -0.12885576486587524, 0.12024839222431183, -0.1870824545621872, -0.7097275257110596, -0.15632426738739014]], [[-0.4786921739578247, -1.721339225769043, -0.5548208951950073, -0.6849063038825989, -0.290073424577713, -1.0106929540634155, 0.24920807778835297, -1.0250389575958252, -0.8857575058937073, -0.950824499130249, 0.2986474931240082, -1.4024510383605957, -0.2355760633945465, -0.8116822242736816, 0.05403492599725723, -1.3389800786972046, -0.5518138408660889, -1.1774673461914062, -0.6418095231056213, -1.4744162559509277, -0.5425634384155273, -0.7288762927055359, -0.7269559502601624, -0.8318406939506531, -1.8588250875473022, -0.6972965002059937, -1.097782850265503, -0.4731709957122803, -0.9970293045043945, -0.5817328691482544, -1.5719599723815918, -0.8054270148277283], [0.053095392882823944, -1.6442466974258423, -0.853006899356842, -0.8467375040054321, -1.4030122756958008, -1.4984313249588013, -0.7462180852890015, -1.5719293355941772, -0.4026150405406952, -2.253051519393921, -1.6492863893508911, -1.8042701482772827, -1.5097627639770508, -1.8619722127914429, -1.4107553958892822, -1.3083715438842773, -1.2510401010513306, -2.107569694519043, -1.6126971244812012, -2.045226812362671, -2.0139968395233154, -2.1704859733581543, -1.8955358266830444, -2.2759270668029785, -2.092273235321045, -3.454501152038574, -0.8135297894477844, 0.07516708970069885, -1.4733062982559204, -1.0853025913238525, -2.0417327880859375, 0.14444977045059204]], [[0.6416638493537903, 1.7412961721420288, 0.9762099981307983, 1.1862523555755615, 0.8617314696311951, 2.3410584926605225, 1.0438578128814697, 1.5013668537139893, 1.479575514793396, 1.5258851051330566, 1.5982133150100708, 2.0469329357147217, 1.7879366874694824, 0.9744598865509033, 1.9221765995025635, 1.0512847900390625, 0.6417835354804993, 1.3268218040466309, 0.5642758011817932, 1.259110450744629, 0.7798682451248169, 1.0721427202224731, 1.3969228267669678, 1.0575957298278809, 0.7121338844299316, 0.9889853000640869, 2.142686605453491, 1.0887677669525146, 1.1274149417877197, 0.6016080379486084, 1.4939744472503662, 0.4596208333969116], [0.22312021255493164, 1.426587462425232, 0.6157745718955994, 1.1393390893936157, 2.07977294921875, 2.072237253189087, 1.0871837139129639, 2.089083671569824, 0.5771675109863281, 2.9612252712249756, 1.6227880716323853, 2.2347421646118164, 1.6237646341323853, 1.5881645679473877, 1.632030963897705, 1.4622832536697388, 0.8838046789169312, 2.4483304023742676, 1.4583672285079956, 1.9326366186141968, 1.8736417293548584, 1.7826206684112549, 1.6384440660476685, 1.3277026414871216, 0.6765654683113098, 2.073056697845459, 1.0416244268417358, 0.3454849123954773, 1.9153547286987305, 1.135362982749939, 2.148632049560547, 0.3338581919670105]], [[0.5887823104858398, 1.8668487071990967, 1.2930999994277954, 1.3161340951919556, 1.360988974571228, 1.3943970203399658, 0.704910397529602, 0.9758891463279724, 0.8605790138244629, 1.1727408170700073, 1.0802890062332153, 2.0710864067077637, 1.8098269701004028, 1.2090154886245728, 1.1717387437820435, 2.3339955806732178, 1.0635454654693604, 1.6823110580444336, 0.893532395362854, 1.9037377834320068, 1.1538256406784058, 0.8251669406890869, 0.998313844203949, 0.8203191757202148, 1.2744176387786865, 1.6006498336791992, 2.770829916000366, 1.2466785907745361, 1.313919186592102, 0.7121779918670654, 2.3816373348236084, 0.8273442983627319], [0.09409677237272263, 1.0739980936050415, 0.35534512996673584, 0.92742919921875, 1.1128286123275757, 0.922756552696228, 0.6942192912101746, 1.3521562814712524, 0.3987833261489868, 0.93604975938797, 1.0730448961257935, 1.2258245944976807, 1.0863170623779297, 0.8782520890235901, 0.8946468830108643, 0.9830965399742126, 0.796538233757019, 0.6994368433952332, 1.0423355102539062, 1.2837960720062256, 1.0453709363937378, 0.5818135142326355, 0.8650257587432861, 1.0561609268188477, 0.9511038661003113, 1.8763749599456787, 0.7165361642837524, 0.08078368008136749, 1.6363152265548706, 0.8071150183677673, 1.7783390283584595, 0.05559694766998291]], [[0.10491575300693512, -0.31860440969467163, -0.11778677999973297, -0.019349921494722366, -0.10017392039299011, 0.09287115931510925, 0.025884363800287247, 0.05468727648258209, 0.6478127241134644, 0.0657295435667038, 0.02934204787015915, -0.05314475670456886, -0.1692521572113037, 0.007023803889751434, 0.45019716024398804, 0.18051797151565552, 0.3536224067211151, 0.05613969266414642, 0.11819683015346527, 0.3387128412723541, -0.31085270643234253, -0.05190098658204079, 0.24029016494750977, 0.8165044784545898, 1.1149717569351196, -0.30497169494628906, -0.3152625262737274, 0.06639797240495682, -0.05578531697392464, 0.04345100000500679, 0.0352681539952755, 0.22902897000312805], [-0.03137689456343651, 0.05878976732492447, 0.37584540247917175, 0.1999153196811676, -0.03259560093283653, 0.2626543641090393, 0.22818495333194733, 0.17251740396022797, 0.39586761593818665, -0.2837624251842499, -0.012351419776678085, -0.0766213983297348, 0.14608648419380188, 0.03120756521821022, 0.054994627833366394, 0.485949844121933, 0.32823285460472107, -0.1789538413286209, 0.23238785564899445, 0.36235281825065613, 0.08510665595531464, -0.18864627182483673, 0.06357917189598083, 0.4643288850784302, 0.5064376592636108, 0.6164875030517578, 0.271140456199646, -0.11729037761688232, -0.07699649035930634, 0.07434925436973572, 0.2893929183483124, -0.13087098300457]], [[-0.3099209666252136, 0.22352641820907593, 0.0832802951335907, 0.26629582047462463, 0.5295400619506836, 0.20661726593971252, 0.42238521575927734, 0.49293166399002075, -0.24871934950351715, 0.2700214087963104, 0.23957356810569763, 0.42670851945877075, 0.03635762631893158, 0.0091838538646698, -0.4977450370788574, -0.9059744477272034, -0.29179906845092773, -0.15131615102291107, 0.11934058368206024, -0.24355275928974152, 0.5237175822257996, 0.20315296947956085, -0.11102345585823059, -0.18155108392238617, -0.2352839559316635, -0.1678994745016098, 0.6404300332069397, 0.5047734975814819, 0.2343519926071167, 0.3384053707122803, 0.4819589853286743, 0.10560566931962967], [-0.1441570371389389, -0.17609409987926483, -0.22210080921649933, 0.04394586384296417, 0.09811586886644363, 0.02103503793478012, 0.3413316011428833, -0.1261998564004898, 0.04352457821369171, -0.3214062452316284, 0.03198022395372391, -0.09565180540084839, 0.15909434854984283, 0.08626610040664673, 0.6417875289916992, 0.11840624362230301, 0.12965132296085358, -0.774258017539978, -0.4144001007080078, -0.3876141309738159, -0.2577478885650635, -0.5873980522155762, -0.21539928019046783, -0.4106130003929138, -0.36726462841033936, -1.35936439037323, 0.4097774028778076, -0.07027429342269897, 0.2735484838485718, 0.15439382195472717, 0.26474255323410034, -0.17145942151546478]], [[0.33397045731544495, -0.05338124930858612, 0.041584134101867676, -0.32378482818603516, 0.3362732231616974, 0.3825667202472687, 0.5531442165374756, -0.03598242998123169, -0.12464773654937744, 0.13208425045013428, 0.14742302894592285, -0.028051137924194336, 0.2670183479785919, 0.07281768321990967, 0.31364819407463074, -0.04661796987056732, -0.7345069646835327, -0.014457345008850098, 0.3994942605495453, -0.3058512210845947, 0.7489796876907349, 0.4512147009372711, 1.0038803815841675, 0.343338280916214, -1.1832503080368042, 0.17363914847373962, 0.6157571077346802, 0.11071884632110596, 0.4450473487377167, 0.27077022194862366, 0.5242656469345093, -0.013810038566589355], [0.13519006967544556, 0.5107636451721191, 0.1311037540435791, 0.13509324193000793, 0.414541631937027, 0.6298608779907227, 0.23470085859298706, 0.34511056542396545, 0.18669667840003967, 0.39622601866722107, 0.38623377680778503, 0.4798518717288971, 0.21021300554275513, 0.2740223705768585, 0.367258757352829, 0.5404518842697144, 0.05823785066604614, 0.9333032369613647, 0.14279481768608093, 0.4590941369533539, 0.26331576704978943, 0.6606231927871704, 0.2419576644897461, 0.13984590768814087, 0.5417882204055786, 0.8298243284225464, 0.19175565242767334, 0.06571504473686218, 0.618179202079773, 0.4385240375995636, 0.9237021207809448, 0.11721581220626831]], [[0.19159159064292908, 0.49445515871047974, -0.13484174013137817, -0.05862532556056976, -0.19456112384796143, -0.2678452432155609, -0.38929152488708496, 0.13032689690589905, 0.18515706062316895, -0.10949714481830597, -0.16241396963596344, -0.1378037929534912, -0.3029283881187439, -0.2871345281600952, -0.41053178906440735, -0.777783989906311, 0.1507338583469391, -0.36162421107292175, -0.17202115058898926, 0.014087945222854614, -0.19913485646247864, -0.6825730800628662, -0.5949769020080566, -0.05380822718143463, 0.3944074511528015, -0.20847424864768982, -0.3667866885662079, -0.15032799541950226, -0.13610637187957764, -0.33436134457588196, 0.013667374849319458, -0.01630660891532898], [0.5763531923294067, -0.8687456846237183, -0.2224833220243454, -0.567486047744751, -0.593097448348999, -0.8856852054595947, -0.5574449300765991, -0.8152419924736023, 0.012191593647003174, -0.8057506084442139, -1.0538866519927979, -0.47134295105934143, -0.7482874393463135, -1.1054686307907104, -0.7688988447189331, -0.579818844795227, -0.7933441996574402, -1.1437103748321533, -0.8751040101051331, -1.378584623336792, -0.9156081676483154, -0.515242874622345, -1.3048644065856934, -1.267897605895996, -0.49796262383461, -0.11145955324172974, -0.11202988028526306, 0.5174967050552368, -0.46574366092681885, -0.15211370587348938, -0.18105283379554749, 0.5062801837921143]], [[-0.24466149508953094, -1.2945088148117065, -0.31012406945228577, -0.8640999794006348, -0.36035266518592834, -1.3073126077651978, -0.42693036794662476, -1.1085352897644043, -0.8760890960693359, -0.9730455875396729, -0.2883731722831726, -1.2687182426452637, -0.7427998781204224, -0.6456853151321411, -0.4748218357563019, -1.161770224571228, -0.45584365725517273, -0.802101731300354, 0.07466258108615875, -0.7355804443359375, 0.07811947166919708, -0.3431539237499237, -0.9043676853179932, -0.2726932168006897, -0.8452703952789307, -0.8823848962783813, -1.2541930675506592, -0.4392476975917816, -0.7846469879150391, -0.617099404335022, -1.6562933921813965, -0.7381508350372314], [0.051569901406764984, -0.05450151115655899, 0.3685435950756073, 0.17550316452980042, 0.21014419198036194, -0.38192078471183777, 0.27722933888435364, -0.042729452252388, 0.2217547595500946, 0.3411296010017395, 0.30567654967308044, 0.43931230902671814, 0.44105401635169983, 0.5226001739501953, 0.06981566548347473, -0.12050886452198029, 0.2620196044445038, 0.0887509435415268, 0.2282206118106842, 0.004118479788303375, -0.0009720772504806519, 0.3980328142642975, 1.0184913873672485, 0.2587722837924957, -0.2158736139535904, 0.40689101815223694, 0.41133153438568115, 0.1554502695798874, -0.6312997341156006, -0.13129211962223053, -0.236797496676445, 0.1432819813489914]], [[-0.21462810039520264, 0.48224589228630066, -0.2712016701698303, -0.018454313278198242, -0.11392539739608765, 0.14046910405158997, -0.10409347712993622, 0.06576564908027649, -0.10621996223926544, -0.3631248474121094, -0.08519722521305084, 0.21244147419929504, -0.03741618990898132, -0.3384498059749603, -0.23373818397521973, -0.5166768431663513, -0.4640403985977173, 0.10709488391876221, -0.09695079922676086, -0.5876628160476685, 0.04217781126499176, 0.14116454124450684, 0.5007610321044922, 0.21065875887870789, -0.21995466947555542, 0.5653858184814453, 0.0571252703666687, -0.11309831589460373, -0.06875316798686981, -0.056266747415065765, -0.1315852850675583, -0.2998866140842438], [0.2635670602321625, 0.06051819026470184, -0.11420255154371262, 0.06798182427883148, 0.3130643963813782, -0.5367470979690552, -0.07798661291599274, -0.3881058692932129, -0.191663458943367, 0.1847115159034729, -0.044003091752529144, -0.14697250723838806, -0.15623031556606293, -0.023473739624023438, -0.21422800421714783, -0.23114030063152313, -0.05000641942024231, 0.6619614362716675, -0.10298977792263031, 0.19093886017799377, 0.2213466763496399, -0.010514840483665466, -0.1273389458656311, 0.04883427917957306, 0.0701533704996109, -0.23260007798671722, -0.03906690329313278, 0.2684989869594574, -0.3163232207298279, -0.1026429682970047, -0.29883214831352234, 0.2571865916252136]], [[0.6866568326950073, -0.19436706602573395, 0.2964285612106323, 0.3820205330848694, 0.25158607959747314, 0.44794946908950806, 0.32181382179260254, 0.5956648588180542, 0.37188637256622314, 0.7338821887969971, 0.37501609325408936, 0.6710177063941956, 0.35409414768218994, 0.5400926470756531, 0.5305386185646057, 1.042825698852539, 1.0502190589904785, 0.7303968071937561, 0.504176676273346, 0.08464309573173523, 0.5271216630935669, 0.7743905782699585, 0.4412221908569336, 1.084665298461914, 1.089011788368225, 0.9073978066444397, 0.860521674156189, 0.4879336357116699, 0.6811085939407349, 0.6723354458808899, 0.5525522828102112, 0.7380855679512024], [0.36131027340888977, 1.0033289194107056, 0.6639942526817322, 0.8204236626625061, 1.2151026725769043, 1.3687868118286133, 0.761788547039032, 1.664819359779358, 0.6685537099838257, 1.664795160293579, 0.9256213307380676, 1.1637389659881592, 0.921390175819397, 0.932961642742157, 1.0743807554244995, 1.0411456823349, 0.9249131083488464, 1.4648092985153198, 0.9311250448226929, 0.8144751787185669, 1.0984336137771606, 1.2104474306106567, 1.6116557121276855, 1.7057132720947266, 1.5845801830291748, 2.0785765647888184, 0.45163217186927795, 0.2134803831577301, 1.0464880466461182, 0.6303468942642212, 1.3105922937393188, 0.2921485900878906]], [[0.03467878699302673, -0.8782191276550293, 0.015810087323188782, -0.09979505836963654, -0.19060906767845154, -0.18653962016105652, -0.15347282588481903, -0.3583541512489319, -0.7213594913482666, -0.4864598214626312, -0.017031744122505188, 0.040708452463150024, -0.6006673574447632, -0.08545364439487457, -0.07575985789299011, -0.23313644528388977, 0.06047241389751434, -0.26998862624168396, 0.10529269278049469, -0.6466583013534546, 0.2948218882083893, 0.16160619258880615, -0.8317989110946655, -0.18626272678375244, 0.4072922468185425, -0.6698822975158691, 0.28990983963012695, -0.01994263380765915, 0.12027941644191742, -0.109000563621521, -0.2570008933544159, -0.2593569755554199], [0.35033726692199707, -0.1743750274181366, 0.20807181298732758, -0.005094490945339203, -0.1664479374885559, -0.1552179455757141, 0.05437179654836655, -0.27278319001197815, -0.028179727494716644, -0.34462735056877136, 0.19754068553447723, -0.20095676183700562, 0.2874326705932617, 0.2930466830730438, 0.12558263540267944, -0.27831992506980896, 0.27540263533592224, -0.7340565919876099, 0.2991650700569153, -0.02105751633644104, -0.13558924198150635, 0.08590129762887955, 0.29131826758384705, 0.21730199456214905, 0.43615055084228516, -1.05469810962677, 0.15240934491157532, 0.2527827024459839, -0.2802732586860657, -0.21715804934501648, -0.4123888611793518, 0.25693124532699585]], [[-0.7284610271453857, -1.1031159162521362, -1.2014487981796265, -0.25065556168556213, -0.7830681800842285, -0.4915313124656677, -0.8609253764152527, -0.759616494178772, -0.43480879068374634, -0.7864698171615601, -0.5347455143928528, -1.2538176774978638, -0.5501447916030884, -0.6058067083358765, -0.5079542994499207, -0.3255392014980316, -0.7409119009971619, -0.10563302040100098, -0.44627147912979126, -0.7336431741714478, -0.8701554536819458, -0.7490258812904358, -1.1255261898040771, -0.37497398257255554, -0.5083017349243164, -0.3148343861103058, -0.30269452929496765, -0.4189104735851288, -0.43830159306526184, -0.45073986053466797, -0.4613702595233917, -0.33473774790763855], [0.38533633947372437, -0.5546547174453735, -0.40473613142967224, -0.3022741377353668, -0.8494192361831665, -0.8204643130302429, -0.5639127492904663, -0.8453525900840759, -0.2876359224319458, -0.6998714208602905, -0.749372124671936, -0.8792306780815125, -0.726978600025177, -0.5529810190200806, -0.6814684271812439, -0.5631734132766724, -0.5472519397735596, -0.5709635615348816, -0.34337136149406433, -0.30251526832580566, -0.8848897218704224, -0.863544762134552, -1.1916557550430298, -0.7994722723960876, -0.6543130278587341, -0.8661798238754272, -0.2680648863315582, 0.25123944878578186, -0.7911872863769531, -0.33805155754089355, -0.9900246262550354, 0.18694689869880676]], [[0.07235756516456604, -0.24115300178527832, 0.10505592823028564, -0.25904184579849243, 0.1624372899532318, -0.33044323325157166, 0.06480658054351807, -0.4791605472564697, -0.2323896288871765, -0.17844286561012268, 0.10155922174453735, -0.022792190313339233, 0.005790680646896362, -0.3197994828224182, -0.2014538198709488, -0.6627912521362305, -0.3804851472377777, -0.18661096692085266, 0.2620532214641571, 0.1602163016796112, 0.35061463713645935, 0.3654470145702362, 0.3809627592563629, -0.01897946000099182, -0.474649041891098, 0.10667377710342407, 0.5236197710037231, -0.17502830922603607, 0.12310147285461426, -0.09426042437553406, 0.2572556436061859, -0.26012057065963745], [0.1993316113948822, 0.13423192501068115, 0.028441637754440308, -0.023797810077667236, 0.35383525490760803, -0.012503951787948608, 0.10942938923835754, -0.12637296319007874, 0.03301757574081421, 0.17034798860549927, 0.28603658080101013, 0.3749741017818451, 0.5679153203964233, 0.060851097106933594, 0.37656369805336, 0.4030349552631378, -0.060922831296920776, 0.28427448868751526, 0.38817474246025085, 0.38611140847206116, 0.1424209177494049, 0.5139602422714233, 0.006792336702346802, -0.16513977944850922, -0.04473769664764404, 0.08075588941574097, 0.13178750872612, 0.1900239884853363, -0.20510363578796387, 0.37410739064216614, -0.07866707444190979, 0.20107129216194153]], [[0.8695406913757324, 1.0952413082122803, 1.1044206619262695, 0.3021920323371887, 1.193686604499817, 1.1058976650238037, 1.2524410486221313, 1.1228668689727783, 1.3570574522018433, 1.1779165267944336, 0.980937123298645, 2.163511276245117, 1.0578405857086182, 0.8198967576026917, 0.6428394913673401, 0.7937268614768982, 0.6120654940605164, 0.6524704098701477, 0.46306857466697693, 0.6081877946853638, 0.8737855553627014, 1.0836694240570068, 2.3552350997924805, 1.876758098602295, 1.2734673023223877, 0.46262383460998535, 1.8379082679748535, 1.0371160507202148, 0.7706868052482605, 0.6696491241455078, 1.4087835550308228, 0.6227033734321594], [0.15001323819160461, 0.4691498577594757, 0.43381795287132263, 0.6084160804748535, 0.43858128786087036, 0.40994006395339966, 0.8375918865203857, 0.3836750388145447, 0.6683350801467896, 0.42591822147369385, 0.4546906054019928, 0.40644097328186035, 0.4579618275165558, -0.04337696731090546, 0.5775496959686279, 0.7930746078491211, 0.33142921328544617, 0.5014675855636597, 0.3180694282054901, 0.28182169795036316, 0.6211416721343994, 0.5677605867385864, -0.08597603440284729, -0.1360619068145752, 0.5599027872085571, 0.6495341062545776, 0.806328535079956, 0.2689397931098938, 0.7849244475364685, 0.7812371253967285, 0.9057626128196716, 0.2177443504333496]], [[0.16339920461177826, -0.9861964583396912, -0.39215564727783203, -0.41935354471206665, -0.6892607808113098, -1.1457425355911255, -0.9175995588302612, -0.7885475158691406, -1.0677530765533447, -0.7949590682983398, -0.7804750204086304, -1.3267738819122314, -0.8846979141235352, -0.38731253147125244, -0.788141667842865, -0.8113512396812439, -0.3334468603134155, -0.5111953020095825, -0.22966259717941284, -1.5877865552902222, -0.44831377267837524, -0.8535702228546143, -1.80557119846344, -1.455051302909851, -2.253384590148926, -1.592056155204773, -1.6207062005996704, -0.7666409611701965, -0.47385597229003906, -0.13823170959949493, -1.3414382934570312, -0.21257942914962769], [0.07933701574802399, 0.032735466957092285, 0.31724661588668823, -0.004152834415435791, 0.36160439252853394, 0.27660560607910156, 0.2756403684616089, -0.2548679709434509, 0.3421267867088318, 0.2038569301366806, 0.4674415588378906, -0.038165271282196045, 0.49701935052871704, 0.30124765634536743, 0.20422743260860443, -0.28278523683547974, 0.45994818210601807, -0.10323421657085419, 0.40662217140197754, 0.19886897504329681, 0.551781952381134, 0.28592872619628906, 0.9113919734954834, 0.8783111572265625, 0.5976989269256592, -0.3033304214477539, 0.008261129260063171, 0.1436648815870285, 0.1674458235502243, 0.16854895651340485, -0.1058516874909401, 0.06223805248737335]], [[0.5776063203811646, 0.6861566305160522, 0.4962015151977539, 0.11800407618284225, 0.002023693174123764, 0.41824871301651, -0.3659026622772217, 0.09981708228588104, -0.05817345529794693, 0.3062715530395508, 0.17313705384731293, 0.10949429124593735, -0.1928223818540573, 0.08284910023212433, -0.14245574176311493, 0.2347540557384491, 0.33883559703826904, 0.1731625646352768, -0.1364532709121704, -0.05436600744724274, -0.529258668422699, -0.3988669514656067, -1.0656733512878418, -0.04776205122470856, 0.3417230248451233, -0.19168110191822052, -0.10221700370311737, 0.3913611173629761, -0.025737449526786804, 0.1642047017812729, -0.47765326499938965, 0.12357770651578903], [0.43767058849334717, 0.13082355260849, 0.3529895544052124, 0.18093661963939667, -0.44801533222198486, -0.25813233852386475, 0.3952081799507141, -0.0729035884141922, 0.4294191598892212, -0.2975679636001587, 0.530949592590332, -0.2098904401063919, 0.18448708951473236, 0.0440920926630497, 0.28789222240448, 0.42661523818969727, 0.434653103351593, -0.2934844493865967, 0.2697623372077942, 0.1437535583972931, 0.5402175188064575, 0.28069746494293213, 0.7271242141723633, 0.8710708618164062, 0.6246205568313599, 0.05882307514548302, 0.3941001296043396, 0.3696863055229187, 0.11271167546510696, 0.44114112854003906, 0.06224677339196205, 0.3933265805244446]], [[-0.06959660351276398, 1.1487895250320435, 0.487517386674881, 1.078291893005371, 0.26509857177734375, 0.9026972055435181, 0.31073683500289917, 0.7249794602394104, -0.18575015664100647, 0.36293891072273254, 0.19714418053627014, 1.3219047784805298, 0.48353561758995056, 0.6250433921813965, 0.6293420791625977, 1.3678807020187378, 0.14074614644050598, 0.5987746119499207, 0.4000096023082733, 1.2722982168197632, 0.34318193793296814, 0.4699603021144867, 0.29509201645851135, 0.3627950847148895, 1.0646271705627441, 0.4418318569660187, 1.7604588270187378, 0.6724584102630615, 0.775424599647522, 0.5351575016975403, 1.3536765575408936, 0.7150556445121765], [-0.06310079991817474, 0.025582145899534225, -0.16959786415100098, 0.1170063391327858, 0.151199072599411, 0.06093299388885498, 0.2335381805896759, 0.0327809676527977, 0.03909081220626831, 0.07983917742967606, 0.05037923902273178, 0.16852924227714539, 0.07279832661151886, -0.674162745475769, 0.08155546337366104, 0.2226351499557495, 0.11214848607778549, 0.13528305292129517, -0.0905829519033432, -0.11376893520355225, -0.20741191506385803, -0.05790836736559868, -0.2511882483959198, -0.05804803967475891, -0.009637843817472458, 0.01766148954629898, 0.24787300825119019, 0.07261060923337936, 0.4358314275741577, 0.26183438301086426, 0.7843157649040222, 0.06235382705926895]], [[0.31589752435684204, -0.3632299602031708, -0.18425753712654114, 0.05859068036079407, 0.5345487594604492, -0.41742372512817383, 0.8302823305130005, 0.09817073494195938, 0.15260694921016693, -0.16259385645389557, 0.5010983943939209, -0.5404093861579895, -0.2097255289554596, 0.24086159467697144, 0.4743942618370056, -0.1116107925772667, 0.6530752778053284, -0.16009816527366638, 0.3543389141559601, 0.2416290044784546, 0.081345334649086, -0.25888603925704956, -0.07136594504117966, -0.3327792286872864, 0.5509153008460999, 1.1986724138259888, -0.2666267454624176, 0.36222603917121887, 0.28618669509887695, 0.3769433796405792, -0.3034571707248688, 0.27714911103248596], [-0.07835224270820618, 0.16192571818828583, 0.2537076473236084, 0.2449563443660736, -0.652958869934082, -0.3914318084716797, 0.23724055290222168, 0.009637286886572838, 0.17515616118907928, -0.35487326979637146, -0.021975308656692505, -0.23164357244968414, 0.06463583558797836, 0.3988221287727356, 0.2514961361885071, 0.3526264429092407, 0.4725619852542877, -0.5330104231834412, 0.3073939383029938, 0.28476977348327637, -0.10181261599063873, -0.28677600622177124, 0.36262232065200806, 0.7249583601951599, 0.6436728239059448, -0.2653769254684448, 0.46189865469932556, 0.05723144859075546, -0.11728551238775253, -0.05871061980724335, -0.39427056908607483, -0.012881564907729626]], [[0.4893069863319397, 1.1640057563781738, 0.5082043409347534, 0.6671956777572632, 0.33862435817718506, 0.7594756484031677, 0.26638418436050415, 0.4717956781387329, 0.41741931438446045, 0.4204525351524353, 0.36369240283966064, 0.8243071436882019, 0.6933273077011108, 0.5757567286491394, 0.6168774366378784, 0.6852612495422363, 0.03205421566963196, 0.23188984394073486, 0.40229713916778564, 0.41026175022125244, 0.7614980936050415, 0.8049435019493103, 1.4343516826629639, 1.5425026416778564, 1.649266004562378, 0.47971999645233154, 1.1268444061279297, 0.27538955211639404, 0.7432074546813965, 0.5323890447616577, 0.8080443739891052, 0.849233090877533], [0.11417087912559509, 0.08774688839912415, 0.4352046847343445, 0.0926554799079895, 0.1824047863483429, 0.27653950452804565, 0.12959450483322144, 0.09046441316604614, 0.20158404111862183, 0.46795541048049927, 0.40298014879226685, 0.4412338137626648, 0.3896142840385437, 0.7354678511619568, 0.29314953088760376, 0.31960529088974, 0.4358752369880676, 0.623648464679718, 0.35240012407302856, 0.08692044019699097, 0.35654008388519287, 0.3501022458076477, 1.4985830783843994, 1.5903816223144531, 1.0097930431365967, 0.7175629138946533, 0.1135205626487732, 0.07348152995109558, 0.011072695255279541, 0.17850887775421143, 0.5809237360954285, 0.10068893432617188]], [[-0.3940216898918152, -0.056242167949676514, -0.3535243272781372, -0.26839369535446167, -0.24514621496200562, -0.148085817694664, 0.11036495864391327, -0.07116418331861496, -0.07767587155103683, -0.15122342109680176, 0.16996239125728607, 0.4410051703453064, -0.447274386882782, -0.5405093431472778, -0.03560665249824524, -0.7502333521842957, -0.44793254137039185, -0.5150120854377747, -0.21176785230636597, 0.07231651246547699, 0.09438936412334442, 0.12437395751476288, 0.16735519468784332, 0.07621057331562042, 0.0987272709608078, 0.0688842386007309, 1.0465707778930664, 0.0952189713716507, 0.1317765861749649, -0.027843818068504333, 0.47933322191238403, 0.07507355511188507], [-0.3630402386188507, -0.48502516746520996, -0.3706216812133789, -0.2799929082393646, -0.4216940104961395, -0.4100908041000366, -0.3832743167877197, 0.303739070892334, -0.15003852546215057, 0.19758524000644684, -0.1650976538658142, 0.5249207615852356, -0.4470301866531372, -0.784578263759613, -0.5043865442276001, 0.015004530549049377, -0.5519530773162842, 0.3108667731285095, -0.4054604470729828, -0.014541134238243103, -0.3695066571235657, -0.1995314061641693, -0.6555715799331665, -0.6486697793006897, -0.3379058837890625, -0.25796109437942505, -0.3360200524330139, -0.33494046330451965, 0.26774561405181885, -0.12349055707454681, 0.8612555265426636, -0.2823302447795868]], [[1.8031985759735107, 1.677668809890747, 1.7203458547592163, 1.6281756162643433, 1.601797342300415, 1.754407525062561, 1.7186607122421265, 1.5425472259521484, 1.1910022497177124, 1.5073500871658325, 1.5761865377426147, 1.5200830698013306, 1.4980453252792358, 1.6794335842132568, 1.6404905319213867, 1.5252832174301147, 2.108322858810425, 1.2629740238189697, 1.6979306936264038, 1.5172781944274902, 1.6050515174865723, 1.5920991897583008, 2.306752920150757, 2.2104434967041016, 1.8973252773284912, 1.3399882316589355, 1.5082441568374634, 1.2235643863677979, 1.75160551071167, 1.6326841115951538, 1.6011500358581543, 1.7554138898849487], [-0.01282377541065216, -0.42516589164733887, -0.3936796188354492, -0.2925042510032654, -0.16585607826709747, -0.46483612060546875, -0.34551846981048584, -0.5208126306533813, 0.019081488251686096, -0.32596975564956665, -0.28905558586120605, 0.14675459265708923, -0.4052945375442505, -1.0466006994247437, -0.4302282929420471, -0.7155184149742126, -0.5642457604408264, -0.8398705124855042, -0.43393051624298096, -0.5444658994674683, -0.5562103390693665, -0.1660347431898117, -0.3558351993560791, -1.3560422658920288, -1.2579896450042725, 0.09957924485206604, -0.032574743032455444, -0.03354984521865845, -0.12647415697574615, -0.5174214243888855, 0.010049611330032349, -0.02716819941997528]], [[0.8011888861656189, 0.8421104550361633, 1.2443026304244995, 0.8550262451171875, 0.6287369132041931, 0.9934430718421936, 0.6552519798278809, 0.9960756897926331, 2.219341993331909, 1.386751413345337, 0.9843773245811462, 1.4450743198394775, 0.9977510571479797, 0.7970105409622192, 0.5424401760101318, 0.49488508701324463, 0.6829529404640198, 0.5642531514167786, 0.7118914723396301, 1.597642421722412, 0.730421245098114, 1.4504995346069336, 2.136382579803467, 1.064736247062683, 1.0891697406768799, 0.6154980659484863, 0.8196962475776672, 0.3630920648574829, 0.8888949751853943, 0.5916277766227722, 1.0913656949996948, 0.5636367797851562], [0.5958870649337769, 0.8068139553070068, 0.3975779414176941, 0.6838656663894653, 0.6450446248054504, 0.94903963804245, 0.7225867509841919, 0.9743080735206604, 0.528717577457428, 1.5373421907424927, 0.7514527440071106, 1.3340648412704468, 0.5074824690818787, 1.054598093032837, 0.5272771716117859, 0.7489439249038696, 0.8182435035705566, 0.7550787329673767, 0.7560388445854187, 0.7676398158073425, 0.9103514552116394, 1.5157126188278198, 1.0385085344314575, 0.6233676671981812, 0.4919469356536865, 1.2378876209259033, 0.5866971611976624, 0.6295571327209473, 1.0748478174209595, 0.6644633412361145, 1.2885066270828247, 0.7029613256454468]], [[0.43969690799713135, 1.1480536460876465, 0.5788468718528748, 1.0346933603286743, -0.019587520509958267, 1.554152488708496, -0.2936376929283142, 0.6142064332962036, 0.559190571308136, 0.6984515190124512, -0.18778833746910095, 1.2357372045516968, 0.3405897915363312, 0.34622836112976074, 0.15935547649860382, 2.217752695083618, 0.2691936194896698, 0.990590512752533, -0.2296515256166458, 0.40451863408088684, -0.23211996257305145, 0.414592981338501, 0.5284904837608337, 0.6973732113838196, 1.4405193328857422, 0.15250393748283386, 1.5136743783950806, -0.20700649917125702, 0.42429056763648987, -0.07800225913524628, 1.018277645111084, 0.13055795431137085], [0.6680119037628174, 0.599956214427948, 0.21783195436000824, 0.7978418469429016, 0.7159976959228516, 0.49893030524253845, 0.030297210440039635, 0.7689988017082214, 0.19377100467681885, 1.0426663160324097, 0.6228914856910706, 0.7916809320449829, 0.47874388098716736, 0.9033799171447754, 0.272648423910141, 0.6283957958221436, 0.7342190146446228, 1.35761559009552, 0.6393223404884338, 0.9900087118148804, 0.05836830660700798, 0.14812828600406647, 0.9293119311332703, 0.9610517024993896, 0.8413375020027161, 1.8227344751358032, 0.10327175259590149, 0.6685735583305359, 0.23717081546783447, 0.17320209741592407, 0.9065247178077698, 0.6848744750022888]], [[-0.37196171283721924, -0.7454628348350525, -0.6518673300743103, -0.742980420589447, -0.5946933031082153, -0.624862551689148, -0.33591127395629883, -0.4105894863605499, -0.849928617477417, -0.30121803283691406, -0.31384459137916565, -0.3730911612510681, -0.7588553428649902, -0.5093885660171509, -0.3915364146232605, -1.2006651163101196, -0.520896852016449, -1.0129083395004272, -0.24187663197517395, -0.6490561366081238, -0.3925168812274933, -0.4281725287437439, -0.9792336821556091, -0.7647004127502441, -0.8309063911437988, -0.39725473523139954, -0.03220245987176895, 0.31097647547721863, -0.11429441720247269, 0.044520918279886246, -0.016932480037212372, -0.07131370157003403], [-0.207978755235672, -0.29481419920921326, -0.10239523649215698, -0.610514223575592, -0.4379991590976715, -0.4701691269874573, -0.20938658714294434, -0.2734315097332001, -0.41370144486427307, -0.19037698209285736, -0.24865317344665527, -0.1682952344417572, -0.14233310520648956, 0.002548813819885254, -0.18862061202526093, -0.368063360452652, 0.010501671582460403, -0.5427699089050293, 0.0013050660490989685, -0.3440065383911133, -0.023533320054411888, 0.1170634776353836, -0.27723047137260437, -0.39376258850097656, -0.6569685935974121, 0.23680664598941803, 0.05424439534544945, -0.1774136871099472, 0.5144669413566589, 0.08709205687046051, 0.44438397884368896, -0.17750175297260284]], [[0.512312114238739, 0.4669739603996277, 0.2467755526304245, 0.1754884570837021, 0.009578362107276917, 0.23964352905750275, 0.12436793744564056, 0.38140869140625, 0.986778974533081, 0.3192141652107239, 0.07919564843177795, 0.8135415315628052, 0.45514124631881714, 0.4060818552970886, 0.11557653546333313, 0.7383430004119873, 0.7833309173583984, 0.461686372756958, 0.3844181299209595, 1.0760911703109741, 0.026523426175117493, 0.41676801443099976, 0.38380587100982666, 0.36444252729415894, 0.7548609972000122, 0.4813753366470337, 0.7727982401847839, 0.47335124015808105, 0.4020625948905945, 0.20293398201465607, 0.5150308609008789, 0.5171244144439697], [-0.03006521612405777, -0.0030885934829711914, 0.1433417946100235, 0.19889993965625763, 0.024673819541931152, 0.7083824872970581, 0.17994166910648346, 0.4286848306655884, 0.44321632385253906, 0.07600316405296326, -0.0444847047328949, 0.2850182056427002, 0.07625278830528259, -0.11174096912145615, -0.08393436670303345, 0.20293454825878143, 0.06834495067596436, 0.21360547840595245, 0.21277378499507904, 0.1440981775522232, 0.007059037685394287, 0.04042418301105499, -0.20865699648857117, -0.580807089805603, 0.06789740920066833, -0.4680406451225281, 0.2946343421936035, 0.018171310424804688, 0.23259098827838898, 0.27936094999313354, -0.3237263262271881, 0.057919830083847046]], [[-1.49268639087677, -1.1232088804244995, -0.7512009143829346, -1.3552734851837158, -0.5834512710571289, -0.6426675319671631, -0.6405987739562988, -0.6476643085479736, -1.2260724306106567, -0.3847564458847046, -0.6257243752479553, -0.9454192519187927, -0.9330148696899414, -1.0805431604385376, -1.1294550895690918, -1.1361385583877563, -1.6418224573135376, -1.0121759176254272, -0.9681441187858582, -1.104101300239563, -1.0233502388000488, -1.2410680055618286, -0.9217685461044312, -1.0496249198913574, -1.7509163618087769, -0.9786346554756165, -0.9813008308410645, -1.1864068508148193, -1.1241434812545776, -1.0166393518447876, -1.1260044574737549, -1.384813666343689], [-0.40628623962402344, -1.0284754037857056, -1.2559829950332642, -1.087807059288025, -1.2558611631393433, -1.025030493736267, -1.1029642820358276, -1.0897494554519653, -0.9771756529808044, -1.2105953693389893, -1.2373125553131104, -1.249909520149231, -1.6019591093063354, -1.5937206745147705, -1.3569425344467163, -1.332878828048706, -1.3049957752227783, -0.612589418888092, -1.4644508361816406, -1.319191575050354, -1.397618055343628, -1.5051189661026, -1.3556290864944458, -1.3308874368667603, -0.8090553879737854, -1.7656277418136597, -0.987838864326477, -0.43302732706069946, -1.247017741203308, -1.125749945640564, -1.9490416049957275, -0.4269063174724579]], [[-0.48706144094467163, 0.6727067232131958, 0.40102002024650574, 0.13303053379058838, 0.3417374789714813, 0.5137388706207275, 0.37469789385795593, 0.15776020288467407, 0.16878336668014526, 0.40741869807243347, 0.3055603802204132, 0.7330461740493774, 0.568645715713501, -0.07658438384532928, -0.2406429499387741, 0.09446802735328674, -0.19917836785316467, 0.5566350221633911, 0.07566830515861511, 0.29885903000831604, 0.2948532998561859, 0.44354888796806335, 0.6298569440841675, 0.2410910427570343, 0.16668593883514404, 1.1418577432632446, 1.4249285459518433, 0.11361902952194214, 0.4491579234600067, 0.15931987762451172, 0.971199631690979, 0.09796825051307678], [-0.3802914023399353, 0.1536131203174591, -0.21957223117351532, 0.07614201307296753, 0.7766902446746826, 0.5569738149642944, 0.03705960512161255, 0.23009592294692993, -0.1388164609670639, 0.7212668657302856, 0.09123384952545166, 0.5154962539672852, 0.09825438261032104, 0.05120512843132019, 0.12986516952514648, -0.028433293104171753, -0.1082189679145813, 1.1383072137832642, 0.10927128791809082, 0.1751885712146759, -0.07513831555843353, 0.06810662150382996, 0.10547414422035217, -0.027202889323234558, -0.0884006917476654, 0.25532224774360657, -0.017335906624794006, -0.3340834975242615, 0.5905088186264038, 0.09618890285491943, 1.0034080743789673, -0.4094098210334778]], [[0.17061330378055573, -0.43341317772865295, -0.12355206906795502, -0.32904452085494995, -0.09990397840738297, -0.589266836643219, 0.23268850147724152, -0.5547192096710205, 0.14086757600307465, 0.17887620627880096, 0.37497013807296753, -0.7627456188201904, -0.26908010244369507, -0.3313828706741333, 0.4029037356376648, -1.0424834489822388, 0.31295812129974365, -0.3302648961544037, -0.22362539172172546, -1.1056177616119385, -0.12178446352481842, -0.10921556502580643, -0.06056836247444153, 0.04073287546634674, -0.28382939100265503, 0.17560698091983795, -1.2407923936843872, -0.07496775686740875, -0.3954762816429138, -0.06852701306343079, -0.8724948763847351, -0.2192607969045639], [0.06447480618953705, 0.13963405787944794, 0.23574478924274445, 0.11729477345943451, 0.07116405665874481, -0.16151398420333862, 0.05165065824985504, -0.40482625365257263, 0.24744270741939545, -0.12316610664129257, 0.18416504561901093, -0.5804315209388733, 0.13450096547603607, -0.021559029817581177, 0.1133265346288681, -0.25877413153648376, 0.18198297917842865, -0.8993813395500183, 0.0990573912858963, -0.03983752429485321, 0.16307218372821808, 0.21649546921253204, 0.21488793194293976, 0.06760846078395844, -0.1515442132949829, -1.3477004766464233, -0.150186687707901, -0.09045775234699249, -0.4514063596725464, -0.16987493634223938, -0.6883944272994995, -0.04121097922325134]], [[0.13127154111862183, 2.017429828643799, 1.0436160564422607, 1.2584360837936401, 0.7044438123703003, 1.3382736444473267, 0.9174904227256775, 1.023087501525879, 1.6727102994918823, 1.2554868459701538, 1.159830093383789, 1.672455906867981, 1.1490442752838135, 0.7083956003189087, 1.514382004737854, 1.6910027265548706, 0.5348390340805054, 1.5007195472717285, 0.42739444971084595, 0.8083871006965637, 0.6019951105117798, 0.8622397184371948, 1.5212987661361694, 1.7616463899612427, 1.8243999481201172, 0.9735236167907715, 1.2879613637924194, 0.5381032228469849, 0.5483876466751099, 0.597217321395874, 0.883414089679718, 0.5684887766838074], [0.273532509803772, 0.6169390678405762, 0.17557135224342346, 0.7898070812225342, 0.31384512782096863, 0.8880378603935242, 0.22230173647403717, 1.3887803554534912, 0.27092885971069336, 1.6656814813613892, 0.4379376471042633, 0.6940553784370422, 0.44088494777679443, 0.28505754470825195, 0.5926904678344727, 1.0498110055923462, 0.13504134118556976, 1.9469525814056396, 0.568458616733551, 1.0898401737213135, 0.5413864254951477, 0.8631062507629395, 0.4092780649662018, 0.38165873289108276, 0.32917267084121704, 0.6855229735374451, 0.1753038614988327, 0.3237845301628113, 0.7425299882888794, 0.8941670060157776, 1.1542829275131226, 0.3410238027572632]], [[0.14732570946216583, 0.4098421335220337, 0.5111477375030518, 0.04900920391082764, 0.41375452280044556, 0.6070493459701538, 0.832303524017334, 0.39367204904556274, 0.03579488396644592, 0.061382025480270386, 0.7730517983436584, 0.8975600004196167, 0.961425244808197, 0.22680962085723877, 0.5978413224220276, 0.4453648328781128, 0.0017747357487678528, 0.3512948453426361, 0.25187933444976807, 0.25658029317855835, 0.41567593812942505, 0.4654309153556824, 0.6510205864906311, 0.6553613543510437, -0.33216482400894165, 0.21352331340312958, 1.2296994924545288, 0.5552619099617004, 0.5290663838386536, 0.27316194772720337, 1.0457425117492676, 0.45370638370513916], [0.15049368143081665, 0.1352577656507492, -0.0930977612733841, 0.05336713790893555, 0.429618775844574, 0.27072954177856445, 0.27091652154922485, 0.3972848653793335, 0.1161457821726799, 0.5512638688087463, 0.3252519965171814, 0.4784538745880127, 0.19240403175354004, 0.09343507140874863, 0.35621753334999084, 0.16035506129264832, 0.09060165286064148, 0.26937469840049744, 0.20182310044765472, 0.01828935742378235, 0.21485869586467743, -0.09859205782413483, 0.07031820714473724, 0.24285951256752014, 0.0528436005115509, -0.13177071511745453, -0.025983229279518127, 0.11271366477012634, 0.3123336434364319, 0.07674919068813324, 0.4579741954803467, 0.17796063423156738]], [[0.0859660729765892, 0.17556144297122955, -0.18059717118740082, 0.6365127563476562, 0.0024056723341345787, 0.6532483696937561, -0.20902881026268005, 0.36927497386932373, -0.8663719296455383, -0.08114653080701828, -0.34953394532203674, 0.6480029821395874, -0.1455426663160324, 0.4403604567050934, -0.36277616024017334, 0.8254544138908386, -0.4089258909225464, 0.10103675723075867, 0.21814954280853271, 0.7432579398155212, 0.39548343420028687, 0.4327932894229889, 0.4518250823020935, 0.09039884805679321, -0.09846513718366623, 0.2366093546152115, 1.1259756088256836, 0.4196649193763733, 0.5602220296859741, 0.2824884057044983, 0.8654826283454895, 0.8204279541969299], [0.18792061507701874, -0.185426265001297, 0.10958085209131241, 0.15072470903396606, -0.352077841758728, -0.17239581048488617, 0.2163163125514984, 0.4940297603607178, 0.07226680964231491, 0.14891356229782104, -0.023599643260240555, 0.6787360310554504, 0.23828719556331635, 0.2333645522594452, 0.37829914689064026, 0.9714438915252686, 0.3603507876396179, 1.1206164360046387, 0.12410783767700195, 0.7363429665565491, 0.1871737539768219, 0.02809600904583931, 0.23778535425662994, 0.5573578476905823, 0.8176474571228027, 0.777538001537323, 0.5009629130363464, 0.2154982089996338, 0.62191241979599, 0.37397462129592896, 0.9359062910079956, 0.19034728407859802]], [[0.02029155194759369, -0.40349307656288147, 0.6612590551376343, 0.20357903838157654, 0.377483069896698, -0.1929163932800293, -0.1925557255744934, 0.08281666785478592, -0.07393597066402435, -0.30123651027679443, -0.04516837000846863, 0.3484976589679718, 0.5519068241119385, 0.3069709837436676, -0.13654223084449768, 1.402288794517517, -0.14246270060539246, 0.23084348440170288, 0.06424058973789215, 0.13746526837348938, 0.12076456844806671, -0.16840431094169617, -0.10323204100131989, -0.14721155166625977, -0.20077398419380188, -0.892542839050293, 0.04282376170158386, -0.91059410572052, 0.3242603540420532, -0.10339140892028809, 0.6066749095916748, -0.21148067712783813], [0.25837773084640503, 0.33296310901641846, 0.4300801455974579, 0.42463648319244385, -0.2225092053413391, 0.1613011658191681, -0.00567743182182312, 0.29926857352256775, 0.18455864489078522, 0.27692919969558716, -0.03355813026428223, 0.10016235709190369, -0.02691878378391266, -0.39417198300361633, -0.09055857360363007, 0.5547153949737549, -0.4000115692615509, 0.007322773337364197, -0.22822830080986023, -0.25541338324546814, -0.005989208817481995, -0.3555503487586975, -0.9742664098739624, -0.4729631841182709, -0.10849311947822571, 0.8693268299102783, 0.09482228755950928, 0.30931490659713745, 0.8855293989181519, 0.6080435514450073, 0.5579830408096313, 0.3414599299430847]], [[-0.07413005828857422, 0.3276042640209198, 0.5441487431526184, -0.034884557127952576, -0.3316023647785187, -0.14815053343772888, -0.354611337184906, -0.18159034848213196, 0.033786848187446594, -0.018467333167791367, 0.1306152045726776, 0.01712775230407715, -0.09481420367956161, -0.11617036908864975, -0.39631468057632446, -0.26642799377441406, -0.243708074092865, -0.4408682584762573, 0.0722908228635788, -0.055056408047676086, -0.10009380429983139, 0.051340680569410324, -0.3954421281814575, -1.0460084676742554, -0.8597939014434814, 0.12014298886060715, 0.40112075209617615, 0.22767677903175354, 0.17707443237304688, 0.23111093044281006, 0.03410663828253746, 0.028228232637047768], [0.14736148715019226, -0.16772198677062988, -0.3523733913898468, -0.33915895223617554, -0.9114031195640564, -0.825530469417572, -0.8670756816864014, -0.7487514019012451, -0.315098375082016, -0.5440682172775269, -0.43173471093177795, -0.8877069354057312, -0.9971058964729309, -1.0938701629638672, -1.014596939086914, -1.0269156694412231, -0.253709077835083, -0.39335495233535767, -0.5573928952217102, -0.5853878259658813, -0.7387964129447937, -0.37176498770713806, -1.3058207035064697, -1.0550880432128906, -0.6086539030075073, 0.061732225120067596, -0.17803511023521423, 0.26357582211494446, -0.08769091963768005, -0.11543942242860794, -0.43938300013542175, 0.3094630837440491]], [[0.424995481967926, 0.41633832454681396, 1.020772933959961, 0.31070494651794434, 0.6899741888046265, -0.582449197769165, 0.1780904233455658, 0.023527830839157104, -1.0737590789794922, -0.06973443180322647, 0.19375859200954437, 0.7187469601631165, 0.6228869557380676, 0.09300877153873444, 0.0007611438632011414, 0.30631953477859497, -0.0125214122235775, -0.4437466263771057, 0.11206549406051636, -0.5964230895042419, 0.29235684871673584, -0.8434112071990967, -1.7866264581680298, -1.066377878189087, -0.7147085070610046, -0.1844751536846161, 2.1149325370788574, 0.4105622172355652, 0.7374314069747925, 0.535409688949585, 2.115971326828003, 0.6157056093215942], [0.043321579694747925, -0.6778027415275574, -0.25913307070732117, -0.3657119870185852, -0.49290597438812256, -0.7069587111473083, 0.08270189166069031, -0.3530580401420593, -0.2594811022281647, -1.2848830223083496, -0.6485532522201538, -0.7803407907485962, -0.39311540126800537, -1.28755784034729, -0.669964611530304, -0.7954971194267273, -0.867343008518219, -1.7596434354782104, -0.8418186902999878, -1.075467824935913, -0.6666482090950012, -1.8206357955932617, -2.2117667198181152, -2.2403924465179443, -0.9682102203369141, -0.18181446194648743, -0.045520078390836716, 0.0416642501950264, 0.4426006078720093, 0.09372782707214355, 1.1563798189163208, 0.107820525765419]], [[0.3581724464893341, 0.3295857906341553, 0.5897880792617798, 0.4937504529953003, 0.4428379535675049, 0.5053496956825256, 0.1983967274427414, 0.6195526123046875, 0.5644853115081787, 0.4430842995643616, 0.5099154114723206, 0.8547289967536926, 0.5379912853240967, 0.5037586092948914, 0.28282463550567627, 0.5391384959220886, 0.33568504452705383, 0.46289363503456116, 0.3971693515777588, 0.46827566623687744, 0.31259623169898987, 0.3072280287742615, 0.509618878364563, 0.4965846836566925, 0.8797307014465332, 0.662011981010437, 0.9448295831680298, 0.9017511606216431, 0.5872589945793152, 0.6368532776832581, 0.5623660087585449, 0.4404885768890381], [0.05916327238082886, 0.5877772569656372, 0.2532414197921753, 0.5877987146377563, 0.7869673371315002, 0.8067567348480225, 0.4589400291442871, 1.164808750152588, 0.36370542645454407, 0.7984308004379272, 1.0038471221923828, 0.9372502565383911, 0.9491148591041565, 0.2914060354232788, 0.6601306200027466, 0.9379633069038391, 0.5969540476799011, 0.9836956858634949, 0.7712428569793701, 0.873160183429718, 1.0218698978424072, 1.399023413658142, 1.4411557912826538, 1.0052862167358398, 1.0470601320266724, 1.6305921077728271, 0.4738023281097412, 0.027898937463760376, 0.9173701405525208, 0.9395591616630554, 0.8483248353004456, 0.06670324504375458]], [[0.3089457154273987, -1.4608092308044434, 0.06958279013633728, -0.49195557832717896, -0.15642884373664856, -1.5433933734893799, -0.44237834215164185, -0.6574831008911133, -0.38051706552505493, -0.7784679532051086, -0.43457096815109253, -1.1613717079162598, -0.5796213150024414, -0.35052192211151123, -0.9608488082885742, -0.9665645956993103, -0.18024566769599915, -0.9103870391845703, 0.26517871022224426, -0.02028346061706543, 0.09029525518417358, -0.4428589344024658, -1.59613037109375, -0.9444609880447388, -1.2212440967559814, -0.6400022506713867, -0.49342232942581177, -0.25499260425567627, -0.0698850005865097, 0.09340006113052368, -0.3481382131576538, -0.03847053647041321], [-0.032227322459220886, -0.6032623648643494, -0.11894874274730682, -0.3761947751045227, -0.7329336404800415, -1.1506624221801758, -0.32746174931526184, -0.5103661417961121, 0.1363186538219452, -1.3668155670166016, -0.9692267775535583, -0.8188150525093079, -0.8843708038330078, -0.8038232326507568, -0.902919590473175, -0.7307709455490112, -0.5187169313430786, -1.5237147808074951, -0.5570445656776428, -0.7274731397628784, -0.22476251423358917, -0.7049466371536255, -0.8476111888885498, -0.7687733769416809, -0.2341846525669098, -0.5500626564025879, 0.08352351188659668, 0.0005787163972854614, 0.30156517028808594, 0.058846086263656616, -0.3187106251716614, 0.06140333414077759]], [[0.045792944729328156, -1.0355949401855469, -1.0032198429107666, -0.5989006757736206, -0.17895008623600006, -0.511974573135376, -0.30307018756866455, -0.5052133202552795, -0.2532896399497986, -1.0305633544921875, -0.7126427292823792, -1.2401318550109863, -0.7264613509178162, -0.6058951020240784, -0.5177993774414062, -1.1101973056793213, -0.43212026357650757, -0.7955940961837769, -0.7797092795372009, -1.6063146591186523, -1.0490907430648804, -1.4181357622146606, -1.100022554397583, -0.6535099744796753, -0.5453974604606628, -0.5563915371894836, -1.2038987874984741, -0.9284461736679077, -0.9055733680725098, -0.751742422580719, -1.0319575071334839, -0.9709045886993408], [-0.3977457582950592, -0.9255279898643494, -0.7070512175559998, -0.7146909236907959, -1.606105089187622, -1.2259188890457153, -0.9216108918190002, -0.9908934831619263, -0.44145193696022034, -1.5444668531417847, -1.3255172967910767, -1.720241904258728, -1.5743465423583984, -1.4893436431884766, -1.2875765562057495, -0.8027568459510803, -1.1050207614898682, -1.749099612236023, -1.5390641689300537, -1.78131103515625, -1.6006512641906738, -1.486259937286377, -1.951866626739502, -1.8782421350479126, -1.5231176614761353, -1.5123014450073242, -0.5194444060325623, -0.44246706366539, -0.6378282308578491, -0.4281579554080963, -0.7422412037849426, -0.4525856375694275]], [[0.13357676565647125, 0.6168767213821411, 0.7672293186187744, 0.5018405318260193, 0.5384005308151245, 0.4873570203781128, 0.7436265349388123, 0.4030138850212097, 0.29988640546798706, 0.5561280250549316, 0.5637144446372986, 1.097813606262207, 0.587438702583313, 0.14533112943172455, 0.7469379901885986, 0.3561161756515503, -0.04222540557384491, 0.3287922739982605, 0.2705399990081787, 0.7255972623825073, 0.5109912753105164, 0.762383759021759, 1.8253393173217773, 0.6420037746429443, 0.3818969130516052, 0.804408609867096, 1.1181056499481201, 0.1657961755990982, 0.34940266609191895, 0.18195761740207672, 0.837593674659729, 0.19382493197917938], [0.2493850141763687, -0.17651376128196716, 0.11025215685367584, -0.016255438327789307, 0.5494637489318848, 0.17093797028064728, 0.0653809905052185, 0.008790954947471619, 0.1854233294725418, 0.2692824602127075, 0.13381831347942352, 0.2945493459701538, 0.34257084131240845, 0.48935389518737793, 0.2840455174446106, -0.02040638029575348, 0.13996247947216034, -0.06673737615346909, 0.2679316997528076, 0.1975012868642807, 0.2822381854057312, 0.6976194381713867, 0.32474571466445923, 0.10725592076778412, -0.08659224212169647, -0.22942687571048737, 0.2507694959640503, 0.3158799409866333, -0.019442051649093628, -0.01390121877193451, 0.975159227848053, 0.3364769220352173]], [[-0.6677554845809937, -0.21043750643730164, -1.0790107250213623, -0.9035068154335022, -0.7730253338813782, -0.4049223065376282, -0.8780004382133484, -0.5771721601486206, -0.5609785914421082, -0.28700941801071167, -0.6539415121078491, -0.7746003270149231, -1.1032381057739258, -0.8058552145957947, -0.9244263768196106, -1.2282028198242188, 0.17980098724365234, -0.7134729623794556, -0.743274986743927, -0.6167535185813904, -0.38781601190567017, -0.4644428491592407, -0.20755934715270996, -0.5329784154891968, -0.04109498858451843, 0.050190314650535583, -0.18404287099838257, -0.22173839807510376, -0.4165073037147522, -0.43890994787216187, -0.6047336459159851, -0.679688036441803], [-0.08095264434814453, -0.862820565700531, -0.373659610748291, -0.4747268557548523, -0.6324130296707153, -0.7355506420135498, -0.5007678270339966, -1.1224937438964844, -0.1938057243824005, -0.9935070872306824, -0.7643124461174011, -0.5296556353569031, -0.6090944409370422, -0.7467781901359558, -0.36582833528518677, -0.3360162377357483, -0.56596839427948, -0.7927915453910828, -0.6369426846504211, -0.7421287894248962, -0.7799326777458191, -0.8936492800712585, -0.5089418888092041, -0.4732632040977478, -0.5725125074386597, -0.8957164883613586, -0.21202737092971802, -0.18057385087013245, -0.9247732758522034, -0.5264384150505066, -0.357994019985199, -0.17341449856758118]], [[0.5957571864128113, -0.019558385014533997, 0.6216652393341064, -0.31939440965652466, 0.2896408438682556, -0.2437039017677307, 0.7475916147232056, -0.20565924048423767, 0.9299771785736084, -0.21398185193538666, 0.37085121870040894, -0.13018323481082916, -0.08513861894607544, -0.46504145860671997, 0.7977432012557983, -0.8957063555717468, 0.3140720725059509, -0.4193683862686157, -0.17655354738235474, 0.16294033825397491, -0.022066541016101837, 0.20097856223583221, 0.4740724563598633, 0.8190454244613647, 0.6435498595237732, 0.8322515487670898, -0.4485580325126648, 0.6816250085830688, -0.3721771240234375, -0.10225740075111389, -0.524985134601593, -0.1424616575241089], [-0.13104969263076782, 0.1026168018579483, 0.332821249961853, 0.142298623919487, -0.06015933305025101, 0.11172302067279816, 0.44978243112564087, -0.15259912610054016, 0.5415525436401367, 0.46408945322036743, 0.11273501813411713, 0.13750313222408295, 0.34432435035705566, 0.6837805509567261, 0.44400668144226074, 0.3621485233306885, 0.35252463817596436, 0.5646143555641174, 0.2864137887954712, 0.4771735668182373, 0.5308282971382141, 1.1557756662368774, 1.0321621894836426, 0.6602214574813843, 1.0328401327133179, 0.6991841197013855, 0.4866030812263489, -0.05086911469697952, -0.1488436907529831, 0.3988163471221924, -0.10235282778739929, -0.10630011558532715]], [[-0.30696752667427063, -1.0594714879989624, -0.2615368664264679, -0.5495436787605286, -0.5132991671562195, -1.1545836925506592, -0.528633177280426, -0.4564354419708252, -0.7537731528282166, -0.9778851866722107, -0.5940438508987427, -1.4172133207321167, -0.5604071617126465, -0.5855498313903809, -0.7623275518417358, -0.7140492796897888, -0.8200591206550598, -0.9168320894241333, -0.571448564529419, -0.5677145719528198, -0.6390392780303955, -1.2243731021881104, -1.4321821928024292, -1.2135151624679565, -1.8889299631118774, -1.2376747131347656, -1.219308614730835, -0.560198962688446, -0.6403664946556091, -0.5500705242156982, -0.5860852599143982, -0.6452986598014832], [-0.40335264801979065, -0.2688635587692261, -0.4175581634044647, -0.31834959983825684, -0.7013182044029236, -0.5948789715766907, -0.483405739068985, -0.3223479688167572, -0.5282215476036072, -1.024355173110962, -0.6946478486061096, -1.13197922706604, -0.7343271970748901, -1.1300240755081177, -0.542219877243042, -0.5565420389175415, -0.6661052107810974, -1.1625975370407104, -0.6821069717407227, -0.26890507340431213, -0.5020031332969666, -0.9538439512252808, -1.2289656400680542, -1.256650447845459, -0.8584936261177063, -0.2037493735551834, -0.4511522948741913, -0.3835122883319855, -0.42370498180389404, -0.32189276814460754, -1.18791663646698, -0.4673922657966614]], [[0.34387829899787903, 0.9366734027862549, 1.0545454025268555, 0.5828142166137695, 0.6309658885002136, 0.5803837776184082, 0.24929136037826538, 0.5919297933578491, 0.8995286822319031, 0.42418986558914185, 0.7601069808006287, 1.1113966703414917, 0.9525597095489502, 0.5583731532096863, 0.4625246822834015, 1.3841273784637451, 0.22555434703826904, 0.5278034806251526, 0.7927847504615784, 0.6166819334030151, 0.5136667490005493, 0.7316990494728088, 0.6241686940193176, 0.5031407475471497, 0.47678983211517334, 0.5792824029922485, 2.2936348915100098, 0.17469379305839539, 1.0730522871017456, 0.8646917343139648, 1.7684584856033325, 0.5921841263771057], [-0.30799737572669983, 0.9636207818984985, 0.49113601446151733, 0.9017542004585266, 1.4742565155029297, 1.176172137260437, 0.5631991624832153, 1.7355867624282837, 0.4756724238395691, 1.460239291191101, 1.1523423194885254, 1.5126885175704956, 1.1687813997268677, 0.8781442642211914, 0.9624293446540833, 1.1212226152420044, 1.0127277374267578, 1.7369062900543213, 1.113432765007019, 1.37137770652771, 0.9213383793830872, 1.143281102180481, 1.6550548076629639, 1.5617585182189941, 0.8463208675384521, 0.69503253698349, 0.38745197653770447, -0.231589674949646, 1.520860195159912, 0.7325946092605591, 1.6314833164215088, -0.23374798893928528]], [[0.0876425951719284, -1.1201608180999756, -0.6972724795341492, -0.30798354744911194, -0.5178871750831604, -1.0312377214431763, -0.246971994638443, -0.7421098351478577, -0.7737666368484497, -0.2901848554611206, -0.4237615764141083, -0.9270735383033752, -0.4954161047935486, 0.12880690395832062, -0.2625177502632141, -0.8832623958587646, 0.37654855847358704, -0.4642515778541565, -0.36163151264190674, -0.6860949993133545, -0.8846142292022705, -1.2713160514831543, -1.7149035930633545, -0.8251458406448364, -0.0835501179099083, -0.1053117886185646, -1.982915997505188, -0.11212139576673508, -0.8157222270965576, -0.2122042179107666, -1.7567423582077026, -0.23202982544898987], [-0.40775787830352783, -0.2236793339252472, -0.11393558233976364, -0.604152500629425, -0.28445208072662354, -0.41491788625717163, -0.14732813835144043, -1.0277888774871826, -0.3026575446128845, -0.6849186420440674, -0.14810627698898315, -0.5501184463500977, -0.12763991951942444, -0.14174231886863708, -0.1856456696987152, -0.7225360870361328, -0.15932494401931763, -1.2102516889572144, -0.45868146419525146, -1.0422903299331665, -0.16601040959358215, -0.315214067697525, 0.19387391209602356, -0.23507210612297058, -0.29803669452667236, -0.9746321439743042, -0.32151442766189575, -0.39396390318870544, -1.2224944829940796, -0.7035192251205444, -1.272578239440918, -0.34134170413017273]], [[0.053052932024002075, 1.4585720300674438, 0.6653881072998047, 0.7406734228134155, 1.1023321151733398, 1.183713436126709, 1.3957934379577637, 0.877493679523468, 1.036150336265564, 0.7715587615966797, 1.1049659252166748, 2.037551164627075, 1.159180998802185, 0.6411938071250916, 0.7650400996208191, 1.2740927934646606, 0.75794517993927, 0.8771443367004395, 0.11944541335105896, 0.8015744090080261, 0.4864749312400818, 0.2200891375541687, 0.8169033527374268, 1.5424336194992065, 1.271535038948059, 0.6089009642601013, 1.8136571645736694, 0.5429686903953552, 0.5402408242225647, 0.47236043214797974, 1.1209847927093506, 0.5611492991447449], [-0.15498973429203033, -0.0076850466430187225, -0.027977224439382553, 0.14390520751476288, 0.35254567861557007, 0.40152278542518616, 0.05023452639579773, 0.49350929260253906, -0.11499577760696411, 0.7472195625305176, 0.47729408740997314, 0.31902000308036804, 0.01242167130112648, -0.6176856160163879, 0.11008100211620331, 0.08662684261798859, -0.6300875544548035, 0.27914899587631226, -0.43130365014076233, -0.45198801159858704, -0.3615325391292572, -0.4386049509048462, -0.5756398439407349, -0.39862537384033203, -1.096744179725647, -0.1844039261341095, 0.09812502562999725, -0.2612973749637604, 0.49206146597862244, 0.40591102838516235, 1.3120018243789673, -0.31633371114730835]], [[-0.7115768194198608, -0.3610560894012451, -0.7761357426643372, -0.37955760955810547, -1.0143153667449951, -0.3850695490837097, -0.8608061075210571, -0.6314034461975098, -1.2613704204559326, -0.5369014143943787, -0.9165228009223938, -0.36532747745513916, -0.9608801603317261, -0.3947867155075073, -1.3981040716171265, -0.7482411861419678, -0.7438148856163025, -0.5443651676177979, -0.6991081237792969, -0.17554374039173126, -0.8538618087768555, -0.986359179019928, -1.7924156188964844, -1.928330898284912, -0.5809524655342102, -0.4712486267089844, -0.8285497426986694, -0.5860539674758911, -0.8529590964317322, -0.8722699880599976, -1.2019798755645752, -0.7797861695289612], [-0.6051890850067139, -0.5964531898498535, -0.47846871614456177, -0.41515833139419556, -0.7217780947685242, -0.8829177021980286, -0.30245259404182434, -0.34585824608802795, -0.7722944617271423, -0.46025025844573975, -0.3813607692718506, -0.34198758006095886, -0.4166818857192993, -0.5287761688232422, -0.6002983450889587, -0.45741474628448486, -0.37363725900650024, -0.16822907328605652, -0.5181757807731628, -0.355887770652771, -0.6068486571311951, -0.8698213696479797, -1.0555580854415894, -0.8398653268814087, -0.42068493366241455, -0.6153343319892883, -0.7320559024810791, -0.6625226140022278, -0.9702550172805786, -0.8310809135437012, -0.9854432344436646, -0.5698606967926025]], [[0.5550886392593384, 0.47492480278015137, 0.2978392541408539, 0.7806009650230408, 0.05267566442489624, 0.6799672842025757, -0.36690229177474976, 0.22549374401569366, 0.5825394988059998, 0.7760071754455566, -0.19101276993751526, 0.3065553903579712, 0.1988503485918045, 0.43236005306243896, 0.4503886103630066, 0.5316043496131897, 0.8680101037025452, 0.47613438963890076, 0.26745137572288513, 0.4169973134994507, -0.1369517594575882, -0.3339296877384186, -1.1150128841400146, -0.7204207181930542, 1.3211158514022827, 0.5904542207717896, 0.4193701446056366, 0.23507378995418549, 0.22137752175331116, 0.15577863156795502, 0.11022944748401642, 0.5427470207214355], [0.08599278330802917, 0.008064649999141693, 0.10013321787118912, 0.21816158294677734, -0.046274200081825256, 0.24581342935562134, 0.31980589032173157, 0.44870564341545105, 0.2693762183189392, 0.2980152368545532, 0.4820762574672699, 0.336407333612442, 0.3574964702129364, 0.7246972918510437, 0.27199673652648926, 0.44499364495277405, 0.5119280219078064, 0.15172867476940155, 0.5363721251487732, 0.626630425453186, 0.35611292719841003, -0.03691617399454117, 0.32949918508529663, 0.8825706839561462, 0.6708865761756897, 0.04040590673685074, 0.4205467402935028, 0.09883832186460495, 0.5779181718826294, 0.4128212332725525, 0.6103097796440125, 0.15343575179576874]], [[0.4715821146965027, 0.1328839659690857, 0.3468453884124756, 0.2841295599937439, 0.26708364486694336, -0.06299515813589096, 0.683999240398407, 0.35355156660079956, 0.07052634656429291, 0.0689535066485405, 0.39033693075180054, 0.27046626806259155, 0.3974025249481201, 0.6099373698234558, 0.40597599744796753, 0.18963654339313507, 0.365048348903656, -0.04610810801386833, 0.40662187337875366, -0.049514852464199066, 0.26106083393096924, -0.22906643152236938, -0.18776917457580566, -0.28298431634902954, -0.3134155869483948, 0.7436848282814026, 0.5949814915657043, 0.6795251369476318, 0.6608828902244568, 0.6371425986289978, 0.738666296005249, 0.7080326676368713], [0.28055238723754883, 0.27321189641952515, 0.17594915628433228, 0.1800287812948227, -0.11128679662942886, -0.040513355284929276, 0.1476074457168579, 0.2960090637207031, 0.28972524404525757, -0.0470169261097908, 0.30298829078674316, 0.44797444343566895, 0.12481662631034851, -0.0012538395822048187, 0.19392137229442596, 0.10341788828372955, 0.07098020613193512, 0.3862123489379883, 0.28123557567596436, 0.5698761343955994, 0.2149616926908493, 0.4488455653190613, -0.05032288655638695, 0.10531026124954224, 0.11949114501476288, 1.3531254529953003, 0.19168202579021454, 0.2851548194885254, 0.21250437200069427, 0.6621807217597961, 0.7236778736114502, 0.37102198600769043]], [[0.4730238914489746, -0.04791092127561569, 0.1800972819328308, 0.5238001942634583, 0.17263364791870117, 0.3575735092163086, 0.4990333318710327, 0.397619366645813, 0.5125889778137207, 0.42798787355422974, 0.14737266302108765, -0.05128268152475357, 0.493553102016449, 0.6006193161010742, 0.48252004384994507, -0.3501981794834137, 0.41621917486190796, 0.10711446404457092, 0.3642268776893616, -0.016151249408721924, 0.4760500192642212, 0.4302840232849121, -0.056220583617687225, -0.6335060596466064, 0.27561911940574646, 0.39190101623535156, 0.3784613609313965, 0.7934231162071228, 0.5443004369735718, 0.5567482709884644, 0.3562767505645752, 0.7144263982772827], [0.08481621742248535, 0.7645065784454346, 0.7553666234016418, 0.7281525135040283, 0.6617199182510376, 0.7430688738822937, 0.8231139779090881, 0.6188465356826782, 0.7372685074806213, 0.9061946272850037, 1.0559442043304443, 1.0622658729553223, 0.9826237559318542, 1.270500659942627, 1.0442965030670166, 0.9038226008415222, 1.1770524978637695, 1.1818549633026123, 0.9717859625816345, 0.7426791787147522, 0.9026586413383484, 0.8058754205703735, 0.31670960783958435, 0.5414408445358276, 1.0944364070892334, 1.3661940097808838, 0.636382520198822, 0.27098140120506287, 0.6826968789100647, 0.5536667108535767, 0.42086267471313477, 0.249658465385437]], [[0.522102952003479, 1.4096605777740479, 1.202907681465149, 0.9046346545219421, 0.8386008143424988, 1.7995891571044922, 1.0071437358856201, 0.8317757844924927, 1.2271965742111206, 0.9693675637245178, 1.379080057144165, 3.0065696239471436, 1.4045594930648804, 0.6756168603897095, 1.3203153610229492, 1.314549207687378, 0.7830472588539124, 0.7570481896400452, 0.6588649749755859, 1.3132802248001099, 0.6293524503707886, 0.8852558135986328, 1.8304169178009033, 1.8705387115478516, 2.056079864501953, 0.9272816777229309, 3.2918572425842285, 1.0994982719421387, 0.879905641078949, 0.5630971789360046, 1.4577107429504395, 0.7778465747833252], [-0.12771593034267426, 1.3517646789550781, 0.779194712638855, 1.0997729301452637, 1.5428507328033447, 1.7990471124649048, 0.8899651765823364, 1.7136751413345337, 0.5817680954933167, 2.4890565872192383, 1.4701008796691895, 1.9195042848587036, 1.5410635471343994, 1.387146234512329, 1.401857614517212, 1.6202822923660278, 1.0919488668441772, 2.146559000015259, 1.3678476810455322, 1.359867811203003, 1.2573541402816772, 1.8068126440048218, 1.4032015800476074, 1.565179705619812, 0.933701753616333, 1.945468544960022, 1.0748850107192993, 0.03420490026473999, 1.6111088991165161, 1.1378580331802368, 1.5922603607177734, -0.0854993611574173]], [[0.027713429182767868, 0.43310946226119995, -0.028212662786245346, 0.12669268250465393, 0.3074381947517395, 0.45770299434661865, 0.44349414110183716, 0.2037767767906189, -0.808862030506134, -0.03892924636602402, 0.17982108891010284, 0.7871475219726562, 0.48953425884246826, 0.2221630960702896, 1.014868974685669, 0.5253099799156189, -0.25966569781303406, 0.1303689330816269, 0.036783166229724884, 0.24564039707183838, -0.04906522110104561, -0.07165167480707169, -0.4936329126358032, -0.5268322229385376, -0.37161269783973694, 0.25961703062057495, 0.8845555186271667, 0.5613996386528015, -0.1401936411857605, 0.11976461857557297, 0.21087060868740082, 0.11626341193914413], [-0.28505244851112366, -0.10152693837881088, 0.2277725785970688, -0.1121121346950531, -0.04006937891244888, -0.17575103044509888, 0.14751902222633362, -0.14817197620868683, -0.03524592146277428, 0.07168968766927719, 0.12817132472991943, 0.16550853848457336, 0.148458331823349, -0.042189400643110275, 0.24795719981193542, -0.02935187891125679, 0.18748874962329865, 0.4375779926776886, -0.0489632748067379, -0.412615031003952, -0.02509045973420143, 0.013218342326581478, -0.39468616247177124, -1.0386335849761963, -0.639171302318573, 0.36176377534866333, 0.17027990520000458, -0.2473640739917755, 0.16499760746955872, -0.14177606999874115, 0.4270729720592499, -0.29040563106536865]], [[-0.5830953121185303, -2.5856425762176514, -1.5207891464233398, -2.1893179416656494, -1.0632058382034302, -2.9891514778137207, -1.3904253244400024, -1.6763542890548706, -0.3589654266834259, -1.6270699501037598, -1.356093168258667, -1.7829033136367798, -1.282191514968872, -1.6846281290054321, -0.9611700773239136, -2.2643094062805176, -0.054214417934417725, -2.206149101257324, -1.321828007698059, -3.2120859622955322, -1.2734566926956177, -1.156172752380371, -0.7607273459434509, -0.9772496819496155, -0.8075557947158813, -2.0379250049591064, -2.2504053115844727, -1.916049838066101, -1.546208381652832, -1.3752272129058838, -1.7166794538497925, -1.6710023880004883], [-0.2621143162250519, -1.2363694906234741, -0.5193089246749878, -0.6735655069351196, -0.9475533962249756, -1.794185996055603, -0.802987277507782, -1.228296160697937, -0.4345325529575348, -1.4030338525772095, -1.6754190921783447, -1.0408823490142822, -1.0233336687088013, -1.323598861694336, -0.909904420375824, -1.2787201404571533, -1.2286168336868286, -1.810378074645996, -1.3042293787002563, -1.549704909324646, -0.873826801776886, -1.1629374027252197, -0.6403079032897949, -1.2069474458694458, -0.5473660826683044, -1.4119024276733398, -0.5260034203529358, -0.14706413447856903, -0.8215548992156982, -0.5374327301979065, -0.7054582834243774, -0.05640920624136925]], [[0.1366911232471466, -1.0050041675567627, -0.5546270608901978, -0.5110706090927124, -0.5467294454574585, -1.0604139566421509, -0.7048696279525757, -0.6050236225128174, -0.09761515259742737, -0.40454813838005066, -0.5939786434173584, -0.8506765365600586, -0.35948505997657776, -0.15381628274917603, -0.23626860976219177, -0.7399227619171143, -0.11811897158622742, -0.2830486595630646, -0.23565158247947693, -0.8885843753814697, -0.4233003556728363, -0.7044657468795776, -0.32882896065711975, -0.2808597981929779, -0.3157852292060852, -0.7825287580490112, -1.347182273864746, -0.7207473516464233, -0.4421478807926178, -0.16059622168540955, -0.980797290802002, -0.38392993807792664], [-0.09330923855304718, -0.4610395133495331, -0.18160367012023926, -0.37895098328590393, -0.6650255918502808, -0.9601573944091797, -0.09283280372619629, -0.8649579286575317, -0.18789446353912354, -1.4032529592514038, -0.5055288076400757, -0.941994309425354, -0.22829410433769226, -0.5837041139602661, -0.00897204875946045, -0.35995039343833923, -0.4904051721096039, -1.3008266687393188, -0.3359728753566742, -0.6438970565795898, 0.15231090784072876, -0.018048420548439026, 1.0413271188735962, 1.2318837642669678, 0.5043888688087463, -1.5385233163833618, 0.13537734746932983, 0.05521842837333679, -0.9469665288925171, -0.14210745692253113, -1.229243516921997, 0.19555123150348663]], [[-0.2799827456474304, 0.06994427740573883, -0.703150749206543, -0.42895668745040894, -0.15401242673397064, -0.3688355088233948, 0.30390211939811707, -0.13481275737285614, 0.46373268961906433, 0.16805118322372437, 0.25303196907043457, 0.6154499053955078, 0.12090986967086792, -0.36025822162628174, 0.1103006899356842, -0.36184388399124146, 0.10402092337608337, -0.29061633348464966, -0.30501869320869446, -1.0878080129623413, -0.20505550503730774, 0.002920210361480713, 0.06883585453033447, 0.10790875554084778, -0.0783088207244873, 0.5501769781112671, 0.32975929975509644, -0.09451615065336227, 0.1716890037059784, -0.0960523933172226, 0.5683231353759766, -0.09750187397003174], [-0.07463078200817108, -0.4031998813152313, -0.4840538501739502, -0.3122914135456085, -0.15199385583400726, -0.027346782386302948, 0.03459276258945465, -0.27364057302474976, -0.32520604133605957, -0.2588474452495575, -0.14243802428245544, -0.02149241417646408, -0.17513389885425568, -0.4945622980594635, -0.3361184597015381, -0.29362428188323975, -0.43599820137023926, -0.1746329367160797, -0.42892131209373474, -0.6550313234329224, -0.17108188569545746, -0.4235091805458069, -0.5729225873947144, -0.4680209159851074, -0.32006657123565674, 0.4832230508327484, -0.07076846063137054, -0.0276944637298584, 0.16474732756614685, -0.3261604905128479, 0.5151774883270264, -0.01985277235507965]], [[0.1330445408821106, 0.8585881590843201, 0.750332772731781, 0.5601247549057007, 0.4705827236175537, 0.34817376732826233, 0.5580644607543945, 0.5041227340698242, 0.4801885485649109, 0.4917352795600891, -0.13407346606254578, 0.2549157738685608, 0.07114825397729874, 0.2671199440956116, 0.30559560656547546, 0.7890917062759399, 0.10672631114721298, 0.2114490270614624, 0.5027945041656494, 0.8852189183235168, 0.6282943487167358, 1.1975481510162354, 1.2567819356918335, 0.838854968547821, -0.2623332142829895, 0.06684157252311707, 0.7865592241287231, 0.250775545835495, 0.7500049471855164, 0.36977261304855347, 1.1907633543014526, 0.2892894744873047], [0.2462056279182434, -0.18536323308944702, 0.0320211797952652, -0.07279196381568909, -0.08728204667568207, -0.3607330918312073, -0.1803591549396515, 0.058317720890045166, -0.24809926748275757, -0.6807277798652649, -0.5277407169342041, -0.6817981600761414, -0.39196228981018066, -0.3538707196712494, -0.3714083731174469, -0.383134663105011, -0.3698866665363312, -0.5941248536109924, -0.31628790497779846, -0.7304589152336121, -0.45963165163993835, -0.651750922203064, -0.5822312831878662, -0.3427204191684723, -0.2823978364467621, -0.29331639409065247, 0.006340935826301575, 0.28454694151878357, 0.3197011947631836, 0.05966050177812576, 0.3065733313560486, 0.24405089020729065]], [[-0.5209747552871704, -1.0207123756408691, -0.05934316664934158, -0.6257230043411255, -0.1703263521194458, -0.6223976612091064, -0.1996205747127533, -0.9416495561599731, -1.0236562490463257, -0.9246336221694946, 0.008859433233737946, -0.6787310838699341, 0.04913879558444023, -0.6423371434211731, -0.24445192515850067, 0.7262496948242188, -0.8969845771789551, -0.018783263862133026, -0.46456533670425415, -0.8532281517982483, -0.4066428244113922, -0.9966206550598145, -0.7208238840103149, -0.6613139510154724, -2.162207841873169, -0.5740763545036316, -0.5090387463569641, -0.5223339796066284, -0.6151700019836426, -0.829064130783081, -0.5460664629936218, -0.953341007232666], [-0.39716261625289917, -0.5908575057983398, -0.710477888584137, -0.5065255761146545, -0.6019984483718872, -0.6615075469017029, -0.9162622690200806, 0.08887957036495209, -0.30956369638442993, -0.6827585697174072, -0.629356861114502, -0.7705986499786377, -0.7298882007598877, -1.5834228992462158, -1.0827468633651733, -0.7097069025039673, -1.242182731628418, -0.28914082050323486, -1.0422171354293823, -1.0082367658615112, -1.2082951068878174, -1.3099364042282104, -1.6054856777191162, -1.6933404207229614, -1.5034219026565552, -0.04469310864806175, -0.8063173294067383, -0.2983926236629486, -0.7079958319664001, -0.5543599128723145, -0.27711862325668335, -0.2859649360179901]], [[0.9438420534133911, 1.394118070602417, 1.3029307126998901, 0.45911601185798645, 0.7486035227775574, 0.5139344930648804, 0.23182547092437744, 0.3011041283607483, 0.8630248308181763, 0.6273007392883301, 0.624078631401062, 0.23847344517707825, 0.7700404524803162, 0.41333314776420593, -0.1253342628479004, 0.4164370596408844, 0.5888343453407288, 0.6970391869544983, 0.7779725193977356, 0.9818598031997681, 0.7673201560974121, 0.6199048757553101, 1.073256492614746, 0.2769284248352051, 0.17331233620643616, 0.9927215576171875, 0.851559042930603, 0.3055965304374695, 0.3476136326789856, 0.22596865892410278, 0.727362871170044, 0.4436861276626587], [-0.15098971128463745, 0.35102301836013794, 0.12905266880989075, 0.18257349729537964, 0.5490173697471619, 0.05212569236755371, 0.20508435368537903, -0.3667219281196594, 0.22241011261940002, 0.25236591696739197, 0.4922958016395569, -0.24811547994613647, 0.19747552275657654, 1.1048202514648438, 0.34656429290771484, 0.2558493912220001, 0.699144721031189, 0.362556129693985, 0.3378634452819824, 0.32158032059669495, 0.5068440437316895, 1.1607214212417603, 1.0860198736190796, 0.46490633487701416, 0.6870441436767578, 1.8223974704742432, 0.22893694043159485, -0.13309839367866516, 0.10576916486024857, 0.20243653655052185, -0.026626020669937134, -0.20655253529548645]], [[-0.38922131061553955, -0.6377496719360352, -0.09945715963840485, -0.8013471961021423, -0.22429503500461578, -0.5595351457595825, 0.39565029740333557, 0.024238018319010735, -0.4256435036659241, 0.17055188119411469, 0.2757735550403595, -0.3518536388874054, 0.03422188758850098, -0.5548499822616577, 0.6940408945083618, -0.21720151603221893, -0.5540675520896912, 0.2074550837278366, -0.18564079701900482, 0.2189129889011383, -0.20780049264431, -0.38307416439056396, -0.4483436942100525, 0.1478026658296585, -0.16873469948768616, 0.539951503276825, -0.6941252946853638, 0.3811977207660675, -0.7785977125167847, -0.4814487099647522, -0.5065938830375671, -0.4031388759613037], [-0.24561892449855804, -0.13836053013801575, 0.08084343373775482, 0.03590591996908188, -0.40178537368774414, 0.07846787571907043, 0.12975938618183136, -0.00110669806599617, 0.08701646327972412, -0.30353033542633057, -0.3244580924510956, -0.47597837448120117, -0.2713867723941803, -0.09335730969905853, -0.034550223499536514, 0.310263991355896, -0.07901187241077423, -0.22688181698322296, -0.17934586107730865, 0.15786151587963104, -0.046997543424367905, -0.16256459057331085, -0.13854223489761353, -0.14641670882701874, -0.08403271436691284, 0.0396474190056324, -0.042616914957761765, -0.20641587674617767, -0.3553718626499176, -0.26428836584091187, -0.7121431231498718, -0.24312807619571686]], [[-0.1478956937789917, -0.5403680801391602, 0.07763057202100754, -0.753737211227417, -0.15773218870162964, -0.690325140953064, 0.01795186847448349, -0.46597111225128174, 0.3655405044555664, 0.3733309805393219, 0.060026802122592926, -0.277435302734375, 0.026677817106246948, -0.40967679023742676, 0.11752821505069733, -0.6998324394226074, -0.35868197679519653, -0.545983076095581, -0.21170510351657867, -0.6061508655548096, 0.060552239418029785, 0.5748831033706665, 0.7566604614257812, 0.5760475397109985, 0.47860702872276306, 0.34751924872398376, -0.3411289155483246, -0.13032159209251404, -0.15480905771255493, 0.23438426852226257, -0.06971582770347595, 0.20542052388191223], [0.1061541885137558, -0.21343684196472168, -0.18793612718582153, -0.3066093921661377, 0.37392157316207886, 0.0020351335406303406, -0.11956793069839478, -0.2801162600517273, 0.16333147883415222, 0.15218409895896912, -0.01778094843029976, 0.15186986327171326, 0.1819181591272354, -0.525022566318512, 0.21187052130699158, 0.06323451548814774, -0.31206026673316956, -0.5333325862884521, -0.28571826219558716, -0.3353421092033386, 0.14711472392082214, 0.5891804695129395, 0.5169211626052856, 0.013463445007801056, 0.1753292828798294, 0.5818835496902466, 0.06167985498905182, 0.1557064801454544, 0.04002408683300018, 0.07233969122171402, -0.056567512452602386, 0.17429715394973755]], [[0.27081650495529175, 0.5928218364715576, 0.4440748989582062, 0.4362775981426239, 0.41387829184532166, 0.7881026864051819, 0.12721410393714905, 0.11913108080625534, 0.6162416934967041, 0.6674155592918396, 0.24525684118270874, 0.6149753928184509, 0.2940267026424408, 0.3390986919403076, -0.019138120114803314, 0.20850089192390442, 0.3733668923377991, 0.7789157629013062, 0.1619122326374054, 0.5273336172103882, 0.29231277108192444, 0.33926627039909363, 0.08086397498846054, -0.28217190504074097, 0.2424335777759552, 0.7117906212806702, 0.41288790106773376, 0.20674672722816467, 0.3030078709125519, 0.2236921191215515, 0.26989299058914185, 0.29050910472869873], [0.05593936890363693, 0.09561359137296677, -0.0745902881026268, 0.2800401449203491, 0.22191491723060608, 0.3683541715145111, 0.0739179477095604, 0.6439610719680786, 0.07493492215871811, 0.972935676574707, 0.4267059862613678, 0.6101803183555603, 0.1726682484149933, 0.4586898386478424, 0.3576746881008148, 0.44259098172187805, 0.337008535861969, 1.398516297340393, 0.409280925989151, 0.8633086681365967, 0.28429585695266724, 0.08073503524065018, 0.3823936879634857, 0.9153134822845459, 0.9210401773452759, 0.5166369080543518, 0.1333567500114441, -0.07597842067480087, 0.42209795117378235, 0.22903558611869812, 0.5644209384918213, -0.15564338862895966]], [[-0.24357877671718597, 0.4168664216995239, 0.08737269043922424, -0.05964335799217224, -0.00026744604110717773, -0.033586472272872925, 0.4672505259513855, 0.10338950157165527, 0.3012099266052246, 0.4312002658843994, 0.6206016540527344, 0.6912236213684082, 0.6470608711242676, -0.004566460847854614, 0.9137967824935913, 0.08014902472496033, -0.2272135317325592, 0.06651666760444641, -0.2489164173603058, -0.04382285475730896, -0.07712933421134949, -0.26563769578933716, 0.3973776698112488, -0.21816053986549377, -0.11490562558174133, -0.05942857265472412, -0.21115411818027496, 0.26743626594543457, -0.09112957119941711, -0.1150602400302887, 0.10829687118530273, -0.22163909673690796], [-0.10720738768577576, 0.078878253698349, 0.007850199937820435, -0.2964058816432953, 0.37058907747268677, -0.03104528784751892, -0.0816168487071991, -0.4568473994731903, -0.25691062211990356, 0.10542386770248413, 0.31768667697906494, 0.16178375482559204, 0.1797424554824829, 0.04863736033439636, 0.04019594192504883, -0.27357956767082214, 0.150435209274292, -0.22072620689868927, 0.2901967167854309, -0.05421435832977295, 0.20689380168914795, 0.6575011014938354, 0.6095945239067078, 0.15319818258285522, -0.1612464189529419, -0.06905663013458252, -0.22559139132499695, -0.07440704107284546, -0.2060183733701706, -0.16648182272911072, -0.7566967606544495, -0.04370030760765076]], [[0.34503331780433655, -0.2629952132701874, -0.06004224345088005, 0.2273624837398529, 0.05967383831739426, 0.07585089653730392, -0.44973689317703247, 0.09523015469312668, -0.4363575577735901, 0.1616673767566681, -0.575241208076477, -0.1610802412033081, -0.02802630513906479, 0.4732668101787567, -0.7936249375343323, 0.21292653679847717, 0.11625999957323074, 0.1401711404323578, 0.3828655481338501, 0.6234047412872314, -0.05692047253251076, -0.7190953493118286, -1.5004521608352661, -1.349349021911621, -0.3237023651599884, -0.2060461938381195, -0.03496934846043587, -0.24602720141410828, 0.16615080833435059, -0.21459558606147766, -0.2714848220348358, -0.020002327859401703], [0.030299566686153412, -0.04286967217922211, 0.11892616003751755, 0.3003503382205963, -0.4673454463481903, -0.15776485204696655, 0.4221216142177582, 0.6746187806129456, 0.21916931867599487, 0.04839295893907547, 0.04861391335725784, 0.23772883415222168, 0.03255844861268997, 0.04912666231393814, -0.14724834263324738, 0.7015517950057983, 0.0947316512465477, -0.17396774888038635, 0.16031235456466675, 0.20317870378494263, -0.11996137350797653, -1.015548825263977, -0.9289910793304443, -0.7921872735023499, -0.0363394096493721, -0.706096351146698, 0.16771602630615234, 0.08207554370164871, 0.17699307203292847, -0.08150092512369156, 0.5063660144805908, 0.0470597967505455]], [[-0.5794552564620972, -0.5581957101821899, -0.1931147426366806, -0.48405981063842773, -0.26720842719078064, -1.1615049839019775, -0.6639286279678345, -0.8390494585037231, -0.5487548112869263, -0.7456344366073608, -0.4193238914012909, -0.49328887462615967, -1.0103884935379028, -0.6729807257652283, -0.5619219541549683, -0.6996767520904541, -0.4890180230140686, -0.7695093750953674, -0.538436770439148, -0.9329830408096313, -0.598726749420166, -0.6614240407943726, -0.17218632996082306, -0.7227105498313904, -1.0465877056121826, -0.2832027077674866, -0.8446850776672363, -0.4277835190296173, -0.7572430372238159, -0.4680402874946594, -1.1032918691635132, -0.7170270681381226], [0.5478500127792358, -0.5732173323631287, -0.2993561327457428, -0.5929201245307922, -0.2706751823425293, -0.727913498878479, -0.5956095457077026, -0.9475324153900146, -0.37574702501296997, -0.7187181711196899, -0.5010609030723572, -0.4974377453327179, -0.3365641236305237, -0.585268497467041, -0.4291520118713379, -0.7771205306053162, -0.6740140318870544, -0.8306339979171753, -0.5701813697814941, -0.4361092448234558, -0.4127636253833771, -0.139653280377388, 0.014901518821716309, -0.576392412185669, -0.5755106210708618, -0.32995256781578064, -0.13026444613933563, 0.4631368815898895, -0.49766963720321655, -0.28123044967651367, -0.7518182992935181, 0.4099482595920563]], [[0.7140181064605713, 0.5836796760559082, 0.31318745017051697, 0.3311234712600708, 0.3227972686290741, 0.3806193768978119, 1.0298620462417603, 0.6435643434524536, 0.33181560039520264, 0.5460809469223022, 0.8210877180099487, 0.6008559465408325, 0.44435352087020874, 0.21500803530216217, 0.8215891122817993, 0.012637894600629807, 0.8146486282348633, -0.28434252738952637, 0.3158932626247406, 0.6613601446151733, 0.5176127552986145, 1.0315507650375366, 0.9155751466751099, 0.8709187507629395, 1.004181146621704, 0.0607343390583992, 1.3856745958328247, 0.34221071004867554, 0.5129457712173462, 0.1353696882724762, 0.873427152633667, 0.5198154449462891], [0.05572207644581795, 0.2461266815662384, 0.5866082906723022, -0.20400604605674744, 0.4519490897655487, 0.14365127682685852, 0.8396124839782715, -0.07559511810541153, -0.023148514330387115, -0.2591732442378998, 0.5076402425765991, -0.004834413528442383, 0.7185375690460205, 1.347718358039856, 0.775280237197876, -0.29380565881729126, 0.8246440887451172, -0.5749406814575195, 0.6085172891616821, 0.10587728023529053, 0.8535557985305786, 0.0360763780772686, 0.8834480047225952, 0.7240545749664307, 1.0323355197906494, -0.3095523715019226, 0.2162853330373764, -0.07912588119506836, 0.15687519311904907, -0.26935455203056335, -0.04192478209733963, -0.034468814730644226]], [[0.1678779274225235, 0.8879208564758301, 0.3276231288909912, 0.5665061473846436, -0.10565294325351715, 1.0914149284362793, -0.6715729236602783, 0.12548290193080902, 1.6019567251205444, 0.8687589168548584, -0.39370790123939514, 0.518782377243042, -0.1138547956943512, 0.11188073456287384, -0.7493674755096436, 0.5442832708358765, 0.7863293290138245, 0.7140317559242249, 0.015139147639274597, 0.4231780171394348, -0.06871314346790314, 0.42793017625808716, 0.39432358741760254, 0.25434064865112305, 0.9932620525360107, 0.31159132719039917, -0.23299837112426758, -0.44123589992523193, -0.16931965947151184, 0.036405712366104126, -0.1046828180551529, -0.017316192388534546], [-0.29951614141464233, 0.19251446425914764, -0.5291387438774109, -0.06788891553878784, 0.5547015070915222, 0.5483187437057495, -0.47450190782546997, -0.10849539935588837, -0.207932710647583, 0.287472128868103, 0.19670842587947845, 0.3747454285621643, -0.12563039362430573, -0.19197531044483185, -0.0753830149769783, 0.25249242782592773, -0.18896670639514923, 0.8434263467788696, 0.09655392169952393, 0.13275881111621857, -0.3275764584541321, -0.24795237183570862, -0.3156017065048218, -0.576947033405304, -0.515237033367157, 0.5567841529846191, -0.5428028106689453, -0.3496042490005493, -0.30770212411880493, -0.10090474039316177, 0.15718896687030792, -0.3736255168914795]], [[0.3714018166065216, 0.8254223465919495, -0.07175968587398529, 0.4519282281398773, 0.13204750418663025, 0.6247390508651733, 0.42994681000709534, 0.4783935248851776, 0.2085655927658081, 0.4069223999977112, 0.4311412572860718, 0.11682648956775665, 0.3217161297798157, 0.20775552093982697, 0.16471853852272034, 0.637344479560852, -0.06656168401241302, 0.7833403944969177, 0.2900102436542511, 0.6995969414710999, 0.4416878819465637, 0.18076571822166443, 0.4152381420135498, 0.8283835649490356, 0.1994396448135376, 0.6520874500274658, 0.13217392563819885, 0.3926981985569, 0.2601177394390106, 0.2876529395580292, 0.35613301396369934, 0.64323490858078], [0.24257078766822815, 0.3401269316673279, 0.278788298368454, 0.6611027121543884, -0.1057659387588501, 0.12403173744678497, 0.3949436843395233, 0.010628217831254005, 0.5078843235969543, -0.26397770643234253, 0.2467747926712036, -0.1392517387866974, 0.3376305401325226, 0.5111662745475769, 0.23278936743736267, 0.7431440353393555, 0.6128247380256653, 0.32855024933815, 0.5361778140068054, 0.6710798740386963, 0.24147886037826538, -0.18900954723358154, 0.14962337911128998, 0.14875304698944092, 0.4585598111152649, 0.09299024939537048, 0.18781082332134247, 0.18003079295158386, -0.02909845858812332, 0.38466504216194153, 0.17056746780872345, 0.2021285742521286]], [[-1.5779764652252197, -2.4991819858551025, -1.5969408750534058, -2.013995885848999, -1.1736844778060913, -1.8591889142990112, -1.0281248092651367, -1.662559986114502, -1.6846219301223755, -1.461164116859436, -1.2277780771255493, -1.8497495651245117, -1.2858506441116333, -1.1967506408691406, -1.0373725891113281, -1.1449769735336304, -1.4114750623703003, -1.0396064519882202, -1.3741047382354736, -1.5772356986999512, -1.4323786497116089, -1.5088205337524414, -1.833354115486145, -1.7565840482711792, -2.346219062805176, -1.1888580322265625, -2.041656732559204, -1.093414306640625, -1.3698936700820923, -1.2071107625961304, -1.7852340936660767, -1.4612678289413452], [-0.2958333492279053, -1.030136227607727, -0.7580838203430176, -0.8583592176437378, -0.699100136756897, -0.9462406039237976, -0.7008891701698303, -0.9884157776832581, -0.8622484803199768, -0.8431037068367004, -0.7004731893539429, -0.7012081742286682, -0.4461193382740021, -0.8100470304489136, -0.34149307012557983, -0.8053886294364929, -0.49094852805137634, -0.423293799161911, -0.605894148349762, -0.611807107925415, -0.7524985074996948, -0.4782392084598541, -1.0743879079818726, -1.0769970417022705, -1.2003823518753052, -1.7048629522323608, -0.981934130191803, -0.2981269359588623, -1.25973641872406, -0.9195091128349304, -1.7350475788116455, -0.30420634150505066]], [[-0.08244158327579498, 0.766782283782959, 0.41785144805908203, 0.1904408037662506, 0.08505748957395554, 0.7909007668495178, 0.00962667167186737, 0.41565608978271484, 1.1038691997528076, 0.9773231148719788, 0.705803394317627, 0.9418075680732727, 0.49388402700424194, 0.09887347370386124, 0.014605045318603516, 0.010550349950790405, -0.027108564972877502, 0.3875952661037445, -0.015494123101234436, -0.11665831506252289, 0.08604542911052704, 0.6914642453193665, 0.8838630318641663, 0.478432834148407, 1.1114866733551025, 0.8085473775863647, 0.4232742190361023, -0.06686489284038544, 0.08454135060310364, -0.04254162311553955, -0.082088902592659, -0.36221444606781006], [-0.8173217177391052, 0.16597342491149902, -0.019931986927986145, 0.008602067828178406, 0.6006447672843933, 0.7456427216529846, -0.011306211352348328, 0.42551159858703613, -0.3870779871940613, 1.15060555934906, 0.4745895266532898, 0.7219685316085815, 0.4143528640270233, 0.2762047052383423, 0.26912128925323486, 0.020150750875473022, 0.19767865538597107, 0.9671260714530945, 0.365489661693573, 0.44281384348869324, 0.11786327511072159, 0.44611024856567383, 0.4686943292617798, 0.17912259697914124, -0.8716787695884705, -0.05629779398441315, -0.6693229675292969, -0.8542224764823914, -0.23417870700359344, -0.7127869129180908, -0.361605703830719, -0.9359191060066223]], [[0.4826895296573639, 0.5567190647125244, 0.6351102590560913, 0.588229775428772, 0.6963697671890259, 0.35446515679359436, 0.29852479696273804, 0.6005651950836182, 0.07442979514598846, 0.4792892634868622, 0.2702957093715668, 0.8818305730819702, 0.5571552515029907, 0.9476559162139893, -0.11619735509157181, 0.2575663924217224, 0.1289319396018982, 0.5679651498794556, 0.6263283491134644, 0.7891130447387695, 0.5598844289779663, 0.5111578702926636, 0.18129441142082214, -0.07905139029026031, 0.03715743124485016, 0.4864894449710846, 1.7584832906723022, 0.5016311407089233, 0.9500442743301392, 0.6825119256973267, 1.4565629959106445, 0.7816319465637207], [0.24815016984939575, 0.3939908444881439, 0.5002609491348267, 0.533989667892456, -0.08073453605175018, 0.02927112579345703, 0.598684549331665, 0.7411394119262695, 0.3485738933086395, 0.6001996994018555, 0.5089212656021118, 0.22382792830467224, 0.4466297924518585, 0.6999824047088623, 0.4981648027896881, 0.21898847818374634, 0.7139492034912109, 1.0858865976333618, 0.5656744241714478, 0.12594565749168396, 0.6982842683792114, 0.6345375776290894, 0.607001781463623, 0.25341466069221497, 0.6138741970062256, -0.1708935797214508, 0.37512537837028503, 0.2099941372871399, 0.5991084575653076, 0.30721938610076904, 0.9643826484680176, 0.24620124697685242]], [[-1.1771979331970215, -1.6453425884246826, -1.1298824548721313, -1.5399987697601318, -0.8442658185958862, -1.670760154724121, -0.756110429763794, -1.3057063817977905, -0.8341045379638672, -0.7019640207290649, -0.35015976428985596, -0.9757659435272217, -1.1008237600326538, -1.3600255250930786, -0.8462338447570801, -1.9972902536392212, -0.6030566096305847, -1.5027755498886108, -1.0176831483840942, -1.839661717414856, -1.0759841203689575, -0.7809823751449585, -0.8815813064575195, -0.061233654618263245, -0.02875436842441559, -0.9521989822387695, -1.4119436740875244, -0.8734312057495117, -0.978211522102356, -1.0075960159301758, -1.5738211870193481, -1.2257286310195923], [-0.29998350143432617, -1.2383522987365723, -0.8523296117782593, -1.0726605653762817, -1.1809114217758179, -1.143432378768921, -0.6939197778701782, -0.9910690784454346, -0.8685611486434937, -1.0920041799545288, -1.1753875017166138, -0.8531523942947388, -0.8201628923416138, -1.247360110282898, -0.6024615168571472, -0.5965955853462219, -1.3346384763717651, -1.264223337173462, -1.1300852298736572, -1.496467113494873, -0.6921086311340332, -0.23893602192401886, -0.09736873209476471, -0.2978453040122986, -0.8660458326339722, -1.3445749282836914, -0.41642069816589355, -0.24871926009655, -0.5525373816490173, -0.6061020493507385, -0.9352989196777344, -0.269589900970459]], [[0.7345017790794373, 1.0248162746429443, 0.638745129108429, 0.7879253625869751, 0.2610533833503723, 1.212551236152649, 0.07860477268695831, 0.912028431892395, 1.1979635953903198, 0.9323717355728149, 0.40461498498916626, 1.397616982460022, 0.6266029477119446, 0.6667434573173523, 0.25716811418533325, 1.152144432067871, 0.9946504235267639, 0.9703125953674316, 0.7161985039710999, 1.2283656597137451, 0.44239890575408936, 0.5416657328605652, -0.19935743510723114, 0.017359502613544464, 1.4950079917907715, 0.9753825068473816, 0.04476899281144142, 0.7851799726486206, 0.5482508540153503, 0.5132555365562439, 0.17439955472946167, 0.7062430381774902], [0.04858187213540077, 0.17890360951423645, -0.22280333936214447, 0.13953083753585815, 0.32607465982437134, 0.6643296480178833, 0.458041250705719, 1.3399094343185425, 0.11092359572649002, 0.8616750836372375, 0.11835014820098877, 1.1638151407241821, 0.4496585726737976, -0.1067381501197815, 0.22773171961307526, 0.8140854835510254, -0.3471968173980713, 1.0402307510375977, 0.066855788230896, 0.6305975914001465, -0.45411044359207153, -0.3195628523826599, -0.7123411893844604, -0.39842140674591064, 0.29736533761024475, 0.5887627005577087, 0.08335919678211212, 0.052569661289453506, 0.4871695637702942, 0.2752741277217865, 1.1084444522857666, 0.0705747976899147]], [[0.531513512134552, 0.7160741090774536, 0.5583151578903198, 0.2051740139722824, 0.4320414960384369, 0.9832472801208496, 0.6916184425354004, 0.6380960941314697, 0.9106670618057251, 0.749774158000946, 0.9312841296195984, 1.3306905031204224, 0.6137387156486511, 0.3782925009727478, 1.3949847221374512, 0.993664026260376, 0.18128684163093567, 0.5869885087013245, 0.3017423152923584, 0.5924263596534729, 0.33047589659690857, 0.8756963610649109, 1.6653889417648315, 2.046811819076538, 1.2780681848526, 0.6597733497619629, 1.0307228565216064, 0.37546226382255554, 0.5439924597740173, 0.3236290216445923, 1.580374836921692, 0.8688027262687683], [-0.10135260224342346, 0.5104378461837769, 0.49653586745262146, 0.13251183927059174, 0.7033365964889526, 0.8114323019981384, 0.5514003038406372, 0.621442973613739, 0.4163733720779419, 1.0804636478424072, 0.8541392683982849, 0.9411673545837402, 0.9513113498687744, 0.8264957666397095, 1.0689254999160767, 0.9480290412902832, 0.5175820589065552, 1.1111109256744385, 0.7584171295166016, 0.9867260456085205, 0.7670446038246155, 1.335640788078308, 1.4360988140106201, 1.5766197443008423, 1.5795038938522339, 2.0249085426330566, 0.14815598726272583, -0.15341225266456604, 0.7341358065605164, 0.339921236038208, 0.8344976902008057, -0.23128408193588257]], [[-0.6107990145683289, -0.885117769241333, -0.9057444930076599, -0.3876156210899353, 0.05601250380277634, -1.0551002025604248, 0.2743723690509796, -0.3642227351665497, -0.1427975296974182, -0.7613986134529114, 0.2243504524230957, -0.49727514386177063, -0.029881369322538376, -0.42096245288848877, -0.01793608069419861, -0.3911842405796051, -0.20693247020244598, -0.7144404053688049, -0.33419737219810486, -0.7629901170730591, 0.06334898620843887, -0.3845393657684326, 0.09129678457975388, 0.45136699080467224, -0.46178123354911804, -0.5075504779815674, -0.222811758518219, 0.003886796534061432, -0.19088199734687805, -0.3071933090686798, -0.16506563127040863, 0.01134134829044342], [-0.22107508778572083, -0.8615697622299194, -0.7464855313301086, -0.5666604042053223, -1.3609331846237183, -1.2883079051971436, -0.6128139495849609, -0.9953032732009888, -0.5626009106636047, -1.1823164224624634, -1.0437991619110107, -0.9748103618621826, -0.9995604157447815, -1.6026180982589722, -1.2869349718093872, -0.9278292059898376, -0.9225190281867981, -0.6186774969100952, -1.0665004253387451, -1.4014191627502441, -1.0026047229766846, -0.7378355264663696, -0.8981489539146423, -1.4898909330368042, -0.7083078026771545, -0.7641664743423462, -0.48983848094940186, -0.21899589896202087, -0.596163272857666, -0.4384945034980774, -0.9449679851531982, -0.24846872687339783]], [[0.0038155093789100647, -0.48137718439102173, -0.11070415377616882, -0.003971293568611145, -0.18651945888996124, -0.4093509912490845, -0.233237624168396, -0.34531041979789734, -0.1460595428943634, 0.13034310936927795, -0.09735243022441864, -0.3689166307449341, -0.2819306552410126, -0.010233476758003235, 0.1298515498638153, 0.4417259991168976, 0.2330031394958496, 0.06591007858514786, 0.25069767236709595, 0.09689832478761673, 0.15808460116386414, 0.16286349296569824, 0.14008671045303345, -0.10459629446268082, 0.7206032872200012, -0.27708911895751953, -0.1619047224521637, -0.4606516361236572, -0.08732843399047852, -0.3983543813228607, -0.6014696955680847, -0.39551156759262085], [-0.30393821001052856, -0.08953092247247696, 0.09989967197179794, -0.1227870061993599, 0.24893486499786377, 0.021381273865699768, -0.11338025331497192, -0.11291053891181946, 0.14097103476524353, -0.1377658098936081, 0.1258140504360199, 0.1273755431175232, 0.25796034932136536, 0.3643941879272461, 0.1772460639476776, 0.22451817989349365, 0.5277239680290222, -0.3823443651199341, 0.37852317094802856, 0.4003719389438629, 0.34131813049316406, 0.5307620763778687, 0.9599713683128357, 1.1117057800292969, 0.778419554233551, 1.688433289527893, -0.14602753520011902, -0.3280576169490814, 0.15824750065803528, -0.029127631336450577, -0.25311267375946045, -0.32853955030441284]], [[-0.14756016433238983, 0.23434150218963623, 0.09793106466531754, 0.8086716532707214, 0.12069530040025711, 1.0912925004959106, 0.03554613143205643, 0.5502150654792786, 0.1379930078983307, 0.4994170069694519, 0.029697157442569733, 0.5603442788124084, 0.4269682466983795, 0.5300038456916809, 0.7744943499565125, 1.2978192567825317, 0.10611554235219955, 0.8149202466011047, 0.03446938097476959, 0.48646384477615356, 0.4064050316810608, 0.3490496277809143, 0.5431002378463745, 0.7891694903373718, 0.38777169585227966, 0.8205909729003906, 0.273278146982193, 0.21711355447769165, 0.28510650992393494, 0.10941604524850845, 0.09631998091936111, 0.341846227645874], [0.16058111190795898, 0.40928253531455994, 0.40471112728118896, 0.8795177340507507, 0.73977130651474, 1.2786507606506348, 0.4665076732635498, 1.527876853942871, 0.6104136109352112, 1.821237325668335, 0.6697856783866882, 1.2097417116165161, 0.6535369157791138, 0.900749921798706, 1.049545168876648, 1.4021412134170532, 0.518877387046814, 1.8616507053375244, 0.610706627368927, 1.2021030187606812, 0.5220677256584167, 0.49385982751846313, 0.7870540022850037, 0.3498974144458771, 0.3272419571876526, 0.8319961428642273, 0.13037070631980896, 0.12458880990743637, 0.3300185799598694, 0.2377062737941742, -0.0547245554625988, 0.1265036165714264]], [[-0.259355753660202, -0.11849410086870193, -0.14807581901550293, -0.8352214097976685, -0.07340656965970993, -0.7946357131004333, -0.11055015027523041, -0.36187413334846497, 0.5257181525230408, -0.41376084089279175, 0.21160632371902466, -0.5047706961631775, -0.016126804053783417, -0.37505024671554565, -0.2802365720272064, 0.14235436916351318, -0.2437528669834137, -0.051278144121170044, -0.3300797641277313, -1.2920663356781006, -0.0018014833331108093, 0.45815661549568176, 1.238236665725708, 1.6023108959197998, 0.6179457306861877, -0.026157476007938385, -0.041933946311473846, -0.42592737078666687, -0.07213747501373291, -0.009658388793468475, 0.37993842363357544, -0.12782427668571472], [0.18497177958488464, -0.5863866806030273, -0.11977334320545197, -0.6497282385826111, -0.8202828764915466, -0.9672868251800537, -0.38347509503364563, -1.0644936561584473, -0.20593726634979248, -1.1913505792617798, -0.6070974469184875, -1.1731305122375488, -0.5121950507164001, -0.3032820224761963, -0.4839785397052765, -0.6851264238357544, 0.10789694637060165, -1.2162927389144897, -0.42183858156204224, -1.1278232336044312, -0.5121766328811646, 0.013305746018886566, -0.4717428982257843, -0.3037957549095154, 0.09595005959272385, -0.970480740070343, -0.6465556621551514, 0.2047513723373413, -0.9540107250213623, -0.47629308700561523, -0.7267308831214905, 0.20618611574172974]], [[0.7400109171867371, -0.09710067510604858, 0.48686960339546204, 0.28638410568237305, 0.44814202189445496, 0.31423527002334595, -0.0473775640130043, 0.1635093092918396, 1.1871392726898193, 0.3215891420841217, 0.19390100240707397, 0.1715531349182129, 0.13582327961921692, 0.49357911944389343, -0.0050252825021743774, 0.6845731735229492, 1.0737582445144653, 0.7091460824012756, 0.6889557242393494, 0.31297653913497925, 0.5312992334365845, 0.3972199261188507, 0.39460477232933044, 0.066432423889637, 1.3326547145843506, 0.7850276231765747, -0.09699056297540665, 0.20262154936790466, 0.2357426881790161, 0.16354289650917053, 0.31076115369796753, 0.3879648745059967], [0.17569628357887268, 0.6142019033432007, 0.5420708656311035, 0.3154052495956421, 0.7550159692764282, 0.9564653635025024, 0.7492398619651794, 0.47232291102409363, 0.5214279294013977, 0.6146667003631592, 0.7207927107810974, 0.3778875172138214, 0.8622257709503174, 1.0675822496414185, 0.6800112724304199, 0.6766799092292786, 0.638801097869873, 0.09238482266664505, 0.975976824760437, 0.646149754524231, 0.610447347164154, 0.6980419158935547, 0.8059581518173218, 0.6291748881340027, 0.47289934754371643, 0.2328505516052246, 0.35418257117271423, 0.15606427192687988, 0.04050265997648239, 0.14751049876213074, -0.31318193674087524, 0.10812164098024368]], [[-0.254406601190567, -0.39392679929733276, -0.4070395827293396, 0.022063642740249634, -0.05011291801929474, -0.6204496026039124, -0.4692572355270386, -0.08541804552078247, -0.5099689960479736, -0.5490398406982422, -0.3686985671520233, -0.8028996586799622, -0.4697887897491455, 0.017632529139518738, -0.40413957834243774, -0.2324698567390442, -0.39537984132766724, -1.023878574371338, -0.202643483877182, -0.5736017823219299, -0.2837226390838623, -0.2052895575761795, -0.5887985229492188, -0.7982317805290222, -1.5367844104766846, -1.0566953420639038, -0.5425102710723877, -0.3237883448600769, -0.17292635142803192, -0.35058480501174927, -0.36179211735725403, -0.33708035945892334], [-0.21571005880832672, -0.07472805678844452, 0.006095945835113525, -0.19105955958366394, -0.3384019136428833, -0.5321261286735535, -0.12180332839488983, -0.586280882358551, -0.11253850162029266, -0.3400557339191437, -0.12973056733608246, -0.2462533712387085, -0.1023835837841034, -0.08478039503097534, -0.21002504229545593, -0.48017406463623047, -0.18055656552314758, -0.9944745898246765, -0.38616591691970825, -0.5721844434738159, -0.5721219182014465, -0.6294974684715271, 0.041761383414268494, 0.4540857672691345, -0.3970741629600525, -0.26038601994514465, -0.27186280488967896, -0.31378018856048584, -0.503288209438324, -0.47563689947128296, -0.2991366982460022, -0.2918650209903717]], [[0.520666241645813, 0.9069403409957886, 0.7760597467422485, 0.5591726303100586, 0.6748524904251099, 0.5631714463233948, 0.8219205737113953, 0.4902215600013733, 0.8082378506660461, 0.2324119210243225, 0.2908123731613159, 1.209770917892456, 0.6278539299964905, 0.23183059692382812, 0.3495137393474579, 0.6366167664527893, 0.3236219882965088, 0.4324936270713806, 0.3608240485191345, 1.3185527324676514, 0.3805810511112213, 0.5565710663795471, 0.6441939473152161, 0.05421233922243118, 0.7600051760673523, 0.4581249952316284, 0.5188264846801758, 0.4353599548339844, 0.24300792813301086, 0.25609973073005676, 0.6189092397689819, 0.4789127707481384], [0.27146634459495544, -0.11312827467918396, -0.018172122538089752, 0.13088980317115784, 0.2753269076347351, 0.42684024572372437, 0.17921364307403564, 0.6287659406661987, 0.04208239167928696, 0.6778024435043335, -0.13423272967338562, 0.6305103302001953, 0.16144898533821106, 0.43752700090408325, 0.19486340880393982, 0.17623305320739746, -0.235198974609375, 0.6958157420158386, -0.2097836583852768, 0.2395155131816864, -0.020866163074970245, -0.0021164193749427795, 0.21120131015777588, 0.25883668661117554, 0.30904775857925415, 1.049686074256897, 0.14121127128601074, 0.3398857116699219, 0.19746530055999756, 0.07207181304693222, 0.7441967725753784, 0.24204537272453308]], [[-0.17197445034980774, 0.1483602523803711, 0.22188109159469604, 0.11121327430009842, 0.027995020151138306, 0.29170531034469604, 0.18772000074386597, 0.15029364824295044, 0.230256587266922, 0.3374837040901184, -0.0532936155796051, 0.07650447636842728, 0.392863005399704, 0.2419312298297882, 0.8042287230491638, 0.933115541934967, 0.04521709680557251, 0.5803035497665405, 0.058449290692806244, 0.30293193459510803, -0.02894488349556923, 0.057403020560741425, 0.796633243560791, 0.945942759513855, 1.1545615196228027, 0.23517397046089172, -0.015952911227941513, -0.22042065858840942, -0.2727924585342407, -0.09109586477279663, 0.10756038874387741, 0.06616605073213577], [0.07347223907709122, -0.07414645701646805, -0.13556769490242004, -0.1398504376411438, 0.1751842498779297, 0.16127505898475647, -0.01936974748969078, 0.18171492218971252, -0.16428008675575256, 0.08798406273126602, -0.11945914477109909, -0.1830264925956726, -0.33031702041625977, -0.3861859142780304, -0.04168761521577835, 0.3334084153175354, -0.2838776409626007, 0.014500953257083893, -0.2211381494998932, -0.1210545226931572, 0.07202120870351791, -0.17458751797676086, 0.09712057560682297, -0.06032890826463699, 0.1949973702430725, 0.42039600014686584, -0.26516062021255493, 0.09782881289720535, -0.07104380428791046, 0.1199340894818306, 0.4320874512195587, 0.12608689069747925]], [[-0.29312533140182495, 0.10360603034496307, 0.14173397421836853, 0.08972448855638504, 0.4988403618335724, 0.2749788463115692, -0.06596403568983078, 0.20603224635124207, 0.1216168999671936, -0.23827806115150452, -0.34817999601364136, 0.25986379384994507, 0.024839691817760468, -0.003732457756996155, 0.30031734704971313, 0.1674272119998932, 0.16562575101852417, -0.10689017921686172, -0.12231827527284622, -0.2248135209083557, -0.1537405252456665, -0.172583669424057, 0.08905048668384552, 0.22303873300552368, 0.36932793259620667, -0.514483630657196, 0.238264262676239, -0.24559661746025085, 0.015580914914608002, -0.12629780173301697, 0.057178497314453125, -0.23349469900131226], [-0.1426849663257599, -0.46968117356300354, -0.46099141240119934, -0.15871888399124146, -0.1148965135216713, -0.21526730060577393, -0.3002147376537323, -0.048006571829319, -0.2435343861579895, -0.3569262623786926, -0.7453076839447021, -0.31252703070640564, -0.7396402359008789, -1.490386724472046, -0.855066180229187, -0.5427627563476562, -0.92976313829422, -0.47056159377098083, -0.8718954920768738, -0.896855354309082, -0.9407737851142883, -1.0824836492538452, -1.6455402374267578, -1.3980858325958252, -1.4190372228622437, -1.3490997552871704, -0.25996431708335876, -0.16527056694030762, -0.41496041417121887, -0.3113507032394409, 0.015340134501457214, -0.0949169471859932]], [[0.2511255443096161, -0.10815158486366272, 0.2990640103816986, 0.4838595688343048, 0.6603237390518188, 0.31713274121284485, 0.5475980043411255, 0.3633541166782379, 0.3545592129230499, -0.20573586225509644, -0.15508298575878143, 0.14687901735305786, 0.7832944393157959, 0.3204120099544525, 0.161801278591156, 0.6535986661911011, 0.5817793607711792, -0.32606831192970276, 0.04450422525405884, 0.24875327944755554, 0.2988283336162567, 0.3414219319820404, 0.5052465200424194, 0.41986021399497986, 0.3991717994213104, -0.7141336798667908, 0.02311423420906067, 0.009039700031280518, 0.42136040329933167, 0.1772257387638092, 0.4164675772190094, 0.09837070107460022], [0.8678678274154663, 0.282625287771225, 0.6117883920669556, 0.6542483568191528, 0.5370121002197266, 0.5223950147628784, 0.4314890205860138, 0.6825404167175293, 0.5482102632522583, -0.10709963738918304, 0.2691479027271271, 0.6539654731750488, 0.49212244153022766, 0.5729011297225952, 0.1563228964805603, 0.4643910229206085, 0.9198260307312012, -0.11462891101837158, 0.4968930780887604, 0.36483320593833923, 0.3340561091899872, 0.6006956100463867, 0.4159814417362213, 0.7489498853683472, 0.7264420986175537, 0.32766643166542053, 0.4550793468952179, 0.7286255359649658, 0.8574827909469604, 0.4166581928730011, 0.6183857917785645, 0.7000710964202881]], [[0.5418550968170166, 0.9781924486160278, 0.8223397731781006, 0.5560340881347656, 0.9356103539466858, 0.7512359023094177, 0.8188439011573792, 0.8417115211486816, 1.4227524995803833, 0.838161289691925, 0.9174809455871582, 0.564813494682312, 1.0501269102096558, 0.7350701093673706, 0.8616154789924622, 1.1763273477554321, 0.8963843584060669, 1.151593804359436, 0.8626360297203064, 0.940814197063446, 1.0277583599090576, 0.8376322388648987, 1.3153246641159058, 1.6022014617919922, 1.9286326169967651, 0.7021725177764893, -0.38151949644088745, 0.4584295153617859, 0.32204169034957886, 0.5367217063903809, -0.0395178347826004, 0.6995572447776794], [-0.08569726347923279, 0.2339463233947754, 0.10630602389574051, -0.034426361322402954, 0.547561764717102, 0.3559695780277252, 0.09708365797996521, 0.17903010547161102, -0.0017869621515274048, 0.15819838643074036, 0.35396450757980347, 0.39680877327919006, 0.31394457817077637, 0.5846402645111084, 0.3697681427001953, 0.22622504830360413, -0.17072759568691254, -0.061059415340423584, 0.2505125403404236, 0.20103344321250916, 0.10213326662778854, 0.4022570550441742, 0.9875549077987671, 1.3305749893188477, 0.5344984531402588, 0.38284438848495483, 0.30017006397247314, 0.06800849735736847, -0.45054173469543457, 0.2673635482788086, -0.6173646450042725, 0.14719535410404205]], [[-0.17494337260723114, 0.14861039817333221, -0.5022841095924377, 0.038893863558769226, -0.03093147464096546, 0.13572369515895844, 0.01947583258152008, 0.2839784622192383, -1.1656991243362427, -0.17202989757061005, 0.10910410434007645, 0.19519102573394775, -0.2448374629020691, 0.1939718872308731, -0.04464520141482353, -0.06646066159009933, -0.590537428855896, -0.16186098754405975, -0.09441667795181274, -0.221880242228508, 0.2821354269981384, 0.1999533474445343, -0.22054418921470642, 0.7053108215332031, -1.2304348945617676, 0.3434959352016449, 0.4302006661891937, 0.28306108713150024, 0.30168771743774414, 0.1985868513584137, 0.4806174635887146, 0.33086493611335754], [0.08381307870149612, -0.07410882413387299, 0.13657750189304352, -0.06724666059017181, 0.18519185483455658, 0.15548008680343628, 0.3806745111942291, -0.11892007291316986, 0.0098060118034482, -0.01607031188905239, 0.25834107398986816, 0.525067925453186, 0.7900370359420776, 0.5127614736557007, 0.7800217270851135, 0.4462939202785492, 0.2943568825721741, -0.26078513264656067, 0.48713839054107666, 0.42502373456954956, 0.2883048951625824, 0.4210361838340759, 1.0645134449005127, 0.7233023643493652, 0.7651756405830383, 0.32991650700569153, 0.15560053288936615, 0.01194207277148962, 0.0010654928628355265, -0.121701180934906, 0.6454528570175171, -0.04558200761675835]], [[0.08116991817951202, -0.8115957379341125, 0.3444976806640625, -0.15442366898059845, -0.12489883601665497, -1.2706341743469238, -0.5604826807975769, -0.6852337121963501, -0.5449799299240112, -1.2064659595489502, -0.3086147904396057, -1.219439148902893, -0.4410555958747864, -0.04402157664299011, -0.30615711212158203, 0.1374107003211975, 0.14169180393218994, 0.023366659879684448, 0.49025899171829224, 0.07338161021471024, 0.2806549370288849, -0.15750648081302643, -0.9671937823295593, -0.6389132142066956, -1.1708370447158813, -0.28037089109420776, -1.2210618257522583, 0.02866208553314209, -0.1976594477891922, -0.022428452968597412, -1.0026895999908447, 0.11966116726398468], [0.22960379719734192, -0.1257130652666092, 0.3931015133857727, 0.3910931944847107, -1.0181081295013428, -0.7129775881767273, 0.16831253468990326, -0.5516008734703064, 0.2246183454990387, -1.0211724042892456, -0.1955478936433792, -0.5948105454444885, -0.003017991781234741, 0.1289927214384079, 0.24744127690792084, 0.35061490535736084, -0.05257101356983185, -0.8619158864021301, -0.03542335331439972, 0.15431779623031616, -0.08491279184818268, 0.09006398916244507, -0.49426597356796265, -0.5489749908447266, -0.07009179890155792, 1.312040090560913, 0.399685263633728, 0.1183241680264473, 0.0698065310716629, 0.4577328562736511, -0.3479389548301697, 0.1561315953731537]], [[0.3375242054462433, -0.6356968879699707, -0.6874423027038574, -0.3303319811820984, -0.41550466418266296, -0.3446618616580963, -0.4644410014152527, -0.4580090045928955, 0.1664753258228302, 0.12060150504112244, -0.6529139876365662, -0.8354576826095581, -0.389404296875, -0.2266356647014618, -0.09780018031597137, -0.6580994129180908, -0.3127860128879547, 0.1535540223121643, -0.316144198179245, -0.5192058086395264, -0.5068554878234863, -0.19400641322135925, -0.527275800704956, -0.4597359299659729, 0.03756360709667206, -0.28050604462623596, -1.83682119846344, -0.47963204979896545, -0.7949956655502319, -0.3197670578956604, -1.4528474807739258, -0.7850292921066284], [-0.16719861328601837, 0.059111759066581726, 0.01253567636013031, 0.02126207947731018, -0.3966032862663269, -0.05809270590543747, -0.2557697296142578, -0.4426131844520569, -0.022747844457626343, 0.06897377967834473, -0.3967794179916382, -0.7051435708999634, -0.3073884844779968, 0.03711310029029846, -0.27965593338012695, -0.3601248860359192, -0.2557932138442993, 0.08575284481048584, -0.17845730483531952, -0.1473476141691208, -0.5088074207305908, -0.5769140124320984, -1.6527000665664673, -1.0274102687835693, -1.1822466850280762, 0.11265483498573303, -0.3546237051486969, -0.12017551064491272, -0.26917585730552673, -0.17497894167900085, -0.9407839775085449, -0.14060117304325104]], [[0.08234654366970062, 0.7890080213546753, 0.008401378989219666, 0.24712757766246796, 0.12404735386371613, 0.13628770411014557, -0.05601796507835388, 0.332876980304718, -0.494540810585022, 0.03869462013244629, 0.5474420189857483, 0.2585311532020569, 0.14843939244747162, 0.06699882447719574, 0.188974991440773, 0.40526777505874634, -0.7581833600997925, -0.045120373368263245, -0.33937186002731323, 0.2097695916891098, -0.0858190655708313, -0.2802724540233612, 1.1215510368347168, 1.2349035739898682, -1.0130325555801392, -0.4224150776863098, 0.3718627691268921, -0.4491422772407532, -0.05842883884906769, -0.20277808606624603, 0.5037935376167297, 0.07542829215526581], [0.014421224594116211, -0.07409854233264923, -0.2863897681236267, -0.1429973989725113, -0.2459726631641388, -0.29395991563796997, -0.37039488554000854, -0.05161808431148529, -0.23567506670951843, -0.3870176076889038, -0.14476248621940613, 0.08889751136302948, -0.2914830446243286, -0.4790711998939514, -0.25589054822921753, -0.016629472374916077, -0.24058027565479279, 0.15512757003307343, -0.40820425748825073, -0.005077004432678223, -0.17192979156970978, 0.018908575177192688, -0.05431695282459259, -0.5112971067428589, -0.2134121209383011, 0.700824499130249, -0.26531463861465454, -0.0038377195596694946, -0.380301296710968, -0.19757045805454254, 0.4666110873222351, -0.00568939745426178]], [[0.5616042017936707, 0.440912663936615, 0.23516835272312164, -0.24834313988685608, 0.326208233833313, -0.17998650670051575, 0.27591484785079956, 0.12595142424106598, 0.42258381843566895, 0.05097950994968414, 0.48925089836120605, -0.27822911739349365, 0.684289813041687, 0.4092944264411926, 0.21088041365146637, 0.1020500510931015, 0.2835339307785034, 0.3884401321411133, 0.07291631400585175, 0.006789699196815491, 0.35929572582244873, 0.0924498587846756, -0.16070270538330078, 0.1900787502527237, 0.19944505393505096, 0.38313132524490356, 0.07284720242023468, 0.5315917134284973, 0.034457460045814514, 0.44951772689819336, -0.29818442463874817, 0.09314043819904327], [0.4487956166267395, -0.3660343289375305, -0.11272180825471878, -0.5063195824623108, -0.6389114856719971, -0.735494077205658, -0.36205828189849854, -0.2811266779899597, -0.22499141097068787, -0.8514896631240845, -0.37301599979400635, -0.8348736763000488, -0.4254475235939026, -0.1468498706817627, -0.31811848282814026, -0.7752867341041565, -0.1805347204208374, -0.522076427936554, -0.7417751550674438, -0.8078656792640686, -0.37589314579963684, 0.15596385300159454, -0.17520606517791748, -0.42048877477645874, -0.43464821577072144, -1.63027822971344, 0.03668913245201111, 0.3904029130935669, -1.0121591091156006, -0.33385908603668213, -1.31552255153656, 0.38957226276397705]], [[-0.045862745493650436, -0.35111168026924133, -0.3651132583618164, -0.36847203969955444, -0.3284919559955597, -0.25352463126182556, -0.16583125293254852, -0.0036243796348571777, -0.2681273818016052, -0.3038829267024994, -0.35875147581100464, -0.14926184713840485, -0.1603727787733078, -0.16896170377731323, 0.011708475649356842, 0.1226409375667572, -0.17072074115276337, 0.25778311491012573, -0.07527545094490051, -0.45431041717529297, 0.004887547343969345, -0.06085122376680374, -0.4500974118709564, 0.09093467891216278, 0.30300450325012207, 0.025801870971918106, 0.03697729483246803, 0.2485620677471161, -0.2955663502216339, -0.2898516058921814, -0.047115713357925415, -0.083693727850914], [0.10444094240665436, 0.09563477337360382, 0.2055109143257141, -0.07975021004676819, 0.022840168327093124, 0.38397324085235596, 0.05756859853863716, 0.10163497924804688, 0.047355759888887405, -0.133835569024086, -0.1220761388540268, -0.01566929742693901, -0.15584926307201385, 0.08114795386791229, -0.04611871391534805, 0.10106730461120605, 0.13678103685379028, 1.1490163803100586, 0.10759477317333221, 0.09309294819831848, 0.017879556864500046, 0.2236669659614563, -0.6675220131874084, -0.9855847358703613, 0.05564165487885475, 2.1919124126434326, 0.1289949119091034, 0.14536821842193604, 0.21382302045822144, 0.08410535752773285, 0.1384751796722412, 0.13127249479293823]], [[0.09347717463970184, 0.5004730224609375, 0.5112757086753845, 0.5719383358955383, 0.15068428218364716, -0.20800448954105377, -0.10622777044773102, -0.3490262031555176, -0.11626391112804413, -0.48266005516052246, -0.7032689452171326, -0.5615612864494324, 0.04211340844631195, 0.035490959882736206, -0.2748989462852478, 0.5663682818412781, 0.5823536515235901, -0.11866316944360733, 0.4972004294395447, 0.825757622718811, 0.5101333856582642, 0.6676236987113953, 0.6784951686859131, -0.1780156046152115, 0.2000957578420639, -0.3981131315231323, -0.6298097372055054, -0.48855680227279663, 0.09858249127864838, 0.35903865098953247, 0.03478744626045227, 0.08499450981616974], [0.10441039502620697, 0.3747871518135071, 0.2696118950843811, 0.29637253284454346, 0.27687329053878784, 0.4139653444290161, -0.01798473298549652, -0.02879391610622406, 0.1354466825723648, -0.26276785135269165, 0.3187808394432068, -0.21415536105632782, 0.1406393200159073, 0.3040997385978699, 0.15775592625141144, 0.16760526597499847, 0.5725317597389221, -0.09716539829969406, 0.7176052331924438, 0.3011118769645691, 0.5485796928405762, 0.1677093654870987, 0.7219607830047607, 1.2651904821395874, 0.6022123694419861, 1.370190978050232, 0.10262973606586456, 0.23209966719150543, 0.19233287870883942, 0.6496680974960327, 0.26123595237731934, 0.18847258388996124]], [[0.3101269006729126, -0.11114612221717834, -0.3408549726009369, -0.03497718274593353, 0.14586712419986725, 0.14541496336460114, 0.19628940522670746, -0.08729830384254456, -0.35209426283836365, -0.44017642736434937, -0.03328494727611542, -0.09229561686515808, 0.1837187558412552, 0.2282966524362564, -0.15247923135757446, 0.19992847740650177, 0.48879575729370117, 0.26267045736312866, 0.0014629960060119629, -0.10424208641052246, 0.03079243004322052, -0.4274972081184387, -0.02919568121433258, 0.2925953269004822, 0.46060699224472046, 0.32649141550064087, 0.016214102506637573, -0.11800824105739594, 0.29228347539901733, 0.03286309540271759, 0.16646282374858856, 0.19487746059894562], [-0.179231658577919, -0.33247798681259155, -0.24520491063594818, -0.4334285855293274, -0.9929074048995972, -0.4563504457473755, -0.2861701548099518, -0.8137313723564148, -0.2331947237253189, -1.0243561267852783, -0.6666542887687683, -1.083358883857727, -0.6724904179573059, -0.20477090775966644, -0.34264644980430603, -0.1637299805879593, -0.1555447280406952, -0.9499920010566711, -0.3656930923461914, -0.6619588732719421, -0.370339035987854, -0.9105371236801147, -0.42512404918670654, -0.20534084737300873, -0.018999621272087097, -1.5122114419937134, -0.24582597613334656, -0.19035384058952332, -0.6963719725608826, -0.3562617301940918, -0.9502718448638916, -0.1654036045074463]], [[-0.29795870184898376, -0.258436918258667, 0.06090155988931656, 0.10751386731863022, -0.684510350227356, -0.05024747550487518, -0.47235342860221863, -0.11785435676574707, 0.007833018898963928, 0.17969286441802979, -0.49789926409721375, 0.3686804473400116, -0.227813720703125, -0.25004279613494873, -0.3800579607486725, 0.00569915771484375, -0.2437463402748108, -0.427939772605896, -0.18733346462249756, -0.26142463088035583, -0.27749204635620117, 0.1115448996424675, -0.4504967927932739, -0.24735403060913086, -0.774355411529541, -0.3767552077770233, 0.32549813389778137, -0.3722025454044342, 0.05965424329042435, -0.0566239133477211, 0.20683389902114868, -0.3011752963066101], [-0.3153144419193268, -0.1074625551700592, -0.03991828113794327, 0.058121077716350555, 0.24486273527145386, 0.5260594487190247, -0.112577885389328, 0.5888062715530396, -0.04001171514391899, 1.138667345046997, 0.03901851922273636, 0.5902525782585144, 0.14867466688156128, 0.20287975668907166, 0.039936453104019165, 0.195570170879364, 0.016929373145103455, 0.9689005017280579, 0.013606995344161987, 0.48938825726509094, 0.21294736862182617, 0.876564621925354, 0.5245075225830078, 0.794597327709198, 0.09482594579458237, 0.04568258672952652, -0.05491852015256882, -0.3079627454280853, 0.7379910945892334, 0.11138082295656204, 0.7747951149940491, -0.38952454924583435]], [[0.022140856832265854, -1.1910006999969482, 0.042834971100091934, -0.8231109380722046, -0.09902835637331009, -1.6610578298568726, -0.13248758018016815, -0.6338412761688232, 0.2365882396697998, -1.0273375511169434, -0.0073041850700974464, -0.7128624320030212, -0.4353969097137451, -0.6285781264305115, -0.7133660912513733, -2.052572250366211, -0.3184460997581482, -1.8740062713623047, -0.1287958323955536, -1.1774182319641113, 0.276643306016922, 0.841426432132721, 0.5665689706802368, -0.3543538749217987, -2.011565685272217, -1.2328300476074219, -0.28172236680984497, -0.0702952966094017, -0.2565743625164032, -0.3393248915672302, -0.8937681913375854, -0.6372283697128296], [0.46135443449020386, 0.9556270837783813, 0.8317941427230835, 0.49564966559410095, 0.6483728885650635, 0.45310544967651367, 0.5476000905036926, -0.14833059906959534, 0.5245392918586731, -0.30575376749038696, 0.770226001739502, -0.04054414853453636, 0.6775992512702942, 0.878948450088501, 0.47334739565849304, -0.06535939872264862, 0.8067660927772522, -1.566625952720642, 0.582972526550293, 0.014045167714357376, 0.6741554141044617, 0.6777528524398804, 1.0417327880859375, 0.7181805372238159, 0.4632587134838104, -1.1517078876495361, 0.24124307930469513, 0.3173794448375702, 0.3086727559566498, 0.24445794522762299, -0.22253359854221344, 0.28742316365242004]], [[-0.29774853587150574, 0.33939802646636963, -0.057334691286087036, 0.29544055461883545, -0.5740386843681335, 0.2751847505569458, -0.5138329267501831, 0.0672486275434494, -0.7480828166007996, -0.26858192682266235, 0.13519085943698883, -0.22000862658023834, 0.019258573651313782, 0.03099113702774048, -0.4036863446235657, 0.28805166482925415, -0.20385950803756714, -0.018988892436027527, 0.03169053792953491, -0.267625629901886, 0.10339383780956268, -0.004860997200012207, -0.8027396202087402, -0.714881956577301, 0.11824779212474823, -0.3090626001358032, 0.4928245544433594, 0.47145360708236694, 0.15435080230236053, 0.07745938003063202, -0.10555240511894226, 0.37409812211990356], [-0.008937090635299683, -0.5557259917259216, -0.16673460602760315, -0.2951083183288574, -1.0107403993606567, -0.8164030313491821, -0.36621546745300293, -0.7511834502220154, -0.15122732520103455, -1.5002883672714233, -0.5389333367347717, -0.8228721022605896, -0.4902629852294922, -0.18360567092895508, -0.3179408609867096, 0.052957236766815186, -0.18433454632759094, -1.8307651281356812, -0.5001505613327026, -0.9772831201553345, -0.6235643625259399, -0.68121337890625, -0.4715421199798584, 0.08000244200229645, 0.41162461042404175, -0.4453709125518799, -0.09385930001735687, 0.07635246217250824, -0.8895198106765747, -0.38849076628685, -0.6742000579833984, 0.1347203105688095]], [[0.4511638879776001, 0.019059382379055023, 0.46101126074790955, -0.2825371026992798, 0.13588659465312958, -0.22232511639595032, 0.6521217823028564, 0.10009653866291046, 0.37933945655822754, -0.06071622669696808, 0.4463886618614197, -0.5383918285369873, -0.1532183587551117, -0.00949259102344513, -0.013998299837112427, -0.6005003452301025, 0.4777451455593109, -0.031188681721687317, 0.275947242975235, 0.26753515005111694, 0.5131564140319824, 0.43569216132164, 0.8731627464294434, 1.4066418409347534, 1.3248213529586792, 0.6020777821540833, -0.5322908163070679, 0.4096957743167877, -0.08011259138584137, 0.1318560093641281, -0.7098034620285034, 0.20328746736049652], [-0.23972788453102112, -0.33192434906959534, -0.10250063240528107, -0.15979984402656555, -0.47484543919563293, -0.6233458518981934, 0.17809191346168518, -0.7388331890106201, -0.028493806719779968, -0.46473369002342224, -0.075095996260643, -0.5994271039962769, -0.2511744797229767, -0.5918889045715332, -0.12556493282318115, -0.4539376199245453, -0.4836921989917755, -1.485349178314209, -0.43897977471351624, -0.6457220315933228, -0.3590801954269409, 0.8260143995285034, -0.16529247164726257, -0.5164223909378052, 0.0836092159152031, -0.9993166923522949, 0.31522151827812195, -0.2233814299106598, -0.34894388914108276, -0.08277176320552826, -0.4419674575328827, -0.186305433511734]], [[-0.8587353229522705, -0.27538299560546875, -0.49109935760498047, -0.796597957611084, -0.6750656366348267, -0.8794637322425842, -0.7461910843849182, -0.6138357520103455, -0.04323069751262665, -0.4507997930049896, -1.1430933475494385, -0.27751874923706055, -1.1260076761245728, -0.5316117405891418, -0.987727165222168, -1.0381598472595215, -0.9332455396652222, -0.8878782987594604, -0.701867401599884, -0.9731940627098083, -0.7696119546890259, 0.05021132528781891, -0.08992116898298264, -1.001694917678833, -1.2912530899047852, -1.379986047744751, -0.13468104600906372, -0.9566127061843872, -0.32638442516326904, -0.5872607231140137, -0.24484461545944214, -0.8607416749000549], [-0.29395657777786255, -0.4082832336425781, -0.5027180314064026, -0.4995984733104706, -1.1494190692901611, -0.990476131439209, -0.38153061270713806, -0.6303834319114685, -0.48295724391937256, -1.3319649696350098, -0.862085223197937, -1.0391600131988525, -0.9232668876647949, -1.1495246887207031, -1.0120470523834229, -0.9772517681121826, -0.6888048648834229, -1.4377872943878174, -0.744705080986023, -0.8832622170448303, -1.0928058624267578, -0.9523420929908752, -1.4945154190063477, -1.1032841205596924, -1.1444272994995117, -1.1573598384857178, -0.5478194952011108, -0.17587170004844666, -0.5541826486587524, -0.5104414224624634, -0.20966391265392303, -0.1568315476179123]], [[0.4612063467502594, -0.23534433543682098, 0.3662368655204773, -0.25795331597328186, 0.41867905855178833, -0.3970980644226074, 0.8196678161621094, 0.08876554667949677, 0.532151460647583, -0.3021167516708374, 0.20499302446842194, -0.05240373685956001, 0.20218375325202942, 0.2417963743209839, 0.2737089991569519, -0.11972626298666, 0.18406984210014343, -0.1763809472322464, 0.6741394996643066, 0.8392343521118164, 0.6937274932861328, 1.1821398735046387, 0.9923875331878662, 1.1048877239227295, -0.12396687269210815, -0.02311066724359989, -0.19969484210014343, 0.3661331236362457, 0.27892017364501953, 0.39685487747192383, -0.007868561893701553, 0.30386024713516235], [0.17010556161403656, 0.760317862033844, 0.6403440237045288, 0.4025266468524933, 1.4501731395721436, 0.9144071936607361, 0.5763270258903503, 0.6542994379997253, 0.5032697916030884, 0.8764209747314453, 0.9448146820068359, 1.184226632118225, 1.0202877521514893, 1.4027962684631348, 0.7315458059310913, 0.6747163534164429, 0.8069161176681519, 0.7160826325416565, 1.063599705696106, 1.0796239376068115, 0.5522866249084473, 0.7575284242630005, 1.5182777643203735, 1.1987531185150146, 1.217281699180603, 0.7374575138092041, 0.43585917353630066, 0.19555599987506866, 0.6790163516998291, 0.2402326464653015, 0.8792182803153992, 0.18341656029224396]], [[-0.4510146379470825, 0.6306771636009216, -0.19955284893512726, -0.188190758228302, -0.01990385726094246, 0.58519446849823, 0.0046395473182201385, 0.14294545352458954, -0.7564610242843628, 0.602978527545929, 0.18096864223480225, 1.0227869749069214, 0.25964346528053284, 0.015368452295660973, 0.14473693072795868, 0.7699368596076965, -1.0062205791473389, 0.42612800002098083, -0.1329975128173828, 0.04079172760248184, -0.05062176287174225, -0.02328122779726982, -0.40706294775009155, 0.4877910017967224, -0.20920062065124512, 0.4632735550403595, 1.2554057836532593, 0.16061922907829285, 0.34471121430397034, 0.012137869372963905, 0.6536270976066589, -0.17154720425605774], [-0.143279567360878, 0.06270640343427658, -0.3666580021381378, 0.07197800278663635, 0.2349179983139038, 0.3127076327800751, -0.6248096227645874, 0.6867037415504456, -0.26320168375968933, 1.275526523590088, -0.37225428223609924, 0.764880359172821, -0.2677300274372101, 0.17610865831375122, -0.225370392203331, -0.1621827930212021, -0.1462147831916809, 1.1832630634307861, -0.3474953770637512, -0.04623185098171234, 0.14142626523971558, 0.21808688342571259, 0.22174106538295746, 0.0072603486478328705, -0.22315722703933716, 0.9354257583618164, -0.2536284327507019, -0.12788449227809906, 0.4973558187484741, -0.25184324383735657, 0.5574938654899597, -0.13514481484889984]], [[0.24533873796463013, 0.6489025950431824, 0.4509212076663971, 0.18102185428142548, 0.2948894202709198, 0.29641446471214294, 0.36687687039375305, 0.28606078028678894, 0.2779492735862732, 0.30034512281417847, 0.4078175723552704, 0.7468143105506897, 0.5231916904449463, 0.013343730010092258, 0.6285783648490906, -0.1531696915626526, 0.026811877265572548, 0.036331333220005035, 0.36577773094177246, 0.996826171875, 0.3596041202545166, 0.5127030611038208, 0.4906974732875824, 0.7171851992607117, 0.34329503774642944, 0.840294361114502, 1.2438689470291138, 0.33662149310112, 0.4558388292789459, 0.3428741693496704, 0.6487423777580261, 0.21302497386932373], [0.10994946956634521, 0.0757175087928772, 0.1882348209619522, -0.16830195486545563, -0.0034606773406267166, 0.3000134229660034, 0.021614043042063713, -0.09018699824810028, -0.11807380616664886, 0.5339134931564331, 0.5507699251174927, 0.2607755661010742, 0.36958077549934387, 0.984342634677887, 0.2463732808828354, -0.1734897494316101, 0.7054392099380493, -0.05150575563311577, 0.5579309463500977, 0.25251317024230957, 0.3876135051250458, 1.0304126739501953, 1.0986641645431519, 0.7957062721252441, 0.5815606117248535, 0.7085349559783936, 0.1802588701248169, 0.13338999450206757, 0.6877317428588867, 0.27685678005218506, 0.43041858077049255, 0.12317082285881042]], [[0.7563626170158386, 1.22673761844635, 1.1016371250152588, 1.1252206563949585, 0.4503406286239624, 0.8286104798316956, 0.36615896224975586, 0.6277621388435364, 1.0075410604476929, 0.9402124881744385, 0.5038894414901733, 0.7216966152191162, 0.8192019462585449, 0.7792602777481079, 1.0299034118652344, 1.6072533130645752, 0.8728675842285156, 1.2670562267303467, 0.5164777040481567, 0.6566577553749084, 0.6226792931556702, 0.8383489847183228, 1.2254002094268799, 0.9604068994522095, 1.1441160440444946, 0.9414486885070801, 0.7149285078048706, 0.43505430221557617, 0.7262375354766846, 0.8054788112640381, 1.0995994806289673, 1.0069807767868042], [0.38314521312713623, 0.8052639961242676, 0.5812999606132507, 0.7977097630500793, 1.1748297214508057, 1.2076363563537598, 0.6220590472221375, 0.8015250563621521, 0.5222009420394897, 0.13483859598636627, 1.0550004243850708, 0.78980952501297, 0.7564789056777954, 1.0856670141220093, 0.9707341194152832, 0.8697701096534729, 0.7008590698242188, -0.049468040466308594, 0.8758553266525269, 1.1581110954284668, 0.9801205396652222, 0.7274839282035828, 0.8760331273078918, 1.6247271299362183, 1.090256929397583, 0.7628384828567505, 0.7807840704917908, 0.3696332573890686, 0.589170515537262, 0.6405115127563477, 0.9532594680786133, 0.3505779504776001]], [[0.20019696652889252, -0.5519641041755676, 0.5857359766960144, -0.2808011770248413, 0.33834323287010193, -0.5730658769607544, 0.24110892415046692, -0.1707700490951538, 0.921504557132721, 0.16003131866455078, -0.20377182960510254, -0.17654955387115479, -0.014129862189292908, 0.11471915990114212, 0.2573201358318329, 0.314884752035141, 0.3852713704109192, 0.2192440927028656, 0.23545655608177185, 0.09156744927167892, 0.2056947648525238, 0.3549007177352905, 1.0299968719482422, 0.3246636688709259, 0.011587470769882202, -0.13661742210388184, -0.20243892073631287, 0.2707342207431793, -0.24258235096931458, -0.0642467737197876, -0.4353001117706299, 0.1326637864112854], [0.11151636391878128, -0.2573927342891693, 0.013859868049621582, -0.1657027304172516, -0.12309637665748596, -0.10388273000717163, 0.09029234200716019, 0.18524548411369324, 0.364621639251709, -0.09088331460952759, -0.12595021724700928, -0.3642386198043823, -0.05819454789161682, -0.3979126214981079, 0.3870737552642822, 0.18025162816047668, 0.03340311348438263, -0.05046764016151428, -0.34602075815200806, -0.35059523582458496, -0.15856733918190002, 0.6632082462310791, 0.2866376042366028, 0.2507093548774719, 0.48455414175987244, 0.017339885234832764, 0.20200127363204956, 0.16525307297706604, -0.3510538339614868, 0.192999005317688, -0.12154006958007812, 0.1297914981842041]], [[-0.5745478272438049, 0.03747956082224846, -0.5397569537162781, -0.004937570542097092, -0.42972564697265625, -0.20510192215442657, -0.18827879428863525, -0.39775094389915466, -0.325064480304718, -0.680544376373291, -0.12628422677516937, -0.14875267446041107, -0.3243577778339386, -0.27568182349205017, 0.06820010393857956, -0.11339437961578369, -0.5220503807067871, -0.15054646134376526, -0.4416886568069458, -0.25379300117492676, -0.3421195447444916, -0.44166991114616394, 0.27338919043540955, -0.24174149334430695, -0.2802521884441376, -0.267498254776001, 0.3136581778526306, -0.3238791525363922, -0.2734612226486206, -0.49927452206611633, 0.016849584877490997, -0.614719033241272], [-0.057659901678562164, -0.6814929842948914, -0.3299638628959656, -0.16728146374225616, -0.8496331572532654, -0.5978029370307922, -0.379432737827301, -0.36665499210357666, -0.44969257712364197, -0.7284635901451111, -0.7854372262954712, -0.6056275963783264, -0.6422255039215088, -0.10478287935256958, -0.38662806153297424, -0.36492007970809937, -0.5349649786949158, -0.3070131540298462, -0.36326003074645996, -0.27142149209976196, -0.6271958351135254, -0.5267243981361389, -0.34243685007095337, -0.9340453743934631, -0.6263228058815002, -0.8345223665237427, 0.006330463103950024, -0.0743766576051712, -0.3116123080253601, -0.38073986768722534, -0.07255358248949051, -0.0653105080127716]], [[-0.4792947471141815, 1.0193006992340088, 0.23017486929893494, 0.11439661681652069, -0.272849440574646, 0.8047786951065063, -0.40379390120506287, 0.14091311395168304, 0.5576930046081543, 0.33765116333961487, 0.11881156265735626, 1.0036518573760986, 0.4097287356853485, -0.15424592792987823, 0.2885245084762573, 0.13567258417606354, -0.0631522610783577, 0.44268906116485596, -0.251882404088974, 0.6975380182266235, -0.08839816600084305, 0.19927769899368286, -0.13626502454280853, 0.06720811873674393, 0.10152675211429596, 0.03646096587181091, 0.6262271404266357, 0.12877556681632996, 0.14460022747516632, -0.22907647490501404, 0.23802176117897034, -0.15671852231025696], [-0.4799234867095947, 0.06466585397720337, -0.13547353446483612, -0.16049861907958984, 0.43358278274536133, 0.15856359899044037, -0.025447625666856766, 0.3670371174812317, 0.17550259828567505, 0.7580506801605225, 0.34524551033973694, 0.4912707507610321, 0.3693021237850189, -0.3248700797557831, -0.15785065293312073, 0.027457796037197113, -0.3607042133808136, 0.4205635190010071, -0.1003333106637001, -0.2534976005554199, -0.004777524620294571, 0.5130717754364014, 0.6584388017654419, -0.19894061982631683, -0.41755133867263794, 0.4307042360305786, 0.12377887964248657, -0.4424096941947937, 0.40836215019226074, 0.1357908993959427, 0.01239972934126854, -0.46701762080192566]], [[-0.020397350192070007, -0.231459379196167, -0.0676942765712738, -0.4985814690589905, 0.30155038833618164, -0.6748848557472229, 0.12585826218128204, -0.5340842604637146, -1.1547659635543823, -0.9850996732711792, -0.023770391941070557, -0.4271065592765808, 0.26646435260772705, -0.14056500792503357, -0.07397375255823135, -0.3777164816856384, -0.9502921104431152, -0.2015117108821869, 0.06660719215869904, -0.039222657680511475, 0.5700606107711792, 0.31621289253234863, 0.4953833222389221, -0.2540555000305176, -1.2385636568069458, -0.31086257100105286, 0.566998302936554, -0.22956064343452454, 0.22485218942165375, -0.24000582098960876, 0.7072359323501587, -0.06782981753349304], [0.3354429602622986, -0.16788600385189056, 0.05643169581890106, -0.22437193989753723, 0.3624614477157593, -0.22697052359580994, 0.13297389447689056, -0.7304690480232239, 0.07559619843959808, -0.6877036094665527, 0.06062106788158417, -0.4965375065803528, 0.2391146570444107, -0.039818525314331055, 0.027371689677238464, -0.15786521136760712, 0.20879076421260834, -0.27329879999160767, 0.11388702690601349, -0.04440109431743622, 0.2290821224451065, 0.14894939959049225, -0.10483468323945999, -0.7335845828056335, -0.0408552885055542, -0.14462755620479584, 0.04569239914417267, 0.31718432903289795, -0.20468276739120483, -0.0777764618396759, -0.08988405764102936, 0.2679973840713501]], [[-0.15274500846862793, -0.010995358228683472, 0.049584124237298965, -0.19788549840450287, -0.10363426804542542, -0.7475186586380005, -0.19093473255634308, 0.031134720891714096, -0.39883899688720703, -0.7093203067779541, -0.06337600946426392, -0.9046310782432556, -0.7903731465339661, -0.42932507395744324, -0.18657130002975464, -0.5879303812980652, -0.3876424729824066, -0.20955002307891846, -0.08960650861263275, -0.4775833487510681, -0.4348562955856323, -0.6497201323509216, -0.7320265173912048, -0.6977542638778687, -0.6156195998191833, -0.7015506029129028, -0.44582879543304443, -0.09127078950405121, -0.6350414752960205, -0.30703362822532654, -0.7737942337989807, -0.3470050096511841], [-0.5209689736366272, -0.39450979232788086, -0.4107515811920166, -0.6072048544883728, -0.7034933567047119, -0.9508870244026184, -0.2731761038303375, -0.966555118560791, -0.3954087495803833, -0.8190039992332458, -0.3697301745414734, -0.5650230050086975, -0.6873316168785095, -0.997771143913269, -0.43751993775367737, -0.3144245147705078, -0.7756081223487854, -0.7252593040466309, -0.6338711380958557, -0.5603014826774597, -0.5046874284744263, -0.15311647951602936, -0.7353904843330383, -0.18811386823654175, -0.7789720296859741, -0.9582864046096802, -0.15556210279464722, -0.45433861017227173, -0.5186285972595215, -0.25950947403907776, -0.73319411277771, -0.499463826417923]], [[-0.5092794895172119, -1.274224042892456, -0.33706241846084595, -0.24678687751293182, -0.18253731727600098, -0.47210246324539185, 0.4599398970603943, -0.5090150237083435, 0.030796870589256287, -0.46928542852401733, 0.04616303741931915, -0.7575318813323975, -0.0022419244050979614, -0.3446313142776489, 0.4189240336418152, -0.20203684270381927, 0.13847152888774872, -0.37416839599609375, -0.5597132444381714, -0.40202152729034424, -0.23970501124858856, -0.22077463567256927, 0.8622141480445862, 0.744666337966919, 0.43367910385131836, -0.0644541010260582, -0.4137127697467804, -0.3981889486312866, -0.4552762508392334, -0.6074652075767517, -0.45733100175857544, -0.5822975635528564], [-0.03921268880367279, -0.1788230836391449, -0.2958868145942688, -0.08248778432607651, 0.02847553789615631, 0.003046855330467224, -0.2844010591506958, 0.23015625774860382, -0.30765432119369507, -0.1953384131193161, 0.04479821026325226, 0.2502208948135376, 0.17223365604877472, 0.3711954355239868, 0.05147889256477356, -0.027106210589408875, 0.005204707384109497, -0.04322656989097595, -0.21048694849014282, 0.289741575717926, -0.0214337557554245, -0.09068599343299866, 0.2148706167936325, 0.013416111469268799, 0.4317903518676758, -0.4020950198173523, -0.15066896378993988, -0.06439726054668427, -0.0251428484916687, -0.32103031873703003, -0.04338860511779785, -0.02277761697769165]], [[0.565483570098877, 0.5061124563217163, 0.5645366907119751, 0.4417821764945984, 0.9215990900993347, 0.42367392778396606, 0.9554314017295837, 0.7358466386795044, 0.902390718460083, 0.6712786555290222, 0.9763995409011841, 0.5379171967506409, 1.160802960395813, 0.7287637591362, 1.2774683237075806, 0.9829637408256531, 0.8455935716629028, 0.5389893054962158, 0.672076404094696, 0.88384610414505, 0.47822827100753784, 0.6870297193527222, 1.3750381469726562, 1.1773079633712769, 1.0252577066421509, 0.8815337419509888, 0.4865569472312927, 0.8665013909339905, 0.6733080148696899, 0.871036946773529, 0.6489858627319336, 0.7224627733230591], [-0.17407824099063873, 0.6338626146316528, 0.19581438601016998, 0.09985125064849854, 0.9456369876861572, 0.5046082139015198, 0.7230833768844604, 0.41099023818969727, 0.24886903166770935, 0.8227162957191467, 0.7889290452003479, 0.8304823040962219, 0.9555832147598267, 0.7895519137382507, 0.8187182545661926, 0.2664515972137451, 0.5164120197296143, 0.6012935638427734, 0.41343259811401367, 0.19243241846561432, 1.0739470720291138, 1.6756006479263306, 1.6705739498138428, 1.1010159254074097, 0.16190016269683838, -0.07641418278217316, 0.3324110507965088, -0.08396223187446594, 0.6664450764656067, 0.5075690746307373, 0.14331991970539093, -0.11942286789417267]], [[0.03805113583803177, 0.16172510385513306, 0.000516742467880249, -0.08329983055591583, -0.08266869187355042, 0.11609663814306259, 0.239609956741333, 0.11918323487043381, -0.048068687319755554, 0.21263277530670166, 0.12101630121469498, -0.12196449935436249, -0.12855179607868195, -0.05946137756109238, 0.4337255656719208, -0.22711285948753357, 0.3284735679626465, -0.19414332509040833, 0.14756667613983154, 0.45188507437705994, 0.07145563513040543, -0.013113334774971008, 0.033838070929050446, 0.24095848202705383, 0.306750625371933, 0.15884092450141907, 0.10721423476934433, 0.2471989393234253, -0.0381648913025856, 0.10998591035604477, -0.1493014395236969, -0.08283530920743942], [0.2792408764362335, 0.7055871486663818, 0.40541329979896545, 0.3063291013240814, 1.0224919319152832, 0.7063966989517212, 0.4013698399066925, 0.3899069130420685, 0.23672562837600708, 0.5644717812538147, 0.7749189138412476, 0.5533967614173889, 0.6490683555603027, 1.067891240119934, 0.48236533999443054, 0.3343009650707245, 1.0406244993209839, 0.7099273204803467, 0.8245410919189453, 0.7544130682945251, 1.1531530618667603, 1.1733957529067993, 2.038341522216797, 1.959302544593811, 1.5671648979187012, 1.0682792663574219, 0.3786284923553467, 0.36425846815109253, 0.4635773003101349, 0.3995678126811981, 0.1013660654425621, 0.35337552428245544]], [[0.34396737813949585, 1.6619455814361572, 0.6765596270561218, 0.5795496106147766, 0.48060142993927, 0.9740954041481018, 1.1387410163879395, 0.3804044723510742, 0.7850985527038574, 0.7644915580749512, 0.8948801159858704, 1.1538399457931519, 0.8607913255691528, 0.21465937793254852, 1.0482219457626343, 0.8371084332466125, -0.046198710799217224, 0.700258731842041, 0.039025478065013885, 1.5650203227996826, 0.23927049338817596, 0.2502344250679016, 0.7139074206352234, 0.5597810745239258, 0.5050539374351501, 1.0432552099227905, 1.6255933046340942, 0.6809706687927246, 0.41048121452331543, 0.17816044390201569, 1.2500098943710327, 0.237234964966774], [0.2355167418718338, 0.2549401521682739, 0.11834374070167542, -0.02265390008687973, 0.4315837621688843, 0.042504437267780304, 0.10374340415000916, 0.4297621250152588, 0.057132937014102936, 0.37421250343322754, -0.010694775730371475, 0.25631868839263916, 0.17750655114650726, -0.1366315484046936, 0.067055344581604, -0.2864237427711487, 0.061167389154434204, 0.37528228759765625, -0.07483844459056854, -0.11625821888446808, -0.1566416621208191, -0.07105740159749985, 0.02409757673740387, 0.4156067967414856, 0.255026638507843, 0.33177244663238525, -0.2893184423446655, 0.23190076649188995, 0.19402720034122467, -0.045826561748981476, 0.5288945436477661, 0.23784323036670685]], [[-0.1072382926940918, -0.6480679512023926, -0.6583080887794495, -1.2329784631729126, -0.1454242318868637, -0.8191858530044556, -0.09449130296707153, -0.2964658737182617, -0.028316549956798553, -0.6589711904525757, -0.1751239001750946, -0.761838972568512, -0.2885878086090088, -0.8359115719795227, -0.5650357007980347, -1.3596020936965942, 0.0085211880505085, -0.9932459592819214, -0.6749820709228516, -1.2800920009613037, -0.34251677989959717, -0.8922542929649353, 0.19196717441082, -0.3464689254760742, -0.902988612651825, -0.6999173164367676, -1.5620453357696533, -0.7053263783454895, -1.0209696292877197, -1.0121643543243408, -1.3510533571243286, -1.0125316381454468], [-0.3173888325691223, -1.4407942295074463, -0.6855136752128601, -1.1717809438705444, -1.238254427909851, -1.3660149574279785, -0.5845343470573425, -1.4387073516845703, -0.6136009693145752, -1.6362814903259277, -1.0883393287658691, -1.297036051750183, -1.1507033109664917, -1.9141449928283691, -1.2352856397628784, -1.1575573682785034, -1.454833745956421, -2.222703456878662, -1.3950568437576294, -1.8042362928390503, -1.3013955354690552, -2.4829771518707275, -2.6529757976531982, -3.31601881980896, -2.3766345977783203, -2.124225616455078, -0.9310765266418457, -0.2845950126647949, -1.6552462577819824, -1.108268141746521, -1.439851999282837, -0.36088764667510986]], [[-0.8939017057418823, -0.9488222599029541, -0.35296446084976196, -0.8284454345703125, -0.6937029361724854, -0.6092816591262817, -0.6217392086982727, -0.8106768131256104, -1.2087595462799072, -0.8295413255691528, -0.962103009223938, -0.8724476099014282, -0.4847217798233032, -0.7874436378479004, -0.7646327018737793, -0.520108163356781, -0.9778146743774414, -0.5785741209983826, -0.8941067457199097, -1.0769152641296387, -0.8999801874160767, -1.155977725982666, -1.4767273664474487, -0.894253134727478, -0.6645530462265015, -1.4158625602722168, -1.1820528507232666, -0.9264028072357178, -1.032191514968872, -0.9232091903686523, -0.8600740432739258, -1.0664576292037964], [-0.13125339150428772, -0.8994393348693848, -1.0174616575241089, -0.7227954864501953, -0.992449164390564, -0.6579397320747375, -0.9238206148147583, -0.6691409349441528, -0.9529832601547241, -1.0399560928344727, -1.3372167348861694, -0.8373996019363403, -1.4001163244247437, -1.4005523920059204, -1.0361500978469849, -0.7888209819793701, -1.4513181447982788, -1.1006412506103516, -1.4863218069076538, -1.0604888200759888, -1.2304050922393799, -0.9169186353683472, -1.0763882398605347, -0.7615714073181152, -1.3195198774337769, -1.1602835655212402, -1.0014455318450928, -0.16418024897575378, -1.2042772769927979, -0.9628703594207764, -0.9714075326919556, -0.10274691879749298]], [[-0.7555727958679199, -2.136098623275757, -1.3652690649032593, -0.9799079895019531, -0.9605333805084229, -1.6723073720932007, -0.8977810144424438, -1.1781988143920898, -1.5086541175842285, -1.2788739204406738, -0.7166694402694702, -1.7282555103302002, -1.4475960731506348, -0.8333897590637207, -0.7002004384994507, -1.7631863355636597, -0.8845421075820923, -1.388076901435852, -0.8711956739425659, -1.208014965057373, -0.7040450572967529, -0.5259591341018677, -0.8480696678161621, -0.6143777370452881, -1.6032624244689941, -1.750758409500122, -2.17340350151062, -0.6882621049880981, -1.0991157293319702, -0.8753180503845215, -1.7383463382720947, -0.838297963142395], [-0.14762285351753235, -1.333822250366211, -0.6786808967590332, -0.5393960475921631, -1.3789111375808716, -1.4893202781677246, -0.36164575815200806, -0.8299819231033325, -0.31630128622055054, -1.3708142042160034, -1.595456838607788, -1.1072328090667725, -1.0710639953613281, -1.4743880033493042, -0.6938848495483398, -0.6383281946182251, -1.3662980794906616, -1.7810674905776978, -1.1819419860839844, -0.9607435464859009, -1.3395309448242188, -1.146104335784912, -1.5064696073532104, -1.3232073783874512, -0.5052310228347778, -1.8415595293045044, -0.46228811144828796, -0.23949730396270752, -1.3178563117980957, -0.7954503297805786, -0.885918378829956, -0.18883097171783447]], [[-0.4233248829841614, 0.03419560194015503, -0.3668503165245056, -0.046379148960113525, -0.5555419921875, 0.20363935828208923, -0.6915884613990784, 0.13852091133594513, 0.03172560781240463, -0.2431764453649521, -0.3783169388771057, -0.32696157693862915, -0.38394421339035034, -0.10491757094860077, -0.736700713634491, -0.34246790409088135, 0.18283401429653168, -0.035292111337184906, -0.454769492149353, 0.22308479249477386, -0.7714223265647888, -0.747429609298706, -0.8696814179420471, -1.6058635711669922, 0.6992954611778259, -0.49094271659851074, -0.15489618480205536, -0.6417692303657532, -0.4603295922279358, -0.18682526051998138, -0.42569249868392944, -0.12142777442932129], [-0.25684264302253723, -0.8138508796691895, -0.33394426107406616, -0.3360029458999634, -0.6146522760391235, -0.8032032251358032, -0.49212414026260376, -0.4243946671485901, -0.20155969262123108, -0.7341011762619019, -0.5129823684692383, -0.5587915182113647, -0.5662642121315002, -0.7720643281936646, -0.621718168258667, -0.7684628963470459, -0.654775857925415, -0.7758699059486389, -0.6490046381950378, -0.6466132998466492, -0.9009644985198975, -0.97507244348526, -1.1138397455215454, -1.663243293762207, -0.8255534768104553, -1.286076307296753, -0.3767470121383667, -0.18522925674915314, -0.39563578367233276, -0.2705761194229126, -0.5004174709320068, -0.22649414837360382]], [[-0.7637040019035339, 0.3941843807697296, -0.31459152698516846, 0.1545208841562271, -0.19254624843597412, 0.36502933502197266, -0.030704081058502197, -0.12202626466751099, -0.10657200217247009, -0.060504794120788574, 0.05629521608352661, 0.532595157623291, -0.03332030773162842, 0.1686440259218216, -0.10958978533744812, 0.790197491645813, -0.13587605953216553, 0.3783775568008423, 0.011652886867523193, 0.23994287848472595, -0.04412001371383667, -0.3702125549316406, -0.09954118728637695, -0.12588515877723694, 0.47270864248275757, -0.26902443170547485, 0.9239123463630676, 0.09254592657089233, 0.16131804883480072, 0.14682316780090332, 0.5705139636993408, 0.14519116282463074], [-0.1284743845462799, -0.21613949537277222, -0.43748897314071655, 0.05805036425590515, -0.5154053568840027, -0.06197616457939148, -0.19917768239974976, 0.41183343529701233, -0.31241703033447266, 0.506046712398529, -0.37043899297714233, 0.2051948606967926, -0.2406158447265625, -0.9110283255577087, -0.1480829119682312, 0.1828596293926239, -0.6926888823509216, 0.7554061412811279, -0.26615452766418457, 0.2619931101799011, -0.2632520794868469, -0.11766013503074646, -1.3099868297576904, -1.1687872409820557, -1.019578456878662, -0.12581834197044373, -0.15613389015197754, -0.13342836499214172, 0.7170495986938477, 0.35820549726486206, 0.42266884446144104, -0.09945845603942871]], [[-0.07901974767446518, 0.12882855534553528, -0.7844022512435913, -0.4459523558616638, 0.1380181610584259, -0.4171305298805237, 0.22481375932693481, 0.2037392556667328, -0.8529794216156006, -0.7359341382980347, -0.08871704339981079, -0.9363073110580444, 0.0845930278301239, -0.12071649730205536, -0.09030090272426605, -0.62856525182724, -0.034481972455978394, -0.279632568359375, -0.08525840938091278, -0.586137056350708, -0.13673415780067444, -0.7807449102401733, -0.8544446229934692, -0.6446171998977661, -1.3181854486465454, 0.17831695079803467, -0.1538427323102951, 0.1624269187450409, 0.023203179240226746, -0.14481878280639648, 0.2579880356788635, 0.27984344959259033], [0.14376193284988403, -0.04267759621143341, 0.0011998116970062256, -0.19893182814121246, -0.2061682790517807, -0.8392225503921509, -0.1852211207151413, -0.9638272523880005, 0.09796783328056335, -0.7554885149002075, -0.2023373395204544, -0.6085795164108276, -0.36821597814559937, -0.38897135853767395, -0.5037631988525391, -0.39962929487228394, 0.0920763909816742, -0.4695354998111725, -0.10556737333536148, -0.4059869349002838, -0.1748441755771637, -0.15102727711200714, -0.8680030107498169, -0.850174069404602, -0.09699812531471252, 0.0020133107900619507, 0.07814842462539673, 0.1759033501148224, -0.22221137583255768, 0.2928785979747772, -0.5518996715545654, 0.1893729567527771]], [[0.5637264847755432, 0.2350069284439087, 0.3664851784706116, 0.05061037093400955, -0.0636671632528305, 0.09040213376283646, -0.24021950364112854, 0.18828868865966797, 0.7702792286872864, 0.6578513979911804, 0.12956300377845764, 0.1165458932518959, 0.3925000727176666, 0.3810286223888397, 0.129377543926239, 0.2233518660068512, 1.0549635887145996, 0.6478028893470764, 0.2088087499141693, 0.5099725127220154, 0.09453082829713821, 0.44920268654823303, 0.18521395325660706, 0.4898007810115814, 1.4047582149505615, 0.19676727056503296, -0.3199959695339203, 0.009254761040210724, 0.0452297106385231, 0.11855105310678482, -0.15931172668933868, 0.2734520435333252], [0.06251426786184311, 0.2915008068084717, 0.18889158964157104, 0.2094888985157013, 0.18034914135932922, 0.30405762791633606, 0.4356452524662018, 0.2413126528263092, 0.2636689841747284, 0.16852936148643494, 0.5049258470535278, 0.19989469647407532, 0.6027156114578247, 0.9640698432922363, 0.7163149118423462, 0.03605968505144119, 0.47220906615257263, 0.0887446328997612, 0.5118778944015503, 0.44991937279701233, 0.5179736614227295, 0.46608802676200867, 0.7516329884529114, 1.1324260234832764, 1.4872499704360962, -0.3644760549068451, 0.2721765637397766, 0.1204432025551796, -0.3721984028816223, -0.016835182905197144, -0.2687307894229889, 0.16603130102157593]], [[0.6990542411804199, 1.2507190704345703, 1.5438669919967651, 0.9480458498001099, 1.1191734075546265, 1.557409405708313, 0.8570910692214966, 0.9897608160972595, 0.9829438328742981, 0.8449669480323792, 1.1340566873550415, 1.3407233953475952, 1.683439016342163, 0.8900576829910278, 0.9982004761695862, 1.0458589792251587, 0.7720431089401245, 1.2095353603363037, 0.8682899475097656, 1.3231770992279053, 0.7296053767204285, 1.0549001693725586, 1.2776374816894531, 1.1357131004333496, 1.8378371000289917, 0.894324779510498, 1.6447649002075195, 0.487949013710022, 0.8593077659606934, 0.5919086933135986, 1.091831922531128, 0.580930769443512], [0.47103726863861084, 0.7401371002197266, 0.10679545998573303, 0.3161996006965637, 1.276652216911316, 1.2317662239074707, 0.4047676920890808, 0.877736508846283, 0.18794403970241547, 1.1247564554214478, 1.1650811433792114, 1.0627202987670898, 0.8684315085411072, 1.4948811531066895, 0.7987682223320007, 0.4718947410583496, 0.8771165013313293, 1.6402255296707153, 0.9670781493186951, 0.9945833086967468, 1.1759521961212158, 1.8957808017730713, 2.0084218978881836, 1.3941266536712646, 0.45527613162994385, 1.7580190896987915, 0.290677547454834, 0.4744846820831299, 0.7468317747116089, 0.23462757468223572, 0.7493035793304443, 0.3997461199760437]], [[-0.08617857843637466, -0.9337139129638672, -0.4557422399520874, -0.7509827017784119, 0.20048363506793976, -1.1385812759399414, 0.2120818793773651, -0.3122602105140686, 0.5827802419662476, -0.21960963308811188, -0.2824796438217163, -0.5844277143478394, 0.24676361680030823, 0.09731614589691162, 0.005804112181067467, -0.4348779022693634, 0.45035335421562195, -0.6279948949813843, 0.3135814666748047, -0.0676366314291954, 0.18184301257133484, -0.12252503633499146, -0.15556231141090393, -0.4449199140071869, 0.6867620348930359, -0.11159175634384155, -0.5890553593635559, -0.05192951858043671, -0.032490938901901245, -0.17917941510677338, 0.012433372437953949, -0.004701332189142704], [-0.09462041407823563, -0.29032641649246216, -0.031695783138275146, -0.31138351559638977, 0.25212135910987854, 0.26942968368530273, -0.03880113735795021, -0.29013359546661377, -0.08476705104112625, 0.13080011308193207, -0.1541341245174408, 0.3123764991760254, 0.22793550789356232, 0.15251389145851135, -0.22713838517665863, -0.39938780665397644, -0.257898211479187, 0.022814227268099785, 0.043970987200737, -0.04973446577787399, -0.29325932264328003, -0.3088337182998657, -0.7118268013000488, -0.4961479604244232, -0.22835208475589752, 0.11469521373510361, -0.09003595262765884, -0.1494758576154709, -0.10639677196741104, -0.45280367136001587, -0.06282693892717361, -0.2154378443956375]], [[-0.6959679126739502, -0.7065891027450562, -1.3911278247833252, -0.2502968907356262, -0.8424253463745117, 0.03473004698753357, -0.8110768795013428, -0.6069689989089966, -1.0093863010406494, -0.8731660842895508, -1.056812047958374, -1.0331960916519165, -0.7537316083908081, -0.42225056886672974, -0.9695857763290405, 0.06660610437393188, -0.7475417852401733, -0.15578040480613708, -0.728183388710022, -0.27139851450920105, -0.7553213834762573, -1.0508527755737305, -1.615224838256836, -1.0020766258239746, -0.6137979626655579, -0.8213427066802979, -1.3129390478134155, -0.43372541666030884, -0.841748833656311, -0.6662683486938477, -1.077527642250061, -0.25047340989112854], [0.2729071080684662, -0.25230127573013306, -0.2435874193906784, -0.1662740856409073, -0.7104780673980713, -0.3281714618206024, -0.37986284494400024, -0.10372154414653778, -0.32790300250053406, -0.38471120595932007, -0.697016716003418, -0.7071908712387085, -0.6290852427482605, -0.3983243703842163, -0.39872443675994873, -0.007429912686347961, -0.18098661303520203, 0.12835466861724854, -0.22354964911937714, 0.17472794651985168, 0.031339287757873535, -0.4345528483390808, -0.5416762828826904, 0.16808578372001648, -0.3253066837787628, 0.3488461673259735, -0.35531583428382874, 0.29957178235054016, -0.1770232915878296, -0.09636364877223969, -0.8293612003326416, 0.25704702734947205]], [[0.7656325101852417, 0.8304487466812134, 0.27746906876564026, 0.8383653163909912, 0.48545244336128235, 0.7679876089096069, 0.626834511756897, 0.5603667497634888, 1.3393498659133911, 0.6517820358276367, 0.551793098449707, 0.2628262937068939, 0.5289891958236694, 0.6866229772567749, 0.36891648173332214, 0.3676251471042633, 1.5907620191574097, 0.506932258605957, 0.40001991391181946, 0.8158295154571533, 0.22797396779060364, 0.28656646609306335, 0.1597791314125061, 0.7014502286911011, 1.1742230653762817, 0.16735902428627014, -0.3589901030063629, 0.47717174887657166, -0.0005172491073608398, 0.30577322840690613, -0.0503993034362793, 0.5803664922714233], [0.1413407325744629, 0.6154041290283203, 0.4763263165950775, 0.2604874074459076, 0.33503666520118713, 0.27703139185905457, 0.5316011905670166, 0.6485897302627563, 0.5334615707397461, 0.40183064341545105, 0.8246290683746338, 0.06606608629226685, 0.530397891998291, 0.8699792623519897, 0.61833655834198, 0.39536479115486145, 0.8723634481430054, 0.6614366769790649, 0.45767131447792053, 0.5247299671173096, 0.9929540157318115, 0.7690061330795288, 1.2394760847091675, 0.8643496036529541, 0.9324735403060913, -0.06914408504962921, 0.5075690746307373, 0.15143275260925293, 0.11166995763778687, 0.5447342395782471, -0.18495400249958038, 0.13631150126457214]], [[0.610893964767456, 0.26504984498023987, 0.005728572607040405, 0.4912664592266083, -0.33773645758628845, 0.47546643018722534, -0.6288655996322632, 0.15302440524101257, 0.009698480367660522, 0.6543203592300415, -0.660895586013794, -0.10648125410079956, -0.223213791847229, 0.14856933057308197, -0.4878453314304352, 0.20815706253051758, 0.3704596757888794, 0.3158555030822754, 0.3392399549484253, 0.43049243092536926, -0.07480059564113617, -0.1848222315311432, -0.44721272587776184, -0.18760445713996887, 0.16147319972515106, 1.1548612117767334, -0.03958973288536072, 0.3044437766075134, 0.14312443137168884, 0.16435280442237854, 0.24674782156944275, 0.4757838845252991], [0.09262145310640335, 0.7449122667312622, 0.6525403261184692, 0.5087246894836426, 0.8992472887039185, 0.8420883417129517, 0.6854304075241089, 0.38791048526763916, 0.5735147595405579, 0.7387008666992188, 0.7496170997619629, 0.7088384628295898, 0.7992442846298218, 0.6377620697021484, 0.6117066740989685, 0.5329022407531738, 0.7754896879196167, 0.504913330078125, 1.0672104358673096, 1.1193522214889526, 0.8801110982894897, 1.1812831163406372, 0.8715988397598267, 0.8196495771408081, 0.502273440361023, 1.9501079320907593, 0.3941773474216461, 0.1799633949995041, 0.7451601028442383, 0.3945592939853668, 0.35655590891838074, 0.18052248656749725]], [[-0.12351344525814056, -0.10744546353816986, -0.17489419877529144, -0.0916503369808197, -0.21168012917041779, 0.16396673023700714, -0.7496886849403381, -0.36567527055740356, 0.5009477138519287, -0.14480789005756378, -0.3665034770965576, -0.5731201767921448, -0.3409996032714844, -0.228208526968956, -0.5416840314865112, 0.049957431852817535, -0.09640124440193176, -0.018791288137435913, -0.5244976878166199, -0.6834958791732788, -0.5118909478187561, -0.1309177726507187, 0.19747215509414673, -0.06924495100975037, 0.5151251554489136, -0.42279940843582153, -0.7321339845657349, -0.5995994806289673, -0.3408964276313782, 0.09142893552780151, -0.143727108836174, 0.08616837859153748], [0.07176701724529266, -0.09935884177684784, -0.04066930711269379, -0.05847461521625519, -0.0322704017162323, -0.19591186940670013, -0.5257521271705627, -0.5942822694778442, -0.054935336112976074, -0.245381698012352, -0.2179662138223648, -0.49253422021865845, -0.15423543751239777, 0.06306571513414383, -0.12012313306331635, -0.1461392194032669, 0.01424882560968399, -0.26810353994369507, 0.0887167900800705, 0.22470852732658386, -0.23103754222393036, -0.24328641593456268, 0.18309280276298523, 0.4277307987213135, 0.03393656015396118, 0.5152223110198975, -0.3082650303840637, -0.0421164333820343, -0.3174012303352356, 0.38112401962280273, -0.6349598169326782, -0.060049355030059814]], [[-1.038236379623413, -1.6792632341384888, -1.7409963607788086, -1.2379440069198608, -1.3950941562652588, -1.7123291492462158, -1.110101580619812, -1.0961132049560547, -2.1087357997894287, -1.5311652421951294, -1.1648833751678467, -2.448136329650879, -1.5356431007385254, -0.9974787831306458, -1.1600978374481201, -1.3183315992355347, -1.420125126838684, -1.487770915031433, -1.3743066787719727, -2.084390163421631, -1.314227819442749, -1.3979518413543701, -2.5890772342681885, -1.7674245834350586, -2.9060349464416504, -2.179819107055664, -3.0641913414001465, -1.2836265563964844, -1.2972500324249268, -0.8555449843406677, -2.083116054534912, -1.0931017398834229], [-0.38673532009124756, -0.7815179228782654, -0.4469054341316223, -0.542327344417572, -0.9698032736778259, -0.962935209274292, -0.4204806089401245, -0.7814869284629822, -0.40321028232574463, -1.4307210445404053, -0.9884213805198669, -1.298028826713562, -0.8953531384468079, -1.2345139980316162, -0.6896718144416809, -0.7065353393554688, -1.0476281642913818, -1.6341549158096313, -0.8095558285713196, -0.9333425760269165, -0.9399991035461426, -1.27146315574646, -1.0243295431137085, -0.9362577795982361, -0.9593029618263245, -2.411438465118408, -0.6631177663803101, -0.39904069900512695, -1.2800616025924683, -0.5456144213676453, -1.407932162284851, -0.3983246088027954]], [[0.5032905340194702, -0.5711044073104858, -0.20532409846782684, -0.45565569400787354, 0.27267754077911377, -0.4396907687187195, 0.5390574932098389, 0.19896766543388367, -0.21941696107387543, -0.22655679285526276, 0.340751588344574, -0.6701663732528687, 0.23006370663642883, 0.38831910490989685, 0.6880873441696167, 0.2851635217666626, 0.15204715728759766, 0.39319348335266113, 0.057704582810401917, -0.4836513102054596, -0.11303706467151642, -0.31887948513031006, -0.0813279002904892, 0.09000363945960999, 0.06558297574520111, 0.3654869496822357, -0.7003200054168701, 0.17490863800048828, -0.20431849360466003, 0.32132765650749207, 0.15875104069709778, 0.21669867634773254], [0.18030521273612976, -0.07293287664651871, 0.021411456167697906, 0.05053339898586273, -0.6244040727615356, -0.5238622426986694, 0.3577689230442047, -0.35441920161247253, 0.16375485062599182, -0.9034175872802734, -0.01585105061531067, -0.6820687055587769, -0.273192435503006, -0.1799277365207672, 0.03573507070541382, -0.031081244349479675, 0.03149735927581787, -0.5814650058746338, -0.15095214545726776, -0.42640402913093567, -0.16443008184432983, -0.5740900039672852, -0.41211286187171936, -0.4309183359146118, 0.1608533263206482, -1.0055179595947266, 0.11673057079315186, 0.25946831703186035, -0.47023728489875793, 0.27431559562683105, -0.8068697452545166, 0.2580219507217407]], [[0.023481205105781555, -0.6810521483421326, -0.080838643014431, -0.6266908049583435, 0.0645824521780014, -0.43344271183013916, -0.21291162073612213, -0.42683088779449463, 0.019384115934371948, -0.37309205532073975, -0.47404491901397705, -0.4767521023750305, -0.0704747810959816, -0.3757708966732025, -0.5334459543228149, -0.38581863045692444, -0.3770720958709717, -0.6220905780792236, 0.05372518301010132, -0.7335312962532043, -0.03440745919942856, -0.04959025979042053, 0.31635934114456177, -0.13115322589874268, -1.0837171077728271, -0.5663762092590332, -0.3653987646102905, -0.3846850097179413, -0.03544158488512039, -0.21678420901298523, 0.036069899797439575, -0.26318639516830444], [0.3912807106971741, -0.5671592354774475, -0.19068162143230438, -0.48050498962402344, -0.5280963182449341, -0.5373963117599487, -0.3265906572341919, -0.6861598491668701, -0.1800922304391861, -0.5852518677711487, -0.5916571021080017, -0.4327467679977417, -0.3383679687976837, -0.49015408754348755, -0.26977330446243286, -0.3798655867576599, -0.6228794455528259, -0.23245978355407715, -0.5335701704025269, -0.438590407371521, -0.5953198671340942, -0.6639003753662109, -2.1234798431396484, -1.5321710109710693, -0.9309343099594116, -0.545147716999054, 0.021451130509376526, 0.335415244102478, -0.36633169651031494, -0.3353738486766815, -0.1271851658821106, 0.3350517153739929]], [[-0.6891118288040161, -1.3855392932891846, -0.39367687702178955, -0.6982232332229614, -0.5992433428764343, -0.5380885601043701, -0.943751335144043, -0.7927635312080383, -0.3510701060295105, -0.6705504655838013, -1.2044800519943237, -0.8803418874740601, -0.7707490921020508, -0.2774507701396942, -0.9831805229187012, 0.2216728776693344, 0.18098178505897522, -0.6319048404693604, -0.4262155294418335, -0.6704402565956116, -0.7247125506401062, -0.7019851803779602, -1.0162460803985596, -0.8844881057739258, 0.3868817687034607, -0.9648445844650269, -0.8832679986953735, -1.2044979333877563, -0.28840750455856323, -0.6648534536361694, -0.5717250108718872, -0.899439811706543], [0.13002415001392365, -0.22891631722450256, -0.3622068762779236, -0.32302507758140564, -0.4501381516456604, -0.3816487789154053, -0.6484613418579102, -0.28572696447372437, -0.3988214135169983, -0.41935068368911743, -0.6283380389213562, -0.4858827590942383, -0.884209394454956, -0.6222368478775024, -0.7127866148948669, -0.6462341547012329, -0.4333363175392151, -0.08284467458724976, -0.3847319483757019, -0.6990264058113098, -0.434282124042511, -0.5099281072616577, -0.6074946522712708, -0.6903573870658875, -0.3419489860534668, -0.23928987979888916, -0.6901209950447083, 0.04978656768798828, -0.26197487115859985, -0.26320648193359375, -0.82388836145401, 0.072639599442482]], [[-0.2105211317539215, -0.09880641847848892, -0.19905608892440796, -0.3091174066066742, -0.44662636518478394, 0.08730632066726685, -0.44318097829818726, 0.029208272695541382, 0.5965182185173035, 0.10698720812797546, -0.08455247431993484, -0.09133053570985794, -0.6357231140136719, -0.17390340566635132, -0.27976924180984497, -1.0180879831314087, 0.4714728593826294, -0.24885046482086182, 0.057956814765930176, -0.6511440277099609, -0.06255452334880829, 0.11393317580223083, 0.4329932928085327, 0.16197596490383148, 0.8194399476051331, 0.047906190156936646, 0.2736772298812866, 0.05776691436767578, -0.39401400089263916, -0.27068477869033813, -0.2738965153694153, -0.19930249452590942], [-0.48061227798461914, -1.0340027809143066, -0.5821167230606079, -0.8796103000640869, -1.9605035781860352, -1.3663973808288574, -0.8280221223831177, -1.3109678030014038, -0.36898499727249146, -1.5537729263305664, -1.1933990716934204, -1.304829716682434, -1.2749300003051758, -1.4543814659118652, -1.0945966243743896, -0.46389150619506836, -0.8071570992469788, -1.6111036539077759, -1.0576443672180176, -1.238118290901184, -1.2445145845413208, -0.6577039361000061, -1.6861516237258911, -1.0796467065811157, -0.5761999487876892, -1.3539360761642456, -0.5189142823219299, -0.5357035398483276, -1.0632603168487549, -0.7030972838401794, -0.980014443397522, -0.5557025671005249]], [[0.22167329490184784, -0.666105329990387, 0.2361103743314743, -0.48929083347320557, 0.15990711748600006, -1.2636369466781616, 0.006346344947814941, -0.522310197353363, -0.1448986679315567, -0.8008520007133484, 0.1626879721879959, -0.7104836702346802, -0.020119301974773407, 0.04929438233375549, -0.13987404108047485, -0.48251873254776, 0.34691739082336426, -0.7635123133659363, 0.06285375356674194, -0.8095234632492065, 0.3378291726112366, 0.2924256920814514, 1.328586220741272, 0.6453914642333984, 0.2965030074119568, -0.35731837153434753, 0.5183008313179016, 0.04057362675666809, 0.14518709480762482, 0.3164111375808716, 0.7253221869468689, 0.44425177574157715], [-0.2648465037345886, -0.004934944212436676, 0.5533844828605652, 0.2059769481420517, 0.1517149657011032, -0.19438384473323822, 0.49120384454727173, -0.7993764281272888, 0.4982309937477112, -0.7046356797218323, 0.4252403974533081, 0.08990727365016937, 0.5418011546134949, 0.39210134744644165, 0.5544646382331848, 0.20701657235622406, 0.5615341067314148, -1.1632496118545532, 0.40147125720977783, 0.4276636838912964, 0.36279571056365967, 0.5952028632164001, 0.4723995327949524, 0.3127021789550781, 0.8364282250404358, 0.44053226709365845, 0.4755457639694214, -0.19418731331825256, 0.0253390371799469, 0.2571883797645569, 0.3288835287094116, -0.1691870242357254]], [[0.17912481725215912, -0.9978337287902832, -0.6194745302200317, -0.7738714218139648, -0.2772608995437622, -0.9097667932510376, -0.3561469316482544, -0.7289735674858093, 0.03073129802942276, -0.45100629329681396, -0.5477632284164429, -0.8071390986442566, -0.4711645841598511, -0.5156456232070923, -0.44794315099716187, -1.7969462871551514, -0.20648430287837982, -1.0452369451522827, -0.09616933763027191, -0.6547408699989319, -0.3812851309776306, -0.07172361016273499, -0.8799777030944824, -1.0329550504684448, -0.477469801902771, -1.3296056985855103, -0.9203941822052002, -0.5727365016937256, -0.3401550054550171, -0.16100247204303741, -0.91121506690979, -0.3825119137763977], [-0.3021794557571411, -0.23116613924503326, 0.1107775941491127, -0.2228771597146988, -0.3967437744140625, -0.7128521800041199, -0.08895821869373322, -0.7984461784362793, 0.04641830548644066, -0.8968662023544312, -0.5405142903327942, -0.3603544235229492, -0.11285746097564697, -0.14706407487392426, -0.17436181008815765, -0.30879271030426025, -0.3070395588874817, -0.7480167746543884, -0.24005429446697235, -0.1845681518316269, 0.1661492884159088, 0.2951507568359375, -0.46547168493270874, -0.49638742208480835, -0.3274686336517334, -1.085654616355896, -0.020310208201408386, -0.2686700224876404, -0.3816263675689697, -0.01963019371032715, -0.5923255681991577, -0.2691066265106201]], [[-0.12393660843372345, -0.14039923250675201, -0.2523469924926758, -0.12675565481185913, -0.25057217478752136, -0.06788311898708344, 0.11914597451686859, -0.21616551280021667, 0.6530870795249939, 0.1756698042154312, -0.28645116090774536, 0.0908663272857666, -0.3601178526878357, -0.07998907566070557, 0.08389860391616821, -0.19913417100906372, 0.3517530858516693, 0.05575823038816452, -0.11118347942829132, 0.1718694269657135, -0.2351306974887848, -0.07935644686222076, -0.20686936378479004, -0.7285045981407166, 0.3316470980644226, 0.15849405527114868, -0.12241941690444946, 0.09673714637756348, -0.3232308626174927, -0.1944616138935089, 0.06298743933439255, -0.21056589484214783], [-0.2605724334716797, -0.23870167136192322, -0.34365323185920715, -0.24993950128555298, -0.26397189497947693, -0.12263371050357819, -0.22682249546051025, 0.044198375195264816, -0.24710306525230408, 0.0669751837849617, -0.5993670225143433, 0.07557263970375061, -0.30501309037208557, -0.289888858795166, -0.2521292269229889, 0.1614818572998047, -0.5711212754249573, 0.4433598518371582, -0.02336087077856064, 0.5826975107192993, -0.4500530958175659, -0.4485185146331787, -0.7463979721069336, -0.9764091372489929, -0.6699442267417908, -0.31947997212409973, -0.3714425265789032, -0.20554298162460327, 0.15327483415603638, -0.3316541910171509, -0.023135535418987274, -0.15558794140815735]], [[-0.08655951172113419, 0.1336129903793335, 1.1638660430908203, 0.016827233135700226, 0.3646671772003174, -0.16706937551498413, 0.37909573316574097, -0.029057525098323822, 0.40745991468429565, 0.5873240232467651, 0.6892297863960266, 0.7289246916770935, 0.6588655114173889, 0.05902891606092453, 0.09516101330518723, 0.3680154085159302, -0.22371527552604675, 0.28058844804763794, 0.5078152418136597, 0.6866523027420044, 0.3905654549598694, 0.14331704378128052, -0.09408395737409592, -0.38765037059783936, -1.097782850265503, 0.5691964030265808, 1.1517419815063477, 0.47844523191452026, 0.4326664209365845, 0.13450002670288086, 0.44766026735305786, -0.34188926219940186], [-0.13228169083595276, -0.061771053820848465, -0.28844305872917175, -0.14540927112102509, -0.14161767065525055, -0.2566060721874237, -0.2026042342185974, -0.13732223212718964, -0.3688981235027313, -0.17140567302703857, -0.1508609652519226, 0.12377000600099564, 0.3036651313304901, -0.3660804033279419, 0.07701049000024796, -0.2234736680984497, -0.6049723625183105, 0.11244317144155502, -0.11294066905975342, -0.02906706929206848, -0.014206863939762115, 0.17738038301467896, -0.3551085591316223, -0.345242977142334, 0.21263569593429565, 1.8592579364776611, 0.3038250505924225, 0.005645483732223511, -0.06343743950128555, -0.0435447171330452, 0.39820921421051025, 0.04964984208345413]], [[0.18983158469200134, -0.1554817259311676, -0.5050297379493713, 0.21408967673778534, 0.1677519530057907, 0.46981483697891235, 0.4118047058582306, 0.09349764883518219, -1.115372896194458, -0.24598762392997742, -0.1030704528093338, -1.0580040216445923, -0.693247377872467, 0.15404082834720612, 0.36867260932922363, -0.10626906156539917, -0.25263163447380066, 0.10440576076507568, -0.41224443912506104, -0.48151424527168274, -0.6316920518875122, -0.501960277557373, -0.727069616317749, -0.059052444994449615, -0.06277834624052048, -0.7730216979980469, -1.9470068216323853, 0.1029391884803772, -0.5653401017189026, -0.10313926637172699, -1.3554977178573608, -0.1549592912197113], [-0.16985869407653809, 0.02260630950331688, -0.09702785313129425, 0.055644724518060684, -0.10030364990234375, 0.5057492256164551, 0.1864340901374817, 0.15331906080245972, 0.13563469052314758, 0.10566459596157074, 0.4470875859260559, -0.2561992406845093, -0.08890087902545929, 0.08724577724933624, 0.3318255543708801, 0.4413861334323883, 0.1620943546295166, 0.2126910388469696, -0.2617620527744293, -0.05144903063774109, 0.08448554575443268, 0.518610417842865, 0.4310806095600128, -0.07960684597492218, -0.13428381085395813, 0.05802414193749428, 0.14459392428398132, -0.17738382518291473, -0.3543352782726288, -0.005182962864637375, -0.546479344367981, -0.24699215590953827]], [[0.03413685783743858, -0.8629111051559448, -0.6602588295936584, -0.5789620280265808, -0.6947040557861328, -1.2860593795776367, -0.08626758307218552, -0.5642790198326111, -0.19359278678894043, -0.3953913748264313, -0.4777025282382965, -0.8945165872573853, -0.4807603657245636, -0.19895735383033752, -0.16946342587471008, -1.3113473653793335, 0.25922149419784546, -0.8023295402526855, -0.1758846640586853, -0.6673387885093689, -0.3634681701660156, -0.8609606623649597, -1.3709003925323486, -1.6146429777145386, -0.616893470287323, 0.012587450444698334, -0.22945046424865723, 0.24880793690681458, -0.015195406973361969, -0.08892213553190231, -0.2856225371360779, -0.2741731107234955], [0.05963503569364548, -0.7570319771766663, -0.2511118948459625, -0.688247561454773, -0.8455601334571838, -1.2347604036331177, -0.3747135102748871, -0.9946873784065247, -0.11621125787496567, -1.5339020490646362, -0.8119708895683289, -1.0077944993972778, -0.5644621849060059, -0.7879106998443604, -0.3446212410926819, -0.5689732432365417, -0.46503379940986633, -1.7626028060913086, -0.721174418926239, -1.0045287609100342, -0.7781521677970886, -1.1719635725021362, -0.2824249863624573, -0.8046876192092896, -0.35463157296180725, -1.0431550741195679, -0.32938846945762634, 0.04212015122175217, -0.6928501725196838, -0.4256247580051422, -0.47332778573036194, 0.022004075348377228]], [[-0.10402344167232513, 0.5279393196105957, 0.23244833946228027, -0.07094061374664307, 0.5668742656707764, 0.3097567856311798, -0.20958474278450012, 0.19614621996879578, -0.28287768363952637, 0.17950178682804108, 0.36914077401161194, 0.789447546005249, 0.661034107208252, 0.003073066473007202, -0.26085364818573, -0.3148672580718994, -0.4370819926261902, -0.2149360626935959, 0.005608450621366501, -0.499152809381485, 0.3270065188407898, 0.11181889474391937, 0.09900744259357452, 0.14891614019870758, 0.7443490028381348, 0.35982847213745117, 2.093397855758667, 0.13647744059562683, 0.7768926620483398, 0.3715784251689911, 1.2717561721801758, 0.00800677016377449], [-0.22899003326892853, 0.3994678258895874, -0.10844019055366516, 0.17705385386943817, 0.4473106563091278, 0.516046941280365, -0.1628982126712799, 0.6693139672279358, -0.070821613073349, 0.9858070015907288, -0.22112438082695007, 0.539569616317749, -0.03977280855178833, -0.19897636771202087, -0.23306125402450562, 0.01522122323513031, -0.23988080024719238, 0.40818971395492554, 0.07836401462554932, -0.21200275421142578, 0.2387479841709137, 0.3060891330242157, -0.40805721282958984, -0.5392975807189941, -0.05972891300916672, 0.8787916898727417, 0.24548977613449097, -0.14565856754779816, 1.055373191833496, 0.4479401111602783, 1.0782041549682617, -0.11936630308628082]], [[-0.37059929966926575, -1.1442618370056152, -1.1152056455612183, -0.7554516792297363, -0.8272329568862915, -0.7076672315597534, -1.0627092123031616, -0.9560376405715942, -1.156867265701294, -0.8305057287216187, -0.7269617319107056, -0.8416334390640259, -0.9291085004806519, -0.8347785472869873, -0.5945963859558105, -0.9809987545013428, -0.740617036819458, -0.7007566690444946, -0.5252987146377563, -0.7844233512878418, -0.7212651968002319, -0.8469672203063965, -1.15736722946167, -0.5321642160415649, -0.34719911217689514, -0.30719783902168274, -0.8794828653335571, -0.7615610361099243, -0.8428199291229248, -0.8051050901412964, -0.8334051370620728, -0.6114542484283447], [-0.13603448867797852, -0.9067970514297485, -0.5018373727798462, -0.49961796402931213, -1.260063886642456, -0.8345197439193726, -0.6377239227294922, -0.9822713136672974, -0.5341318845748901, -0.8436634540557861, -0.8353704214096069, -0.8302768468856812, -0.7839168310165405, -0.06342530250549316, -0.41085097193717957, -0.5062828063964844, 0.03769034147262573, -0.7589048147201538, -0.3021513521671295, -0.37426069378852844, -0.4541914165019989, -0.28337618708610535, -0.18937590718269348, -3.358721733093262e-05, 0.05693267285823822, -0.16979071497917175, -0.538670539855957, -0.15249145030975342, -0.9251258373260498, -0.777327299118042, -1.0095118284225464, -0.10913911461830139]], [[-0.023482412099838257, 0.7715604901313782, 0.11180564761161804, 0.31163743138313293, 0.03210422396659851, 0.3315826654434204, -0.252999484539032, 0.26322969794273376, -0.47709959745407104, 0.30071085691452026, 0.22029069066047668, 1.0012811422348022, 0.14527051150798798, 0.27130526304244995, -0.32498401403427124, 0.18496336042881012, -0.5776423811912537, 0.08061479032039642, -0.008230715990066528, -0.4498822093009949, -0.13495321571826935, -0.2342381328344345, 0.1848403811454773, -0.5588545203208923, -0.23152844607830048, 0.14910836517810822, 0.8352810740470886, -0.1486683338880539, 0.14901217818260193, -0.0845084935426712, 0.3213742971420288, -0.2553437352180481], [0.05530157685279846, 0.3594703674316406, 0.310255229473114, 0.4603766202926636, 0.06736555695533752, 0.1783040165901184, 0.2138948291540146, 0.6759722232818604, 0.4804081916809082, 0.18006795644760132, 0.3643656373023987, 0.5377141237258911, 0.21128913760185242, 0.2836935520172119, -0.10171450674533844, 0.3015957772731781, 0.2427271157503128, 0.08853372931480408, 0.22683139145374298, 0.3491995632648468, -0.10711206495761871, -0.394157350063324, -0.5310969948768616, -0.23607705533504486, 0.11125154048204422, -0.08128884434700012, 0.2936726212501526, 0.1277868002653122, 0.3896428942680359, 0.3429722189903259, 0.6465782523155212, 0.05314011871814728]], [[0.902481734752655, -1.2833898067474365, -0.23443587124347687, -0.4435431957244873, -0.3152512311935425, -1.384304404258728, -0.08804930001497269, -0.6541386842727661, -0.26648634672164917, -0.6928216218948364, -0.35094913840293884, -1.5097777843475342, -0.2126704603433609, -0.0493069589138031, 0.15620575845241547, -0.9501709342002869, 0.6138513088226318, -0.8405783176422119, -0.14687402546405792, -0.5069150328636169, -0.38521668314933777, -0.308200478553772, -0.5323447585105896, -1.2132172584533691, -0.3279455602169037, -0.4358615279197693, -1.98093843460083, -0.18679912388324738, -0.6221919655799866, -0.2726929783821106, -1.013629674911499, -0.18104496598243713], [0.21680058538913727, -0.035054415464401245, 0.4873746633529663, 0.07284329831600189, -0.0585159957408905, -0.7315779328346252, 0.2745929956436157, -1.0005042552947998, 0.3452907204627991, -0.8246514797210693, 0.12492020428180695, -0.5015056133270264, 0.349531352519989, 0.6201425194740295, 0.21910478174686432, -0.2209058403968811, 0.7242066264152527, -1.3086286783218384, 0.42569202184677124, -0.2091779112815857, 0.3812575340270996, 0.031046956777572632, 0.29665035009384155, 0.36880362033843994, 0.8798045516014099, -0.5224158763885498, 0.30670857429504395, 0.24657778441905975, -0.3196411430835724, 0.028744786977767944, -1.1663320064544678, 0.2956109046936035]], [[0.16358189284801483, -0.3598371744155884, -0.029316037893295288, 0.21659474074840546, 0.03395245969295502, -0.19998851418495178, -0.33356285095214844, 0.026684686541557312, -0.39265137910842896, -0.5023653507232666, -0.4883493185043335, -0.427782267332077, -0.3137515187263489, -0.0954241007566452, -0.2328178584575653, -0.18680942058563232, -0.12047731131315231, -0.373962938785553, -0.11161607503890991, 0.17283456027507782, -0.08158046007156372, -0.15803872048854828, -0.592276394367218, -0.5766892433166504, -0.6383253931999207, -0.7386353015899658, -0.5812669396400452, -0.40422478318214417, -0.052138552069664, -0.6398106813430786, -0.2570231556892395, -0.2728689908981323], [-0.002225533127784729, -0.24959631264209747, -0.07819372415542603, -0.28132593631744385, -0.6398990154266357, -0.41650325059890747, -0.25299549102783203, -0.2080138623714447, -0.2847084701061249, -0.9111694693565369, -0.372976690530777, -0.16104906797409058, -0.12473148107528687, -0.17472684383392334, -0.45034193992614746, -0.014604449272155762, -0.09338168799877167, -1.071312665939331, -0.25085991621017456, -0.44256681203842163, -0.51508629322052, -0.7511841654777527, -0.5891814827919006, -0.01366230845451355, 0.1850467175245285, -0.47695279121398926, -0.23221875727176666, -0.028675243258476257, 0.11653639376163483, -0.355279803276062, -0.11821895092725754, 0.005097642540931702]], [[0.36971724033355713, -0.27820783853530884, 0.10550177842378616, 0.5119395852088928, 0.20751053094863892, -0.1279919147491455, 0.3843134641647339, 0.42898666858673096, -0.3582593500614166, -0.05745026841759682, -0.49603280425071716, -0.3154149651527405, -0.13484258949756622, 0.4308100938796997, 0.1284300684928894, 0.20874327421188354, 0.1646779477596283, 0.2678770422935486, 0.5798855423927307, 0.7588168382644653, 0.34965065121650696, 0.562691867351532, 0.7122442722320557, 0.13983416557312012, -0.9903083443641663, 0.48509544134140015, -0.878532886505127, 0.1931946873664856, 0.3023873269557953, 0.4096300005912781, 0.04150787740945816, 0.5351982712745667], [0.37168124318122864, 0.5904386043548584, 0.6014239192008972, 0.6673875451087952, 1.0240153074264526, 1.275671362876892, 0.5145042538642883, 0.42914023995399475, 0.5110523700714111, 0.34653687477111816, 0.33485522866249084, 0.44858166575431824, 0.7196778655052185, 1.0602673292160034, 0.7954602241516113, 0.6176532506942749, 0.4777880311012268, 0.21080979704856873, 0.9278173446655273, 1.198542833328247, 0.5849612355232239, 0.3378981947898865, -0.05470298230648041, -0.4505287706851959, -0.2161414921283722, 0.5525986552238464, 0.13793739676475525, 0.4115225672721863, 0.1811373233795166, 0.34997671842575073, -0.14839984476566315, 0.42446136474609375]], [[-0.7005205154418945, -1.5657039880752563, -1.1487938165664673, -1.0096055269241333, -0.6030817627906799, -1.5076850652694702, -1.1918059587478638, -1.1166118383407593, -1.155819058418274, -0.917608916759491, -0.9249544143676758, -1.2701449394226074, -0.339756041765213, -0.6139830350875854, -0.83623206615448, -0.9871902465820312, -1.2450587749481201, -1.0454195737838745, -0.5084741115570068, -1.3963919878005981, -0.3438114821910858, -0.3920774459838867, -0.46153584122657776, -0.685058057308197, -1.0655838251113892, -1.2055590152740479, -1.107072114944458, -1.0356727838516235, -0.16255402565002441, -0.5644358396530151, -0.3524618446826935, -0.5647698044776917], [0.19997337460517883, -0.2676851451396942, -0.4858817160129547, -0.09826703369617462, -0.5928539037704468, -0.569163978099823, -0.5188532471656799, -0.17291581630706787, -0.2975182831287384, -0.333154559135437, -0.4562372863292694, -0.49743950366973877, -0.442748099565506, -0.3554859161376953, -0.7072306275367737, -0.35558778047561646, -0.6414023637771606, -0.046646274626255035, -0.39279311895370483, -0.2466820478439331, -0.620114803314209, -1.0831819772720337, -0.7208807468414307, -0.2710740268230438, -0.3991923928260803, -0.456781804561615, -0.4345170259475708, 0.2652154862880707, -0.11910495907068253, 0.10193871706724167, -0.07255934178829193, 0.3167329728603363]], [[-0.8369318246841431, -0.09349864721298218, -0.7548116445541382, -0.3118486702442169, -0.4276762902736664, -0.007932204753160477, -0.3252052366733551, -0.3092806935310364, -0.5775756239891052, -0.52940833568573, -0.4454302191734314, -0.6911336183547974, -0.5061609745025635, -0.3355441093444824, -0.49484413862228394, -0.7658694982528687, -0.4265679121017456, -0.10266569256782532, -0.8885888457298279, -0.5353975296020508, -1.0959216356277466, -1.0715385675430298, -0.7131587266921997, -0.5935542583465576, -0.282763808965683, -1.0997300148010254, -1.8136967420578003, -0.7493894100189209, -0.8957081437110901, -0.6901792287826538, -1.512161374092102, -0.8574528694152832], [-0.2648656368255615, -1.1373200416564941, -0.8375201225280762, -0.8566161394119263, -0.5098011493682861, -0.6330129504203796, -0.8330666422843933, -0.8585750460624695, -1.0568748712539673, -0.29167309403419495, -0.9240654110908508, -0.6533889174461365, -1.074169397354126, -1.508316993713379, -0.797738254070282, -0.9671414494514465, -1.481327772140503, -0.34134531021118164, -1.2521159648895264, -1.2665672302246094, -1.1767338514328003, -1.0216600894927979, -0.9123506546020508, -1.3297590017318726, -1.9497557878494263, -1.3493305444717407, -0.9745420217514038, -0.28796517848968506, -1.7268471717834473, -1.0207953453063965, -1.8907912969589233, -0.2908512055873871]], [[-0.3820701241493225, -0.04373136907815933, -0.18959999084472656, -0.5187564492225647, -0.24329717457294464, -0.4967837929725647, -0.4757590889930725, -0.3891964554786682, -0.20592230558395386, -0.37237608432769775, -0.24017250537872314, -0.06269922852516174, -0.2988497018814087, -0.4473181962966919, -0.384540319442749, 0.2815219759941101, -0.3187139630317688, 0.11477872729301453, -0.4115644097328186, -0.11722840368747711, -0.3078444004058838, -0.9859451055526733, -1.036525845527649, -1.0865262746810913, -0.8471415638923645, -0.31356120109558105, -0.250304639339447, -0.6107275485992432, -0.7857805490493774, -0.58290034532547, -0.31391221284866333, -0.7788899540901184], [-0.07126766443252563, -0.7046051621437073, -0.6185299754142761, -0.3584427237510681, -0.8372219204902649, -0.7345476746559143, -0.4798874258995056, 0.21399424970149994, -0.4641674757003784, -0.17754118144512177, -0.9337129592895508, -0.12129709124565125, -0.7686295509338379, -0.6982560157775879, -0.7071735858917236, -0.5953298807144165, -0.7732993960380554, 0.23370398581027985, -0.9089149832725525, -0.7294517755508423, -0.8683127164840698, -0.8112409710884094, -1.3492952585220337, -1.9122042655944824, -0.9049527049064636, 0.8153238892555237, -0.14796634018421173, -0.07539048045873642, -0.4312187433242798, -0.40707606077194214, 0.30644071102142334, -0.07833889871835709]], [[0.3192238211631775, 0.22792905569076538, 0.3017735481262207, 0.19845378398895264, 0.23208901286125183, 0.1759706735610962, 0.3240387439727783, 0.1928529143333435, 0.7994801998138428, 0.6165916919708252, 0.5621232986450195, -0.05898791924118996, 0.6042392253875732, 0.10847307741641998, 0.455154150724411, 0.7376648187637329, 0.04154519736766815, 0.38455045223236084, 0.33998650312423706, 0.7684003114700317, 0.5465887784957886, 1.1511269807815552, 1.1152690649032593, 1.4264158010482788, 0.7665235996246338, 0.6504147052764893, -0.05786677449941635, -0.216400146484375, 0.16711017489433289, 0.2328346073627472, 0.33190077543258667, 0.26666906476020813], [0.13458357751369476, 0.5834474563598633, 0.4434538185596466, 0.8030040264129639, 0.884687066078186, 0.7732850313186646, 0.45954832434654236, 1.0692589282989502, 0.44561174511909485, 0.9918488264083862, 0.7089153528213501, 1.000206708908081, 0.870547890663147, 0.8829952478408813, 0.8582642078399658, 1.135396122932434, 0.8095380067825317, 0.4696991741657257, 0.7468671798706055, 1.3800772428512573, 0.9931892156600952, 1.2959673404693604, 1.126173734664917, 1.2949299812316895, 1.0241600275039673, 1.3735636472702026, 0.22300007939338684, 0.036447614431381226, 0.7995004653930664, 0.4813750088214874, 0.7344423532485962, 0.06737840175628662]], [[-0.5779837965965271, -1.377927303314209, -1.1239871978759766, -1.0957741737365723, -1.0649473667144775, -1.9426274299621582, -0.7413703799247742, -1.0389950275421143, -0.525390625, -1.277381181716919, -1.2490572929382324, -1.2640972137451172, -0.9949275851249695, -0.8800503015518188, -0.7306295037269592, -1.1600792407989502, -0.518796443939209, -1.287064790725708, -0.5785572528839111, -1.3848376274108887, -0.762047290802002, -0.900302529335022, -1.2512245178222656, -1.6882145404815674, -1.901421070098877, -1.3655357360839844, -0.9948725700378418, -0.8269520401954651, -0.6884772777557373, -0.7207364439964294, -1.0635899305343628, -0.5486231446266174], [-0.25272291898727417, -0.9259888529777527, -0.3674091696739197, -0.6650760173797607, -1.0677134990692139, -1.2427918910980225, -0.6158629655838013, -0.8177277445793152, -0.6037458181381226, -1.1714611053466797, -0.8360003232955933, -0.9390949606895447, -0.7414302825927734, -0.6231131553649902, -0.44058483839035034, -0.4992689788341522, -0.3893626034259796, -0.721669614315033, -0.6407995820045471, -0.7410043478012085, -0.8699071407318115, -1.0277925729751587, -0.8829219937324524, -0.9141457080841064, -0.7677626013755798, -1.7345788478851318, -0.4970678687095642, -0.22579741477966309, -0.4726938307285309, -0.6069350242614746, -0.4565659165382385, -0.17512154579162598]], [[0.28676581382751465, 0.6296697854995728, 0.24944555759429932, 0.343575119972229, -0.10335157811641693, 0.6391004920005798, -0.10151402652263641, 0.49024254083633423, 0.3519960045814514, 0.5162568092346191, 0.11396774649620056, 0.39087867736816406, 0.29872196912765503, 0.3737969398498535, 0.2839429974555969, 0.14134982228279114, 0.3392999768257141, 0.6662675142288208, 0.1972348690032959, 0.8453289270401001, 0.3035789728164673, 0.004174977540969849, -0.411074161529541, -0.20237675309181213, -0.47203966975212097, 0.719762921333313, 0.7953531742095947, 0.8317283391952515, 0.4151424169540405, 0.4294535517692566, 0.6949728727340698, 0.6057754755020142], [0.1957663893699646, -0.5054544806480408, -0.3323519825935364, -0.4243181645870209, -0.41944268345832825, -0.7133550047874451, -0.36252808570861816, -0.7018749713897705, -0.28711408376693726, -0.37769412994384766, -0.47193285822868347, -0.45057448744773865, -0.49486565589904785, -0.7389308214187622, -0.6595739126205444, -0.6464424729347229, -0.321746289730072, -0.5069939494132996, -0.2821616530418396, -0.044987767934799194, -0.465498685836792, -0.7655495405197144, -1.6079453229904175, -1.4599316120147705, -1.240073561668396, -0.16894423961639404, -0.1866418719291687, 0.26894158124923706, -0.39995476603507996, -0.6600680351257324, -0.5661846399307251, 0.2663293480873108]], [[-0.3665223717689514, -1.3753284215927124, -0.5990231037139893, -1.0264933109283447, -0.12411447614431381, -1.5898396968841553, 0.19151756167411804, -0.5803735256195068, 0.0040970295667648315, -0.810065746307373, -0.3290642499923706, -1.8263307809829712, -0.133644700050354, -0.2901628017425537, -0.24318087100982666, -0.8007960915565491, -0.046495627611875534, -0.7012449502944946, -0.1712309867143631, -0.9476495981216431, 0.04850989580154419, -0.4416979253292084, -0.41622135043144226, -0.3739563822746277, 0.13231319189071655, 0.21053701639175415, -1.3181229829788208, -0.11749421805143356, -0.6290677189826965, -0.04134266451001167, -0.9389860033988953, 0.03477601706981659], [-0.19776859879493713, -0.6938822269439697, -0.05674281716346741, -0.6778011322021484, -0.36255717277526855, -0.846653401851654, -0.024465471506118774, -1.1788289546966553, -0.23202982544898987, -1.110718011856079, -0.14424116909503937, -0.8843979835510254, 0.007114827632904053, -0.17810988426208496, -0.016838915646076202, -0.9039463996887207, -0.21588769555091858, -1.8677664995193481, -0.3847603499889374, -0.9473183155059814, -0.19395098090171814, -0.3320291042327881, 0.06244845688343048, -0.23030918836593628, -0.1933969259262085, 0.1376086175441742, -0.30072084069252014, -0.32093650102615356, -0.7660918235778809, -0.25373202562332153, -1.0420726537704468, -0.32919973134994507]], [[0.4307456612586975, 1.702616572380066, 0.5346105694770813, 0.8663814067840576, 0.29588258266448975, 1.0828386545181274, 0.465198278427124, 0.4587448835372925, 0.9191869497299194, 0.8231726884841919, 0.5225329399108887, 1.365351915359497, 0.5634388327598572, 0.5049477219581604, -0.19957323372364044, 0.8519642353057861, 1.2256020307540894, 1.0068594217300415, 0.45968347787857056, 1.0574134588241577, 0.36135125160217285, 0.20169508457183838, 0.4389380216598511, -0.07150512933731079, 1.458211064338684, 1.7255396842956543, 1.629639744758606, 0.9598145484924316, 0.8691694736480713, 0.6044734716415405, 1.2999904155731201, 0.7043154835700989], [0.22741615772247314, 0.190400630235672, -0.10849855840206146, 0.15382441878318787, 0.21935880184173584, -0.0565839558839798, 0.22060441970825195, 0.08323714137077332, 0.08432990312576294, 0.05259254574775696, 0.05193525552749634, 0.18550077080726624, -0.031142473220825195, -0.01682305335998535, 0.08207926154136658, -0.09154464304447174, 0.0029516518115997314, 0.5067530274391174, 0.21510332822799683, 0.30167603492736816, 0.162293940782547, -0.3922736644744873, -0.5588005781173706, -0.5682798027992249, 0.04651102423667908, 0.5439901351928711, 0.13885498046875, 0.21991705894470215, 0.1388709843158722, -0.04238900542259216, 0.36085450649261475, 0.18022361397743225]], [[-0.34108588099479675, -1.4467239379882812, -0.7615360617637634, -0.9334356784820557, -0.8445615172386169, -1.7591462135314941, -0.7976935505867004, -1.122158408164978, -0.8389061689376831, -0.8384434580802917, -0.34886711835861206, -1.266685128211975, -1.014519453048706, -0.8097645044326782, -1.2840195894241333, -1.776837706565857, -0.26906999945640564, -0.8792645335197449, -0.23500517010688782, -0.8455070853233337, -0.4961678981781006, -0.7780014276504517, -0.8477852940559387, -0.7021999359130859, -1.3180490732192993, -0.7518491744995117, -1.515178918838501, -0.5012378096580505, -1.1038918495178223, -0.7724011540412903, -1.661828637123108, -1.0731995105743408], [-0.1179119274020195, -0.8646159172058105, -0.3436084985733032, -0.4706766605377197, -1.562678575515747, -1.3803296089172363, -0.5181048512458801, -1.8070979118347168, -0.2376563549041748, -2.001987934112549, -1.0515754222869873, -1.614051103591919, -1.05663001537323, -1.211559534072876, -0.8390164375305176, -1.0031111240386963, -0.6436421275138855, -1.7346932888031006, -0.8383380174636841, -1.248568058013916, -1.0273348093032837, -1.4702072143554688, -1.9143390655517578, -1.645562767982483, -0.7922369837760925, -1.451066255569458, -0.4095993638038635, -0.18652617931365967, -1.4866366386413574, -0.6266635656356812, -1.7863517999649048, -0.16940507292747498]], [[-0.10321300476789474, -0.10021892189979553, -0.13446123898029327, 0.06624144315719604, -0.6507847309112549, 0.598730742931366, -0.6027112007141113, -0.3367469608783722, -0.01377633772790432, 0.37993323802948, -0.4929553270339966, -0.20537588000297546, -0.5961510539054871, -0.19078326225280762, -0.28426775336265564, -0.4283973276615143, -0.43277865648269653, 0.3883688151836395, -0.32725197076797485, -0.6141863465309143, -0.6818747520446777, -0.6533724665641785, -0.6458715200424194, -0.23475807905197144, 0.9075734615325928, 0.04061654582619667, -0.3482059836387634, -0.2897930443286896, -0.45153167843818665, -0.4831531047821045, -0.4345966577529907, -0.3067376911640167], [0.38736945390701294, 0.335742324590683, 0.08669206500053406, 0.280792772769928, 0.0926680937409401, 0.702767550945282, 0.007462834939360619, 0.5760494470596313, 0.12638679146766663, 0.9543400406837463, 0.6119938492774963, 0.4934772551059723, 0.3629363477230072, 0.9816548824310303, 0.387765109539032, 0.6413587927818298, 0.6712950468063354, 1.7163398265838623, 0.812353789806366, 1.0848731994628906, 0.5687083005905151, 0.3217710256576538, 0.755502462387085, 1.4166282415390015, 0.7238236665725708, -0.14621296525001526, -0.08391629904508591, 0.30812469124794006, -0.17841984331607819, 0.04726027697324753, 0.12444666773080826, 0.3083881735801697]], [[0.6331562995910645, 1.894577980041504, 1.2751866579055786, 1.4107650518417358, 1.2450309991836548, 1.81403648853302, 1.0428797006607056, 1.0418853759765625, 1.0801727771759033, 0.8679131269454956, 1.0726654529571533, 1.0156537294387817, 1.145249366760254, 0.88847416639328, 1.2997210025787354, 1.3398895263671875, 0.5613652467727661, 0.9077267646789551, 0.7064324617385864, 1.6326192617416382, 0.9806691408157349, 1.0382568836212158, 1.3313696384429932, 1.1799728870391846, 0.5912488698959351, 0.566875159740448, 0.7486943602561951, 0.6672164797782898, 0.8972690105438232, 0.892643392086029, 1.238673210144043, 1.2107266187667847], [0.3653114438056946, 0.16343720257282257, 0.041818827390670776, 0.03816600143909454, 0.4718056917190552, 0.282542884349823, 0.18285048007965088, 0.2345966100692749, 0.158762127161026, 0.4199254512786865, 0.3849818706512451, 0.32270222902297974, 0.23265406489372253, 0.1041601300239563, 0.2868703007698059, 0.13058295845985413, -0.09508362412452698, 0.0813719779253006, 0.059053122997283936, 0.05706735700368881, 0.22565117478370667, 0.5511174201965332, -0.3629304766654968, -0.5960921049118042, -0.356217622756958, 1.761153221130371, 0.28294867277145386, 0.3106052875518799, 0.4151742458343506, 0.3483031988143921, 0.3209344148635864, 0.27701109647750854]], [[-0.45251110196113586, -1.5781922340393066, -0.6512384414672852, -0.9968854188919067, -0.5691713094711304, -1.016707420349121, -0.7241016626358032, -0.614104151725769, -0.3687431514263153, -0.5378270149230957, -0.5369542837142944, -0.671370267868042, -0.7749133110046387, -0.5785683393478394, -0.5974678993225098, -1.4707540273666382, -0.07039208710193634, -1.1058119535446167, -0.30242401361465454, -0.8126206398010254, -0.5357306003570557, -0.7264384031295776, -1.4922988414764404, -1.4023054838180542, -1.175911545753479, -0.6578044891357422, -1.6873937845230103, -0.42083558440208435, -0.5897305011749268, -0.09135168790817261, -1.1015702486038208, -0.23878204822540283], [-0.3927842676639557, -0.8987655639648438, -0.6495816707611084, -1.0707584619522095, -0.942163348197937, -0.9587392807006836, -0.719088077545166, -1.1846524477005005, -0.43237897753715515, -1.1175549030303955, -0.8491172790527344, -0.7128713130950928, -0.6711539030075073, -0.7820383310317993, -0.7909864187240601, -1.1853290796279907, -0.8698265552520752, -1.1299419403076172, -0.8415420055389404, -1.0707255601882935, -0.7640429735183716, -0.42970821261405945, -0.5499876737594604, -0.38932326436042786, -0.9544404745101929, -1.174333095550537, -0.526373028755188, -0.3400329351425171, -1.0396511554718018, -0.49145522713661194, -1.2168283462524414, -0.3034652769565582]], [[-0.953901469707489, -0.47814691066741943, -1.0554620027542114, -0.6319054961204529, -0.7933226823806763, -0.3312870264053345, -0.09855802357196808, -0.47159451246261597, -0.9412052631378174, -0.8600303530693054, -0.7924405336380005, -0.7255448698997498, -0.6956798434257507, -0.7090398073196411, -0.09818195551633835, 0.21111781895160675, -0.7749598026275635, -0.7788172960281372, -0.9034065008163452, -1.0843679904937744, -0.7905055284500122, -0.8067071437835693, -0.27456730604171753, -0.1574510633945465, -1.2267990112304688, -1.000717282295227, -0.7459321022033691, -0.6841490864753723, -0.4673745632171631, -0.8133865594863892, -0.4853675961494446, -0.7453930974006653], [-0.5231919884681702, -0.7156699299812317, -0.8510326743125916, -0.8182902932167053, -0.5654453039169312, -0.19867151975631714, -0.8646237254142761, 0.17906270921230316, -0.9713919758796692, -0.3940262794494629, -1.0740104913711548, -0.5262411832809448, -1.219127893447876, -0.9247515797615051, -0.871624767780304, -0.6510368585586548, -0.9360989332199097, -0.321752667427063, -1.0704458951950073, -0.9317966103553772, -0.9191014170646667, -0.1809636354446411, -0.07628365606069565, -0.1624259650707245, -0.7619560360908508, -0.6741158366203308, -0.8694230318069458, -0.43941742181777954, -0.544113039970398, -0.901439368724823, -0.3101770281791687, -0.44399493932724]], [[-0.805378794670105, -1.7761280536651611, -0.99944007396698, -0.9588451385498047, -1.0714954137802124, -1.1148207187652588, -1.0133367776870728, -1.04277503490448, -1.1848742961883545, -0.8495508432388306, -0.9231983423233032, -1.3567785024642944, -0.7993464469909668, -0.7257844805717468, -0.7740476727485657, -1.3088403940200806, -1.3195186853408813, -1.0431432723999023, -0.7306859493255615, -1.3299553394317627, -0.8391967415809631, -0.5739037394523621, -1.0661664009094238, -0.6234056353569031, -1.9616594314575195, -1.3912850618362427, -1.6149197816848755, -0.854036808013916, -1.0014554262161255, -0.8478232026100159, -1.5097923278808594, -0.9789034128189087], [-0.2273516058921814, 0.06456094235181808, -0.005109652876853943, 0.26868048310279846, 0.3398638069629669, 0.27580124139785767, 0.3118343949317932, 0.046815402805805206, 0.0791817232966423, -0.007338769733905792, 0.17356276512145996, -0.011601671576499939, 0.6537313461303711, 0.29806751012802124, 0.7179530262947083, 0.29685962200164795, 0.2905401885509491, 0.1036323606967926, 0.5023975372314453, 0.6562241315841675, 0.6300841569900513, 0.8137018084526062, 0.4988638460636139, 0.9434648156166077, 0.3314722776412964, -0.3646429181098938, -0.015395298600196838, -0.2019660472869873, -0.3105759024620056, 0.2210221141576767, -0.4881998896598816, -0.1522868126630783]], [[0.18974937498569489, -0.9776926636695862, -0.4927690625190735, -0.7116222977638245, -0.6086519956588745, -1.6857699155807495, -0.7353079319000244, -0.5854752659797668, -0.9603490233421326, -0.6193050742149353, -0.7823279500007629, -1.9442989826202393, -0.9415432810783386, -0.4804069399833679, -0.717420220375061, -1.383309006690979, -0.6676774621009827, -1.2477201223373413, -0.6956334114074707, -1.674560785293579, -0.7452175617218018, -1.1587635278701782, -2.0996017456054688, -1.482129693031311, -1.9642512798309326, -1.4943965673446655, -2.0086002349853516, -1.0709106922149658, -0.655411958694458, -0.18991102278232574, -0.9580492973327637, -0.48571527004241943], [-0.07153842598199844, -0.380185604095459, -0.20820066332817078, -0.25850722193717957, -1.0399118661880493, -0.8523568511009216, -0.24536219239234924, -0.8437970280647278, -0.09019767493009567, -1.6700583696365356, -0.8716244697570801, -1.3453137874603271, -0.920555055141449, -0.7957797050476074, -0.6607455015182495, -0.7189542651176453, -0.6971381902694702, -2.463153600692749, -1.0049196481704712, -1.5456480979919434, -0.5584095120429993, -1.1503678560256958, -0.4861944317817688, -0.2609631419181824, -0.5406734347343445, -2.4066145420074463, -0.40679609775543213, -0.13535979390144348, -0.38352417945861816, 0.3348778486251831, -0.6379267573356628, -0.06988392770290375]], [[-0.07518099993467331, 0.9438045024871826, 0.3925747275352478, 0.683566689491272, 0.12897875905036926, 1.1767147779464722, -0.17734140157699585, 0.34759843349456787, 0.8770585656166077, 0.3519898056983948, -0.30717507004737854, 0.07837516069412231, 0.10506679117679596, 0.3913491666316986, -0.31038591265678406, 1.2854859828948975, 0.5345264077186584, 1.079426884651184, 0.32896122336387634, 1.0795724391937256, 0.10773514956235886, 0.17226019501686096, 0.7392946481704712, -0.22691309452056885, 0.6188614368438721, 0.5680125951766968, 0.18694522976875305, -0.387651652097702, 0.11188222467899323, 0.19451776146888733, 0.17092815041542053, 0.07950067520141602], [-0.07700207084417343, -0.12457680702209473, -0.5544065833091736, -0.3045428991317749, -0.3436948359012604, -0.08978050202131271, -0.7175511717796326, -0.05928165465593338, -0.3138986825942993, -0.07928408682346344, -0.3390970826148987, -0.38666844367980957, -0.37389618158340454, -0.005153408274054527, -0.5603812336921692, -0.2043861299753189, -0.11417883634567261, 0.3697913885116577, -0.21220417320728302, -0.36049583554267883, -0.16855843365192413, -0.15320372581481934, -0.3795434236526489, -0.49143505096435547, -0.11138021945953369, 0.43187180161476135, -0.5916628837585449, -0.002842577174305916, -0.5437077879905701, -0.2616955637931824, -0.2582480013370514, -0.023786256089806557]], [[-0.4679420590400696, -0.7686041593551636, -0.5039533972740173, -0.27377334237098694, -0.665308952331543, -0.6864280104637146, -0.6224572062492371, -0.6754636168479919, -0.8417865037918091, -0.6033490300178528, -0.8594555854797363, -1.1739633083343506, -0.7146578431129456, -0.39390650391578674, -0.6721524596214294, -0.7900470495223999, -0.6438743472099304, -0.568759024143219, -0.37653666734695435, -0.7070593237876892, -0.4542810320854187, -0.24480049312114716, -1.0995330810546875, -0.6823461055755615, -0.9037858247756958, -0.9474118947982788, -1.3615304231643677, -0.5834254622459412, -0.2932286560535431, -0.29949501156806946, -0.6573399305343628, -0.45540452003479004], [0.16286884248256683, -0.6177703738212585, -0.3662544786930084, -0.3301234543323517, -0.9132817983627319, -0.7703086137771606, -0.48546671867370605, -0.27435997128486633, -0.2953541874885559, -1.1620793342590332, -0.6577774882316589, -0.6509315967559814, -0.7124817967414856, -0.9409412741661072, -0.6415685415267944, -0.48602262139320374, -0.6237441301345825, -1.3997708559036255, -0.777915358543396, -0.7561542987823486, -0.5743778347969055, -0.9310531616210938, -0.3098773956298828, -0.4714548885822296, -0.8325158953666687, -0.9792025089263916, -0.32851865887641907, 0.1382775604724884, -0.5215892195701599, -0.3570021986961365, -0.41270071268081665, 0.12710414826869965]], [[-0.3954424262046814, -0.8260446786880493, -0.7564270496368408, -0.5486724376678467, -0.3913406729698181, -0.29435959458351135, -0.4606552720069885, -0.32601499557495117, -0.7263952493667603, -0.5151618123054504, -0.3949197828769684, -0.4747394025325775, -0.5990967154502869, -0.6943984031677246, -0.5144296884536743, -1.3257083892822266, -0.22866126894950867, -0.8090105056762695, -0.18478718400001526, -0.2409811019897461, -0.427532434463501, -0.5372412800788879, -0.5440000295639038, -0.43238985538482666, -0.19111087918281555, -0.5545551776885986, -0.7490625381469727, -0.3995928466320038, -0.6712571382522583, -0.6343252658843994, -0.9982883930206299, -0.9905456304550171], [-0.13903926312923431, -0.45825865864753723, -0.43047595024108887, -0.3625601530075073, -0.415798544883728, -0.48703786730766296, -0.4468992054462433, -0.18152916431427002, -0.4174800217151642, -0.513904333114624, -0.44572946429252625, -0.41453665494918823, -0.6277751922607422, -0.40932372212409973, -0.36676740646362305, -0.47184908390045166, -0.2898861765861511, -0.14740997552871704, -0.3857933282852173, -0.3071047067642212, -0.12363102287054062, -0.3473547697067261, 0.16158050298690796, 0.6157301664352417, 0.510947585105896, -1.3169286251068115, -0.07671365141868591, -0.12452004849910736, -0.7205206155776978, -0.5242578983306885, -0.8263256549835205, -0.16826216876506805]], [[0.4436245262622833, -0.1622050255537033, 0.6133874654769897, 0.1667013019323349, 0.6978281140327454, 0.10564371943473816, 0.4831344783306122, 0.4216281771659851, 0.8220890164375305, -0.011040672659873962, 0.5673304796218872, 0.5449795126914978, 0.6767753958702087, 0.12167742103338242, 0.499953031539917, 0.22754786908626556, 0.618789792060852, 0.2277843952178955, 0.588240385055542, 0.14844265580177307, 0.5118586421012878, 0.8470249772071838, 0.9751655459403992, 0.6953949928283691, 0.7558743357658386, 0.6709861159324646, 1.6877626180648804, 0.3935786783695221, 0.7001849412918091, 0.5008909106254578, 1.2091519832611084, 0.5407794713973999], [-0.050711676478385925, 0.17843350768089294, 0.19256022572517395, 0.4106137752532959, 0.34093883633613586, 0.2130415290594101, 0.550028383731842, 0.582915723323822, 0.555029571056366, 0.9153267741203308, 0.721850574016571, 1.0546772480010986, 0.7889612913131714, 0.7192137241363525, 0.919083297252655, 0.6237784028053284, 0.586311399936676, 0.5329931378364563, 0.7149889469146729, 0.8114147782325745, 0.9258241057395935, 1.2824690341949463, 0.6685751080513, 0.1854354292154312, 0.7005851864814758, 1.3813813924789429, 0.5604828000068665, -0.03064022958278656, 1.0039163827896118, 0.8123561143875122, 1.1218329668045044, -0.07354743778705597]], [[0.07323876023292542, 0.09005960822105408, 0.09400730580091476, 0.08185349404811859, 0.09647414088249207, 0.08861886709928513, 0.1008375734090805, 0.08744632452726364, 0.0939418151974678, 0.08566460013389587, 0.09603678435087204, 0.08813349902629852, 0.09630964696407318, 0.07652222365140915, 0.09468205273151398, 0.09415863454341888, 0.0836515873670578, 0.09687066078186035, 0.08271278440952301, 0.0958445817232132, 0.09410993754863739, 0.09211737662553787, 0.0940994992852211, 0.09522366523742676, 0.07828804850578308, 0.09065121412277222, 0.0847460925579071, 0.0817706361413002, 0.0867929458618164, 0.07526111602783203, 0.09332448244094849, 0.07157605141401291], [0.04666336998343468, 0.08299309760332108, 0.07466501742601395, 0.07758449763059616, 0.09518542885780334, 0.0935601070523262, 0.07867737859487534, 0.10125023126602173, 0.0671745166182518, 0.09298914670944214, 0.08034157752990723, 0.09390765428543091, 0.07715390622615814, 0.0737229436635971, 0.07322511076927185, 0.07430689036846161, 0.07308848202228546, 0.09571996331214905, 0.07833890616893768, 0.0867343321442604, 0.07497946918010712, 0.08668094873428345, 0.07255327701568604, 0.06686662137508392, 0.0527249276638031, 0.08894145488739014, 0.06708211451768875, 0.04683190584182739, 0.09494985640048981, 0.06911414861679077, 0.09163609147071838, 0.046926919370889664]], [[-0.6774901747703552, -1.316409707069397, -1.2019538879394531, -1.0223678350448608, -0.6375257968902588, -0.8077551126480103, -0.6339114904403687, -0.8275055289268494, 0.1972372978925705, -0.8883025646209717, -1.138932466506958, -1.2928885221481323, -1.1367429494857788, -0.7090427875518799, -0.6967063546180725, -0.2726653516292572, -0.29570984840393066, -0.8652739524841309, -0.7199404239654541, -1.4832149744033813, -0.7412353157997131, -0.4998583197593689, 0.031777530908584595, -0.27632832527160645, -0.22768239676952362, -0.7883692979812622, -2.01499342918396, -1.0412837266921997, -1.0837631225585938, -0.8154218792915344, -1.4141263961791992, -0.9271349310874939], [0.14187462627887726, -0.8814598321914673, -0.3586474657058716, -0.6387072205543518, -1.242480993270874, -0.9832229018211365, -0.851212203502655, -1.252273440361023, -0.4331706166267395, -1.3560682535171509, -1.4154245853424072, -1.6093274354934692, -1.3972630500793457, -1.2078444957733154, -1.2247806787490845, -1.0693178176879883, -1.0489777326583862, -1.8047343492507935, -1.1371504068374634, -1.068961262702942, -1.168678641319275, -1.0837172269821167, -1.8390552997589111, -1.7100298404693604, -1.1136069297790527, -0.9055131077766418, -0.7263268828392029, 0.12301938235759735, -0.8046090602874756, -0.650109052658081, -1.5891324281692505, 0.1265885978937149]], [[-0.12016239762306213, -0.015215739607810974, 0.33187049627304077, 0.12577615678310394, 0.3572637140750885, -0.05799192562699318, 0.20842701196670532, 0.08196750283241272, -0.17856112122535706, -0.07085798680782318, 0.2643832564353943, 0.11067663133144379, -0.012400191277265549, -0.2384597510099411, -0.0008342079818248749, -0.6955038905143738, 0.4375215172767639, -0.14863437414169312, 0.09690579771995544, -0.28568437695503235, 0.3706759214401245, -0.26938435435295105, -0.29991716146469116, -1.0949231386184692, -1.0780991315841675, -0.17171867191791534, 0.39028066396713257, 0.3348676562309265, -0.03513903543353081, 0.0406065434217453, 0.09109529852867126, -0.35473963618278503], [0.5291357636451721, -0.2517256736755371, 0.12300558388233185, 0.12973015010356903, 0.4683983325958252, -0.33139321208000183, -0.25230708718299866, -0.424264520406723, 0.27418583631515503, -0.4131392240524292, 0.20409230887889862, -0.12906630337238312, -0.07482020556926727, -0.21610790491104126, -0.26657336950302124, -0.5776267647743225, -0.20908060669898987, -0.9525684714317322, 0.07141491770744324, -0.07510043680667877, -0.20361611247062683, -0.5029001832008362, -0.20348262786865234, -0.22414429485797882, -0.8280385732650757, -0.6967283487319946, 0.030511382967233658, 0.5241678953170776, 0.03273395821452141, 0.2015453428030014, 0.04334511607885361, 0.5419256091117859]], [[-0.31320178508758545, -0.4393709897994995, -0.47579044103622437, -0.8100249767303467, 0.1251533180475235, -0.984272301197052, 0.16378925740718842, -0.2840571999549866, -0.3735453486442566, -0.5153427720069885, -0.19819487631320953, -1.590113878250122, -0.09670732915401459, -0.3209466338157654, 0.15179231762886047, -0.5686012506484985, -0.45509201288223267, -0.37988418340682983, -0.32389259338378906, -1.1015335321426392, -0.10271808505058289, -0.02139720320701599, 0.15562613308429718, 0.8280878663063049, 0.5658420324325562, -0.17945802211761475, -1.5683457851409912, -0.3441505432128906, -0.8662185668945312, -0.31277763843536377, -1.0881264209747314, -0.25928783416748047], [0.04732271283864975, -1.0413386821746826, -0.2770494818687439, -0.7254414558410645, -1.2198591232299805, -1.5666836500167847, -0.3804837465286255, -1.5153491497039795, -0.3005445599555969, -1.962628960609436, -0.844974160194397, -2.1628096103668213, -1.0322359800338745, -0.28133583068847656, -0.6485850811004639, -1.024528980255127, -0.5152177214622498, -2.3087027072906494, -0.9443589448928833, -1.6345607042312622, -0.6426520943641663, -0.6693376898765564, -0.19882704317569733, 0.06402474641799927, -0.0847739726305008, -0.5798076391220093, -0.4847602844238281, 0.07416485995054245, -1.4081851243972778, -0.6521062850952148, -1.9660645723342896, 0.15420062839984894]], [[0.39624252915382385, 0.41900354623794556, 0.7585845589637756, 0.4468327760696411, 0.8610677719116211, 0.45571082830429077, 0.5929494500160217, 0.4912968873977661, 0.7402446269989014, 0.30031082034111023, 0.7802599668502808, 0.791760265827179, 0.6988296508789062, 0.368007630109787, 0.7305958867073059, 0.9070830941200256, 0.23468875885009766, 0.5129141807556152, 0.20183593034744263, 0.2926768362522125, 0.04526585713028908, 0.24683216214179993, 0.18211287260055542, 0.45899808406829834, 1.3256385326385498, 0.21648353338241577, 1.0665805339813232, 0.5212458968162537, 0.4575989246368408, 0.16311603784561157, 0.9729501008987427, 0.4636128544807434], [0.19884386658668518, 0.4704058766365051, 0.43172377347946167, 0.2723580598831177, 1.1795672178268433, 0.8941792249679565, 0.7342932820320129, 0.5265275239944458, 0.3843162953853607, 0.5710341334342957, 0.6618470549583435, 0.6746664047241211, 0.8009126782417297, 0.44502004981040955, 0.7128854990005493, 0.3461805284023285, 0.5884334444999695, 0.5318928360939026, 0.7246272563934326, 0.41817590594291687, 0.8528140783309937, 0.44680941104888916, 0.6711435914039612, 0.3707132339477539, 0.5284496545791626, 1.0027462244033813, 0.3927345871925354, 0.24734103679656982, 0.4996832609176636, 0.33591023087501526, 0.8533496260643005, 0.20788568258285522]], [[0.18341189622879028, -0.06987469643354416, -0.14122867584228516, -0.030283723026514053, -0.07275120168924332, 0.012603344395756721, -0.162019744515419, 0.15027344226837158, 0.7828052639961243, 0.6328561305999756, 0.05707915127277374, -0.09182868897914886, -0.15433654189109802, 0.006673524156212807, -0.3953089416027069, 0.05305826663970947, 0.35186517238616943, 0.3639877438545227, -0.08433312922716141, -1.1997222900390625, -0.14604656398296356, 0.06688077002763748, 0.5316734910011292, 0.18594305217266083, 1.2090588808059692, 0.44838619232177734, -0.5716208219528198, -0.2480992078781128, -0.09279683232307434, -0.038090892136096954, -0.24812617897987366, -0.005674663931131363], [0.3277061879634857, -0.0668741837143898, 0.06528870016336441, 0.0360337495803833, 0.03336501121520996, 0.058796852827072144, 0.043077945709228516, -0.5817351341247559, 0.11957903951406479, -0.8167016506195068, -0.20811404287815094, -0.6184819936752319, -0.3278045654296875, 0.2492944449186325, -0.22973601520061493, -0.17556636035442352, -0.495320588350296, -1.2241867780685425, -0.16183678805828094, -0.2388661801815033, -0.3945654332637787, -0.706122636795044, -0.02510947920382023, -0.0869939774274826, 0.2405157834291458, -0.6567071676254272, 0.00957627035677433, 0.3445341885089874, -0.1353575587272644, -0.14390859007835388, -0.4740605354309082, 0.2978757619857788]], [[0.8437530994415283, 1.3382776975631714, 1.2517197132110596, 0.756081223487854, 1.2319093942642212, 1.042738914489746, 1.188150405883789, 1.1763492822647095, 0.8320345878601074, 1.0465340614318848, 1.14443838596344, 1.3398911952972412, 0.9704127311706543, 0.5477104187011719, 1.0826365947723389, 1.1089744567871094, 0.8297101259231567, 0.9996591806411743, 0.7311155796051025, 1.113810658454895, 1.3596341609954834, 1.14517343044281, 0.9862121343612671, 1.3761248588562012, 0.6743443012237549, 0.8265790939331055, 1.8750205039978027, 0.8196595907211304, 1.2142196893692017, 0.8440498113632202, 1.836327314376831, 0.9623078107833862], [0.26888567209243774, 0.5316193103790283, 0.21669477224349976, 0.3519415557384491, 1.1629167795181274, 0.8035327196121216, 0.9410887956619263, 1.2674415111541748, 0.3800533711910248, 0.45844802260398865, 0.7831848859786987, 1.055377721786499, 0.8298478126525879, 0.0033297687768936157, 0.7833833694458008, 0.7019729614257812, 0.2717381417751312, 0.1820548176765442, 0.39599332213401794, 0.4247730076313019, 0.5222383737564087, 0.3088487982749939, 1.2491780519485474, 0.7560322284698486, 0.6226779222488403, 1.4193592071533203, 0.5832076072692871, 0.1896219253540039, 1.3663216829299927, 0.7829382419586182, 2.0512895584106445, 0.14187464118003845]], [[0.13543200492858887, 0.5796515941619873, 0.31092557311058044, 0.09150916337966919, 0.16039079427719116, 0.3950575888156891, 0.24087998270988464, 0.6084332466125488, 0.1770402491092682, -0.07471002638339996, 0.5411347150802612, 0.34338220953941345, 0.47382262349128723, 0.21919599175453186, 0.32887354493141174, -0.050186559557914734, 0.23186340928077698, 0.052394866943359375, 0.4365570843219757, 0.5985331535339355, 0.28716132044792175, 0.23633649945259094, 0.5909843444824219, 0.6237390041351318, -0.3194650411605835, 0.22304531931877136, -0.13100647926330566, 0.1561659574508667, 0.3280477225780487, 0.21282008290290833, -0.04310616850852966, 0.34043899178504944], [0.18045035004615784, 0.2945042550563812, -0.003262758255004883, 0.006847113370895386, 0.38710007071495056, -0.07105584442615509, 0.22185251116752625, 0.06402212381362915, -0.022574633359909058, 0.05465295910835266, 0.33700355887413025, 0.4265424311161041, 0.47758206725120544, 0.4629921615123749, 0.5811331272125244, 0.2298462688922882, 0.11775478720664978, 0.08168891072273254, 0.24779483675956726, 0.3872157633304596, 0.19755780696868896, 0.703486442565918, 1.4449434280395508, 1.1641614437103271, 0.47308412194252014, 0.43036124110221863, 0.26404932141304016, 0.1429523527622223, 0.053367286920547485, -0.057215750217437744, -0.15767492353916168, 0.17604652047157288]], [[-0.3000155985355377, -0.36705082654953003, -0.31413185596466064, -0.37268996238708496, -0.861967146396637, -0.3496128022670746, -0.9696952104568481, -0.70923912525177, -0.6897355914115906, -0.30179938673973083, -0.3726404905319214, -0.7069967985153198, -0.8073906302452087, -0.3407943546772003, -0.6149939298629761, -0.9616990685462952, -0.4578234553337097, -0.4990862011909485, -0.12253667414188385, -0.5198916792869568, -0.43914514780044556, -0.6934618949890137, -1.6430284976959229, -1.2276874780654907, -0.7090027332305908, -0.42319023609161377, -1.5289472341537476, 0.048527881503105164, -0.5533294081687927, -0.05919753387570381, -1.3842458724975586, -0.3415922522544861], [-0.07132375240325928, 0.01357942819595337, 0.000772915780544281, 0.048047199845314026, -0.47135841846466064, -0.354550838470459, -0.5065107345581055, -0.4684080481529236, -0.19026680290699005, 0.13802440464496613, 0.03669670224189758, -0.05063014477491379, 0.1447138637304306, 0.08994796872138977, -0.17345744371414185, -0.008261941373348236, -0.07259221374988556, -0.011219225823879242, 0.21363769471645355, 0.1924639791250229, -0.06713677942752838, -0.058756858110427856, -0.608065128326416, -0.47560030221939087, -0.4082881808280945, 0.014172673225402832, -0.32246899604797363, -0.1438554972410202, -0.3529350459575653, -0.2514020800590515, -0.9763857126235962, -0.17151157557964325]], [[0.0039854347705841064, 0.4680272042751312, 0.4298921525478363, -0.12277570366859436, 0.1960713267326355, -0.3409119248390198, 0.34578725695610046, 0.1204434484243393, 0.2759328782558441, -0.08710706233978271, 0.3741219639778137, -0.3452500104904175, -0.046436846256256104, -0.09317943453788757, 0.21613353490829468, -0.18258783221244812, 0.20823577046394348, -0.10558807849884033, -0.10934686660766602, -0.09995225071907043, 0.052132636308670044, 0.2302432656288147, -0.03398832678794861, -0.4047996401786804, 0.08780518174171448, 0.27236801385879517, -0.2444753646850586, 0.25855743885040283, -0.024805545806884766, 0.2853485345840454, 0.06889724731445312, 0.2017669826745987], [-0.31628239154815674, -0.6747323274612427, -0.28220081329345703, -0.6123252511024475, -0.745743989944458, -1.1461936235427856, -0.4532962441444397, -0.9690574407577515, -0.24895721673965454, -1.2894823551177979, -0.7535605430603027, -1.290096402168274, -0.7709169387817383, -1.4456112384796143, -0.8636264801025391, -1.1442965269088745, -0.8409793376922607, -1.6116629838943481, -0.910995602607727, -1.5675088167190552, -0.7963452339172363, -0.8746352195739746, -0.6004768013954163, -0.9957797527313232, -0.8694915771484375, -1.6416926383972168, -0.14107266068458557, -0.3660821318626404, -0.7690647840499878, -0.2772161364555359, -0.28132063150405884, -0.35609889030456543]], [[0.12608301639556885, 0.4947449266910553, 0.016935139894485474, 0.31169557571411133, 0.31236913800239563, 0.6027885675430298, 0.3014245331287384, 0.2087489515542984, 0.23105305433273315, 0.18328329920768738, 0.09045696258544922, -0.4545672535896301, 0.27006304264068604, 0.310947060585022, 0.6917036771774292, 0.25611960887908936, 0.04495131969451904, 0.13996660709381104, 0.06653240323066711, 0.441620409488678, 0.05977290868759155, -0.08489874005317688, -0.338470995426178, -0.4734960198402405, 0.3221346139907837, -0.020090162754058838, -0.5314178466796875, 0.47685113549232483, -0.0896407961845398, -0.002082347869873047, -0.059831470251083374, 0.507565975189209], [0.0011213421821594238, 0.00537031888961792, 0.08229532837867737, 0.0025194883346557617, -0.17382627725601196, -0.1731511950492859, -0.018877744674682617, -0.17780056595802307, 0.08936245739459991, -0.4304531216621399, -0.26339757442474365, -0.4169479012489319, 0.03972002863883972, 0.1388368457555771, -0.015550434589385986, 0.03300437331199646, 0.10698844492435455, -0.5812689065933228, 0.12317739427089691, 0.04574006795883179, 0.08649086952209473, -0.34593451023101807, -0.14805886149406433, -0.044829756021499634, 0.3127986192703247, -0.6312900185585022, 0.0028011202812194824, 0.04604640603065491, -0.31708329916000366, -0.01634642481803894, -0.20259076356887817, 0.12557613849639893]], [[0.0750029981136322, 0.48236310482025146, 0.7166892290115356, -0.2540125846862793, 0.8982071876525879, 0.2505411207675934, 0.8649895191192627, 0.3154742121696472, 1.3932225704193115, 0.5196520090103149, 0.5732921361923218, 0.4754667282104492, 0.6744804382324219, -0.022969186305999756, 0.654184877872467, -0.02843223512172699, 0.2662021219730377, 0.17938032746315002, 0.45746493339538574, 0.4634605944156647, 0.9861438274383545, 1.0625998973846436, 2.470973253250122, 1.9317567348480225, 1.229922890663147, 0.6929921507835388, 1.2773735523223877, 0.43979477882385254, 0.38135194778442383, 0.329148530960083, 0.7823787927627563, -0.05721685290336609], [-0.512295126914978, 0.021048113703727722, -0.09414619207382202, -0.30373039841651917, 0.23304755985736847, 0.2577968239784241, 0.13854187726974487, 0.1923520863056183, -0.20127800107002258, 0.2543094754219055, 0.27296167612075806, 0.03508409857749939, 0.32062456011772156, -0.24313142895698547, 0.2392248958349228, 0.255817711353302, -0.1363798975944519, 0.6670517325401306, 0.2803741693496704, 0.06823739409446716, 0.44919005036354065, 0.713800311088562, 0.6570068597793579, 0.6789870858192444, 0.2693091034889221, 1.4108341932296753, 0.029816672205924988, -0.6086443662643433, 0.26529499888420105, -0.04693925380706787, 0.30312737822532654, -0.5794459581375122]], [[-0.015347152948379517, 0.5454401969909668, 0.3584616780281067, 0.6632540822029114, 0.49261075258255005, 0.6650790572166443, 0.3888784646987915, 0.3423101007938385, -0.015141978859901428, 0.07779765129089355, 0.26400303840637207, -0.2823549509048462, 0.5331510901451111, 0.2280910313129425, 0.209548681974411, 0.7936525940895081, -0.14231742918491364, 0.7909152507781982, -0.03652484714984894, 0.49734729528427124, 0.053041212260723114, 0.1889398992061615, -0.11043402552604675, -0.013938918709754944, 0.10070716589689255, 0.578302800655365, -0.09423267841339111, 0.4938613176345825, 0.0808856338262558, 0.23777009546756744, 0.2662513852119446, 0.4611550569534302], [0.5719003081321716, 0.3677917718887329, -0.01450677216053009, 0.29813843965530396, -0.215754434466362, -0.32251644134521484, -0.01889529824256897, -0.042132601141929626, 0.020542636513710022, -0.8633817434310913, -0.12528865039348602, -0.6490128040313721, -0.14644353091716766, -0.054391756653785706, -0.19517947733402252, 0.23037189245224, -0.08799158036708832, -0.5243393182754517, 0.052923984825611115, 0.10929127037525177, 0.07006218284368515, -0.25381529331207275, -0.21176506578922272, 0.13301488757133484, 3.3482909202575684e-05, 0.2121770679950714, 0.17413951456546783, 0.48708081245422363, -0.5447264909744263, 0.10588069260120392, -0.3477615714073181, 0.5838406682014465]], [[-0.4737820029258728, -0.5654938220977783, -0.807390034198761, -0.42580342292785645, -0.012595266103744507, -0.33984601497650146, 0.6755416393280029, -0.11071549355983734, -0.6130777597427368, -0.7130250930786133, 0.08245079219341278, -1.034900188446045, -0.06652006506919861, -0.6316260099411011, 0.43101567029953003, -0.5358341932296753, -0.8575134873390198, -1.0024012327194214, -0.5108077526092529, -0.7127644419670105, -0.01044781506061554, 0.1633075773715973, 0.780566930770874, 0.9523159265518188, -0.42485785484313965, -0.11797524988651276, 0.19073250889778137, -0.19948600232601166, 0.16627365350723267, -0.07152500748634338, 0.44214051961898804, -0.42825502157211304], [0.13937002420425415, 0.09895473718643188, -0.21760715544223785, -0.029000096023082733, 0.6090272665023804, 0.5804829001426697, 0.0634177178144455, 0.7506493926048279, -0.2738780379295349, 0.28215742111206055, 0.1250804215669632, 0.29524558782577515, 0.1312982738018036, -0.10250452160835266, 0.28124475479125977, 0.16820195317268372, -0.12949779629707336, 0.23025235533714294, -0.018293485045433044, -0.1379113644361496, 0.021170206367969513, 0.27903664112091064, 0.8726061582565308, 0.7761402130126953, 0.46052247285842896, -0.5047808885574341, -0.05931909382343292, 0.14075356721878052, 0.32068318128585815, -0.2519523501396179, 0.4446278214454651, 0.09822656214237213]], [[0.7089871168136597, 0.43196210265159607, 1.5121166706085205, 0.6424977779388428, 1.1318860054016113, 0.4872852861881256, 0.6134105920791626, 0.6648967266082764, 0.8988593816757202, 0.48878124356269836, 0.6809293031692505, 0.430338591337204, 0.8722883462905884, 0.7759648561477661, 0.7161790132522583, 1.0575286149978638, 0.6187399625778198, 0.8626135587692261, 0.9139480590820312, 1.5275861024856567, 1.0004277229309082, 0.8107688426971436, 1.0377000570297241, 0.792191743850708, 0.26855412125587463, 0.6910847425460815, 1.242194414138794, 0.821242094039917, 0.8316489458084106, 0.7413545846939087, 0.8143222332000732, 0.49439558386802673], [0.3811819851398468, 0.25442203879356384, 0.38032618165016174, 0.25429633259773254, 0.5675904750823975, -0.04481102526187897, 0.26300713419914246, 0.32896485924720764, 0.21902582049369812, 0.14552918076515198, 0.2611250579357147, 0.4036214053630829, 0.5660760402679443, 0.3643900454044342, 0.36881718039512634, -0.0726214200258255, 0.3119165599346161, 0.28659185767173767, 0.651542067527771, 0.8244730234146118, 0.4938060939311981, 0.8975664377212524, 0.4566761553287506, -0.45809584856033325, 0.14521965384483337, 0.8449342250823975, 0.5853952169418335, 0.373345285654068, 0.656338095664978, 0.4158723056316376, 0.4885176718235016, 0.40007105469703674]], [[0.010246011428534985, -0.3589950501918793, -0.16878481209278107, -0.01768648438155651, 0.17301876842975616, 0.2550618052482605, -0.1848694235086441, -0.1010918840765953, -0.20253124833106995, 0.18797779083251953, -0.25786590576171875, -0.4705873727798462, 0.3311276137828827, 0.36467695236206055, 0.29510167241096497, 0.23500826954841614, -0.10000932961702347, 0.6703258156776428, 0.20952221751213074, 0.3605808615684509, -0.028127875179052353, -0.36719825863838196, -1.124163031578064, -0.736276388168335, 0.7023845314979553, 0.0002431166503811255, -0.13255035877227783, -0.0949077233672142, -0.1680414378643036, 0.017755702137947083, -0.02346530556678772, 0.046953413635492325], [-0.3139358460903168, 0.3038734495639801, 0.01256289891898632, 0.2838234603404999, -0.30272671580314636, 0.21675747632980347, 0.37393707036972046, 0.23731622099876404, 0.16013981401920319, -0.3462418019771576, 0.23650504648685455, 0.06299996376037598, 0.39823874831199646, 0.7724514007568359, 0.369099885225296, 0.1386096328496933, 0.5481991171836853, 0.20314337313175201, 0.481370747089386, 0.44002166390419006, 0.37330302596092224, -0.6789475083351135, 0.5363020896911621, 0.750238835811615, 0.6200968027114868, 0.4638790488243103, 0.458109587430954, -0.14826124906539917, 0.20533162355422974, 0.0887279063463211, -0.05121246725320816, -0.17772738635540009]], [[0.8748896718025208, 0.13541916012763977, 0.5783724188804626, 0.4146350026130676, 0.355522096157074, -0.1032356321811676, 0.6122008562088013, 0.19510790705680847, 0.30221834778785706, 0.014531075954437256, 0.415228933095932, 0.10150220990180969, 0.4068264365196228, 0.35605257749557495, 0.6587463617324829, 0.7222018241882324, 0.5552232265472412, 0.39261236786842346, 0.6445830464363098, 0.5178366899490356, 0.33420300483703613, 0.04007062315940857, 0.015283763408660889, 0.1709946095943451, 0.43985050916671753, 0.4091266989707947, 0.6827390789985657, 0.16081950068473816, 0.09004455804824829, 0.2909921705722809, 0.43842098116874695, 0.5356694459915161], [-0.19774430990219116, 0.23211787641048431, 0.2559484541416168, 0.12663280963897705, -0.05084076523780823, 0.007658571004867554, 0.2911554276943207, 0.4750204086303711, 0.24758121371269226, 0.3078862428665161, 0.3212805390357971, -0.12066105008125305, 0.213680237531662, 0.4587959945201874, 0.3471131920814514, 0.13517121970653534, 0.22237853705883026, 0.5183535814285278, 0.25476133823394775, 0.14747098088264465, 0.6085804104804993, 0.1564750075340271, 0.6475776433944702, 0.898684024810791, 0.5108212828636169, 0.6498996019363403, 0.37239140272140503, -0.22106343507766724, 0.09832042455673218, 0.37990978360176086, 0.1854880452156067, -0.1555677056312561]], [[0.06029785796999931, -0.22742079198360443, -0.6919015645980835, -0.045255325734615326, 0.1737024188041687, 0.011752445250749588, 0.27572184801101685, -0.08924750983715057, -0.1696356236934662, -0.5128388404846191, -0.06235672906041145, -0.6403399705886841, -0.061653200536966324, 0.03988383337855339, 0.1077030748128891, -0.09909117221832275, -0.3956442177295685, 0.008334558457136154, 0.14656808972358704, 0.4543244242668152, 0.03522481396794319, -0.361517995595932, 0.28200235962867737, 0.930147111415863, 0.19178172945976257, -0.09207171201705933, -0.43164879083633423, -0.196768656373024, -0.3091634213924408, -0.15154799818992615, -0.5097165703773499, -0.11646437644958496], [0.22363750636577606, -0.1761164367198944, -0.06414886564016342, -0.06209765374660492, -0.5216703414916992, -0.48900315165519714, -0.11420664191246033, -0.20511436462402344, 0.006718236953020096, -0.6050856709480286, -0.549802839756012, -0.5705264210700989, -0.5728932619094849, -1.0804139375686646, -0.41996005177497864, -0.40255358815193176, -0.6269094944000244, -0.5137723684310913, -0.6515527963638306, -0.5742532014846802, -0.8888231515884399, -1.1407756805419922, -1.3699396848678589, -0.8414366841316223, -0.6892235279083252, -1.671196699142456, 0.2439323216676712, 0.1727643758058548, -0.17746970057487488, -0.231590136885643, -0.11831595003604889, 0.18255098164081573]], [[0.5733094215393066, -0.13740874826908112, 0.0654001533985138, -0.2322334498167038, 0.12339689582586288, -0.42291224002838135, -0.03849497437477112, -0.06429155170917511, 0.1308642327785492, 0.28828051686286926, -0.02960701286792755, -0.22312138974666595, 0.01651853322982788, 0.21395854651927948, -0.6128600239753723, -0.985945463180542, 0.9939984083175659, -0.39803171157836914, 0.5660176277160645, -0.044801220297813416, 0.15840403735637665, 0.32034265995025635, -0.019898250699043274, -0.13459675014019012, -0.1649249643087387, 0.5999071002006531, -0.3196713924407959, 0.22779051959514618, 0.5038474202156067, 0.531347393989563, -0.3432178497314453, 0.5495296120643616], [0.16679154336452484, 0.551596462726593, 0.6424093842506409, 0.49260449409484863, 0.7288911938667297, 0.3179545998573303, 0.5250324010848999, 0.017374590039253235, 0.3473387360572815, 0.6095465421676636, 0.7900795340538025, 0.6418551802635193, 0.9187974333763123, 1.0950387716293335, 0.7143514752388, 0.46701914072036743, 0.7721990942955017, 0.2225753217935562, 1.0292102098464966, 0.5125822424888611, 0.8878880739212036, 0.885464072227478, 0.9476796388626099, 0.2632759213447571, 1.011792778968811, -0.3779298663139343, 0.014045029878616333, 0.2001764178276062, -0.21321089565753937, 0.08459698408842087, -0.6034223437309265, 0.15401476621627808]], [[0.6089178323745728, 0.3951706290245056, 0.7800233364105225, 0.4170185923576355, 0.7234429717063904, 0.07150354981422424, -0.08588451147079468, 0.8055692911148071, -0.03786315396428108, 0.4686025381088257, 0.5943494439125061, 0.7022197842597961, 0.09193341434001923, 0.2769179344177246, -0.07466219365596771, -0.11144562065601349, 0.4501360058784485, 0.046731311827898026, 0.6553022265434265, 0.13734398782253265, 0.4843592643737793, 0.3779369294643402, -0.0748024582862854, 0.1557290256023407, 0.7301813960075378, -0.19857802987098694, 0.8993467092514038, 0.40987393260002136, 0.4188550114631653, 0.480326771736145, 0.40735572576522827, 0.488165944814682], [0.15926101803779602, 0.7579162120819092, 0.6975493431091309, 0.4335229992866516, 0.33228981494903564, 0.35887452960014343, 0.7517905235290527, 0.621823787689209, 0.6516516804695129, 0.6774975657463074, 0.6560529470443726, 0.30155137181282043, 0.24513761699199677, 0.3056609332561493, 0.5589710474014282, 0.5858387351036072, 0.6010570526123047, 0.5914449095726013, 0.6507893204689026, 0.1913316696882248, 0.700395405292511, 0.26083680987358093, 0.611271858215332, 1.0404930114746094, 1.0405117273330688, 0.3326541781425476, 0.5662923455238342, 0.00469815731048584, 0.6207320690155029, 0.5669799447059631, 0.8810130953788757, 0.008181463927030563]], [[-0.003033287823200226, 0.048055313527584076, -0.012447603046894073, -0.12790188193321228, -0.27276748418807983, 0.35714173316955566, 0.022960908710956573, -0.19454702734947205, 0.805380642414093, 0.4861612021923065, 0.3989505469799042, -0.16239504516124725, -0.10373926907777786, 0.1322576403617859, 0.26852869987487793, 0.0694776102900505, -0.3238401710987091, 0.17095494270324707, -0.14402300119400024, -0.0845591127872467, -0.08200928568840027, 0.6390216946601868, 1.4093748331069946, 1.312319278717041, 0.5754277110099792, 0.6130462288856506, -1.6248798370361328, -0.030654989182949066, -0.40934473276138306, -0.30692005157470703, -1.2446764707565308, -0.4623800814151764], [0.13233962655067444, 0.18999695777893066, 0.11748864501714706, -0.03168642520904541, 0.25605642795562744, 0.7291813492774963, -0.23184406757354736, -0.07892017811536789, -0.07556743919849396, 0.4443477690219879, 0.13484030961990356, 0.27534735202789307, -0.05247778818011284, 0.041306205093860626, -0.15625117719173431, 0.25432848930358887, -0.12310382723808289, 0.04540020972490311, 0.10161196440458298, 0.08171942085027695, 0.0813262090086937, 0.7739414572715759, 0.8196190595626831, 0.8824487328529358, 0.03427066653966904, -0.09724704921245575, 0.07360450178384781, 0.21998897194862366, -0.48061877489089966, -0.3517756462097168, -1.2324782609939575, 0.1925484836101532]], [[0.304710328578949, 0.5422630310058594, 0.4520372748374939, 0.5222831964492798, 0.4710712730884552, 1.1018955707550049, 0.610854983329773, 0.33194881677627563, 0.6257282495498657, 0.5016383528709412, 0.3059750199317932, 0.8762601613998413, 0.44473791122436523, 0.34206750988960266, 0.43710410594940186, 0.10140544176101685, 0.7129322290420532, 0.36287721991539, 0.2038901299238205, 0.8392510414123535, 0.5898340940475464, 0.20713186264038086, -0.2646334767341614, 0.003397919237613678, 0.7194920778274536, 0.6364787817001343, 0.523059606552124, 0.31456977128982544, 0.4573518931865692, 0.21705816686153412, 0.4422330856323242, 0.03235262632369995], [-0.22868496179580688, 0.6929107904434204, 0.28964030742645264, 0.4538174271583557, 1.0975068807601929, 1.5312360525131226, 0.4542813003063202, 1.2016911506652832, 0.0810953825712204, 1.176665186882019, 0.7179158926010132, 1.180771827697754, 0.6819907426834106, 0.8513888120651245, 0.7389692068099976, 0.8853847980499268, 0.2914882302284241, 1.6570749282836914, 0.5166385173797607, 1.1696337461471558, 0.3621300160884857, 0.4096101224422455, 0.699701189994812, 0.7819361686706543, 0.8106722831726074, 0.09490399807691574, 0.16533181071281433, -0.22839564085006714, 0.36785849928855896, 0.09848257154226303, 0.7444566488265991, -0.16435371339321136]], [[-0.6804534792900085, -0.3497323989868164, -0.1180410236120224, -0.9423861503601074, -0.23365145921707153, 0.04008020833134651, -0.39172348380088806, -0.20566874742507935, -0.6487546563148499, -0.552013635635376, -0.620354175567627, 0.17018674314022064, 0.45549410581588745, -0.7861238718032837, -0.037927791476249695, -0.5492765307426453, -0.6965421438217163, -0.5364933013916016, -0.29225724935531616, 0.19989101588726044, -0.24077162146568298, 0.13536286354064941, -0.615736186504364, -1.4529696702957153, -1.7437069416046143, -0.4086517095565796, 0.007580749690532684, -0.557528555393219, -0.0774480551481247, -0.20707842707633972, 0.09693295508623123, -0.37034353613853455], [-0.3855796754360199, -0.5500282645225525, -0.6980018019676208, -0.7066999673843384, -0.18940013647079468, -1.0454381704330444, -0.42849379777908325, -0.47944343090057373, -0.5977997779846191, -0.3104688227176666, -0.13529066741466522, -0.042991310358047485, 0.155779629945755, -0.9912501573562622, -0.19644278287887573, -1.6360516548156738, -0.5420084595680237, -0.3380216956138611, -0.4914094805717468, -0.6798959970474243, -0.4698522686958313, -0.41247427463531494, -0.850546658039093, -1.130822777748108, -0.9348680973052979, -0.958342432975769, -0.36104312539100647, -0.2971705496311188, -0.3966740369796753, -0.6732687950134277, -0.4350735545158386, -0.36888188123703003]], [[0.13650046288967133, 1.066195011138916, 0.7901798486709595, 0.5130503177642822, 0.22241897881031036, 0.7526602149009705, -0.0584741085767746, 0.5226244330406189, 0.17966903746128082, 0.521443784236908, 0.5442898869514465, 1.0274649858474731, 0.5491155982017517, 0.5475829839706421, 0.18279238045215607, 1.3842346668243408, 0.13600601255893707, 1.1651878356933594, 0.6167205572128296, 0.6612370610237122, 0.5561479330062866, 0.6153032779693604, 0.3308493494987488, 0.21799878776073456, 0.3012123107910156, 0.5100829005241394, 1.1841979026794434, 0.1813356727361679, 0.4800841808319092, 0.42516064643859863, 0.658177375793457, 0.33480846881866455], [0.0705748051404953, 0.7147185802459717, 0.33286339044570923, 0.7119231224060059, 0.6179735660552979, 1.1961090564727783, 0.294184148311615, 1.6175607442855835, 0.559212327003479, 1.3578524589538574, 0.72704017162323, 1.163629174232483, 0.5330418348312378, 0.48097240924835205, 0.520494282245636, 0.9478905200958252, 0.7806730270385742, 1.6921578645706177, 0.6584593057632446, 0.8722950220108032, 0.3700340986251831, 0.4379115700721741, 0.670286238193512, 0.453646183013916, -0.024707525968551636, 1.1938729286193848, 0.2996366620063782, 0.05118618905544281, 0.7093812823295593, 0.23040716350078583, 1.0286139249801636, 0.0043919384479522705]], [[0.751832127571106, 0.614290714263916, -0.002042233943939209, 0.38828808069229126, 0.10361906886100769, 0.45789146423339844, 0.1946725845336914, 0.41560375690460205, -0.3222115635871887, 0.0004929006099700928, 0.5267460346221924, 0.3208630681037903, -0.09802886843681335, 0.29771071672439575, 0.25575321912765503, -0.34667518734931946, -0.3490737974643707, 0.12071371078491211, 0.18114882707595825, 0.07990339398384094, 0.21893376111984253, 0.25417566299438477, 0.6306045651435852, 0.9625790119171143, -1.0673646926879883, 0.3333713412284851, -0.0008974969387054443, 0.15494877099990845, -0.16415788233280182, 0.21646028757095337, -0.11268964409828186, 0.5937433838844299], [0.35006123781204224, 0.6303326487541199, 0.5053688287734985, 0.27406686544418335, 0.2742399573326111, 0.5133906006813049, 0.6309862732887268, 0.12533533573150635, 0.46411216259002686, 0.3608458638191223, 0.4606442451477051, 0.3912520408630371, 0.5182397961616516, 0.7691348791122437, 0.3310661315917969, 0.4245496988296509, 0.49410736560821533, 1.1124534606933594, 0.4492890238761902, 0.560597836971283, 0.23923581838607788, 0.41931629180908203, -0.11804825067520142, -0.39695388078689575, 0.10924527049064636, 1.2712106704711914, 0.5844007730484009, 0.2648124098777771, 0.25538748502731323, 0.6627535223960876, 0.030444860458374023, 0.22768747806549072]], [[0.009582992643117905, 0.047578658908605576, -0.01621534675359726, 0.3645668923854828, 0.00869172066450119, 0.6446308493614197, 0.69960618019104, 0.34534725546836853, 0.02963777258992195, 0.2350885570049286, 0.5420399308204651, 0.24027734994888306, 0.34719547629356384, 0.48280268907546997, 0.7695572972297668, 0.00033292174339294434, -0.1543511152267456, 0.24587279558181763, 0.2876587510108948, 0.25376036763191223, 0.4057251811027527, 0.6859346628189087, 0.7608938813209534, -0.30573874711990356, -0.5050661563873291, -0.20796427130699158, -0.5174908638000488, 0.07997336983680725, 0.41080665588378906, 0.24834272265434265, 0.10114499926567078, 0.035048145800828934], [0.0054514482617378235, 0.7787079215049744, 0.29576611518859863, 0.6882129311561584, 0.5801785588264465, 0.7602536082267761, 0.08279769867658615, 0.6782239079475403, 0.2651687264442444, 1.0168970823287964, 0.4816201627254486, 0.2963100075721741, 0.5288410186767578, 0.5094688534736633, 0.2678450644016266, 0.5702462792396545, 0.3074278235435486, 1.2550162076950073, 0.5922107696533203, 0.6629574298858643, 0.5599807500839233, 0.14443916082382202, -0.24101510643959045, -0.1183207705616951, 0.3162556290626526, 0.8937191367149353, -0.02187448740005493, -0.03926621377468109, 0.5292081236839294, 0.2703530490398407, -0.3532561659812927, -0.09296581894159317]], [[0.3809589743614197, 0.4770212769508362, 0.5033453106880188, 0.29960179328918457, -0.05705053731799126, 0.7179345488548279, -0.03461236506700516, 0.4037051200866699, 0.30910438299179077, 0.6162075996398926, 0.469298779964447, 0.49080538749694824, 0.2042635977268219, 0.4840763807296753, -0.26160842180252075, 0.024480022490024567, 0.12538757920265198, 0.4040253162384033, 0.33370935916900635, 0.545581579208374, 0.34772586822509766, 0.5658081769943237, 0.4544335603713989, 0.08209840208292007, 0.6746764779090881, 0.1514565646648407, -0.2523689866065979, 0.0056550949811935425, 0.12039485573768616, 0.04339083284139633, -0.2809738516807556, 0.12155812978744507], [-0.1513705551624298, -0.1745920032262802, -0.11550113558769226, -0.27759766578674316, -0.17717885971069336, -0.21377946436405182, -0.10825029015541077, -0.10605626553297043, -0.14294467866420746, 0.3434654474258423, 0.003990044817328453, 0.060164228081703186, 0.12323527038097382, 0.3107556104660034, -0.031465794891119, -0.26168009638786316, 0.26601141691207886, 0.22173412144184113, 0.07415234297513962, -0.16659441590309143, 0.36782675981521606, 0.4788980484008789, 0.2304203063249588, -0.052825912833213806, 0.08872461318969727, 1.2650984525680542, -0.3495432138442993, -0.17669130861759186, -0.12586618959903717, -0.05147411301732063, -0.3845333456993103, -0.14289337396621704]], [[0.014179213903844357, -0.6806250214576721, 0.26919782161712646, -0.26693135499954224, 0.22414197027683258, -0.5648528337478638, 0.24074146151542664, -0.04941394925117493, 0.7127414345741272, 0.45358869433403015, 0.1862395852804184, -0.328006774187088, 0.7024425268173218, 0.4778215289115906, 0.3615972697734833, 0.3280493915081024, 0.5550596714019775, 0.40312567353248596, 0.22879843413829803, 0.005930331535637379, 0.447228342294693, 0.7402218580245972, 0.646163284778595, 0.8212092518806458, 1.0485310554504395, 0.8872925043106079, -0.0007172515615820885, 0.26756560802459717, 0.17311081290245056, 0.361001193523407, -0.10201729089021683, 0.3819616436958313], [0.0453244186937809, 0.14101563394069672, -0.0024975091218948364, -0.006459859665483236, 0.411952406167984, 0.21531619131565094, 0.17339995503425598, -0.46137019991874695, 0.28758248686790466, 0.3236728608608246, 0.3802568316459656, 0.09879786521196365, 0.5372294187545776, 0.08763347566127777, 0.6089532375335693, 0.375416100025177, 0.13703475892543793, 0.3014754056930542, -0.01772180013358593, -0.07650020718574524, 0.6055576205253601, 0.996112048625946, 0.9578703045845032, 0.22273869812488556, 0.7154533267021179, 1.158422589302063, -0.0307546928524971, -0.04535602033138275, -0.9078121185302734, 0.21533450484275818, -0.7601113319396973, -0.0763474628329277]], [[-0.36162862181663513, 0.9914515018463135, 0.881696879863739, 0.8170773983001709, 1.6102920770645142, 1.5291869640350342, 1.3195377588272095, 0.8928775787353516, 0.22383390367031097, 0.25621166825294495, 0.598781943321228, 1.9808229207992554, 1.564836859703064, 0.23820479214191437, 0.6183397769927979, 1.309422492980957, 0.10800335556268692, 0.6169655919075012, 0.7091717720031738, 1.7864265441894531, 1.5124506950378418, 0.8531218767166138, 1.0715023279190063, 1.49118971824646, 2.1438214778900146, 0.8008874654769897, 2.593437910079956, 0.6056782007217407, 1.199316382408142, 0.3860599994659424, 2.2477879524230957, 0.8248706459999084], [-0.5226704478263855, 0.5303412675857544, 0.07691401243209839, 0.05097857862710953, 1.6015379428863525, 1.1700505018234253, 0.26296740770339966, 0.6848044395446777, -0.5953353047370911, 1.6891446113586426, 0.7900115251541138, 1.6463336944580078, 1.2815545797348022, 1.362897276878357, 0.6799393892288208, 0.40444332361221313, 0.2564258277416229, 1.3607887029647827, 0.8472216725349426, 1.0571569204330444, 0.8505433201789856, 1.0998255014419556, 1.7742290496826172, 0.8417068123817444, 0.209657683968544, 2.8256072998046875, -0.13392575085163116, -0.5241765975952148, 0.6789560914039612, -0.19421479105949402, 1.50946843624115, -0.5510740876197815]], [[-0.7636241912841797, -1.3215829133987427, -1.2813563346862793, -1.0770237445831299, -1.2609087228775024, -2.2293732166290283, -1.1930789947509766, -1.0536237955093384, -2.5393166542053223, -1.8528871536254883, -1.7089778184890747, -2.283724069595337, -1.4083431959152222, -1.1997184753417969, -1.575336217880249, -1.5058196783065796, -1.4374401569366455, -1.4716246128082275, -1.2326923608779907, -1.911076307296753, -1.2144447565078735, -1.4740403890609741, -2.601053237915039, -1.9142659902572632, -2.3206093311309814, -1.9793580770492554, -2.1470232009887695, -1.803062915802002, -1.2645529508590698, -1.2577096223831177, -1.0867326259613037, -1.1257153749465942], [0.642933189868927, -1.876552939414978, -1.1560372114181519, -1.41558039188385, -2.1416258811950684, -2.64501690864563, -1.6281476020812988, -1.9197484254837036, -1.0677852630615234, -2.9599504470825195, -2.361768960952759, -2.777336597442627, -2.419675588607788, -3.349165439605713, -2.387575149536133, -2.4951040744781494, -2.3311448097229004, -2.9264204502105713, -2.5858523845672607, -2.669766902923584, -2.4020004272460938, -3.3260445594787598, -2.7384226322174072, -2.459455728530884, -1.4652992486953735, -1.5101476907730103, -1.5451773405075073, 0.5429050922393799, -1.9435060024261475, -1.7920455932617188, -1.9597992897033691, 0.565360426902771]], [[0.7573270797729492, 1.071736454963684, 0.5154632925987244, 1.5171120166778564, 0.5901371240615845, 1.6078393459320068, 0.4745293855667114, 1.0999939441680908, 0.0311292614787817, 0.3702450692653656, 0.0738995298743248, 0.6518261432647705, 0.2565498948097229, 1.0026391744613647, 0.7646853923797607, 1.4668755531311035, 0.940784215927124, 0.9385073781013489, 0.3057829737663269, 0.9717060923576355, 0.19166120886802673, -0.11121424287557602, -0.6621262431144714, -0.4090242385864258, 0.19511380791664124, 0.5341813564300537, 0.29861289262771606, 0.5655540823936462, 0.4651993215084076, 0.9177471399307251, 0.4448261857032776, 0.82612144947052], [0.4040617048740387, 1.0231417417526245, 0.37486979365348816, 0.7842477560043335, 0.8239978551864624, 1.0043963193893433, 0.4448450207710266, 1.2106149196624756, 0.508384108543396, 1.0601733922958374, 0.5617534518241882, 0.9327986240386963, 0.32323524355888367, 0.2408052533864975, 0.3571111261844635, 0.9029054045677185, 0.17734657227993011, 1.6180429458618164, 0.4233160614967346, 0.9956923723220825, 0.28914937376976013, -0.050802528858184814, 0.4784489572048187, 0.48150113224983215, 0.014946268871426582, 0.5976786017417908, 0.46158212423324585, 0.38848012685775757, 1.0802247524261475, 0.8792820572853088, 1.1616533994674683, 0.41716235876083374]], [[0.12310625612735748, -0.4328407645225525, -0.5387958884239197, -0.14210444688796997, 0.28661423921585083, -0.15005216002464294, 0.2242002636194229, -0.17765966057777405, 0.06582479178905487, -0.14826762676239014, -0.19980177283287048, -0.5127649307250977, 0.21464361250400543, 0.07265067100524902, -0.35331445932388306, 0.041849151253700256, 0.22093139588832855, 0.018738210201263428, 0.11478035151958466, -0.31644901633262634, 0.14645741879940033, -0.34166809916496277, -0.17655369639396667, 0.09722034633159637, 0.7517693638801575, 0.34515541791915894, -0.2133159637451172, -0.23425444960594177, 0.29087573289871216, -0.016063764691352844, -0.3406730890274048, -0.20003356039524078], [-0.09814198315143585, -0.446056604385376, -0.26732516288757324, -0.31750592589378357, -0.4937576651573181, 0.012389704585075378, -0.1506497859954834, 0.21314604580402374, -0.32705336809158325, -0.4948551654815674, -0.6806856393814087, -0.33233585953712463, -0.2938912510871887, -0.2410019040107727, -0.3559189438819885, -0.12786464393138885, -0.396944522857666, 0.08201900124549866, -0.14663739502429962, -0.15036019682884216, -0.2236083447933197, -0.3308660089969635, -1.3339248895645142, -0.6924518942832947, -0.4294988512992859, 0.10065247118473053, -0.27281951904296875, -0.07303566485643387, 0.16240336000919342, -0.12686046957969666, -0.36101213097572327, -0.07589995115995407]], [[0.09873360395431519, 0.18067194521427155, 0.030550271272659302, 0.3534410893917084, 0.5037845373153687, 1.0376760959625244, 0.805169939994812, 0.6246517300605774, 0.3899051547050476, 0.45195573568344116, 0.3423168659210205, 0.4340932369232178, 0.7951809167861938, 0.5081525444984436, 0.5937426090240479, 0.40114954113960266, 0.7551031112670898, 0.7191455960273743, 0.3293534517288208, 0.3849625587463379, 0.03718411922454834, -0.1597214937210083, 0.18150022625923157, 0.012919843196868896, 1.3040568828582764, 1.2651277780532837, 0.8624671697616577, 0.601326584815979, 0.3282216191291809, 0.47696390748023987, 0.6309887170791626, 0.5261139273643494], [0.12200641632080078, 0.19411765038967133, 0.21526509523391724, 0.22906605899333954, 0.34923210740089417, 0.3854694664478302, 0.3915514647960663, -0.11562460660934448, 0.15342015027999878, 0.4290027320384979, 0.4147498309612274, 0.3044995665550232, 0.18246307969093323, 0.4155770540237427, 0.32374152541160583, 0.4652647376060486, 0.4155633747577667, 0.5124363899230957, 0.23498845100402832, 0.42106443643569946, 0.4190390110015869, 0.3509795069694519, 0.2152445912361145, 0.12454786896705627, 0.04607963562011719, 0.04942241311073303, 0.24795199930667877, 0.11658939719200134, 0.10228496789932251, 0.23749423027038574, -0.13479673862457275, 0.08823630213737488]], [[-0.17198902368545532, -0.48957109451293945, -0.428276389837265, -0.2578667104244232, -0.6952876448631287, -0.057831864804029465, -0.8001008629798889, -0.15579062700271606, 0.15778763592243195, -0.29206591844558716, -0.33416491746902466, -0.1408231258392334, -0.4718645215034485, -0.7387412786483765, 0.20801089704036713, -0.05381959676742554, 0.14776837825775146, 0.11650225520133972, -0.594713032245636, -0.7351816892623901, -0.5973211526870728, -0.4707842469215393, -0.03792940452694893, -0.1280900239944458, 0.6938112378120422, -0.1777726709842682, -0.210604727268219, -0.30246442556381226, -0.4340679347515106, -0.3414749801158905, 0.12381294369697571, -0.21914121508598328], [0.10571843385696411, -0.06406307965517044, -0.029418155550956726, -0.14330370724201202, -0.2445431351661682, -0.09109188616275787, -0.10160500556230545, 0.28065741062164307, -0.2232287973165512, 0.7774897217750549, 0.18038249015808105, 0.11485134810209274, 0.25399255752563477, 0.34168824553489685, 0.12795409560203552, 0.060230057686567307, 0.1947849988937378, 0.5106973052024841, 0.14639846980571747, 0.11557082831859589, 0.03603312373161316, 0.0841568261384964, 0.2005927711725235, -0.14063869416713715, -0.02458977699279785, 0.380764901638031, -0.08393178135156631, 0.04445328563451767, 0.3663070797920227, 0.08345691859722137, 0.38308390974998474, 0.052983399480581284]], [[-0.29280388355255127, -1.065319299697876, -0.853620171546936, -1.3450636863708496, -0.2747287154197693, -1.4580883979797363, -0.14534661173820496, -0.7473611831665039, 0.03197718411684036, -0.9492945671081543, -0.20797044038772583, -0.6099547743797302, -0.3020620048046112, -0.96146559715271, -0.14745312929153442, -1.185068130493164, -0.562064528465271, -1.5968616008758545, -0.9229003190994263, -2.2254133224487305, -0.7573133707046509, -0.9759811162948608, -0.538496196269989, -0.8021536469459534, -1.3349251747131348, -1.0368009805679321, -0.5654563903808594, -0.6073488593101501, -0.8702164888381958, -0.670134425163269, -0.5603432655334473, -1.2454460859298706], [-0.11621099710464478, -0.7357172966003418, -0.16048556566238403, -0.608795166015625, -0.3789515495300293, -0.8583067059516907, -0.11730113625526428, -0.6676768660545349, -0.1479756236076355, -1.3612676858901978, -0.8148244023323059, -1.184021234512329, -0.397915780544281, -0.4276055693626404, -0.24183428287506104, -1.0251219272613525, -0.47941428422927856, -1.9277178049087524, -0.8317610621452332, -1.4956574440002441, -0.7469070553779602, -0.7740115523338318, -0.15562331676483154, -0.6987842321395874, -0.5132571458816528, -1.3519260883331299, -0.2712843418121338, -0.028354927897453308, -0.7933539152145386, -0.34890374541282654, -0.9098144769668579, -0.0630723237991333]], [[-0.561190128326416, -0.8764623403549194, -0.8284849524497986, -0.5240955352783203, -0.7124602198600769, -0.7490825057029724, -0.8418383598327637, -0.8098532557487488, -0.628955066204071, -0.6770768761634827, -0.7761221528053284, -1.3129459619522095, -0.8209127187728882, -0.45849156379699707, -0.19032937288284302, -0.8102145791053772, 0.06958381086587906, -0.3630618155002594, -0.7940585613250732, -0.8038833737373352, -0.7985209226608276, -1.146986961364746, -2.554751396179199, -1.6063036918640137, -0.3028591573238373, -1.1137210130691528, -2.5421910285949707, -0.543753445148468, -1.1621571779251099, -0.6355451941490173, -1.7164362668991089, -0.7839565873146057], [0.1312650442123413, -0.11132418364286423, -0.11891355365514755, 0.08063676953315735, -0.4821610748767853, -0.43614107370376587, -0.1593291461467743, -0.5899767875671387, -0.040867067873477936, -0.1363193690776825, -0.21674680709838867, -0.6158397793769836, -0.16013753414154053, -0.562617838382721, -0.03563297539949417, -0.0632719099521637, -0.29439857602119446, 0.20284029841423035, -0.48787805438041687, -0.18852201104164124, -0.26507750153541565, -0.4904029667377472, -0.6958670020103455, -0.20791834592819214, -0.6274614930152893, -0.2381688356399536, -0.16711708903312683, 0.1450617015361786, -0.6161358952522278, -0.10530220717191696, -1.2348748445510864, 0.150429368019104]], [[0.010057300329208374, 0.12022477388381958, 0.3795556128025055, -0.12264764308929443, 0.00958278775215149, -0.17223843932151794, 0.10818830132484436, 0.0071533918380737305, 0.2861268222332001, 0.3867400586605072, 0.09941595792770386, 0.9477188587188721, -0.11279386281967163, -0.18314975500106812, 0.28621092438697815, 0.08354112505912781, -0.17109432816505432, -0.4442713260650635, -0.3468577265739441, -0.3229469060897827, -0.33048945665359497, -0.44139108061790466, -0.6621826887130737, -0.10171735286712646, 0.12929698824882507, -0.09746257960796356, 0.6016736030578613, -0.3560192286968231, -0.08341048657894135, -0.41786766052246094, 0.05880293250083923, -0.3448764979839325], [-0.32852789759635925, -0.3162199854850769, -0.4300168752670288, -0.3319051265716553, -0.16622018814086914, -0.12120924890041351, -0.47042161226272583, 0.44499829411506653, -0.19803312420845032, 0.4187513291835785, -0.3741786479949951, 0.4558996260166168, -0.24554844200611115, -0.4414382576942444, -0.3933292031288147, -0.0497722327709198, -0.5836893320083618, 0.11402830481529236, -0.2944968640804291, -0.0768253356218338, -0.29526370763778687, 0.29373714327812195, 0.1054328978061676, 0.217680424451828, 0.0759112536907196, 0.08851402997970581, -0.1448477804660797, -0.22393693029880524, 0.09853631258010864, -0.12384402751922607, 0.4103076159954071, -0.16871428489685059]], [[0.7009989619255066, 0.9207233190536499, 1.3592150211334229, 1.1382912397384644, 1.0231646299362183, 1.637824535369873, 0.7578725814819336, 0.8533483147621155, 0.7348441481590271, 0.5265769362449646, 0.9131752252578735, 1.9249151945114136, 1.3585273027420044, 0.9262183308601379, 1.4563874006271362, 2.1901285648345947, 0.7612015008926392, 0.7917223572731018, 0.7092174887657166, 1.3475428819656372, 1.3720382452011108, 1.4443892240524292, 1.3503599166870117, 1.332979440689087, 1.5013978481292725, 0.2020387351512909, 2.530815601348877, 0.5150265693664551, 1.4703625440597534, 0.5091593861579895, 2.101576328277588, 0.6085773706436157], [-0.1243455559015274, 0.5847501754760742, 0.5602768659591675, 0.9056902527809143, 1.2744308710098267, 1.1308300495147705, 0.47305062413215637, 1.3590341806411743, 0.5033116340637207, 1.8789526224136353, 1.1308149099349976, 2.187300443649292, 1.3318066596984863, 0.7476677298545837, 1.06501305103302, 1.500307559967041, 0.5417066216468811, 2.2730703353881836, 1.0010285377502441, 1.3565728664398193, 1.0000731945037842, 1.5790339708328247, 1.5653880834579468, 1.7503089904785156, 1.5640486478805542, 1.9793848991394043, 0.9133172631263733, -0.03482811897993088, 1.7260594367980957, 0.7556491494178772, 2.587172746658325, -0.1132163405418396]], [[-0.3169081211090088, -0.12462584674358368, -0.007011547684669495, -0.258554071187973, -0.1184023916721344, -0.30262291431427, -0.34009087085723877, -0.508015513420105, 0.9066182374954224, -0.9882041215896606, -0.3589908480644226, -0.381067156791687, -0.524094820022583, -0.42642146348953247, -0.6190794706344604, -0.7680829167366028, 0.6953914761543274, -0.5923110842704773, -0.3641567528247833, -0.034511417150497437, -0.5355364680290222, -0.23283225297927856, -0.15025846660137177, -0.8773937821388245, 0.8425164222717285, -0.38046884536743164, -0.47915661334991455, -0.48565196990966797, -0.4923866391181946, -0.7752736806869507, -0.8148360848426819, -0.917163610458374], [-0.008141443133354187, -0.25145670771598816, -0.006940588355064392, -0.2573796212673187, 0.03236593306064606, 0.14308272302150726, 0.1099911481142044, -1.31636643409729, -0.2260754108428955, -0.9898144006729126, 0.005145668983459473, -0.4944848418235779, -0.19114083051681519, -0.4436725080013275, -0.20374315977096558, -0.2803460955619812, 0.09399078786373138, -1.1666556596755981, -0.09934825450181961, -0.7831130027770996, -0.6679244041442871, -1.0620297193527222, -0.32719820737838745, -0.5454514026641846, -0.022837072610855103, -1.2536301612854004, -0.290088415145874, -0.16139006614685059, -0.7100287675857544, -0.5227822065353394, -0.5886046290397644, -0.18794789910316467]], [[-0.025790899991989136, -0.9828532338142395, -0.20766697824001312, 0.04743090271949768, -0.13970054686069489, -0.5479156970977783, -0.3057599663734436, -0.26956748962402344, -0.8297113180160522, -0.3836729824542999, -0.2597990036010742, -1.087957739830017, -0.5321428775787354, -0.07437549531459808, -0.0736338347196579, -0.7526422142982483, -0.4972824156284332, -0.42981213331222534, -0.20199736952781677, -0.8820705413818359, -0.17098388075828552, -0.12826165556907654, -0.702629804611206, -0.4500125050544739, -1.4832828044891357, -0.3716605305671692, -1.034854531288147, -0.11792117357254028, -0.15219564735889435, 0.04690846800804138, -0.5595603585243225, -0.2097853124141693], [0.5918784737586975, -0.14930576086044312, 0.2225387692451477, 0.18726783990859985, -0.4013430178165436, -0.2501809597015381, -0.012119919061660767, -0.2640765607357025, 0.12391936779022217, -0.08694504201412201, -0.18302291631698608, -0.1385728269815445, 0.1304982304573059, 0.6442950963973999, 0.18075311183929443, 0.09333392977714539, 0.14144358038902283, -0.3890587389469147, 0.15228009223937988, 0.0757075846195221, 0.3339630961418152, 0.5141786336898804, 0.9729779958724976, 1.4691295623779297, 0.5856112837791443, -0.0010417401790618896, 0.275537371635437, 0.6526155471801758, 0.36477601528167725, 0.2943728566169739, -0.1635872721672058, 0.5684544444084167]], [[0.5700613260269165, 1.1658388376235962, 1.2802807092666626, 0.8314969539642334, 1.2794901132583618, 1.6587835550308228, 1.1315104961395264, 0.8889342546463013, 0.47916993498802185, 1.2839618921279907, 1.1805768013000488, 2.335088014602661, 1.7746752500534058, 0.8326488733291626, 1.4812705516815186, 1.4784733057022095, 1.1750922203063965, 1.1918339729309082, 0.9292182922363281, 1.2051194906234741, 0.8061375617980957, 0.050105705857276917, -0.16417117416858673, 0.22721132636070251, 1.5949888229370117, 1.0378180742263794, 1.959641933441162, 1.1434606313705444, 0.7899521589279175, 0.8955780267715454, 1.4667692184448242, 0.7431868314743042], [-0.2792893648147583, 0.884232759475708, 0.6200065612792969, 0.7148239612579346, 1.6261720657348633, 1.5649793148040771, 0.7226371765136719, 1.6507385969161987, 0.38195714354515076, 1.873985767364502, 1.3476217985153198, 1.5867866277694702, 1.3680909872055054, 0.89569091796875, 1.0923354625701904, 0.661176323890686, 0.6855416297912598, 2.0161283016204834, 0.9834794998168945, 1.3186066150665283, 0.9790443181991577, 0.657859206199646, 1.5896095037460327, 0.9578473567962646, 0.8262268304824829, 0.7341207265853882, 0.4174339473247528, -0.22502334415912628, 0.885379433631897, 0.3533458411693573, 1.1546907424926758, -0.2184208780527115]], [[-0.28772681951522827, -1.1307106018066406, -1.1652274131774902, -1.0142344236373901, -1.1553990840911865, -1.6560311317443848, -0.9753061532974243, -1.1673955917358398, -1.285659909248352, -0.8941757678985596, -0.9920267462730408, -2.24788761138916, -1.4747679233551025, -0.8270501494407654, -0.9926640391349792, -2.3472352027893066, -0.34673166275024414, -1.6381984949111938, -0.7915951013565063, -1.778031826019287, -0.9738883972167969, -1.2019734382629395, -2.4168522357940674, -1.5914011001586914, -0.5578104257583618, -1.0532528162002563, -2.699047327041626, -0.7441980838775635, -1.0560784339904785, -0.6518740057945251, -1.8856258392333984, -0.6835880875587463], [-0.06431981921195984, -1.130770206451416, -0.27783510088920593, -0.581626296043396, -1.7700567245483398, -1.6396231651306152, -0.5479894876480103, -1.9512697458267212, -0.26914507150650024, -2.205948829650879, -0.9164813160896301, -2.1276416778564453, -0.9634499549865723, -0.656470775604248, -0.8276406526565552, -0.7434768676757812, -0.13191087543964386, -2.856600284576416, -0.8703408241271973, -1.7321652173995972, -0.7846127152442932, -1.364844799041748, -0.6072821021080017, -0.13076138496398926, 0.16957928240299225, -2.0789713859558105, -0.4264543652534485, -0.09016373753547668, -1.5026843547821045, -0.5270106196403503, -1.8081680536270142, -0.10732186585664749]], [[0.24525752663612366, -0.3342280983924866, -0.3095106780529022, -0.02891439199447632, 0.11482671648263931, -0.4905667006969452, -0.39125916361808777, 0.0031064078211784363, -0.09357304126024246, -0.14237864315509796, -0.27160751819610596, -0.7267977595329285, 0.2258792519569397, 0.07029097527265549, -0.3748045861721039, -0.4551955461502075, -0.25348564982414246, -0.6289491057395935, 0.14276111125946045, -0.7875770330429077, 0.19956010580062866, 0.0070353224873542786, -0.5899253487586975, -0.6526961326599121, -1.5295825004577637, -0.7912061214447021, -0.8508123159408569, 0.3069758117198944, -0.11619752645492554, 0.20629370212554932, -0.11762695014476776, 0.6220045685768127], [0.25197455286979675, 0.20091471076011658, 0.47574305534362793, -0.12096953392028809, 0.46739304065704346, 0.46078771352767944, 0.47813308238983154, -0.2835107743740082, 0.39307641983032227, 0.28961631655693054, 0.42085498571395874, 0.0021375268697738647, 0.5259886980056763, 0.050336748361587524, 0.3817973732948303, -0.22940629720687866, 0.5294333696365356, 0.22831740975379944, 0.24312061071395874, 0.11312339454889297, 0.5169734358787537, 0.25199469923973083, 0.6002268195152283, -0.023853134363889694, -0.12037163972854614, 0.7487030029296875, 0.12037529796361923, 0.24763089418411255, 0.18070927262306213, 0.3730695843696594, -0.0189494825899601, 0.16227221488952637]], [[0.17094750702381134, 0.15188433229923248, 0.44936859607696533, -0.3873342275619507, 0.12217585742473602, -0.38615190982818604, 0.23791758716106415, 0.0010786205530166626, 0.5453935265541077, 0.5770707726478577, 0.44161248207092285, -0.3018040359020233, 0.07485732436180115, -0.31734520196914673, 0.2763238549232483, -0.6089155673980713, 0.5034033060073853, -0.38809025287628174, -0.053251929581165314, -0.5896860957145691, 0.3523375988006592, 0.353229820728302, 0.06469820439815521, 0.7482427358627319, 0.5631357431411743, 0.2490699738264084, 0.2385939508676529, 0.4698893427848816, 0.14635498821735382, 0.45095646381378174, -0.1272357851266861, 0.1231783777475357], [0.1042366474866867, 0.7544026374816895, 0.440604031085968, 0.49017345905303955, 0.8878185153007507, 0.49835479259490967, 0.7546326518058777, -0.431540846824646, 0.42876535654067993, 0.18302784860134125, 0.5833601355552673, -0.1325056105852127, 0.4130404591560364, 0.2864142060279846, 0.6274991035461426, 0.192347452044487, 0.3967875838279724, -0.4107886552810669, 0.2797255516052246, -0.03992091864347458, 0.4865906834602356, -0.07782874256372452, 0.6859480142593384, 0.9814826846122742, 0.9479421973228455, -0.2889837622642517, 0.6384196281433105, 0.032468125224113464, 0.03213800489902496, 0.5282244682312012, -0.2846453785896301, 0.025596410036087036]], [[-0.0787482038140297, -0.10529933124780655, -0.19736513495445251, 0.012955695390701294, -0.19815748929977417, -0.5925054550170898, -0.4274321496486664, 0.31660395860671997, -0.6028531193733215, -0.13678619265556335, -0.12794196605682373, -0.3260202705860138, -0.544482946395874, -0.15422454476356506, -0.5760776400566101, -0.7727360129356384, -0.06635250896215439, -0.6071709990501404, -0.0761621966958046, -0.7062588930130005, -0.015215538442134857, 0.0647895336151123, -0.24078258872032166, -0.10180392116308212, -0.6183313727378845, -0.2953815758228302, -0.487042635679245, -0.4115942418575287, -0.07249041646718979, 0.14667217433452606, -0.4672326147556305, -0.016115792095661163], [0.4742707908153534, 0.5829465985298157, 0.8387331962585449, 0.5470725893974304, -0.22706636786460876, -0.14118075370788574, 0.6801686882972717, 0.4821264445781708, 0.6697748303413391, 0.05792929232120514, 0.5398077368736267, 0.12661898136138916, 0.4929681718349457, 0.4986811578273773, 0.5375577807426453, 0.46188536286354065, 0.7364804744720459, -0.17308321595191956, 0.41187527775764465, 0.08038964867591858, 0.7202229499816895, 0.4127669930458069, 0.6185791492462158, 0.4106205999851227, 1.2678437232971191, -0.6264609098434448, 0.702242374420166, 0.4870837926864624, 0.5979673862457275, 0.8464739918708801, 1.0833667516708374, 0.4716801345348358]], [[-0.9316772222518921, -1.4163882732391357, -1.1251542568206787, -1.2743619680404663, -0.8375023603439331, -1.424523115158081, -0.9528791904449463, -0.8972673416137695, -1.3393179178237915, -1.2856343984603882, -0.8581347465515137, -1.1449642181396484, -0.9249573945999146, -1.0806056261062622, -0.8224506974220276, -1.5041897296905518, -1.0866835117340088, -1.2444247007369995, -0.5764780640602112, -1.4418177604675293, -0.7083837389945984, -0.9897997379302979, -1.2390769720077515, -1.9351866245269775, -2.6163413524627686, -1.610211730003357, -1.1172887086868286, -0.4964076280593872, -0.880900502204895, -0.8775135278701782, -0.9921990633010864, -0.7645210027694702], [0.18909303843975067, -0.6893643736839294, -0.29130780696868896, -0.5762563347816467, -0.6483299136161804, -0.8141161799430847, -0.6481450200080872, -0.784138023853302, -0.4813803434371948, -0.7770881056785583, -0.719386100769043, -0.6470121145248413, -0.5827773213386536, -0.5788931250572205, -0.8885204792022705, -0.7275485396385193, -0.6250330805778503, -0.7459644079208374, -0.5994489192962646, -0.8735841512680054, -0.32534492015838623, -0.31597816944122314, -0.7717969417572021, -0.15870462357997894, -0.3157802224159241, -0.019770026206970215, -0.4814072847366333, 0.3044692277908325, 0.10902465879917145, 0.17964284121990204, -0.42654210329055786, 0.30533286929130554]], [[-0.0944899171590805, 0.5930143594741821, 0.4245654046535492, -0.8153819441795349, 0.38042640686035156, -0.6424601674079895, 0.031889915466308594, -0.19080573320388794, 0.24006840586662292, -0.1968417465686798, 0.031852178275585175, 0.05585022270679474, 0.23251177370548248, -0.3619539737701416, -0.7377284169197083, 0.12577694654464722, -0.49654561281204224, -0.3518854081630707, -0.0213625431060791, -0.46695685386657715, 0.41682693362236023, 0.6451581716537476, 1.5451960563659668, 1.0337982177734375, -0.375984251499176, 0.2501968741416931, 1.0915567874908447, -0.2722458839416504, 0.5450296998023987, 0.2592300474643707, 1.0806556940078735, 0.04117836058139801], [0.0738532692193985, -0.24572327733039856, 0.035195522010326385, -0.18814986944198608, -0.4600948095321655, -0.6615739464759827, -0.3222934901714325, -0.351727694272995, -0.016985580325126648, -0.888285219669342, -0.6954572200775146, -0.831362783908844, -0.6451582908630371, -0.9243524670600891, -0.6449476480484009, -0.5568686127662659, -0.44985878467559814, -1.3235399723052979, -0.46820247173309326, -0.6914929151535034, -0.3451719880104065, -0.03207734227180481, -0.9325622916221619, -0.683365523815155, -0.6234769821166992, -1.514864206314087, -0.047911226749420166, 0.06184658408164978, 0.011192932724952698, -0.01552446186542511, 0.045619457960128784, 0.0676255151629448]], [[0.0459311306476593, -0.4988446831703186, -1.0439256429672241, -0.5428088307380676, -0.3178349733352661, -0.752986490726471, -0.18615208566188812, -0.4251556396484375, -0.21128487586975098, -0.3861825466156006, -0.4852787256240845, -0.7275186777114868, -0.29354995489120483, -0.18150871992111206, -0.630380392074585, -0.5007372498512268, -0.22200213372707367, -0.6137658357620239, -0.1559544801712036, -1.341781497001648, -0.22636137902736664, -0.5403672456741333, -0.7827987670898438, -0.7365906834602356, -0.22666655480861664, -0.40826910734176636, -0.3164096474647522, 0.022260166704654694, -0.16285854578018188, 0.11456401646137238, -0.22201460599899292, 0.3078937530517578], [-0.02994435280561447, -0.6579521298408508, -0.14483177661895752, -0.2611989378929138, -0.7535715699195862, -0.8528156280517578, -0.09750160574913025, -0.7494505643844604, -0.1875198781490326, -0.5834405422210693, -0.5297186374664307, -0.494873583316803, -0.22611087560653687, -0.37797480821609497, -0.3794749975204468, -0.1949009895324707, -0.15699680149555206, -0.3400614857673645, -0.19108068943023682, -0.34815287590026855, -0.4538825750350952, -0.7037729024887085, -0.5479212999343872, -0.5350013375282288, -0.011163823306560516, -0.7506756782531738, 0.13920217752456665, -0.006319820880889893, -0.5080955028533936, -0.35740381479263306, 0.03397270292043686, -0.010565921664237976]], [[0.5649320483207703, 0.9030454158782959, 0.8552249073982239, 0.9315283894538879, 0.3640114367008209, 1.666801929473877, -0.06936750560998917, 0.6867192387580872, 0.46129587292671204, 0.9535738229751587, 0.32043710350990295, 1.390498399734497, 0.8516208529472351, 0.4601924419403076, -0.12944498658180237, 0.5846617817878723, -0.10786397010087967, 1.2152094841003418, 0.8603041768074036, 1.3550691604614258, 0.5428540706634521, 0.6384487152099609, 0.04266106337308884, 0.09631989896297455, 1.0150290727615356, 0.6054518818855286, 1.3836088180541992, 0.6749680042266846, 1.055068016052246, 0.7192059755325317, 1.133359432220459, 0.4816195070743561], [0.36073073744773865, 0.8283243179321289, 0.208539217710495, 0.42849671840667725, 0.49783968925476074, 1.0004894733428955, 0.36971402168273926, 0.900554358959198, 0.22508656978607178, 1.5502606630325317, 0.5784710049629211, 1.0400867462158203, 0.7431553602218628, 1.7794383764266968, 0.5712074041366577, 0.8067018389701843, 0.6280539631843567, 1.5355875492095947, 1.0586602687835693, 1.3540042638778687, 0.75019371509552, 0.7112367749214172, 1.3070052862167358, 1.2494350671768188, 0.6480200290679932, 1.9838979244232178, 0.5121766924858093, 0.31003811955451965, 1.242864727973938, 0.48437273502349854, 0.7334988713264465, 0.2919718027114868]], [[1.4666701555252075, 1.3974850177764893, 1.3716728687286377, 1.1564478874206543, 0.8669040203094482, 1.1596379280090332, 0.4871940016746521, 1.2749558687210083, 0.30954495072364807, 1.506571888923645, 1.159278154373169, 1.5964510440826416, 0.8640204071998596, 1.1363813877105713, 0.40147724747657776, 1.0920517444610596, 1.0093717575073242, 1.404994010925293, 1.084669828414917, 1.0353862047195435, 1.0075864791870117, 0.14129391312599182, -0.6345008611679077, -0.15148845314979553, 0.9427881240844727, 0.9161559343338013, 1.9711521863937378, 1.5560940504074097, 1.2898046970367432, 1.2363126277923584, 1.8158916234970093, 1.5119900703430176], [0.33512571454048157, 1.0722543001174927, 1.2111084461212158, 0.9157137870788574, 0.758621096611023, 0.9923486709594727, 1.2120012044906616, 0.8556475639343262, 1.1297096014022827, 0.7525702714920044, 1.8430746793746948, 1.1065160036087036, 1.6099400520324707, 1.4945400953292847, 1.3053021430969238, 0.8465388417243958, 1.4004099369049072, 0.5716550350189209, 1.3464868068695068, 0.6576425433158875, 1.400887131690979, 0.8674237728118896, 1.242870807647705, 0.9946878552436829, 1.7502206563949585, 0.903873860836029, 1.3001717329025269, 0.3028554320335388, 1.4283745288848877, 1.045366883277893, 1.5733585357666016, 0.27207040786743164]], [[0.618867039680481, -0.022389378398656845, 0.6593307852745056, -0.15535204112529755, 0.4677881598472595, -0.6228893399238586, 0.4250505566596985, 0.07600466161966324, 0.2435467541217804, -0.25517037510871887, 0.4383060932159424, 0.20555445551872253, 0.5972350239753723, 0.09293066710233688, 0.26941096782684326, 0.5082037448883057, 0.3832947313785553, -0.1799514889717102, 0.31921640038490295, 0.012103162705898285, 0.48618489503860474, 0.34469881653785706, 0.7558678388595581, 0.6256589889526367, -0.10171261429786682, 0.07756707817316055, 1.2136584520339966, 0.33088287711143494, 0.26996806263923645, 0.20749399065971375, 0.9131183624267578, 0.33970823884010315], [0.21168744564056396, 0.030780203640460968, 0.3236914575099945, -0.054492272436618805, 0.513562798500061, -0.1594870537519455, 0.3656415641307831, 0.17807039618492126, 0.4143466055393219, 0.05572213977575302, 0.15692445635795593, -0.031246978789567947, 0.255071759223938, -0.15805459022521973, 0.2758740186691284, -0.15712782740592957, -0.0470561720430851, -0.09391645342111588, 0.025676287710666656, -0.20341458916664124, 0.4434790015220642, -0.07825800776481628, 0.3311229646205902, 0.2589200437068939, 0.5289191007614136, 0.6817866563796997, 0.4362805485725403, 0.26268383860588074, 0.34309059381484985, 0.21201005578041077, 0.5391365885734558, 0.3219570219516754]], [[0.11881515383720398, -0.2675337791442871, -0.3699374198913574, -0.4073142409324646, -0.801825225353241, -0.7755459547042847, -0.774937093257904, -0.7185681462287903, -0.796626627445221, -0.1593105047941208, -0.7281543016433716, -0.4726099371910095, -0.7553764581680298, -0.43400490283966064, -1.0794860124588013, -0.9653645157814026, -0.7208378911018372, -0.6868408918380737, -0.266119122505188, -1.0504220724105835, -0.5202209949493408, -0.37532347440719604, -0.5648884773254395, -0.6040312051773071, -1.1501736640930176, -0.9591875672340393, -0.6258354187011719, -0.8046804070472717, -0.3525521159172058, -0.4019097685813904, -0.8593934178352356, -0.6124855875968933], [-0.10823263227939606, -0.3789291977882385, -0.17722348868846893, -0.10040737688541412, -0.7954156398773193, -0.958284318447113, -0.2286577969789505, -0.4101272225379944, 0.007631152868270874, -0.5774411559104919, -0.6479870080947876, -0.4716131091117859, -0.5838608741760254, -0.6413324475288391, -0.3608221411705017, -0.4221341013908386, -0.22411508858203888, -0.5987578630447388, -0.8250923156738281, -0.8965244889259338, -0.6917961835861206, -0.7109190225601196, -0.3201145529747009, -0.4123416543006897, -0.0990334302186966, 0.12329453974962234, -0.39526981115341187, -0.0456777960062027, -0.4337348937988281, -0.03279876708984375, -0.09962926805019379, -0.03940337896347046]], [[-0.28500497341156006, 0.4038628339767456, 0.03453366458415985, 0.2070835530757904, 0.41672492027282715, 0.14028996229171753, 0.49275681376457214, 0.21906337141990662, 0.39710965752601624, -0.319526731967926, 0.43741902709007263, -0.020541086792945862, 0.45970210433006287, -0.15418148040771484, 0.2632206678390503, 0.397450715303421, 0.41707587242126465, 0.23436591029167175, 0.08986208587884903, 0.2775144875049591, 0.2373654842376709, 0.6898276805877686, 1.6326237916946411, 1.056107521057129, 1.2175744771957397, 0.5690205097198486, 0.4274848997592926, 0.42561039328575134, 0.0739472284913063, -0.014996107667684555, 0.3102368116378784, 0.11206554621458054], [-0.16127115488052368, -0.9374054670333862, -0.7296631336212158, -0.5952861905097961, -1.3487650156021118, -0.6509063839912415, -0.9119880795478821, -0.5235558152198792, -0.4217754304409027, -0.6656486392021179, -0.985316812992096, -0.7196060419082642, -1.0005444288253784, -1.185359001159668, -0.9042461514472961, -0.6297095417976379, -0.6385926604270935, -0.5971737504005432, -0.735724925994873, -0.5379796028137207, -0.8184516429901123, -0.3433191478252411, -0.8845600485801697, -0.4357185959815979, -0.9252128601074219, -0.21262484788894653, -0.2830519378185272, -0.15927688777446747, -0.5168721079826355, -0.40652698278427124, -0.7309781312942505, -0.016681399196386337]], [[0.6161318421363831, 0.8575050830841064, 0.4453030228614807, 0.8772691488265991, 0.2582910358905792, 1.1252267360687256, 0.45163413882255554, 0.57196444272995, 1.4593578577041626, 0.7494922280311584, 0.434198796749115, 0.5202526450157166, 0.3037848174571991, 0.6328366994857788, 0.7667890191078186, 0.43396610021591187, 1.1287627220153809, 0.33130893111228943, 0.44950756430625916, 0.9698998332023621, 0.6363452672958374, 1.0518109798431396, 1.1076366901397705, 1.028448462486267, 1.3488976955413818, 0.7548677325248718, 1.4946743249893188, 0.8453376889228821, 0.7889487147331238, 0.7170526385307312, 0.8885842561721802, 0.5312649011611938], [0.17704053223133087, 0.40613478422164917, 0.47658348083496094, 0.21098527312278748, 0.4956357777118683, 0.8723544478416443, 0.41446390748023987, 0.2232087403535843, 0.36225706338882446, 0.8316395282745361, 0.6846364140510559, 0.2887651026248932, 0.5873698592185974, 0.9678332805633545, 0.7663528323173523, 0.4650057554244995, 0.9349050521850586, 0.4709271490573883, 0.7755491733551025, 0.8461661338806152, 0.8192323446273804, 0.4168231189250946, 2.0042564868927, 2.5112271308898926, 1.2389943599700928, 0.8508222103118896, 0.4006862938404083, 0.1368541270494461, 0.5325105786323547, 0.15781700611114502, 0.32619860768318176, 0.08935759961605072]], [[-1.2438033819198608, -1.8749079704284668, -1.3120938539505005, -1.7013664245605469, -1.2338709831237793, -1.7320038080215454, -1.6814050674438477, -1.3874478340148926, -1.410987377166748, -1.6111875772476196, -1.6094276905059814, -2.0020852088928223, -2.2331435680389404, -1.6346044540405273, -1.800101637840271, -2.324039936065674, -0.8641549944877625, -1.8756877183914185, -1.1165326833724976, -1.566950798034668, -1.439497470855713, -1.9271595478057861, -2.4329097270965576, -2.1955926418304443, -1.2526971101760864, -1.4134485721588135, -2.071103572845459, -0.8985152244567871, -1.791242003440857, -1.4101616144180298, -2.44510817527771, -1.7294689416885376], [-0.19261962175369263, -1.1161330938339233, -0.8729531168937683, -1.059267520904541, -1.4763742685317993, -1.5169297456741333, -1.0530006885528564, -1.4354815483093262, -0.8087534308433533, -1.6186479330062866, -1.2522372007369995, -1.591376543045044, -1.6539182662963867, -1.1708695888519287, -1.3103671073913574, -1.5693459510803223, -0.9884172677993774, -1.7829586267471313, -1.3094432353973389, -1.6420375108718872, -1.5884320735931396, -2.1021718978881836, -1.1849110126495361, -0.6867497563362122, -0.738566517829895, -3.2941296100616455, -1.0898433923721313, -0.1501770317554474, -2.203212261199951, -1.213120937347412, -2.0296854972839355, -0.14011412858963013]], [[0.7462944388389587, 1.1776357889175415, 0.9696086645126343, 0.7926453351974487, 0.4387882947921753, 0.5182381868362427, 0.11214722692966461, 0.6253337264060974, 0.11083990335464478, -0.03434509038925171, -0.02740541100502014, 0.3517938256263733, 0.3940429091453552, 0.6968656182289124, 0.2673262357711792, 0.5335301160812378, 0.17638517916202545, -0.0001737251877784729, 0.5692691802978516, 0.2574978470802307, 0.338501513004303, 0.17719297111034393, -0.18002423644065857, -0.43422675132751465, -0.691218912601471, 0.21143437922000885, 1.078643560409546, 0.5848860740661621, 0.593429446220398, 0.5536644458770752, 1.1788007020950317, 0.9162731170654297], [0.48911362886428833, 0.9734513759613037, 0.8046753406524658, 0.8471940755844116, 1.3063148260116577, 1.1359710693359375, 0.8876492381095886, 1.0135769844055176, 0.7279906868934631, 1.252763271331787, 1.2794359922409058, 1.582136869430542, 1.6471046209335327, 1.2091212272644043, 1.3277075290679932, 0.9058136940002441, 0.7691156268119812, 0.6735442876815796, 1.3059014081954956, 1.4025354385375977, 1.4612594842910767, 1.0462816953659058, 0.7138187289237976, 0.7238881587982178, 0.7712191343307495, 1.6322970390319824, 0.904609203338623, 0.4333152770996094, 1.7374167442321777, 1.182530164718628, 2.2184576988220215, 0.38773268461227417]], [[0.4824591279029846, -0.3641991913318634, 0.015385806560516357, -0.13439732789993286, 0.09322141110897064, -0.7167795896530151, 0.14764966070652008, 0.03211228549480438, -0.14962124824523926, -0.12661121785640717, 0.1844675987958908, -0.4088951349258423, 0.12948761880397797, 0.30755454301834106, -0.031236067414283752, -0.2828068137168884, 0.4053418040275574, -0.5168494582176208, 0.6473754644393921, -0.054017022252082825, 0.34325867891311646, -0.09151382744312286, -0.5257390737533569, -0.40696191787719727, 0.15403012931346893, 0.21784968674182892, -0.06318461894989014, -0.02029109001159668, 0.30222398042678833, 0.6088899374008179, -0.012421593070030212, 0.285061776638031], [-0.02725842595100403, 0.004304766654968262, 0.2280760556459427, 0.1702563315629959, -0.3088738024234772, -0.38544154167175293, -0.014690935611724854, -0.2691439986228943, 0.3529360890388489, -0.6647140979766846, -0.06248721480369568, -0.07182462513446808, -0.19748802483081818, -0.15661977231502533, -0.03333504498004913, -0.05543702840805054, 0.018937543034553528, -1.2906004190444946, -0.20265614986419678, -0.14026698470115662, -0.07883290946483612, -0.1718672662973404, -0.44316965341567993, -0.2054404467344284, 0.02034085988998413, -0.41494935750961304, 0.1263442188501358, 0.02412360906600952, 0.31235116720199585, 0.2503893971443176, -0.23794995248317719, 0.006484225392341614]], [[0.05354344844818115, 0.7782398462295532, -0.15136374533176422, 0.5727313756942749, 0.2795257270336151, 0.5336984395980835, 0.1073390543460846, 0.9053207635879517, -0.128919318318367, 0.11885252594947815, 0.16375532746315002, 0.48991110920906067, 0.5888762474060059, 0.34328171610832214, 0.2539896070957184, 0.20284661650657654, 0.17439717054367065, 0.03540155291557312, 0.030405193567276, -0.08731482923030853, 0.07966282963752747, -0.4603191018104553, -0.31988170742988586, -0.027225881814956665, 0.48122939467430115, -0.3152448236942291, 0.4159133732318878, -0.07975456118583679, 0.18766871094703674, 0.2001701295375824, 0.752632737159729, 0.3691047132015228], [0.18799543380737305, 0.5122904777526855, 0.5410574674606323, 0.23511770367622375, 0.646027684211731, 0.7127416133880615, 0.7892719507217407, 0.6503525972366333, 0.18541911244392395, 0.32428982853889465, 0.6790561676025391, 0.07075852155685425, 0.45871737599372864, 0.9733635187149048, 0.8456640243530273, 0.4852187931537628, 0.8374297618865967, 0.2771202623844147, 0.6924557685852051, 0.233656108379364, 0.9034547805786133, 0.43115147948265076, 1.3643707036972046, 1.2698593139648438, 0.7208070755004883, -0.40229377150535583, 0.3422757685184479, 0.19447016716003418, 0.2425777018070221, 0.2441694438457489, 0.046834081411361694, 0.22203630208969116]], [[-0.19668088853359222, 0.01992734521627426, -0.04739784821867943, 0.2668911814689636, -0.40216225385665894, 0.5169122219085693, -0.6497329473495483, -0.26001474261283875, 0.34659111499786377, 0.3356815278530121, -0.29034990072250366, 0.0805579274892807, 0.3589994013309479, 0.13201647996902466, 0.1103617399930954, -0.07995162904262543, -0.5226719975471497, 0.009528102353215218, 0.08515828847885132, 0.5542247891426086, -0.11253026127815247, 0.009613316506147385, -0.373532235622406, -0.5248510241508484, -0.7890491485595703, -0.1529400646686554, -0.21105794608592987, 0.10877244174480438, -0.12515220046043396, -0.24401532113552094, -0.1551588475704193, 0.16664990782737732], [-0.15691064298152924, 0.030292047187685966, -0.2617628574371338, 0.005050742998719215, 0.5548298954963684, 0.35553714632987976, -0.0687965601682663, 0.31745660305023193, -0.2770143747329712, 0.38138991594314575, -0.010825123637914658, 0.6501829624176025, 0.3470385670661926, -0.23854847252368927, -0.3077111840248108, -0.1571231633424759, -0.3329234719276428, 0.54316645860672, 0.0655246376991272, 0.2700904309749603, 0.055076587945222855, -0.07773901522159576, 0.09716625511646271, -0.616811215877533, -0.3252410888671875, 1.1991350650787354, -0.10706104338169098, -0.21058014035224915, 0.2906089723110199, -0.04031560942530632, 0.10220979154109955, -0.2217697650194168]], [[-0.0636083334684372, 0.5633801817893982, 0.519746720790863, 0.2441009134054184, -0.1695069670677185, 0.6535109281539917, 0.03236924111843109, 0.3173521161079407, -0.2471076250076294, -0.03012186288833618, -0.10319717228412628, 0.21245203912258148, 0.34020739793777466, 0.0560310035943985, 0.13420574367046356, 0.5509542226791382, 0.03687097132205963, 0.17543341219425201, 0.17483501136302948, 1.0326708555221558, 0.06659583747386932, -0.47709500789642334, -0.5673900842666626, -0.25684836506843567, -0.28051042556762695, 0.3695806860923767, 0.23306061327457428, 0.38666749000549316, 0.2110704928636551, 0.2666078805923462, 0.45357316732406616, 0.2393980175256729], [-0.13349470496177673, 0.4631427526473999, 0.15264175832271576, 0.3875906467437744, 0.31380707025527954, 0.6715251803398132, 0.09177117049694061, 0.5856441855430603, 0.023696154356002808, 0.5976268649101257, 0.3705143332481384, 0.4970271587371826, 0.2482336014509201, 0.2185756117105484, 0.22963912785053253, 0.41226309537887573, 0.22857488691806793, 1.0086904764175415, 0.37277019023895264, 0.68867027759552, 0.2799701690673828, 0.2047332376241684, 0.3584643602371216, 0.3559550642967224, 0.03347550332546234, 0.876794695854187, 0.2101709395647049, -0.029262885451316833, 0.059011802077293396, 0.13916520774364471, 0.18663160502910614, -0.050528720021247864]], [[0.004052281379699707, 0.20047637820243835, 0.5323761701583862, -0.12016047537326813, 0.3687499463558197, 0.05113282799720764, 0.4857516586780548, 0.07942438125610352, 0.525962233543396, 0.5877681970596313, 0.624046802520752, 0.9686638116836548, 0.25748202204704285, 0.015345662832260132, 0.398539274930954, 0.1133236289024353, -0.559349536895752, 0.16794392466545105, 0.1464514434337616, -0.16147220134735107, 0.6011760234832764, 1.0253206491470337, 1.8760666847229004, 1.3368685245513916, -0.017109856009483337, 0.13806772232055664, 0.8153173923492432, -0.18080393970012665, 0.28852379322052, 0.08062034845352173, 0.6040117740631104, -0.16770236194133759], [0.014847472310066223, -0.6269270181655884, -0.3519723415374756, -0.3201940655708313, -0.31926774978637695, -0.3682529330253601, -0.3833048641681671, 0.18916237354278564, -0.11751493811607361, -0.30677148699760437, -0.33406582474708557, -0.2132171094417572, -0.19423215091228485, -0.3949878215789795, -0.19331178069114685, -0.19627875089645386, -0.5568199157714844, -0.2613511085510254, -0.5729480981826782, -0.7294296026229858, -0.6592921614646912, -0.11256352812051773, -0.01038263738155365, -0.32516515254974365, -0.44476577639579773, -0.09151237457990646, -0.07456303387880325, -0.009801536798477173, -0.05532427877187729, -0.13622049987316132, 0.5063505172729492, 0.010725051164627075]], [[-0.42836782336235046, -0.3465641736984253, -0.24007543921470642, -0.16325880587100983, -0.42074447870254517, -0.44309815764427185, -0.8921821117401123, -0.5039481520652771, -0.22445917129516602, -0.12751361727714539, -0.7476893663406372, -0.8719826936721802, -0.32432013750076294, -0.18412993848323822, -0.7327336072921753, 0.43772104382514954, -0.7705764174461365, 0.046631813049316406, -0.29465252161026, -0.09816955029964447, -0.37039756774902344, -0.5464138984680176, -0.9406784772872925, -0.9590200185775757, -0.8418055772781372, -0.8707929849624634, -0.5187203884124756, -0.49783632159233093, -0.5898991823196411, -0.6371856927871704, -0.3475707769393921, -0.6289550065994263], [0.09109058976173401, -0.047033607959747314, -0.16106756031513214, -0.09124916791915894, -0.09979873895645142, 0.04114064574241638, -0.35984647274017334, 0.05070051550865173, -0.07439140975475311, -0.1257023960351944, -0.46569234132766724, 0.10997676849365234, -0.43188047409057617, -0.598239541053772, -0.6490230560302734, -0.037959158420562744, -0.5732829570770264, 0.12107035517692566, -0.4398978352546692, -0.2605803608894348, -0.6753246784210205, -0.9015450477600098, -0.4727519750595093, -0.37067705392837524, -0.31891772150993347, 0.3077452480792999, -0.33750632405281067, 0.01422584056854248, -0.19964641332626343, -0.3137833774089813, 0.11331701278686523, -0.06722483038902283]], [[0.4224410653114319, 1.3973307609558105, 0.6808665990829468, 0.3740033805370331, 0.5632472038269043, 1.1576604843139648, 0.8333986401557922, 0.49906694889068604, 1.3318028450012207, 1.1404380798339844, 0.8244601488113403, 0.8824796676635742, 0.823910117149353, 0.4849088490009308, 0.4613862931728363, 0.7245932817459106, 0.4683147072792053, 1.13545823097229, 0.295033723115921, 1.6523616313934326, 0.25960707664489746, 0.5758061408996582, 1.4724996089935303, 1.3732342720031738, 2.19681453704834, 1.3448903560638428, 0.9491494297981262, 0.524889349937439, 0.30044659972190857, 0.08112359046936035, 0.7143508195877075, 0.22089436650276184], [0.12950216233730316, 0.1735525131225586, 0.03720065951347351, -0.21009224653244019, 0.15212556719779968, 0.03696586191654205, 0.02618420124053955, -0.0010974407196044922, 0.1276024580001831, 0.17870233952999115, 0.23604370653629303, 0.23697656393051147, -0.03094196319580078, 0.06093955039978027, -0.03072527050971985, 0.20171119272708893, -0.03684738278388977, 0.23286008834838867, 0.09006044268608093, 0.08357535302639008, 0.22965067625045776, 0.9579039812088013, 0.21888044476509094, -0.023544609546661377, 0.0479719340801239, 0.6644448041915894, 0.04429669678211212, 0.07399721443653107, -0.1532515287399292, 0.16092205047607422, 0.05699777603149414, 0.080997034907341]], [[-0.048546820878982544, -1.3023842573165894, -1.0614525079727173, -1.1688193082809448, -0.33247435092926025, -1.0044952630996704, 0.3689054548740387, -0.8819693922996521, 1.0493550300598145, -0.4868926405906677, -0.8397985100746155, -1.7999427318572998, -0.5427804589271545, -0.7133550047874451, -0.4497331380844116, -1.2473982572555542, 1.079138159751892, -0.7628072500228882, -0.416892945766449, -1.0819298028945923, -0.11439289152622223, 0.3980054259300232, 1.9498744010925293, 1.0928354263305664, 1.2475045919418335, -0.41988474130630493, -1.5540428161621094, -0.4102189540863037, -0.4815380573272705, -0.2752811312675476, -0.6495062708854675, 0.007843315601348877], [0.5030778050422668, 0.43386638164520264, 0.6911684274673462, -0.060497939586639404, 0.7263914942741394, -0.2488785833120346, 0.44783616065979004, -0.8796780705451965, 0.5959112048149109, -0.5895925164222717, 0.45017826557159424, -0.9756364226341248, 0.30205386877059937, 0.8472493886947632, 0.4090151786804199, -0.21877293288707733, 1.4573917388916016, -0.7403291463851929, 0.8665314316749573, 0.054281190037727356, 0.9348293542861938, 0.776694118976593, 1.369390606880188, 2.212543249130249, 1.9810502529144287, -1.440567135810852, -0.5419445633888245, 0.29166650772094727, -0.4654311537742615, -0.3193424344062805, -1.2635042667388916, 0.20660021901130676]], [[-0.5469513535499573, -0.5192323923110962, -0.47177091240882874, -1.0566202402114868, -0.9878273606300354, -0.8272282481193542, -0.9569814801216125, -0.9899667501449585, 0.09845682978630066, -0.32539623975753784, -0.6315915584564209, -0.6197997331619263, -0.6036419868469238, -0.7335909605026245, -0.8811039924621582, -0.7370020747184753, -0.1750592440366745, -0.7916386723518372, -0.7221274971961975, -0.7387927174568176, -0.8795191645622253, -0.6268225908279419, -1.0940196514129639, -1.1273301839828491, -0.12374594807624817, -0.622779905796051, -1.1699156761169434, -0.7095857858657837, -0.6559610962867737, -0.6826084852218628, -0.9921061396598816, -0.9261701703071594], [-0.3940992057323456, 0.04739252105355263, -0.2859092354774475, -0.19402121007442474, -0.2754789888858795, -0.28070664405822754, -0.4179365932941437, -0.2803683876991272, -0.2746584713459015, -0.05948226898908615, -0.11973728239536285, -0.5037434697151184, -0.28687387704849243, -0.30342942476272583, -0.38778743147850037, -0.3449804186820984, -0.1521967351436615, -0.0385482981801033, -0.45805251598358154, -0.44013726711273193, -0.4446810781955719, -0.72501140832901, -0.38807106018066406, -0.2916332185268402, -0.5968372225761414, -0.5208315849304199, -0.7898483276367188, -0.4175153076648712, -0.32506096363067627, -0.3454071879386902, -0.6827355027198792, -0.36864379048347473]], [[-0.04617232084274292, -1.325736403465271, -0.7849159240722656, -0.635071873664856, -0.3250695765018463, -1.1081374883651733, -0.4984401762485504, -0.4301721155643463, -0.7473318576812744, -0.6825641393661499, -0.8715088367462158, -0.9925601482391357, -0.8659757375717163, -0.5961141586303711, -0.875964879989624, -1.2692866325378418, -0.2205428183078766, -1.0456832647323608, -0.7892698049545288, -0.9583022594451904, -0.6293220520019531, -0.8569667339324951, -0.9566030502319336, -0.5867120027542114, -0.8537163734436035, -1.1072784662246704, -1.186977505683899, -0.567493200302124, -0.7976815700531006, -0.6489484310150146, -1.10708487033844, -0.5002243518829346], [0.022686511278152466, -0.7528975009918213, -0.26539066433906555, -0.5671541690826416, -0.7307866811752319, -0.9170083999633789, -0.2529381811618805, -1.4534196853637695, -0.32509127259254456, -1.6967343091964722, -0.8376967906951904, -1.273712158203125, -0.8879973888397217, -0.6054404973983765, -1.0651803016662598, -0.9045785665512085, -0.6228605508804321, -2.3803632259368896, -0.8916761875152588, -1.3987411260604858, -1.093111276626587, -1.201174259185791, -0.6793510913848877, -0.9734563827514648, -0.6485488414764404, -1.6490753889083862, -0.1836283802986145, 0.017384856939315796, -0.840774416923523, -0.40947291254997253, -1.3185553550720215, 0.026166319847106934]], [[0.030978471040725708, -0.35016971826553345, -0.7461602687835693, -0.14770837128162384, -0.5883241891860962, -0.2423120141029358, -0.3760949969291687, -0.5705457925796509, -0.315358966588974, -0.2876708507537842, -0.18440565466880798, -0.7800827026367188, -0.6013135313987732, -0.46701356768608093, 0.17573726177215576, -0.5743390321731567, 0.2650568187236786, -0.049561142921447754, -0.39956045150756836, -1.3069652318954468, -0.5812803506851196, -0.6878183484077454, -0.920041561126709, -0.25866755843162537, -0.12971822917461395, -0.36981630325317383, -1.0844815969467163, -0.3186577558517456, -0.3054640293121338, -0.12867452204227448, -0.6691924333572388, -0.2670327425003052], [-0.23642686009407043, -0.5872352123260498, -0.49840086698532104, -0.6871556043624878, -1.025791049003601, -0.8621357679367065, -0.4431326687335968, -0.7682338953018188, -0.5641849637031555, -1.2775105237960815, -0.7586126327514648, -1.453682541847229, -0.9434089660644531, -0.37284398078918457, -0.6150177717208862, -0.8787813186645508, -0.3758259117603302, -0.9691828489303589, -0.6319279670715332, -0.8436636924743652, -0.6608337163925171, -0.9571863412857056, -0.5196890830993652, -0.284363329410553, -0.46180301904678345, -1.2366156578063965, -0.49366214871406555, -0.07469244301319122, -0.8110233545303345, -0.4644441604614258, -1.211806297302246, -0.1098283976316452]], [[0.010695606470108032, -0.3237684965133667, -0.0029948800802230835, -0.4394683539867401, -0.3538186252117157, -0.35517439246177673, -0.39146408438682556, -0.28646591305732727, -0.8174945116043091, -0.36607787013053894, 0.16608580946922302, -0.9549945592880249, 0.07407668977975845, -0.09068992733955383, 0.23438039422035217, -0.5442585945129395, -0.7770373821258545, 0.07040173560380936, -0.14733999967575073, -0.3102452754974365, -0.3916490972042084, -0.566088080406189, -1.674162745475769, -1.600077748298645, -0.9756165742874146, -0.6871092319488525, -0.7869967222213745, -0.5889753103256226, -0.5908372402191162, -0.328156977891922, -0.4708886444568634, -0.3068418800830841], [0.2524247169494629, -0.08709251880645752, -0.05556190013885498, -0.23981007933616638, -0.024633795022964478, -0.3507377803325653, -0.16885367035865784, -0.04005959630012512, -0.0020965635776519775, -0.10873201489448547, -0.04240471124649048, -0.46416041254997253, -0.2196671962738037, -0.4840354025363922, -0.19967293739318848, -0.3963012993335724, 0.009834125638008118, 0.3640378415584564, -0.13602784276008606, -0.4406258761882782, 0.3170276880264282, 0.1444254219532013, 0.20955045521259308, -0.6364480257034302, -0.7245808839797974, 0.40877431631088257, -0.11730226874351501, 0.13837993144989014, 0.2134663313627243, 0.11537372320890427, 0.0768657699227333, 0.13944202661514282]], [[-0.2927687168121338, -0.29865410923957825, -0.04702015966176987, 0.19367440044879913, 0.0459122508764267, -0.018163040280342102, -0.6613432168960571, -0.1453007012605667, -1.2259150743484497, -0.5010256171226501, 0.16325630247592926, 0.57342529296875, 0.16736643016338348, 0.041647762060165405, -0.18982280790805817, -0.23096802830696106, -0.684578537940979, -0.237216055393219, 0.22750695049762726, -0.138776496052742, 0.10412196815013885, -0.055109329521656036, -1.0128456354141235, -1.478188157081604, -1.7507113218307495, -0.6412774920463562, 0.04145970940589905, -0.5932309627532959, 0.3732736110687256, -0.031740039587020874, 0.09547154605388641, -0.28864383697509766], [-0.3197374641895294, 0.2898244261741638, -0.02943451702594757, 0.32292598485946655, 0.41572779417037964, 0.33619970083236694, -0.12297488749027252, 0.053393006324768066, 0.01624879240989685, 0.35379457473754883, 0.09909428656101227, 0.04866611957550049, -0.04248750954866409, 0.05743910372257233, 0.09472279250621796, 0.19972355663776398, -0.06180138885974884, 0.4432447552680969, 0.21113713085651398, 0.027615293860435486, -0.1462603360414505, -0.40066853165626526, 0.12204529345035553, 0.29869747161865234, -0.3899490237236023, 0.44991159439086914, 0.0932413786649704, -0.21717366576194763, 0.452655553817749, 0.34648585319519043, 0.559965193271637, -0.25441765785217285]], [[0.5814266204833984, -0.8371973037719727, 0.0668376088142395, -0.0060614049434661865, 0.2186393439769745, -0.6838755011558533, 0.18087461590766907, -0.46363234519958496, -0.545325517654419, -0.009861201047897339, -0.14299549162387848, -0.7118375301361084, 0.0004393458366394043, 0.24747905135154724, 0.09476891160011292, -0.630300760269165, 0.1329050362110138, -0.3902648389339447, 0.6753495931625366, 0.42909613251686096, 0.3579845130443573, 0.0665082335472107, -0.4098868668079376, -0.729039192199707, -1.3253843784332275, -0.27777099609375, -0.5684846639633179, 0.5014832019805908, 0.25398674607276917, 0.39240381121635437, -0.4852328300476074, 0.21506580710411072], [-0.04794737696647644, 0.26464220881462097, 0.6426721811294556, 0.13034480810165405, 0.230392187833786, -0.1358310878276825, 0.40321996808052063, -0.5461629033088684, 0.6452511548995972, -0.17309686541557312, 0.42171064019203186, 0.06240108609199524, 0.7476272583007812, 0.744556188583374, 0.6245483160018921, -0.20273321866989136, 0.8425648212432861, -0.35487738251686096, 0.7660865783691406, 0.4395909011363983, 0.5851074457168579, 1.0344159603118896, 0.9080948829650879, 0.7366840839385986, 0.09922400116920471, -0.1617162525653839, 0.574036717414856, -0.013960450887680054, -0.0854358822107315, 0.06842157244682312, -0.7353424429893494, -0.0850483775138855]], [[0.2005457580089569, 0.2045743763446808, 0.3460366427898407, 0.4320991337299347, 0.36991316080093384, 0.04540646821260452, 0.546249508857727, 0.2956288158893585, 0.6412442922592163, 0.617297887802124, 0.236139178276062, 0.45062652230262756, 0.6657448410987854, 0.40737172961235046, -0.06561961770057678, -0.2922452390193939, 0.548751175403595, 0.019008155912160873, 0.2662564218044281, 0.6276559829711914, 0.2804914116859436, 0.28971362113952637, 0.26306450366973877, -0.24421536922454834, 0.6815999746322632, 0.6234479546546936, 1.3217828273773193, 0.7175999283790588, 0.6674609184265137, 0.4498777687549591, 0.7884718179702759, 0.07426094263792038], [0.051772840321063995, 0.1005673035979271, 0.13697528839111328, 0.15984776616096497, -0.5868249535560608, -0.053696051239967346, 0.2578154504299164, 0.4181378483772278, 0.19046851992607117, -0.353109210729599, -0.07156892120838165, -0.2137594223022461, -0.1440221518278122, -0.015434395521879196, 0.07018253207206726, 0.244686096906662, 0.2253255546092987, -0.34024110436439514, 0.006083350628614426, 0.03587625175714493, -0.2265567183494568, -0.09867587685585022, -0.14794349670410156, 0.6451326608657837, 0.9057936072349548, -0.4615636467933655, 0.6124792098999023, 0.07460498064756393, 0.41603827476501465, 0.3646527826786041, 0.9285174012184143, 0.15420669317245483]], [[-0.5060707926750183, 0.20764774084091187, 0.23201771080493927, 0.7765968441963196, 0.01209118403494358, 0.3394530415534973, -0.08345462381839752, 0.2886642813682556, -1.319243311882019, -0.16583536565303802, 0.13964015245437622, 0.6071079969406128, 0.44146260619163513, 0.31572777032852173, 0.0766197219491005, 1.1354334354400635, -0.8311802744865417, 0.7851569056510925, 0.2514422833919525, 0.32269880175590515, -0.1292724609375, 0.06232205033302307, -1.1140601634979248, -0.956139087677002, -0.531107485294342, 0.3478364050388336, 0.8270895481109619, 0.30371928215026855, 0.12423340231180191, 0.3334549367427826, 0.40006864070892334, 0.38016849756240845], [0.8425459861755371, 0.16512182354927063, -0.12359553575515747, 0.7934761643409729, 0.3202684819698334, 0.5475030541419983, -0.1900513470172882, 0.9462034106254578, -0.14288493990898132, 0.35247886180877686, -0.35365644097328186, 0.8854317665100098, -0.30081799626350403, 0.2891763150691986, 0.13557469844818115, 0.6863271594047546, -0.3140353560447693, 1.009979486465454, -0.101900614798069, 1.0392025709152222, -0.2017647624015808, 1.0774009227752686, 0.08675253391265869, 0.26287978887557983, -0.2778550684452057, 0.12053568661212921, 0.05731970816850662, 0.8619022369384766, 0.38690099120140076, 0.4687081277370453, 0.8888222575187683, 0.9048015475273132]], [[-0.5563032627105713, -0.9262058734893799, -0.8242263793945312, -0.5284948945045471, -0.4861079454421997, -0.49831825494766235, -0.38144880533218384, -0.45632511377334595, -0.7522913217544556, -0.7166703939437866, -0.951042652130127, -1.2739349603652954, -0.8947778940200806, -0.289189875125885, -0.7876482605934143, -0.8195288777351379, -0.040533311665058136, -0.5483124256134033, -0.34310609102249146, -0.6310087442398071, -0.41810595989227295, -0.5993462204933167, -1.2602407932281494, -1.555326223373413, -0.6089456081390381, -0.4100610017776489, -1.1330654621124268, -0.42212796211242676, -0.674525260925293, -0.3406168520450592, -0.973514199256897, -0.49413275718688965], [-0.1419566571712494, -1.074566125869751, -0.6415671110153198, -0.9710063934326172, -0.897429347038269, -1.1023958921432495, -0.6708439588546753, -1.5483355522155762, -0.6227709054946899, -1.1489715576171875, -0.9950156807899475, -1.0311517715454102, -0.9309999942779541, -1.3721040487289429, -0.8347435593605042, -1.0388022661209106, -0.7351392507553101, -1.4418307542800903, -0.9258090853691101, -1.4184116125106812, -0.6771692037582397, -0.7570353150367737, -1.3759874105453491, -1.3057173490524292, -1.237359642982483, -1.3031007051467896, -0.6695707440376282, -0.21845750510692596, -0.6801797747612, -0.9378239512443542, -1.2135381698608398, -0.26809951663017273]], [[-0.46942445635795593, 0.24020621180534363, 0.3410227298736572, -0.5706392526626587, -0.04614529013633728, -0.006653722375631332, 0.1348007321357727, -0.14734144508838654, -0.21456831693649292, 0.36116552352905273, 0.01578563079237938, 0.5255358219146729, -0.023344900459051132, -0.5967438817024231, 0.11942705512046814, -0.7420653104782104, -0.08314414322376251, -0.37773096561431885, -0.6964618563652039, 0.16063947975635529, -0.4470330774784088, -0.02929985336959362, 0.3712761700153351, 0.7737094163894653, 1.2194430828094482, -0.16062812507152557, 0.4019857943058014, -0.283843994140625, 0.02559300884604454, -0.04384017735719681, 0.14999604225158691, -0.4919493794441223], [-0.3042662739753723, -0.20430953800678253, -0.5046669244766235, -0.4689480662345886, 0.16791094839572906, 0.3624623119831085, -0.4018411636352539, -0.03200850635766983, -0.6224943995475769, 0.3392556309700012, -0.2913384437561035, -0.11499112844467163, -0.3844650387763977, -1.1744682788848877, -0.404415100812912, -0.2671193480491638, -0.675279438495636, 0.39378905296325684, -0.39529454708099365, -0.2124117910861969, -0.2131415605545044, -0.5062981843948364, -1.0100265741348267, -0.9976978302001953, -0.752733588218689, -0.2375047653913498, -0.6245183944702148, -0.31435510516166687, 0.2951279878616333, -0.3091738820075989, -0.1894277185201645, -0.3593268394470215]], [[0.11189199239015579, -0.3445129990577698, -0.05756502225995064, 0.29484739899635315, 0.2231256067752838, 0.09571670740842819, 0.4058656096458435, -0.11292775720357895, 0.5685383081436157, -0.15698948502540588, -0.06376297026872635, -0.6869885921478271, 0.07701613754034042, 0.30691051483154297, 0.05937178432941437, 0.11289932578802109, 0.3167121410369873, 0.5421807169914246, 0.21385756134986877, 0.3286104202270508, 0.18186107277870178, 0.4698491096496582, 1.1383858919143677, 1.1280046701431274, 0.02498440444469452, 0.1265627145767212, -1.1394703388214111, -0.19667142629623413, -0.5156223177909851, -0.1445152908563614, -0.9573361873626709, 0.057695865631103516], [0.11369139701128006, -0.28843435645103455, 0.03821531683206558, -0.16572165489196777, 0.22263768315315247, 0.26767468452453613, -0.1445176899433136, 0.0028676651418209076, -0.02546020597219467, -0.056036558002233505, 0.1651230752468109, -0.007812749594449997, 0.26114097237586975, -0.060753196477890015, -0.014988899230957031, 0.0798763707280159, -0.10786774754524231, 0.1399279534816742, 0.13692530989646912, 0.00844654068350792, -0.049811188131570816, 0.5428373217582703, 0.5019561648368835, -0.15275445580482483, -0.4593903124332428, 0.6028796434402466, -0.2625303566455841, 0.06484656780958176, -0.4392684996128082, -0.10288688540458679, -0.9741650223731995, 0.10176002234220505]], [[-0.3846769630908966, 0.08938044309616089, -0.3757967948913574, -0.2167719304561615, -0.11732185631990433, 0.3060851991176605, -0.4271054267883301, -0.014250412583351135, -1.1475900411605835, -0.7020207643508911, -0.6086747646331787, 0.14634788036346436, -0.4780462682247162, -0.37269356846809387, -0.35078680515289307, -0.44000014662742615, -1.1624125242233276, -0.39098048210144043, -0.37237757444381714, -0.23465074598789215, -0.39108991622924805, -0.5249760150909424, -0.6840412616729736, -0.7857651710510254, -1.6240571737289429, -0.6503268480300903, -0.09842061251401901, -0.20980168879032135, -0.21591055393218994, -0.2474655658006668, -0.04970070719718933, -0.21107575297355652], [-0.010838523507118225, -0.4653279185295105, -0.33425551652908325, -0.5000143051147461, -0.06570401787757874, -0.1642552614212036, -0.19361796975135803, 0.05936041474342346, -0.33719179034233093, 0.2962163984775543, -0.08907541632652283, -0.2990597188472748, -0.07763352990150452, -0.239302396774292, -0.23904001712799072, -0.37813377380371094, -0.16658219695091248, -0.16164708137512207, -0.14593198895454407, -0.5804915428161621, 0.06437432765960693, -0.18622136116027832, 0.07628220319747925, 0.10000580549240112, -0.23326139152050018, -0.21785913407802582, -0.10657046735286713, 0.0345788300037384, 0.15525129437446594, -0.010791406035423279, 0.2710283696651459, 0.06677466630935669]], [[-0.5440650582313538, 0.7806996703147888, -0.07932990044355392, 0.09938135743141174, -0.6197808980941772, 0.4672308564186096, -0.3178475499153137, 0.04987673833966255, -1.0089243650436401, -0.1335258036851883, 0.06727726757526398, 0.16275811195373535, -0.2539433538913727, -0.081764817237854, -0.14515598118305206, -0.2727088928222656, -1.4141513109207153, 0.2698037028312683, -0.4327598810195923, 0.7287732362747192, -0.5887976884841919, -0.3611445426940918, -1.723114013671875, -1.146567702293396, -1.33002507686615, -0.236137256026268, -0.609282910823822, 0.18632633984088898, -0.37352320551872253, -0.18474125862121582, -0.0921851247549057, 0.14628267288208008], [-0.10628123581409454, -0.10345923900604248, -0.26544544100761414, 0.06000063195824623, -0.07007137686014175, -0.17205002903938293, 0.06132887676358223, 0.10860705375671387, -0.4033696949481964, -0.06501772999763489, 0.31371834874153137, 0.05324149504303932, 0.32470259070396423, -0.0056510623544454575, 0.016259469091892242, -0.2598066031932831, -0.8591676950454712, -0.102616086602211, -0.23062743246555328, 0.14950866997241974, -0.07402439415454865, -0.18167608976364136, -0.08110681176185608, -1.2446038722991943, -1.4070897102355957, -1.000206708908081, -0.10355274379253387, 0.01633855327963829, -0.15978653728961945, 0.3250245451927185, 0.35445716977119446, 0.013745173811912537]], [[0.5032709836959839, 0.36516430974006653, 0.8754440546035767, 0.31203749775886536, 1.128031611442566, 0.5464366674423218, 1.5211464166641235, 0.4381083548069, 1.2875432968139648, 0.6752228736877441, 1.7158026695251465, 0.6774821281433105, 0.9807554483413696, 0.4515729248523712, 1.2170466184616089, -0.182752788066864, 1.0868498086929321, 0.37564095854759216, 0.31423047184944153, 0.6398847103118896, 0.5460913181304932, 1.0523914098739624, 2.7192795276641846, 2.544395685195923, 1.5399857759475708, 1.4258651733398438, 0.7478948831558228, 0.8403500318527222, 0.4297929108142853, 0.7026569843292236, 0.6016559600830078, 0.8090287446975708], [0.2515406906604767, 0.1353125274181366, 0.24343273043632507, -0.0715012475848198, 0.7337707281112671, 0.17934635281562805, 0.31757834553718567, -0.07342950999736786, 0.19238853454589844, 0.4775077998638153, 0.3917953670024872, 0.022172391414642334, 0.6726957559585571, -0.035202860832214355, 0.5174070596694946, 0.07357862591743469, 0.2291719615459442, -0.1827402114868164, 0.24199485778808594, -0.2753826379776001, 0.6213948726654053, 1.6962801218032837, 1.723183274269104, 0.22663980722427368, -0.0741705596446991, 0.2586930990219116, 0.39030155539512634, 0.21721962094306946, -0.06817681342363358, 0.27946949005126953, 0.02966931462287903, 0.2107549011707306]], [[-0.04276273772120476, 0.25633254647254944, 0.2864448130130768, 0.34329017996788025, -0.36821115016937256, 0.42393970489501953, -0.5513489246368408, -0.1703149378299713, -0.2970333695411682, 0.17904439568519592, -0.16180694103240967, -0.08944873511791229, -0.2235364019870758, 0.282835990190506, 0.0019331546500325203, 0.7294056415557861, -0.454282283782959, 0.6039096713066101, -0.0584191158413887, -0.5379270315170288, -0.44713491201400757, -0.660193145275116, -0.9932515621185303, -0.5968302488327026, -1.1155221462249756, -0.4982476234436035, -0.4362978935241699, -0.10556059330701828, -0.602400004863739, -0.16610640287399292, -0.5697223544120789, -0.14708518981933594], [-0.14496591687202454, 0.8920630812644958, 0.2504284977912903, 0.534350574016571, 1.1160038709640503, 1.3336600065231323, 0.2947786748409271, 0.6488109230995178, 0.20409280061721802, 0.9892302751541138, 0.6080366373062134, 0.7005834579467773, 0.469708114862442, 0.22234448790550232, 0.2926351726055145, 0.6423946022987366, 0.11960407346487045, 1.4811547994613647, 0.30002832412719727, 0.9100155234336853, 0.3713844418525696, 0.7688671350479126, 0.27024492621421814, 0.30645859241485596, -0.27248406410217285, 1.7306816577911377, 0.23910555243492126, -0.1896839737892151, 0.4433096945285797, 0.5446364283561707, 0.4360780715942383, -0.22417256236076355]], [[0.39832034707069397, 0.6405445337295532, 0.47251957654953003, 0.5453466176986694, 0.51090008020401, 0.4570612907409668, 0.8200896978378296, 0.4413300156593323, -0.4214799106121063, 0.07808129489421844, 0.7459061145782471, 0.4530538320541382, 0.4138585329055786, 0.7148572206497192, 0.8732672929763794, 0.8782836198806763, -0.48942938446998596, 0.8000180721282959, 0.44324713945388794, 0.894381046295166, 0.5178846716880798, 0.5158089399337769, 0.8883368968963623, 0.5056039094924927, -0.34163698554039, 0.7512389421463013, 1.2239621877670288, 0.15199941396713257, 0.6024656891822815, 0.48436102271080017, 0.6923962831497192, 0.13635315001010895], [0.19525043666362762, 0.12507013976573944, 0.1684880256652832, 0.24330279231071472, -0.019992947578430176, -0.16634199023246765, 0.3218674957752228, 0.17655067145824432, 0.20373260974884033, -0.24138614535331726, -0.025641292333602905, -0.05016285181045532, 0.2151130735874176, 0.17330814898014069, 0.19090700149536133, -0.008912622928619385, 0.1090269386768341, -0.10798865556716919, 0.20164957642555237, 0.05098627507686615, 0.3536298871040344, 0.6695586442947388, 0.28540995717048645, -0.05810990929603577, -0.18206170201301575, 0.7931097745895386, 0.139175683259964, 0.22146832942962646, 0.3908267617225647, 0.2577579915523529, 0.3355998992919922, 0.21685877442359924]], [[-0.6114455461502075, -2.326693296432495, -1.277822732925415, -1.3129189014434814, -1.1594130992889404, -2.184593439102173, -1.518728256225586, -1.1348018646240234, -1.226008653640747, -0.9475452899932861, -1.3860673904418945, -2.1527135372161865, -1.6114590167999268, -0.9563571214675903, -1.0677404403686523, -1.9460902214050293, -1.142975091934204, -1.8612737655639648, -1.0342943668365479, -2.3230507373809814, -1.3488683700561523, -1.0385043621063232, -1.385155200958252, -1.373321533203125, -2.0243279933929443, -1.4131059646606445, -2.4783360958099365, -0.9184802770614624, -1.2358157634735107, -0.8410066962242126, -2.0912399291992188, -1.2277724742889404], [0.34910109639167786, -1.1391777992248535, -0.47933265566825867, -0.669421374797821, -1.9793832302093506, -1.7620608806610107, -0.6335222721099854, -0.8708708882331848, -0.20716919004917145, -2.051518440246582, -1.4706308841705322, -1.520928144454956, -1.1731812953948975, -1.3628346920013428, -0.7639870047569275, -0.5815749168395996, -0.7368218898773193, -2.0261270999908447, -1.2353229522705078, -1.3209409713745117, -1.2144572734832764, -1.2137830257415771, -1.0007519721984863, -0.6383046507835388, -0.7539639472961426, -2.542188882827759, -0.2976715564727783, 0.3614013195037842, -1.120558500289917, -0.507041335105896, -1.2862598896026611, 0.2904222905635834]], [[0.7287930250167847, 1.1922532320022583, 0.6703816652297974, 0.9527088403701782, 0.8413744568824768, 1.1152677536010742, 0.6095376014709473, 0.8790692090988159, 0.5925126671791077, 0.7801257371902466, 0.8610900640487671, 1.4821372032165527, 0.9649916887283325, 0.6963280439376831, 0.6891796588897705, 1.5440844297409058, 1.2709451913833618, 1.1708911657333374, 0.7112693190574646, 0.9444373846054077, 0.5969820022583008, 0.5087998509407043, 1.902194619178772, 1.9171680212020874, 2.899491548538208, 1.7014977931976318, 1.8732094764709473, 0.6927849650382996, 0.7508382797241211, 0.6251195669174194, 1.2445281744003296, 0.6936298608779907], [1.2113136053085327, 0.33202457427978516, 0.3499976396560669, 0.6892570853233337, 0.776156485080719, 0.8988344669342041, 0.6330652832984924, 1.2984894514083862, 0.34719881415367126, 0.899127721786499, 0.4608985185623169, 1.2287514209747314, 0.6547187566757202, 0.5598682165145874, 0.6125510931015015, 0.758892297744751, 0.43330317735671997, 1.06571364402771, 0.7066994309425354, 1.0004808902740479, 0.6097275614738464, 1.009049654006958, 0.5546191334724426, 0.2753444314002991, 0.5069636106491089, 1.0084930658340454, 0.6419674754142761, 1.1672016382217407, 0.771151065826416, 0.5227299332618713, 1.11473548412323, 1.2375788688659668]], [[0.009885258972644806, -0.11150942742824554, 0.3740900754928589, -0.049360085278749466, 0.7257265448570251, 0.5654603838920593, 0.2952233552932739, 0.2949954867362976, 0.8853740692138672, 0.4626227021217346, 0.8145365118980408, 0.5476210117340088, 0.8399742245674133, 0.11501196026802063, 0.34418898820877075, -0.009442530572414398, 0.281948447227478, 0.000966288149356842, 0.15016861259937286, 0.08974212408065796, 0.4049595594406128, 0.44571053981781006, 0.9889007210731506, 1.1351723670959473, 0.24437744915485382, 0.254810094833374, 0.6990271210670471, 0.2292478233575821, 0.588267982006073, 0.26077836751937866, 0.8163290619850159, 0.10136942565441132], [0.18107713758945465, 0.09373867511749268, 0.04477614164352417, -0.043770357966423035, 0.19923372566699982, 0.09422279894351959, 0.2606910467147827, -0.1974758803844452, 0.09650233387947083, 0.02359718084335327, 0.1424192637205124, 0.0026753023266792297, 0.11315642297267914, 0.5319276452064514, 0.3267679810523987, -0.042664870619773865, 0.20847450196743011, 0.08124741911888123, 0.28503358364105225, 0.14948798716068268, 0.4863322377204895, 0.30396729707717896, 0.5725903511047363, 0.3389744162559509, 0.355537474155426, 0.19344623386859894, 0.046140581369400024, 0.24211709201335907, 0.37614405155181885, 0.15592221915721893, 0.3677646517753601, 0.23423026502132416]], [[-0.09359413385391235, -0.7284641861915588, -0.572433590888977, -0.47626417875289917, -0.8137480020523071, -1.2213634252548218, -0.436306357383728, -0.3822512626647949, -0.6353787779808044, -0.6643505096435547, -0.7255990505218506, -1.5220736265182495, -1.3570568561553955, -0.34186118841171265, -1.0681517124176025, -0.877474308013916, -0.24750883877277374, -0.5970747470855713, -0.513154923915863, -0.7562305927276611, -0.47520339488983154, -0.6490546464920044, -0.7546684741973877, -0.4885914921760559, -0.8267548680305481, -0.9255328178405762, -1.3542826175689697, -0.6151530742645264, -0.7853288054466248, -0.5038699507713318, -1.2434173822402954, -0.6643487215042114], [-0.4572984576225281, -0.5550373792648315, -0.3992077112197876, -0.5483273863792419, -1.0628857612609863, -1.0355181694030762, -0.4937189817428589, -1.0231761932373047, -0.3047168254852295, -0.9261140823364258, -0.7283818125724792, -0.8259267807006836, -0.9467658996582031, -0.5255661010742188, -1.0396876335144043, -0.4752473831176758, -0.3145607113838196, -1.196953296661377, -0.8425795435905457, -0.7216903567314148, -0.7972110509872437, -0.9836666584014893, -0.6812719106674194, -0.517387330532074, -0.6775422692298889, -0.7180488109588623, -0.6676783561706543, -0.41132545471191406, -1.0268663167953491, -0.8482958078384399, -1.3062043190002441, -0.3784372806549072]], [[-0.08808627724647522, 0.5617319345474243, 0.21281281113624573, 0.21423599123954773, -0.11228746175765991, 0.19507169723510742, 0.17071759700775146, 0.2320648431777954, 0.635040283203125, 0.40468552708625793, -0.10038135200738907, 0.4594733417034149, -0.15328729152679443, -0.23170693218708038, 0.1429622769355774, -0.03589630126953125, 0.4875575602054596, 0.20171546936035156, 0.07052145898342133, -0.1676284223794937, -0.015152737498283386, -0.5683366656303406, -0.7238085269927979, -0.7895337343215942, 0.32976290583610535, 0.9527628421783447, 0.20382797718048096, 0.24296653270721436, 0.1581980586051941, 0.28801843523979187, 0.09198638796806335, 0.28911522030830383], [-0.24415144324302673, -0.13031767308712006, -0.33062177896499634, -0.3313012719154358, 0.2276442050933838, 0.17966529726982117, -0.2851022481918335, 0.08262580633163452, -0.1382620632648468, 0.5454572439193726, 0.03387761116027832, 0.4982477128505707, -0.20069780945777893, -0.07068506628274918, -0.20051813125610352, -0.44342049956321716, -0.4426327645778656, 0.4100230038166046, -0.2835501432418823, -0.027317047119140625, -0.24380317330360413, -0.1995537281036377, 0.8096539974212646, 0.35329172015190125, 0.5731606483459473, 1.529638409614563, -0.3316047191619873, -0.16575409471988678, 0.2744711935520172, -0.18573686480522156, 0.4102441966533661, -0.17667804658412933]], [[0.46432775259017944, 1.672223687171936, 1.2775821685791016, 0.3453444838523865, 0.8328622579574585, 1.389817714691162, 0.48952364921569824, 0.7752335667610168, 1.6189210414886475, 0.9358692169189453, 1.2586256265640259, 2.3166744709014893, 1.389472246170044, 0.17301690578460693, -0.2976003885269165, 0.590583324432373, 1.0141149759292603, 1.0903692245483398, 0.8767341375350952, 1.8451552391052246, 1.0594749450683594, 0.9846704602241516, 0.6151114702224731, 0.3723408579826355, 1.3090308904647827, 0.5648061633110046, 2.772643804550171, 0.7452996373176575, 0.98274165391922, 0.5142245888710022, 1.8851749897003174, 0.6289017796516418], [0.3583839535713196, 0.5821695923805237, 0.272874653339386, 0.41767746210098267, 0.3036874532699585, 0.62162846326828, 0.08112376928329468, 1.6205148696899414, 0.37962061166763306, 1.2576007843017578, 0.5729730129241943, 1.1629914045333862, 0.19223551452159882, 0.3089689612388611, -0.021671734750270844, 0.34888023138046265, 0.22092576324939728, 2.1435770988464355, 0.3785773515701294, 0.7148791551589966, 0.32619690895080566, 0.017674162983894348, -0.8665563464164734, -0.4284400939941406, 0.2033090889453888, 1.1214420795440674, 0.3704662322998047, 0.36459851264953613, 1.179303526878357, 0.8155394196510315, 2.297255039215088, 0.3488457202911377]], [[0.48600852489471436, 1.205045223236084, 0.6215658187866211, 0.23966753482818604, 0.3049112558364868, 0.6137155294418335, 0.27708449959754944, 0.2832236886024475, 0.5379965305328369, 0.7064975500106812, 0.5180243849754333, 0.8194500207901001, 0.6686258912086487, 0.1357133835554123, 0.37409067153930664, -0.06186847388744354, 0.35457390546798706, 0.1377178430557251, 0.22073040902614594, 0.6003611087799072, 0.055694445967674255, 0.6848416924476624, 1.381064534187317, 0.7932711243629456, 0.5927688479423523, 0.8827393054962158, 0.6031433343887329, 0.262081503868103, 0.39661628007888794, 0.31836360692977905, 0.41020816564559937, 0.16966010630130768], [0.16199108958244324, 0.5073988437652588, 0.41838061809539795, 0.2134978175163269, 1.250435471534729, 0.8948497772216797, 0.47956186532974243, 0.3160918354988098, 0.2693758010864258, 1.1284241676330566, 0.6167890429496765, 0.718250572681427, 0.7924349904060364, 0.7628081440925598, 0.5407017469406128, 0.39507347345352173, 0.5975245237350464, 0.7388269901275635, 0.5596149563789368, 0.4430498480796814, 0.7537878751754761, 0.6657582521438599, 1.484825849533081, 0.5251656770706177, 0.6329131722450256, -0.7680728435516357, 0.3361828327178955, 0.18370600044727325, 0.20384067296981812, 0.23176579177379608, 0.3208547830581665, 0.14055781066417694]], [[-0.1105872392654419, 0.13261878490447998, 0.1894901692867279, -0.09603148698806763, 0.05736267566680908, 0.018197953701019287, -0.599385142326355, -0.12323373556137085, 0.5236867666244507, -0.02231261134147644, -0.08238571882247925, 0.38098040223121643, 0.3842678368091583, -0.08313694596290588, -0.5915478467941284, 0.8200175762176514, -0.08216527104377747, 0.450604110956192, 0.1409519910812378, 0.3985450565814972, 0.20383909344673157, 0.10201731324195862, 0.475093811750412, 0.13316693902015686, 0.5128469467163086, -0.26572662591934204, 0.8921689987182617, -0.3737538158893585, 0.15728500485420227, -0.09767985343933105, 0.7281837463378906, -0.12818384170532227], [0.08844742178916931, 0.3616742789745331, -0.07424062490463257, 0.2239774763584137, 0.2654125392436981, 0.6661217212677002, -0.1238628476858139, 0.7265603542327881, -0.10360385477542877, 0.6937127113342285, 0.053994834423065186, 0.6018686294555664, 0.009280681610107422, 0.05266755819320679, 0.03537556529045105, 0.2869175374507904, -0.23289728164672852, 1.2099449634552002, -0.09168887138366699, 0.6590553522109985, 0.2974620759487152, 0.28925636410713196, -0.35182198882102966, 0.1070123016834259, 0.261812299489975, 1.7120301723480225, 0.1249258816242218, -0.006325185298919678, 0.740513801574707, 0.44485047459602356, 1.073004961013794, -0.0888979434967041]], [[-0.3003867268562317, 0.9812098741531372, 0.3160657584667206, 0.3379597067832947, 0.6350851655006409, 1.0008960962295532, 0.3549081087112427, 0.5176422595977783, 0.009801708161830902, 0.6325128674507141, 0.44087544083595276, 1.6118730306625366, 0.8206009864807129, 0.16935327649116516, 0.5562130808830261, 1.4941229820251465, -0.5186562538146973, 0.6843353509902954, -0.13756704330444336, 1.1999175548553467, 0.28140532970428467, 0.38161322474479675, 0.40947651863098145, 0.273189514875412, -0.37459057569503784, 0.554283857345581, 1.8375698328018188, 0.4634896516799927, 0.5251380205154419, 0.22338241338729858, 1.4911260604858398, -0.1397210657596588], [-0.46131351590156555, 0.3666735589504242, -0.3193538188934326, 0.12871722877025604, 0.5383405685424805, 0.6391217708587646, 0.09102749824523926, 0.3719376027584076, 0.030013836920261383, 1.0581532716751099, 0.7816705107688904, 0.6493204832077026, 0.3877018392086029, 0.5993034839630127, 0.2513490319252014, 0.5319148898124695, 0.31472843885421753, 1.2485133409500122, 0.421574205160141, 0.6593910455703735, 1.0098040103912354, 1.1322208642959595, -0.26914599537849426, -0.45431461930274963, -0.05481342226266861, 1.4052575826644897, -0.06559082120656967, -0.28343459963798523, 0.5251486301422119, 0.3703598082065582, 0.9541030526161194, -0.31932660937309265]], [[-0.3954353332519531, 0.9501643776893616, 0.10279011726379395, 0.4671783149242401, 0.13482077419757843, 1.2184196710586548, 0.2716006338596344, 0.752797544002533, 1.1240224838256836, 0.4215702712535858, -0.03296748921275139, 0.8353127241134644, 0.25484052300453186, 0.4140145480632782, 0.18153196573257446, 0.6139987111091614, 0.31527969241142273, 0.8089920878410339, 0.007711452431976795, 1.175403356552124, -0.13010838627815247, 0.21394744515419006, 0.8855787515640259, 0.6985361576080322, 1.8921245336532593, 0.3152894079685211, -0.7897688746452332, -0.25503572821617126, -0.16546791791915894, -0.11720537394285202, -0.14946585893630981, -0.04127481207251549], [0.028486482799053192, 0.5685364007949829, 0.1302274763584137, 0.31084761023521423, 0.5889614224433899, 1.1319125890731812, 0.20231127738952637, 1.0681195259094238, 0.0783654972910881, 0.9091504812240601, 0.28080421686172485, 0.7057284712791443, 0.19786876440048218, 0.3950328230857849, 0.32524725794792175, 0.9275428056716919, 0.1316358745098114, 0.8211149573326111, 0.22260484099388123, 0.8541077971458435, 0.5406642556190491, 0.7109792232513428, 0.7167076468467712, 0.2730216085910797, 0.4959877133369446, 1.5620273351669312, -0.008430030196905136, -0.07081934809684753, -0.07552726566791534, 0.2536674737930298, -0.02841188758611679, 0.011936305090785027]], [[-0.8173956871032715, -1.8950103521347046, -1.6727262735366821, -2.060344696044922, -1.0806304216384888, -2.242236852645874, -0.6539828181266785, -1.7602789402008057, -0.349802702665329, -1.4474543333053589, -0.7975000739097595, -1.863223671913147, -1.4321638345718384, -1.2862070798873901, -0.3938986361026764, -2.613391160964966, -0.14459817111492157, -1.817344069480896, -1.1485505104064941, -1.1691489219665527, -0.9519834518432617, -1.0779281854629517, -1.616231083869934, -0.9512386322021484, -0.9366886019706726, -1.2154152393341064, -3.0374438762664795, -0.8332443833351135, -1.6593014001846313, -1.2452853918075562, -2.684572219848633, -1.3631138801574707], [-0.4968496859073639, -1.466012954711914, -0.6882551908493042, -1.0351231098175049, -1.9469270706176758, -2.015556573867798, -0.8888728618621826, -1.6736018657684326, -0.7730925679206848, -1.707522988319397, -1.3876659870147705, -1.8010838031768799, -1.3929944038391113, -1.205514907836914, -1.3640700578689575, -1.3354896306991577, -1.080545425415039, -1.8933707475662231, -1.4865168333053589, -1.9424428939819336, -1.231959581375122, -0.9139662384986877, -0.6873139142990112, -1.1598137617111206, -0.9235425591468811, -3.1315157413482666, -1.0790505409240723, -0.5325964689254761, -1.8418384790420532, -1.133205771446228, -3.048247814178467, -0.40942034125328064]], [[-0.5071541666984558, -0.36118587851524353, 0.06592754274606705, -0.980983316898346, -0.374820351600647, -1.1382529735565186, -0.4650765657424927, -0.44962143898010254, 0.5076671838760376, -0.36673521995544434, -0.22714179754257202, -0.1567077934741974, 0.06648847460746765, -0.7185834646224976, -0.3323724567890167, -0.6739163398742676, 0.05019010230898857, -0.4735558032989502, -0.2906642556190491, -0.6503937840461731, -0.04210212826728821, -0.017773188650608063, 0.15588873624801636, -0.36756283044815063, 0.3120554983615875, -0.31718888878822327, 0.049327488988637924, -0.46932899951934814, -0.1942807137966156, -0.3549451231956482, 0.1268492043018341, -0.5982930660247803], [0.13400524854660034, -0.7463203072547913, -0.3626202344894409, -0.62030029296875, -0.5193222165107727, -0.4786043167114258, -0.6223068833351135, -0.5401381254196167, -0.4879752993583679, -0.6400097608566284, -0.8136835694313049, -0.7475333213806152, -0.46031272411346436, -0.6913043260574341, -0.5406535267829895, -0.8001841902732849, -0.5634864568710327, -0.8070688247680664, -0.4376702308654785, -0.9219434857368469, -0.7659018635749817, -0.40157878398895264, -0.06924210488796234, -0.08464592695236206, -0.21135202050209045, -1.4426732063293457, -0.44906020164489746, 0.13430573046207428, -0.5411372184753418, -0.4276782274246216, -0.44551897048950195, 0.10522662848234177]], [[0.03927983343601227, -0.5185206532478333, -0.3195371627807617, -0.43315666913986206, 0.13303418457508087, -0.2595914602279663, 0.07477673143148422, -0.49273645877838135, -0.7979056239128113, -0.29850664734840393, 0.13295124471187592, -0.35195192694664, 0.10412897169589996, 0.2967498302459717, -0.4536420702934265, -0.6940085887908936, -0.028679799288511276, 0.13727730512619019, 0.4547601044178009, 0.26131218671798706, 0.3818418085575104, -0.4411723017692566, -0.6286513805389404, -0.446697473526001, -1.0421321392059326, 0.28651729226112366, 0.022236842662096024, 0.43522098660469055, 0.0343870185315609, 0.16179801523685455, -0.5183782577514648, 0.11881361901760101], [-0.03515629097819328, -0.27348336577415466, 0.006920605897903442, -0.05495968088507652, -0.3301973342895508, -0.28344327211380005, 0.0240592323243618, -0.5436850786209106, -0.02441713586449623, -0.3193773627281189, 0.1741267889738083, 0.250656396150589, 0.22494220733642578, 0.4291412830352783, -0.03540105000138283, 0.1904611736536026, 0.2862989902496338, 0.2654697597026825, 0.7173221111297607, 0.052677568048238754, 0.2775813341140747, 0.5190362930297852, 0.6499911546707153, 0.496059775352478, 0.6312140822410583, -0.06838777661323547, 0.15882442891597748, 0.041127704083919525, -0.45379775762557983, -0.26640623807907104, -0.4838024973869324, 0.05366913229227066]], [[0.1511729657649994, 0.6129652261734009, 0.3788103759288788, 1.0025696754455566, 0.4701531231403351, 1.1625292301177979, -0.04630559682846069, 0.6995906829833984, 0.30566975474357605, 0.9236887693405151, 0.5550192594528198, 0.7855687141418457, 0.6070971488952637, 0.6971710920333862, 0.2324536144733429, 1.4137920141220093, -0.33903995156288147, 0.8107441663742065, 0.3122136890888214, 0.8562600612640381, 0.288786381483078, 0.40152856707572937, -0.03712847828865051, 0.3512338697910309, 0.26606485247612, 0.6504168510437012, 0.48826864361763, 0.2319728434085846, 0.7773544788360596, 0.3798113763332367, 0.5518015623092651, 0.29136309027671814], [-0.043352097272872925, 0.746940016746521, 0.34190598130226135, 0.6280280351638794, 0.8656445741653442, 0.9360880851745605, 0.3345145285129547, 1.0653278827667236, 0.2692682445049286, 1.1316561698913574, 0.9048163890838623, 1.0329805612564087, 0.947044849395752, 1.227567195892334, 0.6085127592086792, 0.6555473804473877, 0.872505784034729, 0.9356381893157959, 0.9823817014694214, 1.0032004117965698, 0.824260950088501, 0.23740163445472717, 0.7654567956924438, 0.9586125612258911, 0.8223410844802856, 0.8280768394470215, 0.2842661440372467, -0.005520462989807129, 0.9782202243804932, 0.2749878466129303, 0.8399883508682251, -0.0464211106300354]], [[0.42064955830574036, 0.9042404890060425, 0.888237476348877, 0.34603336453437805, -0.000993281602859497, 0.6628386974334717, 0.4163711965084076, 0.2659551799297333, 0.4455887973308563, 0.5434749126434326, 0.13222578167915344, 0.5016953945159912, 0.0753222107887268, 0.11475434899330139, 0.18024271726608276, 0.7007029056549072, 0.3091568052768707, 0.779571533203125, 0.1872595250606537, 0.5775364637374878, 0.18789154291152954, 0.33728376030921936, 0.45671382546424866, 0.3443167507648468, 0.37385293841362, 0.42701300978660583, 0.9003123044967651, 0.34607622027397156, 0.5355014801025391, 0.5906610488891602, 0.8099589347839355, 0.19722503423690796], [0.21284493803977966, 0.18221831321716309, -0.05951757729053497, 0.22488412261009216, 0.11067169904708862, -0.20316708087921143, -0.13825258612632751, 0.29425880312919617, 0.11743003129959106, -0.20508450269699097, -0.08319835364818573, -0.33466556668281555, -0.3810471296310425, -0.4746634066104889, -0.40878623723983765, -0.17700734734535217, -0.1577538102865219, 0.24298682808876038, -0.18842685222625732, -0.2053278386592865, -0.30458495020866394, -0.324320524930954, -0.12057769298553467, -0.03215178847312927, -0.09797945618629456, 0.5505938529968262, -0.10413646697998047, 0.23018571734428406, 0.255869597196579, 0.10496824979782104, 0.556144118309021, 0.20838895440101624]], [[0.19282643496990204, 1.35149347782135, 0.6348827481269836, 1.4390971660614014, 0.49942708015441895, 1.646467924118042, -0.011996917426586151, 1.1535509824752808, 0.330172061920166, 1.172331690788269, 0.3086356818675995, 1.615432858467102, 0.5996690392494202, 0.777955174446106, 0.6309388875961304, 1.634832739830017, 0.025402873754501343, 1.0297552347183228, 0.42372632026672363, 1.4238123893737793, 0.2901376783847809, 0.7792027592658997, 0.3001220226287842, 0.7538411021232605, 1.8328006267547607, 0.9439381957054138, 1.945999264717102, 0.6692602634429932, 0.8057346343994141, 0.4652426242828369, 1.286075472831726, 0.39081746339797974], [-0.048421524465084076, 0.5554293990135193, 0.22973518073558807, 0.6957780718803406, 0.7310964465141296, 1.1676950454711914, 0.4014607071876526, 1.2613614797592163, -0.12838079035282135, 1.2718689441680908, 0.7599325776100159, 1.4642289876937866, 1.0685539245605469, 0.8497377038002014, 0.5866302251815796, 1.0463513135910034, 0.6709379553794861, 1.3784137964248657, 0.88544100522995, 1.4677882194519043, 0.7274083495140076, 0.9622272849082947, 0.664962887763977, 0.9967913031578064, 0.6823431253433228, 0.6293564438819885, 0.426605224609375, -0.0261729434132576, 0.6468191146850586, 0.20888648927211761, 1.205803394317627, -0.07763233780860901]], [[-0.21497738361358643, -0.46163883805274963, -0.37105056643486023, -0.45837321877479553, -0.19662541151046753, -0.15449967980384827, -0.3774521052837372, -0.18473559617996216, -0.09338989853858948, -0.07787317037582397, -0.13797879219055176, -0.3906008303165436, -0.24670439958572388, -0.2613416016101837, -0.06207635998725891, -0.6691324710845947, -0.263249933719635, -0.8144218921661377, -0.2640848159790039, 0.0628267377614975, -0.2409772276878357, 0.6403155326843262, 0.21443966031074524, -0.11671215295791626, 0.3235698938369751, -0.7250325679779053, -0.7320977449417114, -0.4389096200466156, -0.2871413230895996, -0.5117048025131226, -0.35968324542045593, -0.313132643699646], [0.045188382267951965, 0.18225765228271484, -0.03732980787754059, -0.01754792034626007, 0.4699239432811737, 0.21108902990818024, 0.436665415763855, -0.1100095808506012, 0.13414688408374786, -0.2855188846588135, 0.44851362705230713, -0.21024394035339355, 0.40022557973861694, 0.6170352697372437, 0.48990583419799805, 0.21246746182441711, 0.12206762284040451, -0.6403225660324097, 0.3605174422264099, 0.12374967336654663, -0.09015718102455139, -0.1869034469127655, 0.3456399142742157, -0.03756095468997955, -0.33347585797309875, -0.7630026340484619, 0.005621775984764099, 0.15816214680671692, -0.11463528871536255, 0.0017885267734527588, -0.024008139967918396, 0.23487162590026855]], [[0.5387040972709656, 0.044701188802719116, 0.7692410945892334, -0.12130767107009888, -0.2722640931606293, 0.12362948060035706, -0.6866511702537537, -0.01538032665848732, -0.10683964192867279, -0.17040079832077026, -0.42961737513542175, 0.24939899146556854, -0.3939376473426819, -0.4549798369407654, -1.144680380821228, -0.03159299120306969, 0.2545449137687683, -0.25112250447273254, 0.10905542969703674, -0.3140868544578552, -0.08068877458572388, 0.11682367324829102, -1.5016543865203857, -1.1942479610443115, -1.2434242963790894, -0.47673389315605164, -0.213817298412323, -0.01804797723889351, 0.3455747365951538, 0.4339127540588379, 0.23235757648944855, 0.03705785423517227], [0.5692324042320251, -0.04466542974114418, 0.2783130705356598, -0.11860212683677673, -0.22051160037517548, -0.2557046115398407, -0.2667522728443146, -0.17589503526687622, 0.3464287519454956, -0.615044116973877, -0.17741288244724274, -0.42461615800857544, -0.45920994877815247, -1.3143447637557983, -0.5906351208686829, -0.5188232660293579, -0.8226553797721863, -0.9470753073692322, -0.4448494613170624, -0.4765308201313019, -0.648494303226471, -1.5026133060455322, -1.8360693454742432, -1.5730247497558594, -1.118033766746521, -2.15815806388855, 0.14749376475811005, 0.6003803610801697, -0.24767039716243744, -0.10532915592193604, 0.26831212639808655, 0.5849667191505432]], [[-0.37727901339530945, -0.2561977505683899, -0.5171353816986084, -0.25959810614585876, -0.657831072807312, -0.015074115246534348, -0.24713794887065887, -0.4103699028491974, -0.1785861700773239, -0.48299911618232727, -0.3190121054649353, 0.0340215340256691, -0.5954229831695557, -0.3555246889591217, -0.6072361469268799, 0.29532793164253235, -0.4882456064224243, -0.1693115532398224, -0.2199530452489853, -0.8629046678543091, -0.3512229323387146, -0.05851266533136368, 0.2169874757528305, 0.06134527921676636, -0.5030670762062073, -0.6719611883163452, -0.44991034269332886, -0.6884701251983643, -0.11833550781011581, -0.3404396176338196, -0.22716230154037476, -0.4134315550327301], [-0.5794979929924011, -0.7269489765167236, -0.794991135597229, -0.4354640245437622, -0.8731059432029724, -1.0442531108856201, -1.1298140287399292, -0.6016095876693726, -0.7759567499160767, -0.6929866671562195, -1.046242117881775, -0.14410191774368286, -1.1363530158996582, -0.6334152817726135, -0.999981164932251, -0.13202759623527527, -1.0560251474380493, -0.47948727011680603, -0.823803722858429, -0.5613496899604797, -1.0387495756149292, -0.7611636519432068, -1.087072491645813, -0.6824265122413635, -0.16191518306732178, -0.04571538791060448, -0.527696430683136, -0.40084108710289, -0.4936928153038025, -0.53996741771698, -0.25566789507865906, -0.38422197103500366]], [[-0.22219063341617584, 0.4313463568687439, -0.0032097846269607544, 1.0987757444381714, 0.16634534299373627, 1.2737692594528198, -0.09208566695451736, 0.5925049781799316, -1.2857600450515747, -0.09432791918516159, -0.2656087875366211, 0.9339224696159363, 0.3998125195503235, 0.4989137351512909, -0.13115425407886505, 1.3774338960647583, -0.5226335525512695, 0.5372980237007141, 0.1932666301727295, 1.0503545999526978, 0.6452857851982117, 0.5306676030158997, -0.5593321919441223, -0.32891717553138733, -0.18997329473495483, 0.07593367248773575, 1.5373797416687012, 0.35017621517181396, 1.1351025104522705, 0.24483761191368103, 1.4655139446258545, 0.45711275935173035], [-0.007645776495337486, 0.6419894099235535, 0.14691118896007538, 0.6077882647514343, 1.4185985326766968, 0.692794919013977, 0.5596698522567749, 1.2801119089126587, 0.11173351854085922, 1.5037282705307007, 1.2429040670394897, 1.822205662727356, 1.4424148797988892, 0.9891481995582581, 0.7817219495773315, 0.911291778087616, 0.5781727433204651, 1.77242112159729, 1.243929147720337, 1.650991678237915, 1.2999217510223389, 1.4918400049209595, 0.9983217120170593, 0.984684944152832, 0.8783471584320068, 1.5945098400115967, 0.4603753685951233, -0.0866333544254303, 1.4447729587554932, 0.7131901383399963, 1.761562466621399, -0.06908674538135529]], [[1.3305485248565674, 1.177930474281311, 0.7781702280044556, 0.9994810819625854, 1.3336870670318604, 1.4736043214797974, 1.5064187049865723, 0.7126773595809937, 0.9068008065223694, 0.762074887752533, 0.9254494309425354, 0.4379359483718872, 0.9917628765106201, 0.9240939021110535, 1.146033525466919, 1.1561696529388428, 0.9372832179069519, 1.0920746326446533, 0.5849233865737915, 0.8218106627464294, 0.5239000916481018, 0.34427323937416077, -0.10120004415512085, 0.6534740924835205, 0.9195156097412109, 1.1045268774032593, 0.5553907752037048, 1.574337124824524, 0.7494320273399353, 0.9463683366775513, 0.8125073313713074, 1.2964208126068115], [0.3147801160812378, 0.6282665729522705, 0.42130792140960693, 0.5472041368484497, 0.5371747612953186, 0.9173024892807007, 0.6538404822349548, 0.7732703685760498, 0.3077962398529053, 1.1931639909744263, 0.9161170125007629, 0.8761467933654785, 0.8080722093582153, 0.6741843819618225, 0.7263192534446716, 0.8575907945632935, 0.6594594717025757, 1.7644643783569336, 0.7615486979484558, 0.7551825642585754, 0.5211814641952515, 0.2781488597393036, 0.2727572023868561, 0.7831505537033081, 0.9114037156105042, 1.7692534923553467, 0.8453031182289124, 0.24824517965316772, 1.1891101598739624, 0.8555810451507568, 0.8533962368965149, 0.2958199679851532]], [[-0.413706511259079, -0.6956852078437805, 0.20651379227638245, -0.3544192910194397, -0.42315763235092163, -0.992485761642456, -1.0360174179077148, -0.5403792262077332, -0.2698112428188324, -0.8744950294494629, -1.049884557723999, -0.9516645669937134, -0.7089716792106628, -0.6310304403305054, -1.556274652481079, -0.6669552326202393, -0.3607875406742096, -0.6433420181274414, -0.09839005023241043, 0.10363317281007767, -0.3320627510547638, -0.49605822563171387, -1.4437545537948608, -1.15702486038208, -0.5849429965019226, -0.8503105640411377, -0.5514106750488281, -0.5503500699996948, -0.4625595510005951, -0.3420642912387848, -0.5954733490943909, -0.3035696744918823], [-0.16068923473358154, -0.16161169111728668, 0.03806246072053909, -0.046874869614839554, -0.24991349875926971, -0.3202717900276184, -0.0374913215637207, 0.15037906169891357, 0.0043415892869234085, -0.7260449528694153, -0.1354958862066269, -0.3954141438007355, -0.107876718044281, 0.2853429615497589, -0.230455219745636, -0.6347671151161194, 0.08594749122858047, -1.0155189037322998, -0.018997162580490112, -0.5842743515968323, -0.08939781785011292, -0.36825117468833923, 0.049372926354408264, 0.31070002913475037, -0.16409558057785034, 0.05946774780750275, -0.24484345316886902, -0.17157483100891113, 0.009571807458996773, 0.01995510794222355, -0.45023757219314575, -0.11289369314908981]], [[-0.12637248635292053, 0.17626270651817322, -0.007911473512649536, -0.2066481113433838, 0.5813336372375488, 0.1811182200908661, 0.9829220771789551, 0.059846147894859314, 0.5090987086296082, 0.05614420771598816, 0.6681060194969177, 0.27902549505233765, 0.478715181350708, -0.1352136731147766, 0.7725057005882263, 0.2001265287399292, 0.04690341651439667, 0.21292489767074585, -0.12535053491592407, 0.16984078288078308, 0.021648019552230835, 0.11248853802680969, 0.8454804420471191, 1.038235068321228, 1.1939586400985718, 1.0916403532028198, 0.5059407949447632, 0.24502038955688477, -0.02045118808746338, -0.14690858125686646, 0.2540031671524048, -0.09041251242160797], [0.022602573037147522, 0.09007622301578522, -0.1972585767507553, -0.15973107516765594, 0.5796415209770203, 0.12370091676712036, 0.017962396144866943, 0.509363055229187, -0.20366956293582916, 0.6759001612663269, 0.2987372875213623, 0.696237325668335, 0.2357991337776184, -0.025249645113945007, 0.02248731255531311, 0.22187867760658264, -0.09262427687644958, 0.8592808246612549, 0.06519079208374023, 0.03587642312049866, 0.30791109800338745, 0.7103487253189087, 1.730021595954895, 0.9337084293365479, 0.6055010557174683, -0.15332600474357605, -0.09257467091083527, 0.03222024440765381, 0.09109315276145935, -0.16211630403995514, 0.49075162410736084, -0.036384470760822296]], [[0.24847885966300964, 1.0529546737670898, 1.0934699773788452, 0.5327545404434204, 0.459125816822052, 0.7075587511062622, 0.5928823947906494, 0.4682798385620117, 0.32503265142440796, 0.29786279797554016, 0.4703556299209595, 0.9334309697151184, 0.4959467053413391, 0.04498860985040665, 0.7787304520606995, 0.6513599157333374, -0.18836362659931183, 0.4108244776725769, 0.265299916267395, 0.2364853024482727, 0.2975515127182007, 0.8166710734367371, 1.288762092590332, 0.7743551731109619, 0.41485369205474854, 0.4328664541244507, 1.0558514595031738, 0.22080445289611816, 0.5078600645065308, 0.3465971350669861, 0.6015684008598328, 0.2718680202960968], [-0.02048763632774353, 0.6746628880500793, 0.7429126501083374, 0.6572271585464478, 1.050408124923706, 1.1724635362625122, 0.4420621991157532, 0.5937323570251465, 0.4076020121574402, 0.933897078037262, 0.8278065323829651, 0.7832857370376587, 1.0202374458312988, 1.3319677114486694, 0.9031718373298645, 0.4477686285972595, 0.7190957069396973, 0.29607588052749634, 1.0685276985168457, 1.009856939315796, 0.9887080788612366, 1.1195099353790283, 1.5528843402862549, 1.0569607019424438, 0.672561764717102, -0.1127985268831253, 0.34268099069595337, 0.018097668886184692, 0.2991473078727722, 0.24774780869483948, 0.5311732292175293, -0.0038834810256958008]], [[0.15893736481666565, -0.5457546710968018, -0.04855365306138992, 0.12926264107227325, 0.00024710968136787415, 0.049723394215106964, 0.037275709211826324, -0.2995028793811798, 0.8339675664901733, -0.0069886744022369385, -0.18520334362983704, -0.46776747703552246, 0.15240800380706787, -0.42474815249443054, 0.2577706277370453, -0.33631911873817444, 0.42282265424728394, -0.2044234424829483, -0.003849092870950699, 0.34864434599876404, -0.00033796578645706177, 0.045461732894182205, -0.14861561357975006, -0.4092273712158203, 0.6821359992027283, 0.029064085334539413, -0.5357558131217957, 0.12353316694498062, -0.06169365346431732, -0.4322458803653717, -0.30201005935668945, -0.14273767173290253], [0.023869303986430168, -0.35079026222229004, -0.2883979082107544, -0.14549937844276428, 0.07906685769557953, -0.2115294337272644, 0.01875232346355915, -0.1820252239704132, -0.09839783608913422, 0.6051082015037537, 0.22434121370315552, 0.4124310314655304, 0.4389196038246155, 0.4809296429157257, 0.28154507279396057, -0.07853485643863678, 0.43478643894195557, 0.5725101828575134, 0.22629590332508087, 0.19997450709342957, 0.30455419421195984, 0.5878221392631531, 0.8311495184898376, 0.5328936576843262, 0.6607763171195984, 0.10598906129598618, 0.10062605887651443, -0.06861790269613266, 0.09549260139465332, -0.014309674501419067, -0.20070375502109528, -0.033755168318748474]], [[1.126233458518982, 0.6707535982131958, 0.7839815616607666, 0.47923582792282104, 0.48677244782447815, 0.09201446175575256, 0.7229785919189453, 0.14342999458312988, 1.0030866861343384, 0.14755378663539886, 0.4506226181983948, 0.4024031460285187, 0.21809418499469757, 0.7539302110671997, 0.72362220287323, 0.02095067873597145, 0.603188157081604, -0.18318824470043182, 0.43666312098503113, 0.4681220054626465, 0.3959907591342926, 0.8504955172538757, 1.006986379623413, 0.796807587146759, 0.4754926562309265, 0.5121475458145142, 0.3521723449230194, 0.5208892822265625, 0.5470081567764282, 0.5237165093421936, 0.2868179976940155, 0.7411850094795227], [-0.4674096703529358, 0.024099715054035187, 0.26122596859931946, -0.01692148670554161, 0.2817386984825134, -0.03291215002536774, 0.36626648902893066, -0.28775984048843384, 0.11673375964164734, 0.04127655178308487, 0.27374935150146484, 0.109546959400177, 0.5497676730155945, 0.9495769739151001, 0.6751954555511475, -0.2463686466217041, 0.5568557381629944, -0.7896044850349426, 0.2659708261489868, 0.23608170449733734, 0.39380428194999695, 0.6451945304870605, 1.1868115663528442, 0.7222470045089722, 0.8907896280288696, 0.21818676590919495, 0.3649963438510895, -0.42615315318107605, -0.18034620583057404, -0.10017339140176773, -0.32843536138534546, -0.4210793673992157]], [[0.8113866448402405, 1.8104833364486694, 0.9378319382667542, 1.7300485372543335, 0.4296075999736786, 2.0312113761901855, 0.03614504262804985, 0.9985755085945129, 0.7753203511238098, 1.5351319313049316, 0.5951531529426575, 2.0252835750579834, 0.8267462253570557, 1.0317304134368896, -0.04634145274758339, 2.7723820209503174, 0.8012210726737976, 2.032742500305176, 0.9692477583885193, 1.541568398475647, 0.9612035155296326, 0.7839733958244324, 0.43437376618385315, 0.44390466809272766, 1.8354456424713135, 1.5631954669952393, 2.113664150238037, 0.5425925850868225, 1.393372654914856, 0.6984697580337524, 2.1773107051849365, 1.0739914178848267], [0.36752593517303467, 0.822496771812439, 0.648787796497345, 0.9889737367630005, 0.7559682130813599, 1.170277714729309, 0.5404636263847351, 1.6929779052734375, 0.8345454335212708, 1.6585878133773804, 0.6656623482704163, 1.3877344131469727, 0.8650950193405151, 0.67745441198349, 0.5057076811790466, 1.1243394613265991, 0.32256022095680237, 2.8704705238342285, 0.9991334080696106, 1.7668944597244263, 0.3611617386341095, -0.2946743369102478, -0.4704434275627136, 0.25973445177078247, 0.8109239339828491, 2.764857292175293, 0.8712501525878906, 0.42449426651000977, 1.8088948726654053, 0.9029954671859741, 2.6546742916107178, 0.3707452416419983]], [[0.5220451354980469, 0.6551381945610046, 0.4025639295578003, 0.9865027666091919, 0.2725927233695984, 0.9674764275550842, 0.34160926938056946, 0.6429668068885803, 1.1725424528121948, 1.0859194993972778, 1.0296555757522583, 0.9540332555770874, 0.5790983438491821, 0.5267223715782166, 1.1483715772628784, 1.067608118057251, 1.0390509366989136, 0.9601804614067078, 0.6664879322052002, 0.8930904865264893, 0.22852002084255219, 0.8705191016197205, 1.3014967441558838, 1.7179312705993652, 2.3396377563476562, 1.1048153638839722, 0.4705182909965515, 0.6164478063583374, 0.3158077895641327, 0.8527873158454895, 0.5649539232254028, 0.9687210917472839], [-0.6971858143806458, 0.8032151460647583, 0.4845429062843323, 0.607653796672821, 0.5263122320175171, 1.1759669780731201, 0.46310681104660034, 1.0250595808029175, 0.04183050990104675, 0.903439998626709, 0.7631601691246033, 0.556585431098938, 0.7450674772262573, 1.5075998306274414, 0.8848013877868652, 0.8697233200073242, 1.0950058698654175, 1.482975959777832, 0.8388295769691467, 0.7963305711746216, 1.2203660011291504, 1.1551343202590942, 1.0792986154556274, 1.3007681369781494, 0.9435262084007263, 0.5637292265892029, 0.2600267231464386, -0.7863913178443909, 0.6283705830574036, 0.3683755397796631, 1.1788139343261719, -0.7319177985191345]], [[0.4838389754295349, 0.35067132115364075, -0.033817946910858154, 0.7217887043952942, 0.1403953582048416, 0.8355130553245544, 0.5491237640380859, 0.6640808582305908, 0.9652873873710632, 0.6904587149620056, 0.03974209725856781, 1.1151365041732788, 0.4290235936641693, 0.6595604419708252, 0.36155465245246887, 0.8486279249191284, 0.6613052487373352, 0.15902943909168243, 0.03632274270057678, 0.5786886811256409, 0.2046629637479782, 0.45698124170303345, 0.642663300037384, 0.6653459072113037, 1.0637576580047607, 0.4083802103996277, 1.5211838483810425, 0.5103959441184998, 0.49213820695877075, 0.2588728964328766, 1.0243521928787231, 0.4968206286430359], [0.3164556622505188, 1.0514270067214966, 0.4354672431945801, 0.955158531665802, 1.4104799032211304, 1.518842101097107, 0.8353989124298096, 2.170433521270752, 0.43454858660697937, 1.9954941272735596, 1.1065045595169067, 1.4872127771377563, 1.4212968349456787, 0.812445878982544, 1.1727522611618042, 1.0504432916641235, 0.6984137296676636, 2.0755417346954346, 0.9732738733291626, 1.5327751636505127, 1.137376070022583, 0.6132686138153076, 1.175504446029663, 1.0683627128601074, 0.9998495578765869, 1.327945351600647, 0.4606398940086365, 0.32698869705200195, 1.353061556816101, 0.3225950300693512, 1.7938508987426758, 0.36269423365592957]], [[0.5839197635650635, 0.7209790349006653, -0.20672905445098877, 0.4513775706291199, 0.5146980285644531, 0.09226948022842407, 1.01155424118042, 0.7356418371200562, -0.35879796743392944, 0.10737746208906174, 0.5637366771697998, 0.3162718117237091, 0.758171796798706, 0.6786330342292786, 0.7463077306747437, 0.33394521474838257, 0.648675262928009, 0.6899712085723877, 0.8635241389274597, -0.018093109130859375, 0.6558951735496521, 0.18964701890945435, -0.09963679313659668, -0.09630779922008514, 0.12618398666381836, 0.8725799322128296, 1.0673348903656006, 0.9478986263275146, 1.0315558910369873, 0.8635261654853821, 1.1758315563201904, 1.3952898979187012], [0.21991029381752014, -0.3831666111946106, -0.055975541472435, -0.39781153202056885, -0.4141797423362732, -0.4832962155342102, -0.2665768563747406, -0.4112435579299927, -0.1769644021987915, -0.4216005802154541, -0.38454651832580566, -0.2972005605697632, 0.14107966423034668, -0.021405816078186035, -0.1603482961654663, -0.5064910054206848, -0.23549076914787292, 0.40827202796936035, 0.22594311833381653, 0.203926682472229, 0.3936290740966797, 0.11141578108072281, -0.35809147357940674, -0.10309423506259918, -0.034932300448417664, -0.34511929750442505, -0.16655117273330688, 0.2314043939113617, 0.2315574586391449, 0.10953778028488159, -0.280280739068985, 0.3049129247665405]], [[0.4443466067314148, 0.307866632938385, -0.07292089611291885, 0.7482388019561768, 0.20562677085399628, 0.32343238592147827, -0.13229595124721527, 0.28841185569763184, 0.13487280905246735, 0.3714764714241028, -0.34658825397491455, -0.21058881282806396, -0.13084527850151062, 0.5480495691299438, -0.07669410854578018, 1.3563297986984253, 0.44066286087036133, 0.7224273681640625, 0.3739398717880249, 0.27945607900619507, 0.04086823761463165, -0.24419720470905304, -0.6690453290939331, -0.7132570147514343, 1.2120137214660645, 0.3427193760871887, -0.19677594304084778, -0.25877535343170166, 0.011076852679252625, -0.0763191431760788, -0.12275780737400055, 0.3878015875816345], [-0.0008979588747024536, -0.09540487080812454, 0.21078623831272125, 0.04918549954891205, -0.5678375363349915, -0.08634517341852188, 0.04997509717941284, -0.05131758004426956, -0.03468368947505951, -0.1117403656244278, -0.39363783597946167, -0.28667688369750977, -0.3657997250556946, 0.38796156644821167, -0.12043140828609467, 0.16187553107738495, 0.5344585180282593, -0.0522552952170372, -0.02584753930568695, -0.12488707900047302, -0.17518644034862518, -0.055040664970874786, 0.24430598318576813, 0.7349397540092468, 0.6679900288581848, -0.15192095935344696, -0.06276331841945648, 0.022562548518180847, -0.5133923888206482, -0.31958580017089844, -0.2070835679769516, 0.028768211603164673]], [[-0.6022793054580688, -0.5838820934295654, -1.2338371276855469, -0.5300254821777344, -0.6525458097457886, -0.6690714955329895, -0.47929030656814575, -0.28654664754867554, -1.1166901588439941, -0.7150939106941223, -0.6048008799552917, -1.33634614944458, -1.1010463237762451, -0.49466583132743835, -0.6177247166633606, -1.4667067527770996, -0.9544538855552673, -0.5403205156326294, -0.9792205095291138, -1.5172979831695557, -0.901160717010498, -0.8852829337120056, -0.9238123297691345, -0.30378425121307373, -1.6642065048217773, -0.7306172251701355, -1.666121244430542, -0.8147964477539062, -0.915777325630188, -0.5955163836479187, -0.9711242318153381, -0.32670366764068604], [-0.17212025821208954, -0.41706711053848267, -0.3827526569366455, -0.5516997575759888, -0.829420268535614, -0.6124952435493469, -0.32922059297561646, -0.6851808428764343, -0.5648190975189209, -0.5357121229171753, -0.8728370070457458, -0.7557475566864014, -0.7313474416732788, -0.3696827292442322, -0.208609476685524, -0.5453619956970215, -0.5238286256790161, 0.01655925065279007, -0.7134896516799927, -0.6175838708877563, -0.998835027217865, -0.7733067274093628, -0.19635261595249176, -0.6013001799583435, -0.6197563409805298, -1.297008752822876, -0.398171603679657, -0.10800078511238098, -0.916156530380249, -0.381013423204422, -0.9168851375579834, -0.11761103570461273]], [[-0.1099737286567688, 0.40968894958496094, 0.664764940738678, -0.24442917108535767, 0.651166558265686, 0.6809471845626831, 0.24172428250312805, -0.023291975259780884, 0.8646683692932129, 0.5840371251106262, 0.7948980927467346, 1.4591885805130005, 1.1817413568496704, 0.03677744418382645, 0.3754006028175354, 0.21807974576950073, 0.5049595236778259, 0.27001404762268066, 0.04625099152326584, 0.8862176537513733, 0.6795240640640259, 0.94407057762146, 1.3216736316680908, 1.3996890783309937, 1.4174081087112427, 0.7876394391059875, 1.5227153301239014, 0.17986047267913818, 0.5263537764549255, 0.014469586312770844, 1.0341699123382568, -0.3247664272785187], [-0.3224736452102661, 0.3116186857223511, 0.20358335971832275, 0.005649231374263763, 1.249098539352417, 0.8932570815086365, 0.2852880656719208, 0.5671007037162781, 0.03384172171354294, 1.3302236795425415, 0.6719440817832947, 0.9547104835510254, 0.7804232239723206, 0.9790822267532349, 0.7334237694740295, -0.012479640543460846, 0.7110428810119629, 0.6372455358505249, 0.5355581641197205, 0.4295177459716797, 0.7377342581748962, 1.2165582180023193, 1.3393186330795288, 1.3859392404556274, 1.0037431716918945, 1.7239903211593628, -0.00819282978773117, -0.29965221881866455, 0.6469977498054504, 0.010828815400600433, 0.03624359518289566, -0.31543025374412537]], [[0.31711483001708984, 0.013236582279205322, 0.33642375469207764, 0.3291221857070923, 0.12418463826179504, 0.18031758069992065, -0.06178443133831024, 0.20541369915008545, -0.051121100783348083, 0.4183497428894043, 0.4346380829811096, 0.17087918519973755, -0.03582105040550232, 0.25098103284835815, 0.5935361385345459, 0.40410953760147095, 0.032003194093704224, 0.3245794177055359, 0.17029190063476562, -0.45329153537750244, -0.20238614082336426, 0.021966993808746338, 0.40991640090942383, 0.4702897071838379, 0.08556687831878662, 0.5194134712219238, -0.09781858325004578, 0.2894255518913269, 0.029922127723693848, 0.210629403591156, -0.026809722185134888, 0.41347211599349976], [0.2829623818397522, 0.2723802328109741, 0.19534599781036377, 0.4393009543418884, 0.3696727156639099, 0.6088859438896179, 0.14426887035369873, 0.22235161066055298, 0.006116271018981934, -0.031872719526290894, 0.2605058550834656, 0.23513591289520264, 0.34764230251312256, 0.5234015583992004, 0.4685043692588806, 0.9021021127700806, 0.2509033679962158, -0.6509863138198853, 0.35280513763427734, 0.2932472825050354, 0.34652650356292725, 0.5715601444244385, 0.27693265676498413, 0.2039242386817932, 0.3447253704071045, -0.5357018709182739, 0.20227718353271484, 0.2287999391555786, -0.2036680281162262, -0.028242558240890503, 0.008279591798782349, 0.26767271757125854]], [[0.33201175928115845, 0.31473979353904724, 0.4099436402320862, 0.09980902075767517, 0.22650575637817383, -0.19674666225910187, 0.3595772087574005, 0.1653282195329666, 0.7313004732131958, 0.5226068496704102, 0.5342628955841064, 0.30773985385894775, 0.5414496660232544, 0.1291000247001648, 0.4896954894065857, -0.46419766545295715, 0.5119035840034485, -0.5099548101425171, 0.2899113595485687, -0.39513811469078064, 0.4085891544818878, 0.27656182646751404, 0.7694175839424133, 0.8657247424125671, 0.44005122780799866, 0.2983863651752472, 0.26827847957611084, 0.4144907593727112, 0.5042828917503357, 0.34492653608322144, 0.5358076095581055, 0.2594679296016693], [0.18008792400360107, -0.028313633054494858, 0.3885626494884491, 0.09112809598445892, 0.29265862703323364, 0.04726063087582588, 0.4270627796649933, 0.0030517280101776123, 0.2442251741886139, -0.039473433047533035, 0.16525641083717346, 0.13519173860549927, 0.37339693307876587, 0.45900630950927734, 0.6038081049919128, 0.23796464502811432, 0.24918417632579803, -0.366586297750473, 0.31561824679374695, 0.005046196281909943, 0.5054664015769958, 0.5622668862342834, 0.5730600357055664, 0.8479283452033997, 0.7107113599777222, -0.26677826046943665, 0.5193090438842773, 0.18378658592700958, 0.13201291859149933, 0.24122090637683868, 0.22246785461902618, 0.15010768175125122]], [[0.48579007387161255, 1.6676487922668457, 0.823072612285614, 1.0013706684112549, 0.7708200812339783, 1.8299298286437988, 0.3954967260360718, 0.8979687094688416, 0.7771300077438354, 0.9377564787864685, 0.9599836468696594, 1.6995034217834473, 0.9275093674659729, 0.7472646832466125, 0.43629705905914307, 1.4646081924438477, 0.13303305208683014, 1.6775845289230347, 0.49527525901794434, 1.2687890529632568, 0.7390050292015076, 0.9519609808921814, 1.036485195159912, 1.201760172843933, 0.6203994154930115, 1.3393583297729492, 1.194828748703003, 0.7285242080688477, 0.9103995561599731, 0.48012638092041016, 1.0334203243255615, 0.43480199575424194], [0.39973965287208557, 0.8818244338035583, 0.0955209881067276, 0.4880751371383667, 1.0634194612503052, 1.2922366857528687, 0.48204493522644043, 1.0422115325927734, 0.14732961356639862, 1.6326360702514648, 0.8599410653114319, 1.438612937927246, 0.7920934557914734, 0.4966099262237549, 0.49487918615341187, 0.5639142990112305, 0.14809361100196838, 2.2258830070495605, 0.8843114376068115, 1.4019191265106201, 0.5554493069648743, 0.5998011827468872, 0.822052538394928, 0.752074658870697, 0.7045692801475525, 1.105337381362915, 0.43502897024154663, 0.2936534285545349, 0.8331097960472107, 0.2756812274456024, 1.3580105304718018, 0.2888835370540619]], [[-1.0593868494033813, -1.2848081588745117, -0.8791601657867432, -1.37713623046875, -0.3802691102027893, -0.7689917087554932, 0.5250327587127686, -0.5813650488853455, -1.0165797472000122, -1.4553428888320923, -0.40192875266075134, -0.3943805694580078, -0.4301720857620239, -0.9826997518539429, -0.09068351984024048, -0.9254772663116455, -1.369079351425171, -1.1138392686843872, -0.5831559896469116, -1.2204257249832153, -0.08615006506443024, -0.5010572671890259, -0.17469069361686707, 0.13523277640342712, -1.6001170873641968, -0.7013214826583862, -0.18917995691299438, -0.8234438896179199, -0.5492628216743469, -0.7816165089607239, -0.4362502694129944, -0.9114630222320557], [-0.22529277205467224, -1.064231038093567, -0.9543741345405579, -0.6770103573799133, -1.0694974660873413, -0.7012121677398682, -0.8522895574569702, -0.04101322963833809, -0.6753011345863342, -0.16217294335365295, -0.9787066578865051, -0.37670135498046875, -1.2024568319320679, -1.2465734481811523, -0.9985017776489258, -0.4503594636917114, -1.1791483163833618, 0.34967684745788574, -1.1991935968399048, -0.7211156487464905, -1.4731009006500244, -0.45810890197753906, -2.0482444763183594, -1.912631630897522, -1.8117601871490479, -1.2002695798873901, -0.7454085350036621, -0.1981661319732666, -0.2837779223918915, -0.5712146759033203, 0.1603168249130249, -0.192595973610878]], [[-0.7341581583023071, -0.13525958359241486, 0.06012588366866112, -0.7570632696151733, 0.052253928035497665, -0.3712866008281708, 0.14981067180633545, -0.4456618130207062, -0.20154786109924316, -0.20060214400291443, 0.6440316438674927, 0.6202598810195923, 0.27079203724861145, -0.7237014770507812, -0.03218906372785568, 0.47385460138320923, -0.6363861560821533, -0.14787699282169342, -0.6398112773895264, -0.35523489117622375, -0.22065606713294983, -0.1317860633134842, 0.7500731945037842, 1.5695263147354126, 0.1950599104166031, 0.2653363049030304, 0.44258609414100647, -0.582763671875, -0.5138756036758423, -0.6621309518814087, -0.31414005160331726, -0.6739926338195801], [-0.056046515703201294, -0.02565380185842514, -0.3079593777656555, -0.25267985463142395, 0.7165476083755493, 0.3342289924621582, -0.011099547147750854, 0.6189737319946289, -0.1124691367149353, 0.8390130996704102, 0.07287748903036118, 0.39776626229286194, 0.16669034957885742, 0.10863371193408966, 0.18063002824783325, -0.004180349409580231, -0.1664680689573288, 0.6542403697967529, -0.19168761372566223, -0.027855627238750458, 0.15499629080295563, 0.9174579381942749, 0.7891533374786377, -0.09836675226688385, -0.060537174344062805, 0.7366136312484741, -0.34475329518318176, -0.07753367722034454, -0.010848835110664368, -0.16853322088718414, 0.46313902735710144, -0.04743511229753494]], [[-1.1238304376602173, -0.6751288175582886, -1.0589368343353271, -1.3116294145584106, -1.312681794166565, -1.4575788974761963, -1.4806110858917236, -0.9464618563652039, -1.017970323562622, -0.9625573754310608, -1.3076701164245605, -1.231818675994873, -1.2130763530731201, -1.3005995750427246, -1.9113398790359497, -1.630377173423767, -1.5072914361953735, -1.1120145320892334, -1.1204041242599487, -0.7393359541893005, -1.0123109817504883, -1.6977683305740356, -2.0452356338500977, -2.326955556869507, -1.6098893880844116, -1.1353598833084106, -1.5143359899520874, -1.2292941808700562, -1.4413745403289795, -1.301863431930542, -1.3212417364120483, -1.4636937379837036], [-0.434100866317749, -1.011168360710144, -0.8213381767272949, -0.8117437362670898, -1.2521872520446777, -1.3645685911178589, -1.2876490354537964, -0.985038161277771, -0.7812256813049316, -1.837732195854187, -1.4153094291687012, -1.9466211795806885, -1.4777535200119019, -1.3566584587097168, -1.6578395366668701, -1.3607760667800903, -1.190041422843933, -1.5984972715377808, -1.1636055707931519, -1.1342824697494507, -1.7430899143218994, -2.3732285499572754, -2.530097484588623, -2.2548484802246094, -1.7535496950149536, -2.445047616958618, -1.2402794361114502, -0.5725480914115906, -1.1641261577606201, -1.1773415803909302, -1.0854135751724243, -0.5148627161979675]], [[0.42510929703712463, 0.9777953624725342, 0.6591277122497559, 1.095557689666748, 0.294117271900177, 1.1202808618545532, 0.07279571890830994, 0.6364399790763855, 0.18935947120189667, 0.522299587726593, 0.1376354694366455, 1.3308511972427368, 0.5365105867385864, 0.3768313229084015, 0.15481293201446533, 0.9952616691589355, -0.007951568812131882, 0.9147568941116333, 0.29248008131980896, 0.8467103838920593, 0.342058002948761, 0.46265318989753723, 0.6235944032669067, 0.26545992493629456, -0.023702139034867287, 0.39661186933517456, 1.1486499309539795, 0.28817084431648254, 0.6581034064292908, 0.1896219104528427, 1.3496923446655273, 0.6723080277442932], [0.4913863241672516, 0.8407716751098633, 0.5215892791748047, 0.5911171436309814, 0.6066634058952332, 0.8996940851211548, 0.39297935366630554, 0.756304919719696, 0.20686718821525574, 1.0698965787887573, 0.43472743034362793, 0.6351399421691895, 0.389729380607605, 0.7164046764373779, 0.32134005427360535, 0.5508007407188416, 0.6259084343910217, 1.1101222038269043, 0.49645981192588806, 0.7445437908172607, 0.9266759157180786, 0.3575626015663147, 0.33061060309410095, 0.390085369348526, 0.14438146352767944, 1.4303348064422607, 0.5645555853843689, 0.3543568253517151, 1.2697147130966187, 0.6059643030166626, 1.3721325397491455, 0.4313906729221344]], [[0.21598857641220093, 0.542134702205658, 0.2213786244392395, 0.379761278629303, -0.036950916051864624, 0.5731571316719055, -0.15109911561012268, 0.25590264797210693, 0.22109562158584595, 0.2512344717979431, 0.11717945337295532, 0.5157898664474487, 0.030404627323150635, 0.13391706347465515, 0.07244127988815308, 0.4637375771999359, 0.08159270882606506, 0.34630313515663147, -0.00597342848777771, 0.3436555862426758, -0.015971511602401733, 0.031969308853149414, 0.2273348867893219, 0.249517560005188, 0.4430166780948639, 0.12213119864463806, 0.8106464147567749, 0.2139461636543274, 0.10510972142219543, -0.18401876091957092, 0.5280503630638123, 0.28341853618621826], [1.2165708541870117, 0.27350395917892456, 0.1628490686416626, 0.12497800588607788, 0.3334270715713501, 0.3290036916732788, 0.13664692640304565, 0.4227696657180786, 0.08310365676879883, 0.37633028626441956, 0.38660937547683716, 0.4158593416213989, 0.3408428430557251, 0.3081413805484772, 0.3901459574699402, 0.4049800932407379, 0.14339902997016907, 0.18017169833183289, 0.3040865659713745, 0.4469732642173767, 0.2722931504249573, 0.2501199245452881, 0.4143564701080322, 0.4449630379676819, 0.5857881307601929, 0.14919906854629517, 0.11974745988845825, 1.184808373451233, 0.17552480101585388, 0.12807786464691162, 0.4490037262439728, 1.1837425231933594]], [[0.010831229388713837, 0.43355339765548706, 0.2166321575641632, 0.11227171868085861, 0.10693439096212387, -0.03258714824914932, 0.21773743629455566, 0.09962376207113266, 0.5247601270675659, 0.08040670305490494, -0.07957722246646881, -0.01147906482219696, 0.10524099320173264, 0.0012477859854698181, 0.36717739701271057, -0.008939631283283234, -0.20624028146266937, -0.5517787933349609, 0.12857943773269653, -0.6360914707183838, 0.3772113025188446, 0.6857618689537048, 0.8056227564811707, 0.6306522488594055, 0.2656962275505066, -0.18034017086029053, 1.0640166997909546, 0.47287845611572266, 0.5384455323219299, 0.2565076947212219, 0.6975470781326294, 0.21646475791931152], [0.32327285408973694, 0.4116032123565674, 0.22966992855072021, 0.37159857153892517, 0.6867573857307434, 0.5528075098991394, 0.41865241527557373, 0.7507051825523376, 0.37632203102111816, 0.2990127205848694, -0.07128545641899109, 0.4902437925338745, 0.3982098698616028, 0.47015994787216187, 0.26193442940711975, 0.2836030423641205, 0.2738068401813507, 0.30783626437187195, 0.3836575746536255, 0.3011719882488251, 0.6469936370849609, 0.7922254204750061, 1.1747311353683472, 1.168108344078064, 1.1827119588851929, 1.536662220954895, 0.6251659393310547, 0.30148473381996155, 1.065019965171814, 0.7499487996101379, 1.4044312238693237, 0.28655439615249634]], [[0.31111302971839905, 0.5526555776596069, -0.015881717205047607, -0.002396136522293091, -0.28927773237228394, 0.28820136189460754, -0.5622919797897339, 0.2190488874912262, 0.06678453087806702, 0.7409141063690186, 0.27157095074653625, 0.7289037704467773, -0.049792349338531494, 0.2281775176525116, -0.7631580233573914, 0.14952823519706726, 0.1680561602115631, 0.4293281137943268, 0.006590157747268677, 0.004959851503372192, 0.30508193373680115, 0.21345052123069763, -0.03194025158882141, 0.12141373753547668, 0.16977134346961975, 0.550666332244873, 0.059643954038619995, 0.37643226981163025, 0.29775765538215637, 0.3679995834827423, 0.42032375931739807, 0.4398638904094696], [0.05515313148498535, -0.28575393557548523, -0.3045427203178406, -0.4349958300590515, -0.5212150812149048, -0.3063964247703552, -0.18509650230407715, 0.08389368653297424, -0.1398894041776657, 0.3771674335002899, -0.39274531602859497, -0.009257912635803223, -0.41043999791145325, -0.9322333335876465, -0.4585402011871338, -0.2972140908241272, -0.6758227348327637, 0.3172732889652252, -0.7576532363891602, -0.3995155096054077, -0.5877304673194885, -0.1855495572090149, -0.45739078521728516, -0.4798835515975952, -0.3326954245567322, 0.4434959590435028, 0.05466189980506897, 0.06650224328041077, 0.20143970847129822, -0.06650391221046448, 0.7842882871627808, 0.03592446446418762]], [[-0.13295018672943115, -0.06273845583200455, 0.0626211166381836, -0.3038221597671509, 0.170739084482193, -0.170608788728714, 0.44411569833755493, -0.24443258345127106, 0.6732802391052246, 0.16494593024253845, -0.07603145390748978, -0.7832592129707336, 0.20844775438308716, -0.04447461664676666, -0.18756353855133057, -0.11410684883594513, 0.034172847867012024, 0.026632264256477356, -0.12701153755187988, -0.47698265314102173, 0.1149224042892456, -0.2695550322532654, 0.09843902289867401, 0.10988708585500717, -0.32066577672958374, 0.3502178192138672, -0.6694416999816895, -0.29303449392318726, -0.16943882405757904, -0.011365853250026703, -0.3156557083129883, -0.5950214266777039], [0.019383762031793594, -0.28344815969467163, -0.2037545144557953, -0.3368884325027466, -0.3254251480102539, -0.36179864406585693, -0.6081069707870483, -0.6092725992202759, -0.2021780014038086, -0.756683349609375, -0.33868324756622314, -0.7568013072013855, -0.5035938024520874, -0.508519172668457, -0.5440389513969421, -0.4469277262687683, -0.3588012456893921, -0.7925989031791687, -0.3163095712661743, -0.688509464263916, -0.25700944662094116, -0.8689628839492798, -0.6040200591087341, -0.45931094884872437, -0.5133755207061768, -1.5038458108901978, -0.5762611627578735, 0.008993851020932198, -0.885073184967041, -0.37779319286346436, -1.3507014513015747, 0.0069948043674230576]], [[-0.33849579095840454, -1.35614013671875, -1.0715223550796509, -0.26588040590286255, -0.8294558525085449, -0.6224819421768188, -0.795025110244751, -0.5920495986938477, -1.011923909187317, -0.5618457794189453, -0.6698745489120483, -0.8251569271087646, -0.9402211904525757, -0.16980357468128204, -0.6623944044113159, -1.020987629890442, -0.6393519043922424, -0.8792353272438049, -0.4890991449356079, -1.0802630186080933, -0.6627131104469299, -0.9147851467132568, -1.4999672174453735, -1.5777361392974854, -1.2639299631118774, -0.9321441650390625, -1.172911524772644, -0.521224856376648, -0.4907374978065491, -0.04715609550476074, -1.033003807067871, -0.10614201426506042], [0.01428934931755066, -0.32861828804016113, -0.0018455982208251953, -0.21218225359916687, 0.0927673876285553, -0.1449672281742096, -0.05396014451980591, -0.19076889753341675, -0.25120308995246887, 0.09182271361351013, 0.16271916031837463, -0.00803077220916748, 0.1320492923259735, 0.9744733572006226, 0.07394370436668396, -0.3495904803276062, 0.0706842839717865, -0.5433641076087952, -0.2654167413711548, -0.09345391392707825, -0.20299041271209717, -0.6078064441680908, 0.06743431091308594, 0.39742037653923035, 0.4666558802127838, -1.631963849067688, -0.11186835169792175, -0.04376336932182312, -0.8375082015991211, -0.3973333239555359, -0.8271305561065674, -0.005581885576248169]], [[0.2538691461086273, -0.6477435231208801, 0.1922014057636261, -0.689159095287323, 0.0514364019036293, -0.07728631794452667, 0.6150198578834534, -0.19486907124519348, 0.9290206432342529, 0.07878916710615158, 0.11727138608694077, 0.004872865974903107, 0.2508063018321991, -0.08934634923934937, 0.5813916325569153, -0.4661094844341278, 1.1219402551651, 0.10668457299470901, 0.11511934548616409, -0.12543407082557678, -0.05547630786895752, 0.024357788264751434, 0.7892600893974304, 0.6380500793457031, 1.8814795017242432, 0.9197258949279785, -0.5856245756149292, 0.33017903566360474, -0.3346794843673706, 0.38109540939331055, -0.8795470595359802, -0.13519835472106934], [0.2658036947250366, 0.16009357571601868, 0.13064423203468323, -0.04288563132286072, 0.6498653292655945, 0.10797212272882462, 0.2675996720790863, 0.27607741951942444, 0.44680505990982056, 0.7070373892784119, 0.5125055909156799, 0.350719690322876, 0.35839709639549255, -0.4188424348831177, 0.41797012090682983, 0.013827018439769745, 0.08872299641370773, 0.31838759779930115, 0.18959221243858337, 0.3953058123588562, 0.6043848395347595, 1.4701802730560303, 0.45828914642333984, 0.4104931950569153, 0.6797736287117004, -0.3490186631679535, 0.35128816962242126, 0.27195310592651367, -0.11580996960401535, 0.607013463973999, -0.34457942843437195, 0.347418874502182]], [[-0.13541199266910553, -0.14457650482654572, -0.37455296516418457, -0.3725479245185852, -0.44861018657684326, -0.24579767882823944, -0.027046874165534973, -0.4333353638648987, -0.48418480157852173, 0.10688895732164383, -0.26745808124542236, -0.6278946399688721, -0.4650176167488098, -0.31912410259246826, -0.08809183537960052, -0.9513864517211914, -0.7570579051971436, -0.5437865257263184, -0.21995340287685394, 0.02458132803440094, -0.3665713667869568, -0.21832571923732758, -0.9079928398132324, -1.048496127128601, -0.7025656700134277, -0.15824399888515472, -0.5915991067886353, -0.23948679864406586, -0.4358820915222168, -0.20020316541194916, -0.697068989276886, -0.41584980487823486], [-0.061273589730262756, -0.005115613341331482, -0.07424323260784149, -0.08218850195407867, -0.43264251947402954, -0.3856644034385681, -0.15987984836101532, -0.6051151156425476, -0.18822471797466278, -0.6182813048362732, -0.14824502170085907, -0.6517877578735352, -0.23971326649188995, 0.5328884720802307, -0.049416422843933105, -0.3759819269180298, 0.07903750985860825, -0.7429141998291016, -0.017513900995254517, -0.27732396125793457, -0.04177840054035187, 0.41972655057907104, 0.5002405047416687, 0.3652578592300415, -0.003541901707649231, -0.26105284690856934, -0.40694552659988403, -0.1545671969652176, -0.4477488398551941, -0.24002401530742645, -1.2833507061004639, -0.18289904296398163]], [[1.2629276514053345, 1.683862328529358, 1.4982473850250244, 1.5047928094863892, 1.3916140794754028, 2.6328799724578857, 1.0990360975265503, 1.4246326684951782, 1.4933208227157593, 2.0309107303619385, 1.3828372955322266, 1.9483462572097778, 1.0071789026260376, 1.3308085203170776, 1.3808021545410156, 1.2200133800506592, 0.9879518747329712, 2.118364095687866, 1.23943293094635, 1.997078537940979, 0.9756155014038086, 1.5670205354690552, 2.1626474857330322, 1.709285020828247, 2.4948716163635254, 2.4322640895843506, 1.462202787399292, 1.7673534154891968, 1.2231671810150146, 1.5124781131744385, 1.2169842720031738, 1.3639838695526123], [0.20946004986763, 1.2262492179870605, 0.8141717910766602, 1.2698334455490112, 1.3919246196746826, 1.6948586702346802, 1.3782862424850464, 1.491419792175293, 1.1165271997451782, 1.8694661855697632, 1.337890863418579, 1.4910838603973389, 1.395602822303772, 1.503584623336792, 1.24020254611969, 1.4566822052001953, 1.082958698272705, 1.7279108762741089, 1.2925316095352173, 1.3683645725250244, 1.112263560295105, 1.3764729499816895, 1.328260064125061, 1.7435591220855713, 1.3906162977218628, 1.36431884765625, 1.1971585750579834, 0.35148781538009644, 1.4144868850708008, 1.2897883653640747, 1.3539904356002808, 0.390304833650589]], [[1.203328013420105, 2.531147003173828, 1.2920421361923218, 1.996746301651001, 1.0633217096328735, 3.0418601036071777, 0.8803005814552307, 1.718766689300537, 1.3045728206634521, 1.8656667470932007, 1.3203656673431396, 1.9678869247436523, 1.4825457334518433, 1.6634401082992554, 0.9280036687850952, 2.410252571105957, 1.1699235439300537, 2.557361364364624, 1.4841502904891968, 1.9763169288635254, 1.2623053789138794, 1.3122535943984985, 1.201622724533081, 1.2594441175460815, 1.4223864078521729, 2.2965006828308105, 2.6611392498016357, 1.6685446500778198, 1.8127963542938232, 1.500893473625183, 2.247253179550171, 1.8690705299377441], [-0.023076210170984268, 1.060110092163086, 0.2375343143939972, 0.8090206980705261, 0.6820678114891052, 1.2191493511199951, 0.45962315797805786, 1.3991073369979858, 0.35112157464027405, 1.5583209991455078, 1.0906662940979004, 1.1518003940582275, 0.7189432978630066, 0.7535775303840637, 0.6705602407455444, 1.001853108406067, 0.5282313823699951, 2.6229183673858643, 0.9104856252670288, 0.9986131191253662, 0.5940669775009155, -0.2531950771808624, 0.5018945336341858, 0.03966289013624191, 0.5497519969940186, 0.7652541399002075, 0.5123070478439331, -0.007550179958343506, 1.3749475479125977, 0.9810867309570312, 2.008974313735962, 0.0398634672164917]], [[-0.5378912687301636, -0.5750106573104858, -0.6443800926208496, -0.15272709727287292, -0.8799551129341125, -0.6630007028579712, -1.1243531703948975, -0.22791582345962524, -1.8212860822677612, -0.8561137318611145, -1.1226410865783691, -0.7721610069274902, -1.2007852792739868, -0.4505595862865448, -1.1582638025283813, -0.6960659027099609, -0.8025557398796082, -0.6846115589141846, -0.22535187005996704, -0.8055174350738525, -0.880754292011261, -1.25861656665802, -3.156792402267456, -2.574279546737671, -1.7091585397720337, -0.4880463480949402, -1.4682769775390625, -0.43197840452194214, -0.43972423672676086, -0.05546095594763756, -1.489466667175293, -0.32508376240730286], [-0.18769842386245728, -0.7647109627723694, -0.5084009170532227, -0.4818152189254761, -1.498624563217163, -0.8999281525611877, -0.8287866711616516, -0.7270745635032654, -0.3028090000152588, -0.8984049558639526, -1.0792425870895386, -0.8894087076187134, -1.0936342477798462, -1.3833036422729492, -1.3621093034744263, -0.8927929401397705, -1.0190682411193848, -1.1397253274917603, -1.023455023765564, -1.163087010383606, -1.3553283214569092, -1.593096137046814, -1.7984572649002075, -0.7626874446868896, -1.1629213094711304, -1.583678126335144, -0.6611303687095642, -0.19697970151901245, -0.8317596912384033, -0.4278705418109894, -1.3397098779678345, -0.22739598155021667]], [[-1.0434882640838623, -0.2361556589603424, -0.6017519235610962, -0.6782263517379761, -0.5028389692306519, -0.5055928230285645, -0.3499647080898285, -0.2512343227863312, -0.418646901845932, -0.5203684568405151, -0.5352307558059692, -0.6871072053909302, -0.5719724893569946, -0.4853253662586212, -1.0234148502349854, -0.8566616773605347, -0.6943649053573608, -0.9612648487091064, -0.5587716102600098, -0.43880710005760193, -0.4600473940372467, -0.39886805415153503, -0.08660763502120972, -0.19550803303718567, -0.3360465466976166, -0.14478525519371033, -0.26555290818214417, -0.7029849290847778, -0.3527185320854187, -0.1900935173034668, -0.3141302466392517, -0.7049199342727661], [-1.1037495136260986, -0.7773425579071045, -0.721092939376831, -0.6681219339370728, -0.754881739616394, -0.7950153350830078, -0.42369017004966736, -0.7337212562561035, -0.5263540744781494, -0.9880248308181763, -0.6337016820907593, -0.6243909597396851, -0.6476776599884033, -0.32617098093032837, -0.6990326642990112, -0.6828789710998535, -0.4308360517024994, -1.5527660846710205, -0.4111039638519287, -0.5032869577407837, -0.6228080987930298, -0.3286290168762207, -0.4406759440898895, -0.5171395540237427, -0.7440621852874756, -1.7139710187911987, -0.5711454153060913, -1.051062822341919, -0.7013983726501465, -0.9312646389007568, -0.9353040456771851, -0.9938559532165527]], [[0.050005022436380386, 0.7051554918289185, 0.1137860119342804, 0.14827251434326172, 0.12924903631210327, 0.9458377361297607, 0.10530875623226166, 0.6559597253799438, 0.19988566637039185, 0.7327944040298462, 0.15477973222732544, 0.5333336591720581, 0.5066848397254944, 0.4199385344982147, 0.20419402420520782, 0.6231375932693481, -0.07223418354988098, 0.9910411834716797, 0.3256448805332184, 1.0965218544006348, 0.5324236154556274, 0.590988039970398, -0.2721220850944519, -0.23275336623191833, 1.2134159803390503, 0.9467366933822632, 0.34600353240966797, 0.3742508590221405, 0.21825240552425385, 0.508870005607605, 0.3355112671852112, 0.3814280927181244], [0.30770614743232727, 0.1995014250278473, 0.2050868719816208, 0.2953060269355774, 0.7899494171142578, 0.830291748046875, 0.3604404032230377, 0.802108645439148, 0.4714023470878601, 1.3559601306915283, 0.36237791180610657, 0.7970407009124756, 0.6661735773086548, 0.24482038617134094, 0.4616590142250061, 0.4911612570285797, 0.23193639516830444, 1.1166348457336426, 0.4139939546585083, 0.7396847009658813, 0.5180712938308716, 1.5495481491088867, 0.9736802577972412, 0.6053565740585327, 0.5745254755020142, 1.232131004333496, 0.42542117834091187, 0.3683079779148102, 0.45337367057800293, 0.5187969207763672, 0.26127374172210693, 0.3326356112957001]], [[-0.6752296090126038, -1.0234354734420776, -1.152023196220398, -0.46765074133872986, -0.992423415184021, -0.9375118017196655, -1.1110780239105225, -0.46616044640541077, -0.7608286738395691, -0.7358554601669312, -1.2048193216323853, -1.0100030899047852, -0.882530927658081, -0.5881224274635315, -0.6803834438323975, 0.4358441233634949, -0.7056218385696411, -0.2900445759296417, -0.7764027714729309, -0.9839929938316345, -0.8367935419082642, -0.6376573443412781, -0.9793904423713684, -0.6597777605056763, -0.5410634875297546, -0.4677638113498688, -0.7756242156028748, -1.0675791501998901, -0.6223052144050598, -0.681100606918335, -0.5417258143424988, -0.7426989078521729], [-0.123127281665802, -0.7667485475540161, -0.7005246877670288, -0.4733000695705414, -0.6658402681350708, -0.2483455240726471, -0.13058806955814362, 0.19279730319976807, -0.5283467769622803, -0.2291015088558197, -0.9366815686225891, -0.3875035345554352, -0.3249441981315613, -0.46030211448669434, 0.1910986304283142, 0.21454989910125732, -0.1621832549571991, 0.7100791931152344, -0.35081973671913147, 0.12743449211120605, -0.044917501509189606, 0.5156694054603577, 0.08477196842432022, 0.11761591583490372, 0.17591318488121033, 0.42841458320617676, -0.3875388205051422, -0.1337231993675232, -0.06550594419240952, -0.43595170974731445, -0.4611254632472992, -0.13574542105197906]], [[-0.009964540600776672, 0.7014045119285583, 0.41577160358428955, 0.46177393198013306, 0.44044095277786255, 0.5305018424987793, -0.01831437647342682, 0.5245237946510315, 0.15216265618801117, 0.2569160461425781, 0.2331613302230835, 0.4684317708015442, 0.4633995294570923, 0.06828360259532928, 0.25219130516052246, 0.3751928210258484, 0.1642495095729828, 0.07008667290210724, 0.3323363661766052, 0.7399091124534607, 0.4348503351211548, 0.7038869261741638, 0.7784380316734314, 0.3737384080886841, -0.02821648120880127, 0.09435771405696869, 0.5920575857162476, -0.25068986415863037, 0.24627792835235596, 0.1579049825668335, 0.4452524781227112, 0.012481674551963806], [0.026066340506076813, 0.7676759958267212, 0.3778294324874878, 0.4699769616127014, 1.1095654964447021, 0.9806996583938599, 0.13073983788490295, 0.42572277784347534, 0.19682836532592773, 0.5164386630058289, 0.6024227738380432, 0.9495095610618591, 0.6559417247772217, 0.5326181054115295, 0.3700687885284424, 0.453238844871521, 0.5368486642837524, 0.39911532402038574, 0.7619696259498596, 0.9419719576835632, 0.9473264813423157, 0.6423622965812683, 0.5471599698066711, 0.5068598985671997, 0.15748849511146545, 0.8490262031555176, 0.19451364874839783, 0.021031677722930908, 0.5357568264007568, 0.31862330436706543, 0.8336202502250671, -0.011225566267967224]], [[-0.24730414152145386, -0.1454278826713562, -0.03911951184272766, -0.31649544835090637, 0.261547714471817, -0.5575950741767883, 0.5366991758346558, -0.1273873746395111, -0.023806661367416382, -0.7241650223731995, 0.2899168133735657, -1.2004179954528809, 0.09767191112041473, -0.017863839864730835, 0.08157242089509964, -0.7704307436943054, -0.2299615442752838, -0.41301852464675903, 0.1646716445684433, -0.25884196162223816, 0.07324060797691345, -0.009538725018501282, 1.0438296794891357, 0.1626104861497879, -1.0010619163513184, -0.043194398283958435, -0.4846147298812866, 0.06026197224855423, 0.11643428355455399, 0.623309850692749, 0.09250135719776154, 0.5125703811645508], [0.12308426201343536, -0.18356111645698547, -0.07162220776081085, -0.4665786623954773, -1.3422458171844482, -1.065577507019043, -0.30554118752479553, -0.7408352494239807, -0.23579856753349304, -0.8591246604919434, -0.308635413646698, -0.9820272922515869, -0.8266072869300842, -0.36015892028808594, -0.507561445236206, -0.6511342525482178, -0.0120726078748703, -0.5525588393211365, -0.14371982216835022, -0.5261759757995605, -0.2227434515953064, -0.06678213179111481, -0.07146228849887848, -0.2817820906639099, -0.4344053268432617, -0.8796442747116089, -0.13341185450553894, 0.17112495005130768, -0.41218602657318115, -0.11630362272262573, -0.8252617716789246, 0.1735614687204361]], [[0.2377629280090332, 0.7221289873123169, 0.46240755915641785, 0.27303454279899597, 0.486201673746109, 0.7193334102630615, 0.18899083137512207, 0.7443538904190063, -0.1938118040561676, 0.11714038252830505, 0.27841344475746155, 1.3793338537216187, 0.36968663334846497, 0.4649726450443268, -0.055647701025009155, 0.8264967203140259, 0.1549675464630127, 0.5173455476760864, 0.6414230465888977, 1.1992621421813965, 0.8402515649795532, 0.7909128069877625, 0.006150886416435242, 0.3380664885044098, -0.20640453696250916, 0.6363399028778076, 1.273442268371582, 0.6810791492462158, 0.9608963131904602, 0.8738698959350586, 1.2398163080215454, 1.0002597570419312], [0.384141743183136, 0.8629510402679443, 0.5846207737922668, 0.6994787454605103, 1.2082439661026, 1.185811161994934, 0.7553147077560425, 1.5031437873840332, 0.6339547038078308, 1.935926914215088, 1.4829318523406982, 1.4714528322219849, 1.3680206537246704, 1.0180190801620483, 0.9698895215988159, 1.2464098930358887, 0.8529806137084961, 2.485074281692505, 1.418941617012024, 1.7258349657058716, 1.3372609615325928, 1.4228862524032593, 1.2403782606124878, 1.1287850141525269, 0.8920420408248901, 1.4345109462738037, 0.8467954993247986, 0.4613856375217438, 1.4050099849700928, 1.1124051809310913, 1.5006011724472046, 0.5120037198066711]], [[0.7897617816925049, -0.5375981330871582, 0.7303413152694702, 0.10048326849937439, 0.6782987713813782, -0.6727374792098999, 0.21015924215316772, -0.13816699385643005, -0.2941431403160095, -0.08563631772994995, 0.6272311806678772, -0.4915580749511719, 0.04215089976787567, 0.3329892158508301, 0.20989859104156494, -0.7039186358451843, 0.5942327976226807, -0.19778725504875183, 0.5569019317626953, 0.5018491148948669, 0.521912693977356, 0.3079002797603607, -0.2545194923877716, -0.5198925733566284, 0.2224193513393402, 0.42493873834609985, -0.2085689902305603, 0.309589684009552, 0.45440250635147095, 0.4644041061401367, -0.37165820598602295, 0.2703680396080017], [0.46503984928131104, -0.4821472465991974, -0.020900443196296692, 0.059172868728637695, -0.8327896595001221, -0.9742599129676819, -0.21534310281276703, -0.4446711242198944, 0.357383668422699, -0.7502397894859314, -0.4224032163619995, -0.44592657685279846, -0.29630446434020996, -0.2264709174633026, -0.4380436837673187, -0.46287277340888977, -0.1483842432498932, -0.8405810594558716, -0.20468665659427643, -0.610468864440918, -0.5668392181396484, -0.48375576734542847, -0.11204509437084198, -0.40154463052749634, 0.029798313975334167, -1.571831226348877, 0.4450089931488037, 0.5901216864585876, -0.06897714734077454, 0.21304944157600403, 0.13128617405891418, 0.6203842163085938]], [[0.16462098062038422, 0.6952100992202759, 0.10031352192163467, -0.044291019439697266, 0.5216115713119507, 0.9300171136856079, 0.6607486009597778, 0.1383911669254303, 1.098571538925171, 1.3902709484100342, 1.1789500713348389, 1.3393949270248413, 0.7166693210601807, -0.09676752984523773, 0.6684036254882812, -0.5419851541519165, -0.0740862786769867, 0.12411141395568848, 0.25150948762893677, 0.6987366676330566, 0.6557247638702393, 0.9932310581207275, 2.597306966781616, 2.1239845752716064, 1.5197209119796753, 1.421600103378296, 1.139664649963379, 0.4525403082370758, 0.22726571559906006, 0.2387925088405609, 0.1852862387895584, -0.4429897964000702], [-0.7548732757568359, -0.5635449886322021, -0.06471385806798935, -0.6097023487091064, 0.2949836254119873, -0.15037523210048676, -0.4636450707912445, -0.5688067674636841, -0.10271386802196503, -0.07031233608722687, -0.08210313320159912, 0.04911571741104126, 0.4168185293674469, 0.4866747260093689, 0.3209882080554962, -0.4712964594364166, 0.4917220175266266, -0.3147900700569153, 0.5494323968887329, -0.23162361979484558, 0.44831275939941406, 0.7497425079345703, 1.3054136037826538, 0.15764927864074707, 0.345846027135849, 0.6621689796447754, -0.044540196657180786, -0.7993408441543579, -0.06552693247795105, -0.7292646169662476, -1.211125135421753, -0.8564645051956177]], [[0.3516315519809723, 0.8693000078201294, 0.3417314887046814, 0.6380333304405212, 0.511512279510498, 1.5396109819412231, 0.5223474502563477, 0.6234275698661804, 0.4150565564632416, 0.7815980315208435, 0.21712768077850342, 0.9437153339385986, 0.7583023905754089, 0.6218108534812927, 0.899502694606781, 0.5416842103004456, -0.04882919043302536, 0.8377917408943176, 0.5673522353172302, 0.8206279277801514, 0.1276235282421112, 0.32450664043426514, -0.05967451632022858, 0.9514433741569519, 0.8895946741104126, 1.0234143733978271, 1.2368519306182861, 0.705758273601532, 0.8118160963058472, 0.5025363564491272, 0.9689664840698242, 0.4408210515975952], [0.23895885050296783, 0.5498724579811096, 0.141985684633255, 0.2844838500022888, 0.88592129945755, 0.658569872379303, 0.37273550033569336, 0.4936734437942505, 0.17745278775691986, 0.9864596128463745, 0.4783221185207367, 0.5653122663497925, 0.47209832072257996, 0.3604382872581482, 0.5044683218002319, 0.31113362312316895, 0.16876497864723206, 0.8668889403343201, 0.5195596814155579, 0.6894542574882507, 0.6518478989601135, 0.5597185492515564, 0.3511688709259033, 0.42972859740257263, 0.5721231698989868, 0.6836226582527161, 0.2292577028274536, 0.2660546898841858, 1.1184033155441284, 0.6027657389640808, 0.8646119832992554, 0.2915978729724884]], [[0.4184076189994812, 0.9277132153511047, 1.1516051292419434, 0.6103057265281677, 0.8327664136886597, 1.1757087707519531, 0.7847852110862732, 0.6523249745368958, 0.38032621145248413, 0.8807796239852905, 1.1935200691223145, 1.768327236175537, 1.0471826791763306, 0.694908857345581, 0.959261417388916, 1.5129375457763672, 0.2140190452337265, 0.8590018153190613, 0.44095873832702637, 0.5452382564544678, 0.5238602161407471, 0.42029643058776855, 0.6433721780776978, 0.5780333280563354, 0.32728928327560425, 0.7464783191680908, 1.6160988807678223, 0.9641240835189819, 0.9196897745132446, 0.5276122093200684, 1.1324368715286255, 0.6610516905784607], [0.41092485189437866, 0.9638549089431763, 0.23744811117649078, 0.5533669590950012, 1.1511292457580566, 1.1137803792953491, 0.302682101726532, 0.8787650465965271, 0.27452361583709717, 0.944302499294281, 0.644855260848999, 0.9266219139099121, 0.5981570482254028, 0.07601238787174225, 0.4560118317604065, 0.673896849155426, 0.00017379224300384521, 0.8751478791236877, 0.3272157311439514, 0.7427675127983093, 0.35619038343429565, 0.19653883576393127, -0.3379162549972534, -0.3696710467338562, -0.18194396793842316, 0.8729208707809448, 0.15479178726673126, 0.38558638095855713, 0.9778048992156982, 0.5062580108642578, 1.4226093292236328, 0.35581082105636597]], [[-0.23062987625598907, -0.07605454325675964, -0.6267554759979248, -0.47180816531181335, 0.3584441542625427, -0.13135337829589844, 0.5743662714958191, -0.1918930560350418, 0.39525118470191956, -0.21841324865818024, -0.10688786208629608, -0.18533110618591309, 0.020260103046894073, -0.0340454988181591, -0.1318667232990265, -0.015502791851758957, 0.2915841042995453, 0.16480010747909546, -0.22419829666614532, -0.07143044471740723, 0.19309407472610474, 0.10396549105644226, 1.3961886167526245, 1.2523521184921265, 1.2689365148544312, 0.30948519706726074, -0.15653574466705322, -0.42364630103111267, -0.2634202837944031, -0.3774757385253906, -0.013189565390348434, -0.09673677384853363], [-0.06554530560970306, -0.28954437375068665, 0.0721321702003479, -0.07778249680995941, -0.013233494013547897, -0.10538451373577118, -0.07684090733528137, -0.12819966673851013, 0.10251139104366302, -0.10285714268684387, -0.3735930025577545, -0.4008607864379883, -0.4944797456264496, 0.22899673879146576, -0.14726778864860535, 0.30778080224990845, -0.1802954077720642, -0.4047711193561554, -0.576347291469574, -0.6161235570907593, -0.4287615418434143, -0.40977907180786133, 0.07731987535953522, -0.27347588539123535, -0.1314743161201477, -0.5873000025749207, -0.15765942633152008, 0.008602797985076904, -0.18523763120174408, 0.052945349365472794, 0.16406846046447754, 0.06473087519407272]], [[0.09233800321817398, 1.4102709293365479, 0.43674972653388977, -0.17683659493923187, 0.14502570033073425, 0.47051647305488586, 0.18886268138885498, 0.45311102271080017, 1.3574384450912476, 0.5672585368156433, 0.43123582005500793, 0.7299686074256897, 0.3394336700439453, -0.14108049869537354, -0.6149132251739502, 0.29806214570999146, 0.5316684246063232, 0.25316905975341797, -0.08543191105127335, -0.2677954435348511, 0.20281270146369934, 0.44664666056632996, 1.2491482496261597, 0.8331640362739563, 2.1072750091552734, -0.10692694783210754, 1.3216121196746826, 0.09430091828107834, 0.22706526517868042, 0.047037191689014435, 0.6849467158317566, -0.20944887399673462], [0.15619298815727234, 0.08094874769449234, 0.21837666630744934, -0.398171603679657, 0.12229188531637192, -0.07466907799243927, 0.17935410141944885, -0.33740222454071045, -0.1372041404247284, -0.4858340919017792, 0.24758508801460266, -0.6913080811500549, 0.4709545075893402, 0.26016050577163696, 0.1348230540752411, -0.508240282535553, 0.2208908498287201, -1.0989514589309692, 0.14227217435836792, -0.4235265254974365, 0.599918007850647, 0.6925071477890015, 1.3126157522201538, 1.3124204874038696, 0.7721723318099976, -1.36854088306427, -0.41982099413871765, 0.1841844916343689, -0.4014757573604584, 0.020628713071346283, 0.028330214321613312, 0.23309370875358582]], [[0.3313775658607483, 0.9915363788604736, -0.086822010576725, 0.9541904926300049, 0.164010152220726, 1.0547734498977661, 0.44593220949172974, 0.6609605550765991, -0.2652941942214966, 0.38129979372024536, -0.16099663078784943, 0.36467045545578003, 0.18539632856845856, 0.6767069101333618, 0.33217525482177734, 0.9519652128219604, 0.13431930541992188, 0.42743003368377686, 0.2392660230398178, 1.0646083354949951, 0.20966948568820953, 0.022688284516334534, -0.6401199698448181, -0.6951113939285278, 1.1756398677825928, 0.3802722096443176, 0.2389260083436966, 0.28766322135925293, 0.34632164239883423, 0.3188095688819885, 0.7221367955207825, 0.8427486419677734], [-0.1201820895075798, 1.0202386379241943, 0.41178184747695923, 0.7862147688865662, 0.9881210327148438, 0.8021178245544434, 0.6258677840232849, 0.7145212292671204, 0.19836486876010895, 1.013220191001892, 0.8026560544967651, 0.9578763246536255, 0.4633810520172119, 0.03499361872673035, 0.4625595808029175, 0.8185776472091675, 0.6422938704490662, 1.2966669797897339, 0.7193213105201721, 0.8761767148971558, 0.5040066242218018, -0.10106229037046432, 0.414886474609375, 0.21848644316196442, 0.41335153579711914, 0.9041666984558105, 0.6196914911270142, -0.174838587641716, 0.5427920818328857, 0.3865113854408264, 1.3127774000167847, -0.15938884019851685]], [[0.025087326765060425, 0.5223401188850403, 0.09665454924106598, 0.22991932928562164, 0.043590009212493896, 0.4141122102737427, -0.09084653109312057, 0.19646142423152924, 0.15980936586856842, 0.1366516798734665, -0.2265748679637909, 0.45564359426498413, 0.2298150211572647, 0.11549057066440582, 0.18995361030101776, 0.3752785325050354, -0.7130101323127747, 0.20177344977855682, 0.2455473393201828, -0.05712272226810455, -0.16423824429512024, -0.012547969818115234, -0.2491794228553772, -0.0045335739850997925, -0.6803454160690308, 0.04506364464759827, 0.49351364374160767, 0.02176542580127716, 0.12566633522510529, 0.12070752680301666, 0.4991687536239624, 0.4284757971763611], [0.43469858169555664, 0.21833498775959015, 0.15068425238132477, 0.22054533660411835, 0.38832128047943115, -0.05899412930011749, 0.17226643860340118, 0.21899397671222687, 0.462723970413208, 0.2879347801208496, 0.1890649050474167, 0.339236855506897, 0.3865395784378052, 0.2823079824447632, 0.49087828397750854, 0.5132467746734619, 0.3169446587562561, 0.5595915913581848, 0.24731256067752838, 0.4445205330848694, 0.34366053342819214, 0.9572567343711853, 0.7201772332191467, 0.09287537634372711, 0.07362298667430878, 1.374048113822937, 0.35971856117248535, 0.359977662563324, 0.22995541989803314, 0.3602990508079529, 0.30982643365859985, 0.40291374921798706]], [[-0.042140498757362366, -0.30372193455696106, 0.18393637239933014, -0.37525707483291626, -0.23374666273593903, -0.3917141556739807, -0.15351301431655884, -0.07959267497062683, 0.5540382266044617, 0.518308699131012, 0.011843383312225342, 0.08135367929935455, 0.49240076541900635, -0.2613980770111084, -0.10191269963979721, -0.4986869692802429, -0.024248912930488586, 0.2540169358253479, -0.08405470848083496, 0.34322935342788696, -0.15874716639518738, -0.3328947126865387, -0.13658083975315094, -0.5586601495742798, -1.046417236328125, -0.031871892511844635, -0.3971189856529236, -0.2397000789642334, -0.0014220625162124634, 0.07274030148983002, 0.09101378917694092, 0.10482403635978699], [-0.2575773298740387, 0.2391630858182907, -0.0019413754343986511, -0.20845746994018555, 0.2817322015762329, 0.4275566339492798, -0.007444471120834351, -0.05142855644226074, -0.025797098875045776, 0.4775625467300415, 0.31536394357681274, 0.17827679216861725, 0.08468630909919739, 0.1563059240579605, -0.0041228607296943665, -0.16290245950222015, 0.3136725425720215, 0.6901441812515259, 0.2097645252943039, 0.22236265242099762, 0.07027420401573181, 0.012113019824028015, 0.08788259327411652, 0.09313264489173889, -0.19505581259727478, -0.07525309920310974, -0.2286882996559143, -0.211523175239563, -0.2781095504760742, -0.14244545996189117, -0.6448875069618225, -0.14006143808364868]], [[-0.36603331565856934, 0.8369050025939941, -0.2038774937391281, 0.45507174730300903, 0.21971240639686584, 0.9416987895965576, 0.20089276134967804, 0.6123626828193665, -0.9403842687606812, -0.14873956143856049, 0.12090868502855301, 1.1434205770492554, 0.12164408713579178, -0.08521261811256409, -0.38581714034080505, 0.23300401866436005, -0.35315677523612976, 0.13637153804302216, -0.05460098013281822, 0.5194562077522278, 0.1445121020078659, 0.12630294263362885, 0.19386330246925354, 0.07629070430994034, -0.17543292045593262, 0.6157823801040649, 0.4280809760093689, 0.1929045021533966, 0.2169114202260971, -0.06414973735809326, 0.47614625096321106, 0.007648290600627661], [0.10959681868553162, -0.06789395958185196, -0.22027310729026794, 0.017108000814914703, -0.04477589204907417, 0.4695498049259186, -0.3003006875514984, 0.2256719321012497, -0.23841489851474762, 0.5800418257713318, 0.011942021548748016, 0.4001433253288269, -0.3041370213031769, -0.16874763369560242, -0.3001422882080078, 0.0916995257139206, -0.3756580054759979, 0.6798062324523926, -0.266171395778656, -0.067339688539505, -0.42298126220703125, -0.845014750957489, -1.2950865030288696, -0.7178224325180054, -0.5134223103523254, 0.06305447220802307, -0.2574891448020935, 0.1145668551325798, -0.35801586508750916, -0.22897113859653473, 0.2135227769613266, 0.11411092430353165]], [[-0.6935561895370483, -1.1383402347564697, -0.8574495911598206, -0.49886006116867065, -0.7005255222320557, -0.649321436882019, -0.5325796008110046, -0.8403018712997437, -0.6317684650421143, -1.1751091480255127, -0.8160997629165649, -0.6998053789138794, -0.9260252714157104, -0.4473385810852051, -0.48217228055000305, 0.2215379923582077, -0.2773909270763397, -0.42017996311187744, -0.45345598459243774, -0.7276557683944702, -0.6470509171485901, -0.3497832715511322, -0.27251747250556946, -0.2223585993051529, -0.5076121091842651, -0.9579325318336487, -0.40338557958602905, -0.45936471223831177, -0.7561503052711487, -0.5266073346138, -0.7795629501342773, -0.6034422516822815], [-0.38366150856018066, -0.07201968133449554, -0.1817307025194168, 0.20538212358951569, -0.2787354290485382, 0.15468339622020721, -0.014551669359207153, 0.24631939828395844, -0.2712177634239197, 0.27118051052093506, 0.21884743869304657, 0.4557207226753235, 0.17863242328166962, 0.4015752673149109, 0.11178134381771088, 0.38786470890045166, 0.24752850830554962, 0.3263145089149475, -0.06712736189365387, 0.614070475101471, 0.5882274508476257, 0.5244917273521423, 0.6111618280410767, 0.7878614068031311, 0.45157188177108765, 0.14952139556407928, -0.1302507519721985, -0.4070702791213989, -0.36331886053085327, -0.2526264786720276, -0.002326488494873047, -0.44528400897979736]], [[-0.23786967992782593, -0.6880316734313965, -0.3018985688686371, -0.5054963827133179, -0.2930031716823578, -0.9417954087257385, -0.4418405294418335, -0.46273040771484375, -0.07356733828783035, -0.7391861081123352, -0.06918170303106308, 0.15606462955474854, 0.14245930314064026, -0.3104824423789978, -0.28750720620155334, -0.7768751978874207, -0.45335543155670166, -0.7686636447906494, -0.339839369058609, -0.9611451029777527, -0.5114476680755615, -0.6243149042129517, -0.9617103934288025, -1.0337976217269897, -0.8164008855819702, -0.1908634901046753, -0.057563744485378265, -0.28261956572532654, -0.1982814073562622, -0.3299134075641632, -0.375069797039032, -0.7570325136184692], [-0.08414094895124435, -0.19044283032417297, 0.11140706390142441, -0.1269228756427765, -0.4081666171550751, -0.3058854639530182, -0.2648213803768158, -0.40268048644065857, -0.09686312824487686, -0.5834305882453918, -0.03653571754693985, -0.10291147977113724, 0.10597420483827591, 0.2289225459098816, -0.19718453288078308, -0.6350357532501221, -0.033521100878715515, -0.6444010734558105, -0.17045080661773682, -0.86051344871521, -0.176480233669281, -0.17629647254943848, 0.21613523364067078, 0.05146094784140587, -0.21213656663894653, -0.897711455821991, 0.0038579776883125305, -0.015508681535720825, -0.3319004476070404, -0.30779311060905457, -0.1565951406955719, -0.03667384386062622]], [[0.20995381474494934, 0.48748335242271423, -0.29854488372802734, 0.5645848512649536, 0.4506109058856964, 0.5014084577560425, 0.30330124497413635, 0.23633483052253723, -0.34761834144592285, -0.15077540278434753, -0.3695271611213684, -0.15671361982822418, 0.2957752048969269, 0.4972682297229767, 0.18243196606636047, 0.42974671721458435, -0.3614428639411926, 0.034450262784957886, 0.22599437832832336, 0.15912073850631714, 0.14429080486297607, -0.13355031609535217, -0.841490626335144, -0.5883459448814392, -1.2466012239456177, -0.304718941450119, -0.47467929124832153, 0.40093639492988586, 0.3319002687931061, 0.40825507044792175, 0.0036542415618896484, 0.3661414682865143], [0.39006683230400085, 0.0847150981426239, 0.05077973008155823, 0.11325642466545105, -0.3365590572357178, 0.17960166931152344, 0.29946377873420715, 0.06683349609375, 0.39360639452934265, -0.0787237286567688, -0.055831849575042725, -0.3614346385002136, -0.20184426009655, -0.5178695321083069, 0.13456153869628906, 0.3213746249675751, -0.22998139262199402, -0.21307837963104248, -0.19140183925628662, -0.31544530391693115, -0.07797271013259888, -0.20353645086288452, -0.4146610498428345, -0.09542882442474365, -0.36590322852134705, 0.9675599336624146, 0.6657994985580444, 0.3548249900341034, 0.02243483066558838, 0.6941293478012085, -0.07650095224380493, 0.31433185935020447]], [[-0.27354612946510315, -0.19430407881736755, -0.5364009141921997, -0.2085796594619751, -0.38537320494651794, 0.16489911079406738, -0.3805226683616638, -0.3593379855155945, -1.0168747901916504, -0.365073025226593, -0.6285628080368042, -0.5840990543365479, -0.6785807609558105, -0.3197464644908905, 0.3655986785888672, -0.9565168619155884, -0.45491108298301697, -0.3994767367839813, -0.43692633509635925, -0.785163402557373, -0.5200281143188477, -0.16513705253601074, -0.030737698078155518, -0.5070475339889526, -0.9151362180709839, -0.6701656579971313, -1.4285619258880615, -0.20428958535194397, -0.5439223051071167, -0.35078462958335876, -1.391351342201233, -0.26351213455200195], [0.01648193597793579, -0.32392293214797974, -0.008032947778701782, -0.29361671209335327, -0.15900301933288574, -0.1893467903137207, -0.07032632827758789, -0.7499524354934692, -0.12430082261562347, -0.21395939588546753, 0.05300978571176529, -0.2733914852142334, -0.27143731713294983, 0.6060733795166016, -0.18512219190597534, -0.3454613983631134, 0.09194501489400864, -0.3813847303390503, -0.157048761844635, -0.13441920280456543, 0.11319810897111893, 0.3607737720012665, 0.5570990443229675, 0.44607749581336975, 0.3554131090641022, -0.7297607660293579, -0.18229562044143677, 0.08332685381174088, -0.596685528755188, -0.11480695009231567, -1.3871690034866333, 0.13985641300678253]], [[0.09203334897756577, 0.6352442502975464, -0.03986693546175957, 0.7967557907104492, 0.21622225642204285, 0.6341882944107056, 0.6879184246063232, 0.5280423164367676, 0.6097019910812378, 0.4253179728984833, -0.07020798325538635, 0.8741872310638428, 0.5174558162689209, 0.32874077558517456, 0.6613885164260864, 1.137057900428772, 0.7744992971420288, 0.5525466203689575, 0.26180246472358704, -0.043286245316267014, 0.32575374841690063, 0.047377798706293106, 0.6960970163345337, 0.4425734877586365, 1.5852165222167969, 0.6227231025695801, 1.3930267095565796, 0.6249369382858276, 0.47712579369544983, 0.42788639664649963, 1.3056215047836304, 0.9243381023406982], [0.2560744881629944, 1.0007820129394531, 0.555374264717102, 0.8436987400054932, 0.754826545715332, 1.0680018663406372, 0.5056660771369934, 0.7265057563781738, 0.4561702013015747, 0.8928201198577881, 0.8026971817016602, 1.140782356262207, 0.9086422920227051, 0.9187986850738525, 0.9490877389907837, 1.1220146417617798, 0.8971717357635498, 1.101409673690796, 1.0373729467391968, 1.1110436916351318, 0.9515146017074585, 0.3328181505203247, 0.19295966625213623, 0.1556423008441925, 0.44931501150131226, 1.2319459915161133, 0.5022387504577637, 0.2653504014015198, 1.1382405757904053, 0.5305958986282349, 1.3160932064056396, 0.33673131465911865]], [[-0.6648452281951904, -0.3806011378765106, -0.3389700651168823, -0.7257548570632935, -0.47598978877067566, -0.7745271921157837, -0.8055282831192017, -0.6220693588256836, -0.3272247910499573, -0.5639317035675049, -0.6897799968719482, -0.7021453380584717, -0.3345533311367035, -0.622575044631958, -0.6090414524078369, 0.17478594183921814, -0.7019795179367065, 0.1781715750694275, -0.4318362772464752, -0.28417128324508667, -0.6212623119354248, -0.7430815696716309, -0.8167105913162231, -0.5464119911193848, 0.47298601269721985, -0.37536516785621643, -0.15678927302360535, -0.8754645586013794, -0.5447148084640503, -0.6511228084564209, -0.06161041557788849, -0.7081161737442017], [-0.4727230966091156, -0.6731188297271729, -0.7033973932266235, -0.8051748275756836, -0.5154739618301392, -0.7665363550186157, -0.7637856006622314, -0.2280648946762085, -0.7437673807144165, -0.2327049970626831, -0.6712983846664429, -0.5138149261474609, -0.8350107669830322, -0.6485252380371094, -0.8905340433120728, -1.1300163269042969, -1.148124098777771, -0.15445035696029663, -0.8052037954330444, -0.748382568359375, -0.801773190498352, -0.692792534828186, -0.6244262456893921, -1.1000348329544067, -0.9924874305725098, 0.5363361835479736, -0.6765226125717163, -0.43775102496147156, -0.07217948138713837, -0.30833911895751953, 0.5646294355392456, -0.4600900709629059]], [[-0.3124328553676605, -0.33240020275115967, -0.5271455645561218, -0.4209074378013611, -0.1348131000995636, -0.7549965381622314, 0.300960898399353, -0.4123549461364746, -0.41441017389297485, -0.24272266030311584, 0.5482364296913147, -0.12182415276765823, 0.5295866131782532, -0.31847435235977173, 0.16359879076480865, -0.5250864624977112, -0.5587813854217529, 0.016706645488739014, -0.19577810168266296, -0.32326453924179077, -0.1709526777267456, 0.18866898119449615, 0.3424399495124817, 0.2584705948829651, -0.8669759631156921, -0.10355517268180847, -0.8332223892211914, 0.06760682165622711, -0.2521483302116394, -0.15384836494922638, -0.5379906296730042, -0.13779965043067932], [-0.09319841116666794, -0.7288905382156372, -0.310141384601593, -0.4143292307853699, -0.9718875885009766, -0.8149828314781189, -0.2503897547721863, -0.7863996028900146, -0.15821778774261475, -0.36063098907470703, -0.6332219839096069, -0.6645447611808777, -0.48652487993240356, -0.09687642753124237, -0.2882649898529053, -0.22225850820541382, -0.38581568002700806, 0.06536367535591125, -0.43901288509368896, -0.49840688705444336, -0.24077914655208588, 0.38279932737350464, -0.6225471496582031, 0.045825377106666565, -0.06748012453317642, 0.7821298837661743, -0.23191192746162415, -0.02873462438583374, -0.2969144582748413, -0.05158158391714096, -0.40840286016464233, 0.02306494116783142]], [[-0.5034031867980957, 0.4997650980949402, 0.2149207890033722, 0.34464752674102783, -0.2529500424861908, 0.4604968726634979, -0.2502431273460388, 0.23830750584602356, 0.14290930330753326, 0.24487240612506866, 0.1066882461309433, 0.6714215874671936, -0.0543963760137558, 0.18934115767478943, -0.3061206638813019, 0.9595984220504761, -0.16589674353599548, 1.0732142925262451, -0.047455981373786926, 0.741984486579895, -0.3922155797481537, -0.27622008323669434, -0.7597147226333618, -0.02970348298549652, 0.9388546943664551, -0.0038116276264190674, 0.3760269582271576, -0.169228196144104, -0.08977335691452026, -0.3672929108142853, -0.01797392964363098, -0.28028160333633423], [-0.21114692091941833, -0.8820368051528931, -0.6552090644836426, -0.655462384223938, -1.265764832496643, -0.9710257053375244, -0.41558191180229187, -0.04709269106388092, -0.3426608741283417, -1.1396403312683105, -0.6993752717971802, -0.7053701877593994, -1.0178600549697876, -1.0030006170272827, -0.8250446319580078, -0.349332720041275, -1.1003258228302002, -0.5534482002258301, -1.1263103485107422, -0.6837037801742554, -1.1448920965194702, -1.5848501920700073, -1.747353434562683, -1.8852441310882568, -1.1647546291351318, -0.48648640513420105, -0.19721579551696777, -0.2322586178779602, -0.3432786762714386, -0.34508946537971497, 0.2861901819705963, -0.23830175399780273]], [[0.44009020924568176, 0.9027706384658813, 0.6820917129516602, 1.296874761581421, 0.49786147475242615, 1.2066857814788818, 0.5923460721969604, 0.6035733222961426, 1.306395411491394, 0.6690101623535156, -0.02146819233894348, 0.23388472199440002, 0.4217660129070282, 0.7135456800460815, 0.4405968487262726, 0.29670068621635437, 1.1187416315078735, 0.7908117771148682, 0.12496337294578552, 2.2052247524261475, 0.08914411067962646, 0.6754121780395508, 1.3119657039642334, 1.2356603145599365, 2.1406726837158203, 1.3892699480056763, -0.12187311053276062, 0.672252893447876, -0.04057186841964722, 0.1388414204120636, 0.13167566061019897, 0.4130675494670868], [0.22760120034217834, 0.3059563934803009, 0.11322888731956482, 0.1616438925266266, 0.4842383563518524, 0.75425124168396, -0.037998080253601074, 0.8122305870056152, -0.35171207785606384, 0.7448139190673828, 0.06374102830886841, 0.7666983604431152, 0.31270328164100647, 1.1769287586212158, 0.39785632491111755, 0.5632249116897583, 0.5053137540817261, 0.8924179077148438, 0.6596148014068604, 1.2838741540908813, 0.2750517427921295, 0.6034752130508423, 1.1095257997512817, 1.0668096542358398, 0.9116561412811279, 0.9807635545730591, 0.06806692481040955, 0.12160813808441162, 0.31536808609962463, -0.2177073061466217, 0.1499355137348175, 0.11890068650245667]], [[0.14842024445533752, -0.5080437660217285, -0.40580642223358154, -0.2483982890844345, -0.4555426836013794, -1.0140031576156616, -0.2996472418308258, -0.36253201961517334, -0.05468309670686722, -0.41650885343551636, -0.13423165678977966, -0.5120887756347656, -0.05982409790158272, -0.2242410033941269, 0.40383249521255493, -0.9280973076820374, 0.09395867586135864, -0.6953528523445129, -0.30352073907852173, -1.1556074619293213, -0.13029202818870544, -0.38611316680908203, -0.964738130569458, -0.6580778360366821, -0.8788056969642639, -0.6596157550811768, -0.9504992961883545, 0.13475343585014343, -0.3437420129776001, -0.3396911025047302, -0.6046258807182312, 0.04815308749675751], [0.06972207129001617, 0.06850355863571167, 0.33471423387527466, -0.11037179827690125, -0.6572692394256592, -0.13690590858459473, 0.12729410827159882, -0.8059498071670532, -0.06484777480363846, -0.7236829400062561, -0.3562256693840027, -0.8276565074920654, -0.21828970313072205, 0.44903498888015747, 0.16473251581192017, -0.13549451529979706, 0.31637805700302124, -1.0967462062835693, -0.07622018456459045, -0.4165841341018677, -0.36151450872421265, -0.34412145614624023, -0.2337159514427185, 0.2200257033109665, 0.3335520625114441, -1.0914132595062256, -0.1809053122997284, 0.10172316431999207, -0.7791601419448853, -0.40514081716537476, -0.7212945222854614, 0.1424877941608429]], [[-0.17351649701595306, -0.052831947803497314, -0.0037034302949905396, 0.23528864979743958, 0.041639797389507294, -0.1626821607351303, 0.04058203846216202, -0.002395138144493103, 0.0598236545920372, 0.025532469153404236, -0.022327497601509094, 0.1485024094581604, -0.27679890394210815, 0.09350650757551193, -0.4427035450935364, -0.06289106607437134, -0.3488121032714844, -0.11618457734584808, 0.11752548068761826, 0.5219460129737854, -0.04381708800792694, 0.1900031566619873, 0.06302359700202942, -0.2897610664367676, -0.2496548742055893, 0.31144678592681885, 0.41767746210098267, -0.2004001885652542, 0.371509850025177, 0.08192609250545502, 0.10822105407714844, -0.045398443937301636], [0.11526434123516083, -0.05426719784736633, 0.08532898873090744, 0.061569057404994965, 0.06128914654254913, -0.24822361767292023, -0.12305884063243866, -0.1814546436071396, 0.011477068066596985, 0.00476422905921936, -0.15330328047275543, 0.5373152494430542, -0.07369409501552582, -0.36163586378097534, -0.41318750381469727, 0.007350027561187744, -0.04038816690444946, -0.12798897922039032, 0.1102437973022461, 0.19595515727996826, -0.16078804433345795, -0.6201180219650269, 0.03429744392633438, 0.057217054069042206, -0.12508399784564972, -0.44132691621780396, 0.03151843696832657, 0.19482505321502686, 0.3782484829425812, 0.2667708098888397, 0.39359426498413086, 0.1461075395345688]], [[-0.03503160923719406, 1.056108832359314, 0.14556461572647095, 0.49152010679244995, 0.39308372139930725, 1.3487963676452637, 0.6549242734909058, 0.4011974632740021, 0.9938822984695435, 0.4125475287437439, 0.6909785270690918, 0.9895943403244019, 0.48794829845428467, 0.1307889223098755, 0.8984970450401306, 0.9832561016082764, 1.0503228902816772, 1.0332549810409546, 0.48830747604370117, 1.0723721981048584, 0.2963874042034149, 0.5217745900154114, 1.4892840385437012, 1.3722604513168335, 2.161562919616699, 1.6976470947265625, 1.4683585166931152, 0.7563002109527588, 0.43193283677101135, 0.5093953013420105, 0.8301514387130737, 0.5666524171829224], [-0.13609561324119568, 0.5002756118774414, 0.03445801883935928, 0.09700772911310196, 0.9667116403579712, 0.4331505298614502, 0.3784291744232178, -0.23533618450164795, 0.05851378291845322, 0.9235454797744751, 0.5936655402183533, 1.0145529508590698, 0.6489641070365906, 0.5998014807701111, 0.41438567638397217, 0.2381449043750763, 0.2962883710861206, 1.1120665073394775, 0.6663345694541931, 0.6307343244552612, 0.7256507873535156, 1.2294172048568726, 0.5682229995727539, -0.028580879792571068, 0.01654009148478508, 1.0759453773498535, 0.13921701908111572, -0.11228843033313751, 0.3721886873245239, 0.09174686670303345, 0.4711058735847473, -0.05379042029380798]], [[0.5890477895736694, 1.295759677886963, 0.7870610356330872, 0.9730973839759827, 1.116255283355713, 1.6030104160308838, 0.7318966388702393, 0.7871004343032837, 1.0920045375823975, 1.0438382625579834, 0.4382691979408264, 1.2382030487060547, 0.910062849521637, 0.8764131665229797, 1.0705249309539795, 2.1044578552246094, 1.1180322170257568, 1.8388173580169678, 0.867968738079071, 1.6450309753417969, 0.8744445443153381, 0.477389931678772, 0.9506569504737854, 1.0172367095947266, 2.319899797439575, 1.5834479331970215, 1.954679012298584, 1.3333914279937744, 0.941207230091095, 0.6307701468467712, 1.5130114555358887, 0.9827267527580261], [0.3771370053291321, 0.2613069415092468, 0.09015108644962311, 0.22168102860450745, 0.2691279649734497, 0.4639078974723816, 0.1330820620059967, 0.744452178478241, 0.33650749921798706, 1.1464276313781738, 0.30793601274490356, 0.7264326214790344, 0.2228904366493225, 0.0877951830625534, 0.10750918090343475, 0.4232047200202942, 0.17107424139976501, 1.8401992321014404, 0.5542058944702148, 0.8173112273216248, -0.022764429450035095, -0.011208757758140564, -0.1482459455728531, -0.3361622095108032, -0.05248638242483139, 0.9407550692558289, 0.6123549938201904, 0.36343657970428467, 0.9860795140266418, 0.6661204099655151, 1.6300101280212402, 0.40257614850997925]], [[0.35533055663108826, 1.0827046632766724, 0.423907995223999, 0.9730453491210938, 0.4247700273990631, 1.7472453117370605, 0.6344977617263794, 0.7962559461593628, 0.8904496431350708, 0.6650924682617188, 0.4088575541973114, 0.6706511974334717, 0.7773090600967407, 0.8180712461471558, 1.1778982877731323, 1.2830569744110107, 0.4189351201057434, 1.183512806892395, 0.43843522667884827, 1.1963690519332886, 0.37907060980796814, 0.4755733907222748, 0.6737749576568604, 0.44186586141586304, 1.1942228078842163, 1.401849627494812, 0.36486580967903137, 0.9377907514572144, 0.34163981676101685, 0.5456745624542236, 0.27386462688446045, 0.8054206371307373], [0.32473424077033997, 0.8230795860290527, 0.17231495678424835, 0.4150795042514801, 0.6465146541595459, 0.8345774412155151, 0.2512257397174835, 0.6680876016616821, 0.3254326283931732, 1.3222888708114624, 0.9518712759017944, 0.956128716468811, 0.5081524848937988, 0.9446921348571777, 0.343869149684906, 0.7884682416915894, 0.7442213296890259, 1.4654511213302612, 0.8591665029525757, 1.4985637664794922, 0.5935832262039185, 0.9629420042037964, 0.8439661264419556, 0.752551794052124, 1.31674325466156, 1.1349759101867676, 0.42447948455810547, 0.34923428297042847, 0.5821677446365356, 0.6376035213470459, 0.1911488026380539, 0.35935527086257935]], [[0.8973109126091003, 0.923292875289917, 1.3209279775619507, 1.100012183189392, 1.0810472965240479, 0.8706040382385254, 1.070557713508606, 0.8537313938140869, 1.4404131174087524, 1.182415246963501, 1.35646390914917, 1.107526421546936, 1.346832036972046, 1.2696553468704224, 1.3909891843795776, 1.2919573783874512, 1.410687804222107, 1.3315749168395996, 1.2780942916870117, 1.385907530784607, 1.2626551389694214, 1.5077518224716187, 2.111811876296997, 2.208653211593628, 2.279283046722412, 1.8821451663970947, 1.0848686695098877, 0.9224592447280884, 0.9423893690109253, 1.1491374969482422, 0.8909892439842224, 0.7340996265411377], [0.0294712632894516, 0.8874454498291016, 0.8913633227348328, 0.7601270079612732, 1.125084400177002, 0.980628252029419, 0.9522147178649902, 0.7633817195892334, 0.7142100930213928, 0.8130941987037659, 0.8928420543670654, 0.6276628971099854, 1.0352030992507935, 1.008394718170166, 0.9938870668411255, 0.6257838606834412, 1.2901374101638794, 1.3994134664535522, 0.951964259147644, 0.8483458757400513, 1.4181724786758423, 1.5810314416885376, 1.8552924394607544, 1.5373879671096802, 1.4569056034088135, 0.7240800261497498, 0.6144978404045105, 0.02862437814474106, 0.5667656660079956, 0.5301099419593811, 0.23536786437034607, 0.017877772450447083]], [[0.33806705474853516, 0.9833294153213501, 0.9447804689407349, 1.5396957397460938, 0.7521294951438904, 1.9839732646942139, 0.5358672738075256, 1.022303581237793, 0.078986257314682, 1.1424893140792847, 0.8730363845825195, 1.4659581184387207, 0.8438407182693481, 0.6976276636123657, 0.9445463418960571, 1.2482292652130127, 0.37889719009399414, 1.3113754987716675, 0.7471352815628052, 1.4113980531692505, 0.6071172952651978, 0.49159425497055054, 0.9513646364212036, 1.3125176429748535, 0.3540700674057007, 0.9659504890441895, 2.3145666122436523, 1.1773062944412231, 0.7690213322639465, 0.6161377429962158, 1.3542156219482422, 0.9290485382080078], [0.4672650098800659, 1.150272250175476, 1.0473970174789429, 1.085767149925232, 1.7861766815185547, 1.5583382844924927, 0.9501376152038574, 1.5588322877883911, 0.507375955581665, 2.260246992111206, 1.612842082977295, 1.8260149955749512, 1.842736005783081, 2.0465667247772217, 1.4679416418075562, 1.0903985500335693, 1.6447111368179321, 2.5824532508850098, 2.0512444972991943, 2.3928909301757812, 2.0684316158294678, 1.6323426961898804, 2.02899432182312, 1.8142907619476318, 1.7050557136535645, 1.937429428100586, 1.0171116590499878, 0.38464367389678955, 1.2000447511672974, 1.0046956539154053, 1.7643569707870483, 0.4374418258666992]], [[0.39519399404525757, 1.4038734436035156, 1.7034872770309448, 0.9035439491271973, 2.1147518157958984, 1.6493916511535645, 1.7953615188598633, 1.2808374166488647, 1.9378361701965332, 0.9672768115997314, 1.8568154573440552, 1.6925901174545288, 2.2230234146118164, 0.4459207057952881, 1.3444875478744507, 0.6023942828178406, 0.8583171963691711, 1.4349517822265625, 1.1549115180969238, 1.8900965452194214, 1.8325390815734863, 1.9895906448364258, 3.612563133239746, 3.223128318786621, 2.009528636932373, 1.569034457206726, 2.8065848350524902, 1.6348183155059814, 1.1395390033721924, 0.43841302394866943, 2.124908208847046, 0.4654461741447449], [0.10952451825141907, 0.5312429070472717, 0.2860158085823059, 0.17625130712985992, 1.4042351245880127, 0.8231584429740906, 0.5048327445983887, 0.5603674650192261, 0.20228271186351776, 1.043963074684143, 0.8848973512649536, 0.8438231945037842, 0.5816940069198608, 0.15439321100711823, 0.5860364437103271, 0.2520791292190552, 0.5962255597114563, 1.2470165491104126, 0.6103529930114746, 0.898676872253418, 0.6308165192604065, 1.5281860828399658, 0.572931170463562, 0.22673778235912323, -0.24301005899906158, 2.060152530670166, 0.35280054807662964, 0.03564426302909851, 0.2854880690574646, -0.12854820489883423, 0.5577579140663147, 0.005879975855350494]], [[0.11942343413829803, 0.7635316848754883, 0.7256063222885132, 0.8619096279144287, 0.9192614555358887, 1.2551651000976562, 0.7158405780792236, 0.9259604215621948, 1.0460405349731445, 1.077215313911438, 0.7685290575027466, 1.3101752996444702, 1.2247405052185059, 0.768756628036499, 0.9704592227935791, 1.3805508613586426, 0.7264450788497925, 1.1266893148422241, 0.5847939252853394, 1.3645415306091309, 1.1345421075820923, 1.3488646745681763, 2.439453125, 1.5868419408798218, 1.4993895292282104, 1.1636029481887817, 1.7491090297698975, 0.20707304775714874, 1.0226240158081055, 0.3072349429130554, 1.993604063987732, 0.5025696754455566], [0.25568556785583496, 1.0872687101364136, 0.5009440183639526, 0.8732032775878906, 1.6773430109024048, 1.447722315788269, 0.4619368314743042, 1.3204818964004517, 0.39995965361595154, 1.0225822925567627, 0.608109712600708, 1.113680362701416, 0.8297652006149292, 1.1023093461990356, 0.7859153747558594, 0.9775698184967041, 0.6799662113189697, 1.4550437927246094, 0.8579503297805786, 1.0722336769104004, 1.4350416660308838, 1.7381242513656616, 1.0655055046081543, 0.6846103668212891, 0.614922285079956, 2.660599946975708, 0.5454692840576172, 0.2097851186990738, 0.982048749923706, 0.7928379774093628, 1.2884160280227661, 0.20137235522270203]], [[-0.3977144956588745, 0.7787856459617615, -0.15914982557296753, 0.6219910979270935, -0.45632174611091614, 0.8958855867385864, -0.2792458236217499, 0.48592159152030945, -0.020060814917087555, 0.16489237546920776, -0.3813275694847107, -0.4374085068702698, -0.4974685609340668, 0.13744546473026276, -0.8320635557174683, -0.16315940022468567, 0.10486437380313873, -0.02311205118894577, -0.5049145221710205, -0.03111468441784382, -0.28203675150871277, -0.3220755457878113, 0.22372253239154816, 0.522197425365448, 0.2641817629337311, -0.3054894804954529, -0.385741263628006, -0.5150772333145142, 0.024214163422584534, -0.08661545813083649, -0.1542147994041443, -0.2649725079536438], [0.04711642488837242, 0.2823992669582367, 0.22385524213314056, -0.09343665838241577, 0.10576580464839935, 0.45909425616264343, -0.1233065128326416, -0.17667734622955322, -0.2180200070142746, -0.30933722853660583, -0.3202011287212372, -0.83770751953125, -0.39590781927108765, 0.23955799639225006, 0.21591757237911224, -0.20145227015018463, -0.03783109039068222, -1.0524535179138184, 0.25788405537605286, 0.04644593968987465, -0.1780412346124649, -0.2975813150405884, -0.04442555829882622, 0.892735481262207, 0.42423802614212036, -1.386816143989563, -0.5655595660209656, 0.13889621198177338, -0.38647323846817017, -0.19473768770694733, -0.843031108379364, 0.17533986270427704]], [[-0.419454962015152, 0.015115298330783844, -0.24665522575378418, -0.42085668444633484, -0.4912738502025604, -0.3757624924182892, -0.8771541118621826, -0.4128996431827545, -0.6393862962722778, -0.3808051645755768, -0.2648618221282959, -0.050849638879299164, -0.670764148235321, -0.3324268162250519, -0.7663888931274414, -0.7452400326728821, -0.28511860966682434, -0.6243204474449158, -0.21785888075828552, -0.533241331577301, -0.4160960614681244, -0.17128780484199524, 0.04019825905561447, -0.6986979246139526, -0.32664287090301514, -0.6794908046722412, 0.888742983341217, -0.7095763683319092, 0.03377668559551239, -0.2190741002559662, 0.04738077521324158, -0.3920089304447174], [-0.18405967950820923, -0.6174732446670532, -0.774404764175415, -0.563861072063446, -0.7922313809394836, -1.0579171180725098, -0.6486874222755432, -1.0365526676177979, -0.27244824171066284, -1.2710318565368652, -0.7059247493743896, -0.7210158705711365, -0.7543114423751831, -1.267921805381775, -0.9146282076835632, -0.8439274430274963, -0.6894686818122864, -1.8355227708816528, -0.9432283043861389, -1.3683700561523438, -0.9409200549125671, -1.267067790031433, -0.4588022530078888, -0.798282265663147, -0.6159092783927917, -1.0017145872116089, -0.09617651253938675, -0.2040744125843048, -0.40834155678749084, -0.4039013087749481, -0.15908661484718323, -0.21980926394462585]], [[0.14246663451194763, -1.0948659181594849, -0.38262516260147095, -0.8304468393325806, -0.07432566583156586, -0.8678935766220093, 0.5612696409225464, -0.43351149559020996, -0.021154209971427917, -0.307041198015213, -0.1588696986436844, -0.2555232048034668, -0.1496456265449524, -0.2820945382118225, -0.09932556003332138, -0.9835126399993896, -0.2304696887731552, -0.8749555349349976, -0.30315881967544556, -0.36656826734542847, -0.4235146939754486, -0.2384324073791504, 0.11453238129615784, -0.2663860321044922, -0.7181980609893799, -0.31546926498413086, 0.33751380443573, -0.0400201715528965, -0.14178453385829926, -0.2839803695678711, -0.39982008934020996, -0.5578427314758301], [0.2719395160675049, -0.8815542459487915, -0.23076719045639038, -0.41091156005859375, -1.3723728656768799, -1.111120343208313, -0.4014279544353485, -0.8928736448287964, -0.16994708776474, -0.9051644802093506, -0.9887628555297852, -1.2023874521255493, -0.9395401477813721, -0.012509070336818695, -0.7557346820831299, -0.7540045976638794, -0.18630453944206238, -0.9834010601043701, -0.674662709236145, -1.3387765884399414, -0.8240923881530762, -0.8065134286880493, -0.1953880786895752, -0.22349213063716888, 0.14923690259456635, -1.846728801727295, -0.2166830599308014, 0.3173748552799225, -0.1395437866449356, -0.4365254044532776, -0.43747881054878235, 0.30552440881729126]], [[0.3446049988269806, 0.9462006092071533, 0.6938099265098572, 0.6729795336723328, -0.005067601799964905, 1.2828233242034912, 0.7179000973701477, 0.37397971749305725, 0.5932415723800659, 0.6535440683364868, 0.6669971942901611, 0.9911493062973022, 0.6288143396377563, 0.08024713397026062, 0.9370640516281128, 0.6756699681282043, -0.16826626658439636, 0.4714594781398773, -0.0414314940571785, 0.5919827818870544, 0.2443375289440155, 0.6869764924049377, 1.1056761741638184, 0.6958475112915039, -0.07048002630472183, 0.23914355039596558, 0.7834281325340271, 0.437489777803421, 0.28018277883529663, 0.0917610302567482, 0.7462484240531921, 0.21860602498054504], [-0.08163779228925705, 0.23717769980430603, 0.05672202631831169, 0.23414695262908936, 0.2701873779296875, 0.6434617638587952, 0.29996001720428467, 0.5931605696678162, 0.2748980224132538, 0.53971266746521, 0.264536052942276, 0.05495220050215721, 0.09886357933282852, 0.15340977907180786, 0.24993517994880676, 0.20204275846481323, 0.33606821298599243, 0.33691540360450745, 0.3721127212047577, 0.1081567034125328, 0.23827007412910461, 0.582419216632843, 0.06058184802532196, 0.543761134147644, 0.06198212131857872, 0.5226636528968811, 0.21613991260528564, 0.09108150005340576, -0.1134101077914238, 0.41545820236206055, 0.4002569019794464, 0.12084223330020905]], [[0.40657466650009155, -0.15350762009620667, 0.4306047558784485, -0.28972765803337097, 0.3014810085296631, -0.39936450123786926, 0.34493207931518555, -0.012619495391845703, -0.22208863496780396, 0.0150088369846344, 0.2242249697446823, 0.31792664527893066, 0.02251376211643219, -0.13735568523406982, -0.3483794033527374, -1.2246092557907104, 0.17672985792160034, -0.5176273584365845, 0.2916296720504761, 0.40164637565612793, 0.2872244119644165, -0.0014248043298721313, 0.25713425874710083, -0.8435810804367065, -0.12544646859169006, 0.24531275033950806, 0.7030239701271057, 0.4730614125728607, 0.5235322713851929, 0.5374977588653564, 0.5893277525901794, 0.29664281010627747], [-0.021073520183563232, -0.6693329811096191, -0.08478438854217529, -0.3144477903842926, -0.03828713297843933, -0.8850241899490356, 0.034739553928375244, -0.7432348728179932, 0.06231717765331268, -1.1289610862731934, -0.22714462876319885, -0.553261399269104, 0.02426496148109436, -0.3863292634487152, -0.10953345894813538, -0.53001868724823, -0.06075870990753174, -1.1751562356948853, -0.11331647634506226, -0.40231022238731384, 0.05880257487297058, -0.2543253004550934, 0.20463483035564423, 0.406065970659256, 0.35394638776779175, -0.8020733594894409, 0.2573646903038025, 0.0047647058963775635, 0.020184025168418884, 0.11404025554656982, 0.34672659635543823, -0.005915418267250061]], [[-0.17386415600776672, -1.1324962377548218, -0.6791679859161377, -0.7662956714630127, -1.0220346450805664, -0.9367868900299072, -1.2419979572296143, -0.9394320249557495, 0.09346422553062439, -0.25936147570610046, -1.3801894187927246, -1.135208010673523, -1.2541240453720093, -0.28365665674209595, -1.337049126625061, -0.4344575107097626, 0.07275091111660004, -0.5565986633300781, -0.29120713472366333, -0.7113744020462036, -0.8607105612754822, -0.721447765827179, -0.8444792032241821, -0.5632874965667725, 0.8862956762313843, -1.2476917505264282, -1.7772910594940186, -0.9302035570144653, -0.9252723455429077, -0.771919310092926, -1.4569971561431885, -0.5850486755371094], [-0.04167745262384415, -0.10523959249258041, 0.0261368565261364, -0.14111700654029846, -0.750243604183197, -0.6172537207603455, -0.15991368889808655, -0.6077811121940613, 0.04570431634783745, -0.8725048303604126, -0.42510852217674255, -0.8275260925292969, -0.6119204163551331, 0.018039997667074203, -0.44614294171333313, 0.013726785778999329, 0.08894025534391403, -1.2142773866653442, -0.2728192210197449, -0.19282326102256775, -0.4038994610309601, -1.4562455415725708, -0.965530276298523, -0.5717264413833618, -0.297712117433548, -0.8890547156333923, -0.19072815775871277, -0.07692810148000717, -0.7494285106658936, -0.29733169078826904, -0.9742040634155273, -0.07444886118173599]], [[-0.265362411737442, -0.7884806990623474, -0.8385066986083984, -0.25744879245758057, -0.21892260015010834, -0.34723031520843506, -0.36928683519363403, -0.12205938249826431, -1.14622163772583, -0.7572780847549438, -0.7250193357467651, -0.9602023363113403, -0.40293845534324646, 0.030688166618347168, -0.7340289354324341, 0.3497042953968048, -0.4746669828891754, -0.2975175976753235, 0.022263288497924805, -0.14943301677703857, 0.05280068516731262, -0.23111093044281006, -0.7387699484825134, -0.592651903629303, -2.3090453147888184, -0.6094411015510559, -0.8644068241119385, -0.20073795318603516, -0.5521092414855957, -0.34423163533210754, -0.42917564511299133, -0.021563494578003883], [-0.04085812717676163, -0.04695816710591316, -0.2991548776626587, -0.059534311294555664, -0.7867951989173889, -0.3716595470905304, 0.023474425077438354, -0.05325201526284218, -0.11204444617033005, -0.4995312988758087, -0.7071542143821716, -0.5716152191162109, -0.6407713890075684, -0.5828150510787964, -0.2762143313884735, -0.04325215145945549, -0.41219112277030945, 0.011093169450759888, -0.673570990562439, -0.06906738132238388, -0.7620316743850708, -0.704836905002594, -0.8826069235801697, -0.6043308973312378, -0.6581366658210754, -0.5115105509757996, -0.5254920721054077, -0.18766137957572937, -0.5999934673309326, -0.3338477611541748, -0.6171085834503174, -0.23838408291339874]], [[0.4949555993080139, 0.06635750830173492, -0.075762540102005, 0.4873785376548767, 0.06890562176704407, 0.597531795501709, 0.04294382780790329, 0.235615074634552, 0.2703358829021454, 0.6713234782218933, 0.09239636361598969, 0.4846271872520447, 0.2274283766746521, 0.5220201015472412, 0.5663979649543762, 0.5783016681671143, 0.1554347276687622, 0.0916244387626648, 0.12798108160495758, -0.3803304433822632, 0.19479712843894958, 0.5685092210769653, 0.7706162333488464, 0.31144389510154724, -0.12306194007396698, -0.04585994407534599, -1.0967445373535156, 0.18487808108329773, -0.15150219202041626, 0.3471764922142029, -0.6663572788238525, 0.39760252833366394], [0.3900107443332672, 0.4325481057167053, 0.562213659286499, 0.4197201728820801, 0.7349231243133545, 0.58143550157547, 0.24238547682762146, -0.1998041719198227, 0.5258714556694031, 0.5332916975021362, 0.3347829580307007, 0.12075091898441315, 0.42746204137802124, 0.7620654702186584, 0.5431666970252991, 0.4180804193019867, 0.652698278427124, 0.26962143182754517, 0.5209305286407471, 0.16584792733192444, 0.6456358432769775, 0.246694415807724, 0.1484135240316391, 0.11024495959281921, -0.047763146460056305, -1.5167490243911743, 0.24496811628341675, 0.4080357849597931, -0.10287979990243912, 0.19822722673416138, -0.3502193093299866, 0.32496070861816406]], [[-1.0083963871002197, -1.2444136142730713, -1.1927928924560547, -0.9536628723144531, -0.9152796268463135, -1.2135192155838013, -1.2114673852920532, -1.1055697202682495, -1.6161367893218994, -0.8828370571136475, -1.0902107954025269, -1.702318549156189, -0.7896252274513245, -0.8422793745994568, -1.0790613889694214, -1.6931079626083374, -1.2654961347579956, -0.5308283567428589, -0.8606775999069214, -0.815018892288208, -0.7103991508483887, -0.9101001620292664, -1.0390938520431519, -1.0273264646530151, -1.5352813005447388, -0.8725699186325073, -2.4107778072357178, -1.052110195159912, -1.151499629020691, -1.0602538585662842, -1.8975870609283447, -1.300942063331604], [0.5225685834884644, -0.4185880422592163, -0.2572466731071472, -0.4061432480812073, -0.5227537155151367, -0.8342232704162598, -0.715124249458313, -1.0741844177246094, -0.36571669578552246, -1.051694393157959, -0.6679993867874146, -0.7674551010131836, -0.555763840675354, -0.31104040145874023, -0.744282603263855, -0.6831099987030029, -0.35089361667633057, -0.769383430480957, -0.11347612738609314, -0.4590074121952057, -0.07573750615119934, -0.4871496856212616, -0.29414576292037964, -0.556232750415802, -0.2141381800174713, -0.695553183555603, -0.6035944223403931, 0.6589213609695435, -0.8946954011917114, -0.3308950960636139, -1.5799925327301025, 0.6993371248245239]], [[0.6794079542160034, -0.16754376888275146, -0.5486468076705933, 0.29218071699142456, -0.2127072513103485, -0.024592489004135132, -0.6626108288764954, 0.041755348443984985, 0.08269691467285156, 0.36821073293685913, 0.012391746044158936, 0.08992800116539001, -0.17584228515625, 0.40605735778808594, 0.022028639912605286, 0.06909939646720886, 0.12147148698568344, 0.05337469279766083, 0.013993248343467712, -0.004933416843414307, -0.22340595722198486, 0.20548290014266968, -0.3768593668937683, 0.015430644154548645, -0.4382200837135315, -0.2183428704738617, -0.20432469248771667, 0.1540285348892212, -0.04262655973434448, 0.19714677333831787, 0.03374834358692169, 0.527994692325592], [0.05833643674850464, 0.6157277226448059, 0.38116687536239624, 0.39717668294906616, 0.30839669704437256, 0.6205148696899414, 0.08583149313926697, 0.4928669333457947, 0.3945513367652893, 0.8741815686225891, 0.07259970903396606, 0.5511116981506348, -0.05480286478996277, 0.1482664942741394, -0.12309357523918152, 0.4319549798965454, 0.46988803148269653, 0.9181796908378601, 0.11186176538467407, 0.41871732473373413, -0.02602425217628479, 0.13901039958000183, -0.10475227236747742, -0.1707397699356079, 0.013644948601722717, 1.2053254842758179, 0.07830291986465454, 0.04952087998390198, 0.4997931718826294, 0.33749493956565857, 0.15284979343414307, 0.09447208791971207]], [[0.19281277060508728, 0.5807297825813293, -0.31900542974472046, -0.22030532360076904, -0.30017223954200745, 0.41027626395225525, -0.02844168245792389, 0.015152941457927227, 0.5598984360694885, 0.2961128354072571, -0.23221728205680847, -0.18769031763076782, -0.24535709619522095, -0.10501625388860703, -0.08903832733631134, -0.2926356792449951, 0.3441673815250397, 0.2856845557689667, -0.13532106578350067, 0.3571285009384155, -0.20445466041564941, -0.48278558254241943, -0.4878461956977844, -0.6556439995765686, 1.2063684463500977, 0.7776145339012146, -0.1705467253923416, -0.237574502825737, -0.19740775227546692, -0.13087725639343262, -0.5569929480552673, -0.024653304368257523], [-0.021381128579378128, -0.19400246441364288, -0.07364463061094284, -0.14879341423511505, -0.6887738704681396, -0.7127832770347595, -0.3483271300792694, -0.374372661113739, 0.031786516308784485, -0.6505364775657654, -0.13706545531749725, -0.7402857542037964, -0.1738899052143097, -0.07882998883724213, -0.2379213571548462, -0.4252692461013794, 0.3754315972328186, -1.3670964241027832, -0.12669755518436432, -0.5490548014640808, -0.43790239095687866, -0.16059240698814392, 0.6237977147102356, 0.7001489996910095, 0.4307963252067566, -1.0066746473312378, -0.464494913816452, -0.09635283052921295, -0.8403511643409729, -0.568796694278717, -0.712108850479126, -0.05689878761768341]], [[-0.06613477319478989, -0.27052146196365356, -0.0927380919456482, -0.18273693323135376, -0.3613792061805725, -0.16618508100509644, -0.1481638252735138, -0.47953128814697266, 0.24255676567554474, -0.3039732277393341, -0.04599044471979141, -0.1426345258951187, -0.6741361618041992, -0.27137115597724915, -0.4027237892150879, -0.09800640493631363, 0.10448358952999115, -0.20990385115146637, -0.309082567691803, -0.2963777184486389, -0.3470407724380493, -0.42060643434524536, -0.04454175382852554, 0.3807005286216736, -0.13744942843914032, -0.16773496568202972, -0.6147186160087585, -0.24972695112228394, -0.4112702012062073, -0.4741581082344055, -0.5596039295196533, 0.1416647881269455], [-0.3497859239578247, 0.2783827781677246, 0.033723533153533936, 0.12944479286670685, -0.40094685554504395, -0.14311856031417847, 0.10724808275699615, 0.07108524441719055, 0.0006216168403625488, -0.22882826626300812, -0.3729327321052551, -0.2526191771030426, -0.422882616519928, -0.3478420078754425, -0.28876322507858276, 0.03291194140911102, -0.14125603437423706, -0.1954994946718216, -0.2813400626182556, 0.23100198805332184, -0.289916068315506, -1.0078165531158447, -0.6300884485244751, -0.23682059347629547, -0.5172238945960999, -0.35840553045272827, -0.07540114223957062, -0.3809564709663391, -0.44159871339797974, -0.3534729480743408, -0.1256330907344818, -0.3829585909843445]], [[0.005621984601020813, 1.0154099464416504, 0.4700043797492981, 0.2944468855857849, 0.3435060381889343, 0.8073219656944275, 0.905895471572876, 0.6372223496437073, 0.66110759973526, 0.5197346210479736, 0.680119514465332, 0.4009908139705658, 0.28908178210258484, 0.3262275159358978, 0.41115811467170715, 0.4565606713294983, 0.020424380898475647, 0.577287495136261, -0.060507796704769135, 0.12020892649888992, -0.09700613468885422, 0.3386067748069763, 1.2252435684204102, 0.82809978723526, 1.0481549501419067, 0.34558671712875366, 0.8184032440185547, 0.2592741847038269, -0.09646698087453842, 0.11664498597383499, 0.22753721475601196, 0.1411024034023285], [-0.08274981379508972, -0.2827136516571045, -0.3787834942340851, -0.3186017870903015, -0.03342599794268608, -0.0419042706489563, -0.1842578947544098, 0.24677306413650513, -0.042028721421957016, -0.2940579950809479, -0.15754586458206177, -0.3714280128479004, -0.3841877579689026, -0.38413089513778687, -0.17065981030464172, -0.21168532967567444, -0.46637246012687683, -0.49909481406211853, -0.5225341320037842, -0.7291430830955505, -0.41698408126831055, 0.007066614925861359, 0.12441740185022354, -0.10063984990119934, -0.5124285817146301, 0.3839704394340515, -0.2391357421875, 0.034620121121406555, 0.026900969445705414, -0.1790056824684143, -0.3361014723777771, -0.01182626560330391]], [[0.48442015051841736, 1.2932918071746826, 1.1774746179580688, 0.7917543649673462, 0.8065243363380432, 0.6002260446548462, 0.4687958359718323, 0.6846107244491577, 0.600013017654419, 0.6046352386474609, 0.7207990884780884, 1.1806859970092773, 0.657954216003418, 0.6177060008049011, 0.4903689920902252, 1.046943187713623, 0.43207815289497375, 0.982396125793457, 0.9135894179344177, 1.9510531425476074, 0.7380994558334351, 0.9067733883857727, 0.9299160242080688, 1.2858012914657593, 1.2616790533065796, 1.2635669708251953, 1.3740004301071167, 0.86137855052948, 0.7586936950683594, 0.7938976883888245, 0.881668210029602, 0.5110605359077454], [-0.10022787004709244, 0.7832509875297546, 0.45067501068115234, 0.6561775803565979, 0.9906099438667297, 0.9966352581977844, 0.43171390891075134, 0.9238494634628296, 0.21194055676460266, 0.46384474635124207, 0.6903262734413147, 0.8459198474884033, 0.7959827184677124, 0.9804953336715698, 0.7413906455039978, 0.4570988714694977, 0.5696320533752441, 0.09740348160266876, 0.6002813577651978, 0.789848804473877, 0.9501898884773254, 1.043327808380127, 1.3495463132858276, 1.2860877513885498, 0.6548941135406494, 0.9307792782783508, 0.48784610629081726, -0.09939221292734146, 1.0575686693191528, 0.3918900787830353, 1.019907832145691, -0.07802269607782364]], [[-0.6495375633239746, -0.34457725286483765, 0.05259828642010689, -0.5658136010169983, -0.1426340788602829, -0.5029422640800476, -0.12111665308475494, -0.06890751421451569, 0.016670484095811844, -0.16363875567913055, 0.18434686958789825, 0.08480474352836609, 0.07551448047161102, -0.12711882591247559, -0.09411758929491043, -0.3652649223804474, -0.3998788595199585, -0.2586541473865509, -0.34323468804359436, -0.27866798639297485, -0.19182510673999786, -0.20272912085056305, -0.5853026509284973, -0.401066392660141, -1.4450198411941528, -0.3494156301021576, -0.628979504108429, -0.14644870162010193, -0.31904977560043335, -0.06485333293676376, -0.39031824469566345, -0.11856718361377716], [-0.03524637967348099, -0.30074039101600647, -0.30656981468200684, -0.18201281130313873, -0.12315906584262848, -0.3754194378852844, -0.04269460216164589, -0.456061452627182, -0.38185814023017883, -0.7604165077209473, -0.28301772475242615, -0.8553904891014099, -0.1986435353755951, -0.4929064214229584, -0.0464545376598835, -0.32134196162223816, -0.4803752899169922, -0.4922187626361847, -0.3582859933376312, -0.7733980417251587, -0.5745282173156738, -0.7715738415718079, -0.9725955128669739, -0.935367226600647, -1.293931245803833, -1.8839532136917114, -0.6319971084594727, -0.15938398241996765, -0.9923407435417175, -0.4369851052761078, -1.148250937461853, -0.09237469732761383]], [[0.12540817260742188, -1.2656667232513428, -0.8489116430282593, -0.5796431303024292, -0.6549434661865234, -0.8376433849334717, -0.3922741115093231, -0.62110835313797, -0.755293607711792, -0.6112572550773621, -0.6159701943397522, -1.3091163635253906, -0.7476120591163635, -0.2852880358695984, -0.46349507570266724, -0.937160313129425, -0.46001070737838745, -0.9185352921485901, -0.27826136350631714, -0.4218965172767639, -0.4932788610458374, -0.1766854226589203, -0.7886856198310852, -0.748400092124939, -1.4400064945220947, -0.9368783235549927, -1.9152140617370605, -0.5775308012962341, -0.7788965702056885, -0.2385765016078949, -1.2291443347930908, -0.200348898768425], [0.40141022205352783, 0.07820656895637512, 0.4863012433052063, 0.2606704831123352, -0.2463950514793396, -0.5010223388671875, 0.23612195253372192, -0.4549304246902466, 0.44469088315963745, -0.5690435767173767, -0.3709021508693695, -0.5478225946426392, -0.24752379953861237, 0.015003561973571777, -0.009319037199020386, 0.029615074396133423, 0.2554106116294861, -0.9122777581214905, -0.08892044425010681, -0.09327840805053711, 0.010375678539276123, 0.06009221076965332, 0.0745292603969574, 0.04805174469947815, 0.4272090196609497, -1.0015373229980469, 0.6603933572769165, 0.475959837436676, -0.33868443965911865, 0.14688783884048462, -0.6695652008056641, 0.5072641372680664]], [[0.7278155088424683, -0.674403190612793, 0.48589247465133667, -0.06420041620731354, 0.33082258701324463, -0.5228837728500366, 0.514467716217041, -0.11066039651632309, 1.31630277633667, 0.05507279932498932, 0.07137112319469452, -0.27808868885040283, 0.12369029223918915, 0.062371641397476196, 0.19605021178722382, -0.10801858454942703, 0.9949461817741394, -0.41679441928863525, 0.3863387107849121, -0.026793181896209717, 0.24781574308872223, 0.07439063489437103, 0.6861482262611389, -0.20468883216381073, 1.4716508388519287, -0.4843958020210266, -0.4420483112335205, -0.016866549849510193, 0.009471222758293152, 0.08853237330913544, -0.33217957615852356, 0.1966933161020279], [0.14654187858104706, 0.24470745027065277, 0.20272450149059296, 0.006290897727012634, 0.48574113845825195, 0.14878885447978973, 0.22499220073223114, 0.06284689903259277, 0.20909474790096283, 0.024158135056495667, 0.33728665113449097, 0.031275421380996704, 0.3814094662666321, 0.42500096559524536, 0.3114506006240845, 0.04029014706611633, 0.33917516469955444, -0.35342779755592346, 0.38795602321624756, 0.14180557429790497, 0.3529318571090698, 0.27444255352020264, 0.5423324704170227, -0.11009761691093445, 0.7652291655540466, 0.4995761513710022, 0.34630388021469116, 0.1667192131280899, 0.3419339060783386, 0.07498036324977875, 0.1939866989850998, 0.15354500710964203]], [[0.7129260301589966, 0.6409291625022888, 0.32504111528396606, 0.815630316734314, 0.5282042622566223, 0.54529869556427, 0.5274924039840698, 0.37769845128059387, 0.055152565240859985, 0.7642468214035034, 0.48260635137557983, 0.7589696645736694, 0.5949063897132874, 0.7395225763320923, 0.7560219764709473, 0.9207332134246826, 0.25743043422698975, 0.6617848873138428, 0.5818576812744141, 0.7093954682350159, 0.4054086208343506, 0.3370252251625061, 0.8757476806640625, 0.4477674663066864, 0.7790219783782959, 0.7491604089736938, 0.9548373818397522, 0.5935667157173157, 0.636154294013977, 0.3802872896194458, 0.6322336196899414, 0.15927956998348236], [0.334888219833374, 0.481481671333313, 0.33605700731277466, 0.2627233564853668, 0.9395623803138733, 0.6494437456130981, 0.3850725293159485, 0.14014479517936707, 0.09261491894721985, 0.595419704914093, 0.311448335647583, 0.5755808353424072, 0.7799902558326721, 0.818101167678833, 0.5926927328109741, 0.47534555196762085, 0.3660230040550232, 0.3885309100151062, 0.7271454334259033, 0.5156696438789368, 0.9580699801445007, 1.368791937828064, 1.7376028299331665, 0.9776741862297058, 0.9123055934906006, 1.6433271169662476, 0.6964994072914124, 0.25423553586006165, 0.7808114290237427, 0.4250833988189697, 0.5518510937690735, 0.23646172881126404]], [[-0.05534215271472931, 0.9889872670173645, 0.6595218181610107, 0.8169575333595276, 0.2835516035556793, 1.1098970174789429, 0.650818943977356, 0.6130021810531616, -0.4182509779930115, 0.3969246745109558, 0.8973029851913452, 1.678123116493225, 0.6648690104484558, 0.1171882227063179, 0.8591690063476562, 0.7295522689819336, -0.32319408655166626, 0.2935194969177246, 0.3927061855792999, 0.5360432267189026, 0.6258277297019958, 0.9349502921104431, 0.7153721451759338, 1.2019786834716797, -0.7221817970275879, 0.1783427596092224, 1.9243137836456299, 0.6988204717636108, 0.7200196981430054, 0.31273218989372253, 1.2757279872894287, 0.3357773423194885], [0.19760216772556305, 0.49891558289527893, -0.017302749678492546, 0.3739646375179291, 0.8054431676864624, 0.929003119468689, 0.07316245883703232, 1.4742392301559448, -0.1291990578174591, 1.736037015914917, 0.5562658309936523, 1.3855369091033936, 0.5693984031677246, 0.2273474484682083, 0.4665849804878235, 0.6439521312713623, 0.11382026970386505, 2.133061170578003, 0.6890087127685547, 1.2391639947891235, 0.7626873254776001, 0.8796985745429993, -0.11236584931612015, 0.07450013607740402, -0.3655766546726227, 2.0286872386932373, 0.019162563607096672, 0.13858656585216522, 1.8008065223693848, 0.2753109037876129, 1.8116527795791626, 0.13732704520225525]], [[0.11083729565143585, -0.3917456865310669, 0.18270060420036316, 0.2136705070734024, 0.16100645065307617, 0.20378901064395905, 0.47309231758117676, 0.12080500274896622, -0.48491793870925903, 0.03972984477877617, 0.6163110136985779, 0.2574184834957123, 0.09369136393070221, 0.25432097911834717, 0.7534002065658569, 0.35572385787963867, -0.8170061707496643, 0.03604971989989281, 0.13240362703800201, 0.2009207308292389, 0.07849007844924927, 0.08845915645360947, -0.0961303561925888, 0.6347697377204895, -0.8175281882286072, 0.24693915247917175, 0.40190422534942627, 0.3598657250404358, -0.3000796437263489, -0.10172025859355927, -0.4497305750846863, -0.12906868755817413], [0.011745713651180267, 0.17536252737045288, 0.17315195500850677, 0.2932787239551544, -0.02056136727333069, 0.4755399823188782, 0.1486653983592987, 0.535078227519989, 0.14101055264472961, 0.5687426924705505, 0.3401089310646057, 0.36030763387680054, 0.1561245322227478, -0.08154629170894623, 0.12943732738494873, 0.3481738567352295, 0.1749081313610077, 0.5439530611038208, 0.29006457328796387, 0.24145451188087463, 0.2272251397371292, 0.5900446772575378, 0.050437893718481064, -0.332744836807251, -0.2508484721183777, -0.061638519167900085, 0.1255997270345688, -0.11092635989189148, 0.07508502900600433, 0.20221716165542603, 0.185470312833786, -0.064639613032341]], [[0.043725818395614624, 1.2697175741195679, 0.5303800106048584, 0.6907898187637329, 0.027129141613841057, 1.0720975399017334, -0.33494532108306885, 0.6757524609565735, 0.3277769982814789, 0.8941718339920044, 0.43710169196128845, 0.9761562943458557, 0.8279792666435242, 0.21423664689064026, 0.48853397369384766, 0.7720122933387756, -0.29828310012817383, 0.7977295517921448, 0.3370186686515808, 0.9371369481086731, -0.008386471308767796, 0.17743179202079773, 0.4322144687175751, -0.23900459706783295, 0.09979327768087387, 0.34167906641960144, 0.6434352993965149, 0.133477121591568, 0.4746507406234741, 0.23782368004322052, 0.7027707099914551, 0.09807675331830978], [0.1952267289161682, -0.18403217196464539, -0.12570379674434662, -0.06367215514183044, 0.35875967144966125, -0.22301805019378662, 0.08105867356061935, -0.1611408293247223, 0.01048114150762558, 0.14698325097560883, 0.3135020434856415, 0.15701603889465332, 0.15093697607517242, -0.11213187873363495, 0.0002182554453611374, 0.003394313156604767, -0.03992316871881485, 0.053998321294784546, 0.37524718046188354, 0.0933137908577919, 0.1333070993423462, -0.12329865247011185, 0.10286758095026016, 0.1258949339389801, -0.6296521425247192, -0.2915385663509369, 0.3343753218650818, 0.12901243567466736, 0.47053369879722595, 0.3499511480331421, 0.7542001008987427, 0.13369540870189667]], [[0.7382261753082275, 0.4995730519294739, 0.5298582315444946, 0.6022725105285645, 0.5672505497932434, 0.42580264806747437, 0.4629708528518677, 0.4759294390678406, 0.060440391302108765, 0.5535697340965271, 0.19984027743339539, 0.5956054329872131, 0.36442893743515015, 0.5110565423965454, 0.3398507535457611, 0.43027645349502563, 0.052653953433036804, 0.3205900192260742, 0.49817413091659546, 0.1406509280204773, 0.4461151957511902, 0.5407729148864746, 0.5510615706443787, 0.361604243516922, 0.16364404559135437, 0.09679126739501953, -0.09543793648481369, 0.534218430519104, 0.2597314119338989, 0.33579549193382263, 0.444602906703949, 0.416908323764801], [0.4938923120498657, 0.8027355670928955, 0.6783717274665833, 0.9380937218666077, 0.5602565407752991, 0.7693761587142944, 0.822141706943512, 0.5366105437278748, 0.8759387135505676, 0.4483988285064697, 0.9513539671897888, 0.49852025508880615, 0.8423869013786316, 1.0647335052490234, 1.0745067596435547, 1.2165307998657227, 0.8416149616241455, 0.6680943965911865, 0.9572382569313049, 1.2663681507110596, 0.715035080909729, 0.2203890085220337, 0.5719639658927917, 0.9129974246025085, 0.8652622699737549, 0.49227404594421387, 0.8094960451126099, 0.5205392241477966, 0.8007521033287048, 0.7954180836677551, 0.7989175915718079, 0.49596285820007324]], [[-1.1310416460037231, -1.0774506330490112, -1.3024699687957764, -0.5789134502410889, -1.160528540611267, -1.2856992483139038, -1.3580350875854492, -1.1315795183181763, -1.2400517463684082, -1.4660383462905884, -1.4171761274337769, -1.6577775478363037, -1.434712529182434, -0.7584083080291748, -1.6372060775756836, -0.9747505187988281, -1.2884469032287598, -0.9620679020881653, -0.927049994468689, -0.712110698223114, -0.7762277126312256, -0.5965558290481567, -1.366415023803711, -1.361251711845398, -1.8844044208526611, -2.07003116607666, -1.907644510269165, -0.9788287878036499, -1.0507307052612305, -1.130500316619873, -1.04511559009552, -0.8779221177101135], [-0.41984057426452637, -1.2821085453033447, -0.9510859847068787, -0.824871301651001, -2.1116538047790527, -1.84083890914917, -1.221883773803711, -1.130995512008667, -0.8463945984840393, -1.8591852188110352, -1.3791905641555786, -1.5099726915359497, -1.3138033151626587, -1.1810780763626099, -1.3233232498168945, -1.0772069692611694, -1.3087869882583618, -1.5350704193115234, -1.333951473236084, -1.0934786796569824, -1.46462082862854, -1.5776721239089966, -1.4623068571090698, -1.2377359867095947, -1.0349286794662476, -1.157354474067688, -0.7446869015693665, -0.379894882440567, -1.2178785800933838, -1.0268397331237793, -1.332545518875122, -0.3469000458717346]], [[0.07839890569448471, 0.29633501172065735, -0.04520845413208008, 0.49746808409690857, 0.4790023863315582, 0.39519035816192627, 0.06577151268720627, 0.5608914494514465, -0.41152897477149963, -0.21716170012950897, -0.11277878284454346, 0.35150977969169617, 0.12148178368806839, 0.10040470212697983, 0.3653267025947571, 0.24050937592983246, -0.3423064947128296, -0.20171774923801422, 0.09227952361106873, -0.47894757986068726, 0.2999027371406555, -0.2415313720703125, -0.7789812684059143, 0.3168724775314331, -0.02673027291893959, -0.429506778717041, 0.6661075353622437, 0.10653228312730789, 0.5129807591438293, 0.5456564426422119, 1.0148261785507202, 1.1675209999084473], [0.28190404176712036, 0.5542402267456055, 0.5334158539772034, 0.6139293313026428, 0.3992428183555603, 0.47104930877685547, 0.5139071345329285, 0.0399743989109993, 0.6643210053443909, 0.5493444204330444, 0.649354875087738, 0.5418350696563721, 0.47219371795654297, -0.16160205006599426, 0.4410350024700165, 0.8020828366279602, 0.3382038176059723, 0.2746032774448395, 0.3787573277950287, 0.5764941573143005, 0.477661669254303, -0.1929953247308731, -0.07501982152462006, -0.3326895833015442, 0.19236283004283905, 0.5955076217651367, 0.4626895487308502, 0.20859591662883759, 0.49479469656944275, 0.5037301182746887, 0.7207806706428528, 0.2658234238624573]], [[0.173586905002594, 0.4566246271133423, 0.03454691916704178, 0.5100002288818359, 0.4484032094478607, 0.8586159944534302, 0.7003080248832703, 0.3195365369319916, 0.41515666246414185, 0.5329697728157043, 0.6380200982093811, -0.11567287147045135, 0.16173507273197174, 0.1961609572172165, 0.9809063076972961, 0.17021521925926208, 0.4912673234939575, 0.3440001606941223, 0.1364840567111969, 0.5405020713806152, -0.06369608640670776, 0.05882847681641579, 0.44937899708747864, 0.6144974827766418, 1.4721441268920898, 0.5970905423164368, -0.5686725974082947, 0.3899472653865814, -0.1476617455482483, 0.3181537687778473, -0.4186660349369049, 0.29041585326194763], [0.07801659405231476, 0.44037264585494995, 0.028264537453651428, 0.11458565294742584, 0.5773373246192932, 0.7158699035644531, 0.2405024766921997, -0.0033498071134090424, -0.04800782352685928, 0.491197407245636, 0.5173340439796448, 0.24466997385025024, 0.301111102104187, 0.5374529957771301, 0.22801335155963898, 0.039602626115083694, 0.27068784832954407, 0.6614559888839722, 0.1983717381954193, 0.07519158720970154, 0.010083934292197227, 0.1972799152135849, 0.6716023087501526, 0.22414542734622955, -0.03595494478940964, -0.5343685150146484, -0.16611579060554504, 0.16249585151672363, -0.19314470887184143, 0.07142373919487, -0.28223758935928345, 0.10723064839839935]], [[0.6048288941383362, 1.7957355976104736, 1.1737464666366577, 0.977909505367279, 1.1300209760665894, 1.10748291015625, 1.1153950691223145, 1.295358419418335, 1.8010238409042358, 0.5795012712478638, 1.0942672491073608, 0.9182807803153992, 0.9097428917884827, 0.6931207776069641, 0.8830970525741577, 0.5987913012504578, 1.4412800073623657, 0.7685792446136475, 0.7120804786682129, 1.108418345451355, 1.0477689504623413, 1.221849799156189, 2.365854024887085, 1.7888991832733154, 2.7131643295288086, 1.570971965789795, 1.6961123943328857, 1.2129637002944946, 0.8122687339782715, 0.8163902759552002, 1.3647152185440063, 1.068335771560669], [0.39182350039482117, -0.19133716821670532, 0.35247358679771423, 0.12774527072906494, -0.3319542706012726, -0.263926237821579, 0.20891180634498596, 0.045515984296798706, 0.31650492548942566, -0.07856183499097824, -0.0001067817211151123, -0.0626286044716835, -0.16018638014793396, -0.5223796963691711, -0.11317605525255203, 0.2685641944408417, -0.06349635869264603, -0.4542156755924225, -0.09654761105775833, -0.338361531496048, -0.22480979561805725, 0.5133270621299744, 0.11746382713317871, 0.16002291440963745, 0.07146500051021576, -0.039826877415180206, 0.5423135161399841, 0.4006032645702362, 0.08246634900569916, 0.32311856746673584, 0.6507908701896667, 0.39690643548965454]], [[0.28416574001312256, -0.4297226667404175, -0.09857447445392609, 0.05576091259717941, -0.0094536691904068, -0.5488044023513794, 0.523983359336853, -0.37690865993499756, -0.09219719469547272, -0.17170631885528564, 0.34687185287475586, -0.002034492790699005, 0.607490599155426, 0.13789528608322144, 0.021220117807388306, -0.23345941305160522, 0.157745361328125, -0.5219970345497131, -0.00905878096818924, -0.07743765413761139, -0.08775448799133301, -0.041248057037591934, -0.497783899307251, -0.31866544485092163, -0.20157724618911743, -0.10843022167682648, -0.1153564378619194, 0.776330828666687, 0.26758068799972534, 0.3203805387020111, -0.07904870063066483, 0.16898539662361145], [0.4543828070163727, 0.25706443190574646, 0.33515027165412903, 0.29983022809028625, -0.139911949634552, -0.27905887365341187, 0.15584826469421387, -0.32245633006095886, 0.417654424905777, -0.31907352805137634, 0.18018761277198792, 0.1790907382965088, 0.17247453331947327, -0.07124529033899307, 0.08291605859994888, -0.1978846937417984, 0.23187097907066345, -0.19462011754512787, 0.009239248931407928, -0.16075018048286438, 0.08430317789316177, -0.5102406740188599, -0.543141782283783, 0.03875306248664856, 0.47838619351387024, 0.3751467168331146, 0.4999786913394928, 0.41975823044776917, 0.0341547355055809, 0.5623138546943665, 0.11655045300722122, 0.37456822395324707]], [[-0.4449164867401123, -1.1902660131454468, -0.5674325227737427, -0.7155044078826904, -0.7150638699531555, -1.0809489488601685, -0.7145744562149048, -0.5713149309158325, -0.5995680689811707, -0.6747559309005737, -0.7760915160179138, -1.2496696710586548, -0.9721412062644958, -0.5169270038604736, -1.0883469581604004, -0.011120617389678955, -0.19383057951927185, -0.6420172452926636, -0.5707511305809021, -1.085379719734192, -0.5300798416137695, -0.34816285967826843, -0.18019288778305054, 0.09901370853185654, 0.010074123740196228, -1.1902313232421875, -1.3482718467712402, -1.0482624769210815, -0.4993371069431305, -0.4473849833011627, -1.117147445678711, -0.5518479943275452], [0.10163220018148422, -0.609023928642273, -0.41757941246032715, -0.5590748190879822, -0.7971439361572266, -0.7742195129394531, -0.5194392204284668, -0.5834993720054626, -0.3620201349258423, -1.0766938924789429, -0.6827520132064819, -1.2316354513168335, -0.8452169895172119, -1.288796305656433, -0.8307645320892334, -0.7828049659729004, -0.34658366441726685, -1.6326711177825928, -0.5780237913131714, -1.2842520475387573, -1.023948311805725, -1.0840238332748413, -0.4611011743545532, 0.00188484787940979, -0.7677987813949585, -2.106593132019043, -0.368575781583786, 0.06037668138742447, -0.674561083316803, -0.41033270955085754, -0.7432935237884521, 0.058913104236125946]], [[-0.40518754720687866, 1.0523558855056763, 0.4912344813346863, 0.30750882625579834, 0.13110341131687164, 0.15049923956394196, -0.012157883495092392, 0.4732058048248291, 0.711047351360321, 0.40110230445861816, 0.2758963704109192, 0.1750452220439911, 0.2136511355638504, -0.04342557117342949, 0.5147921442985535, 0.2020220011472702, -0.014351323246955872, 0.47096577286720276, 0.021035125479102135, -0.05685283616185188, 0.1253567785024643, 0.3285885751247406, 0.6518460512161255, 0.7247011065483093, 1.0290155410766602, 0.35354092717170715, 0.5452782511711121, 0.01787702366709709, 0.29103052616119385, 0.10391713678836823, 0.4760866165161133, -0.0020494498312473297], [-0.16927286982536316, -0.26666897535324097, -0.28876906633377075, 0.058615587651729584, -0.04201400652527809, -0.3867594003677368, -0.39500632882118225, -0.11835545301437378, -0.09041115641593933, -0.05972539260983467, -0.19688959419727325, -0.018042035400867462, 0.1112731546163559, -0.09397473931312561, -0.05191156640648842, -0.2530956566333771, -0.36804234981536865, -0.17406782507896423, 0.02839662693440914, -0.13000522553920746, -0.03461992368102074, -0.10641925036907196, 0.5931482315063477, 0.7836487293243408, 0.0073402039706707, 0.4525531232357025, -0.12283575534820557, -0.1824534833431244, -0.028977233916521072, -0.2236744612455368, 0.31374391913414, -0.18232178688049316]], [[-0.04697062820196152, -0.5873568654060364, 0.07965268939733505, -0.4692738652229309, 0.44392865896224976, -0.39373454451560974, 0.3375265896320343, 0.08931269496679306, 0.08968726545572281, -0.3006131052970886, 0.4986916780471802, 0.45387476682662964, 0.8992029428482056, 0.08408742398023605, 0.400764137506485, 0.2400633692741394, -0.506026566028595, 0.09051509946584702, 0.5374484062194824, 0.6211245059967041, 0.6837514638900757, 0.40436193346977234, 0.3297750949859619, -0.09956895560026169, -0.9327574968338013, 0.3647070825099945, 0.5943936109542847, 0.1451917588710785, 0.36744755506515503, 0.2516292333602905, 0.7773691415786743, 0.24638798832893372], [0.286526083946228, -0.13636203110218048, -0.0828850045800209, -0.18242192268371582, -0.19876977801322937, -0.2844385504722595, 0.05479723960161209, 0.04336851090192795, 0.12104176729917526, -0.19438229501247406, -0.1568128764629364, 0.18368834257125854, 0.1351001262664795, -0.20283758640289307, -0.0038669630885124207, 0.09754639118909836, 0.05235881358385086, 0.03326500207185745, 0.20293185114860535, 0.0710664615035057, -0.08083675056695938, -0.42296046018600464, 0.03504481166601181, -0.2640387713909149, 0.06787056475877762, -0.21735328435897827, 0.27545908093452454, 0.2829821705818176, 0.521317183971405, 0.4941481351852417, 0.7894802689552307, 0.21607816219329834]], [[-0.04048244655132294, 0.06329095363616943, 0.15622970461845398, -0.15711142122745514, 0.22895967960357666, -0.40953701734542847, 0.5088897943496704, 0.14173009991645813, 0.36345499753952026, 0.2114265263080597, 0.11507686227560043, 0.32479947805404663, 0.10827676951885223, -0.12449882924556732, 0.43877220153808594, -0.004705607891082764, 0.035055942833423615, 0.1631309986114502, 0.336603581905365, 0.03680996224284172, 0.6192507147789001, 0.5541336536407471, 1.119633674621582, 0.9374135732650757, 1.2413204908370972, 0.6407535076141357, 0.7367526888847351, 0.3406185507774353, 0.4555512070655823, 0.24455194175243378, 0.25960344076156616, 0.10830691456794739], [0.11532074958086014, 0.4681892991065979, 0.47897231578826904, 0.4685858488082886, 0.48267483711242676, 0.7240151762962341, 0.25114861130714417, 0.1778099536895752, 0.437258243560791, 0.680567741394043, 0.656169593334198, 0.3119903802871704, 0.6317434906959534, 0.7296451330184937, 0.4196205735206604, 0.6301725506782532, 0.7680997848510742, 0.7477744817733765, 0.8889745473861694, 1.0040611028671265, 0.7774996757507324, 0.6519827246665955, 0.9417499899864197, 1.09795081615448, 0.3815963864326477, 1.0913006067276, 0.5841394066810608, 0.0337410643696785, 0.6867192983627319, 0.5704565048217773, 0.2696077227592468, 0.006846211850643158]], [[1.5789778232574463, 1.630727767944336, 1.9632941484451294, 1.8350143432617188, 1.7365320920944214, 2.55898380279541, 0.9974590539932251, 1.720443606376648, 0.508217990398407, 1.7517610788345337, 1.2652664184570312, 2.1496479511260986, 1.9423242807388306, 1.3451679944992065, 1.6017805337905884, 2.2966277599334717, 1.2091033458709717, 1.7758305072784424, 1.43418288230896, 1.9096646308898926, 1.2419720888137817, 1.375354528427124, 0.8346478939056396, 0.7412726283073425, 2.532274007797241, 1.618538498878479, 1.9993120431900024, 1.147765874862671, 1.6727697849273682, 1.2154622077941895, 2.1299428939819336, 1.535872459411621], [0.6713644862174988, 2.1358189582824707, 1.858781099319458, 1.8615561723709106, 2.3931238651275635, 2.453029155731201, 1.8718833923339844, 2.127669095993042, 1.3229379653930664, 2.56292462348938, 2.0736582279205322, 2.6724720001220703, 2.563101053237915, 2.3600502014160156, 2.3153915405273438, 2.3638734817504883, 1.9655342102050781, 2.48647141456604, 2.342761754989624, 2.7026960849761963, 2.73337984085083, 2.660733699798584, 2.496762275695801, 2.8476266860961914, 3.0203685760498047, 3.6783695220947266, 1.9643412828445435, 0.6982011795043945, 2.7612202167510986, 1.901648759841919, 2.430694580078125, 0.6309254169464111]], [[-0.37641870975494385, -0.3380139470100403, -1.0195703506469727, -0.2531014084815979, -0.7729664444923401, -0.773578405380249, -0.2354440838098526, -0.2726356089115143, -0.861261785030365, -1.082845687866211, -0.4275067448616028, -0.9795567393302917, -0.6344896554946899, -0.24733497202396393, -0.7152402997016907, -1.7060508728027344, -0.24793562293052673, -1.3243330717086792, -0.5171689391136169, -0.6659837961196899, -0.6610434055328369, -1.0137873888015747, -0.8925075531005859, -1.1464375257492065, -1.6196198463439941, -0.8479470014572144, -1.3408688306808472, -0.44060295820236206, -0.510421097278595, -0.2606947720050812, -1.3274562358856201, -0.2681814730167389], [-0.06451635807752609, -0.8776362538337708, -0.46355652809143066, -0.47307002544403076, -1.586915373802185, -1.2551313638687134, -0.5782420635223389, -1.1685642004013062, -0.4432656764984131, -0.9920453429222107, -0.7316752076148987, -1.1293861865997314, -1.1111706495285034, -1.1381611824035645, -1.1400943994522095, -0.9901064038276672, -0.550525963306427, -1.0420312881469727, -0.9226920008659363, -1.1015881299972534, -1.1088638305664062, -1.1871910095214844, -1.441551923751831, -1.3007209300994873, -1.086852788925171, -2.356260299682617, -0.5461401343345642, -0.11900937557220459, -1.2034378051757812, -0.8679011464118958, -1.048858880996704, -0.10388518124818802]], [[0.4240516722202301, 1.187523365020752, 0.25688302516937256, 0.35563573241233826, 0.08519724756479263, 1.0712261199951172, -0.0591864287853241, 0.19341954588890076, 0.10601790994405746, 0.6324449777603149, -0.3526078760623932, 0.4726720154285431, 0.45781657099723816, 0.34365957975387573, 0.017156727612018585, 0.8882904648780823, -0.013497069478034973, 1.0241022109985352, 0.19322633743286133, 0.9546415209770203, 0.28982579708099365, 0.4761292040348053, 0.308889240026474, 0.08125592023134232, 0.6850742697715759, 0.48298683762550354, 0.8427069187164307, 0.4666101634502411, 0.5134249925613403, 0.27808281779289246, 0.9788318276405334, 0.4875892698764801], [0.37614768743515015, 0.4184713661670685, 0.17049449682235718, 0.3113785684108734, 0.5496773719787598, 0.24626922607421875, 0.362589031457901, 0.00015037506818771362, 0.513091504573822, 0.4011737108230591, 0.2515333890914917, 0.004406489431858063, 0.5230552554130554, 0.1686359941959381, 0.7431350350379944, 0.29517486691474915, 0.4603879749774933, 0.42365339398384094, 0.30047470331192017, 0.1548553705215454, 0.3394632935523987, 0.35730981826782227, 0.019504249095916748, -0.03653380647301674, -0.08500820398330688, 0.00942046195268631, 0.2780858278274536, 0.3363473117351532, 0.16759932041168213, 0.5411520004272461, 0.20546826720237732, 0.30124425888061523]], [[-0.030735082924365997, -0.7874147295951843, -0.6842760443687439, -0.19449517130851746, -0.2482094168663025, -0.8883597254753113, -0.6314257979393005, -0.5044221878051758, -1.1290318965911865, -1.321201205253601, -1.1258518695831299, -1.442413091659546, -0.8587135076522827, -0.13465750217437744, -1.1283316612243652, -0.8723281621932983, 0.16333691775798798, -0.6224271655082703, -0.0020437613129615784, 0.0094098299741745, -0.3138270080089569, -0.6348854303359985, -1.4679666757583618, -1.3241126537322998, -0.3183860182762146, -0.5381626486778259, -0.5577419400215149, -0.30617547035217285, -0.05436227470636368, 0.02696957439184189, -0.5941196084022522, -0.0012650340795516968], [-0.47561025619506836, -0.08413494378328323, 0.05917133018374443, 0.13620343804359436, -0.43150269985198975, -0.08596145361661911, -0.03714220970869064, -0.22394943237304688, -0.21292221546173096, -0.6756539940834045, 0.18579226732254028, -0.09024811536073685, -0.14475277066230774, 0.39430055022239685, 0.07216828316450119, 0.3010913133621216, 0.19680637121200562, -0.07095054537057877, 0.07399679720401764, 0.5228346586227417, -0.022201277315616608, -0.6305655837059021, -0.18455666303634644, 0.08351439982652664, 0.6002423763275146, -0.31209516525268555, 0.06529776751995087, -0.5101792216300964, 0.1297857165336609, 0.057973213493824005, 0.0321291908621788, -0.524472713470459]], [[0.5378202199935913, 0.9625189900398254, 0.2683835029602051, 0.3786981999874115, 0.6959720849990845, 0.7397912740707397, 0.7539362907409668, 0.5656034350395203, 0.9423189759254456, 0.7262936234474182, 0.5069460868835449, 0.7135187983512878, 0.8518208861351013, 0.48210909962654114, 0.4258427321910858, 0.9601640701293945, 0.21621400117874146, 0.7264311909675598, 0.41757872700691223, 0.6234484314918518, 0.555249810218811, 0.5570319294929504, 1.5004088878631592, 1.0144137144088745, 0.9732182025909424, 0.6822457909584045, 0.4487778842449188, 0.005246954038739204, 0.1963878571987152, 0.11642804741859436, 0.4486544132232666, 0.2136598527431488], [-0.14304006099700928, 0.10228510946035385, 0.03021479956805706, 0.09704672545194626, 0.18693092465400696, 0.47587817907333374, 0.3614857494831085, 0.20800259709358215, 0.23979544639587402, 0.579683244228363, 0.48983681201934814, 0.30717694759368896, 0.5520931482315063, 1.0413872003555298, 0.4689614772796631, 0.3978462517261505, 0.5837993025779724, 0.626308023929596, 0.5508274435997009, 0.5896291732788086, 0.7014356851577759, 0.06750741600990295, 1.0624074935913086, 0.5849655270576477, 0.9107198119163513, 0.02521223947405815, 0.1362820416688919, -0.10996047407388687, -0.017222758382558823, 0.057480908930301666, -0.17468991875648499, -0.11850347369909286]], [[-0.4901377558708191, 0.043403103947639465, -0.13781702518463135, -0.29801660776138306, 0.16694946587085724, -0.0165872722864151, 0.28250032663345337, 0.24284563958644867, -0.18684475123882294, -0.0684669017791748, 0.31488025188446045, -0.14760971069335938, 0.1591099053621292, -0.05007846653461456, 0.2270888239145279, -0.4046579599380493, -0.07688956707715988, -0.4652799963951111, -0.23695476353168488, -0.7667832374572754, -0.23247890174388885, -0.2562689185142517, -0.04345560073852539, -0.36547595262527466, 0.41540640592575073, 0.008933588862419128, -0.8413416147232056, -0.4859933853149414, -0.018282800912857056, -0.02914746105670929, -0.5063694715499878, -0.6719620227813721], [0.20672546327114105, 0.10565753281116486, -0.03358890116214752, -0.018375590443611145, 0.1461530178785324, -0.09618919342756271, -0.004091978073120117, -0.13600482046604156, -0.19358938932418823, -0.15678295493125916, 0.2532089948654175, 0.20605485141277313, 0.172604039311409, -0.05622774362564087, 0.147292360663414, -0.07549718022346497, -0.297525554895401, -0.6766006946563721, 0.020713910460472107, -0.4709387421607971, -0.2661522924900055, -0.1302868127822876, 0.4955396056175232, 0.5630459785461426, -0.11222342401742935, -0.7879279851913452, -0.0390920490026474, 0.24972422420978546, 0.3311538100242615, -0.13376452028751373, 0.3279078006744385, 0.2597208619117737]], [[0.0279427170753479, -0.15192808210849762, -0.04758903384208679, 0.16775783896446228, -0.009439855813980103, 0.17461922764778137, 0.10056668519973755, 0.24579676985740662, -0.5042996406555176, -0.1433505415916443, -0.13894079625606537, -0.011722758412361145, 0.05599474906921387, 0.04030430316925049, -0.2685532569885254, -0.5935499668121338, -0.502741813659668, -0.8497743010520935, -0.15773619711399078, -0.554095983505249, -0.16770316660404205, -0.16469711065292358, 0.06402894854545593, -0.060310930013656616, -1.1030628681182861, -0.6935423016548157, -0.4001578092575073, -0.22931870818138123, -0.17954668402671814, -0.1305432766675949, -0.13021895289421082, -0.02423381805419922], [-0.1968124955892563, -0.045697279274463654, 0.09546279907226562, 0.05678747594356537, 0.16475334763526917, 0.05386321246623993, -0.09115471690893173, -0.13251137733459473, -0.090964175760746, -0.3791816234588623, 0.1532556414604187, -0.3050454258918762, -0.2028951495885849, -0.3919128179550171, -0.20226794481277466, 0.23601409792900085, -0.21553681790828705, -0.6570489406585693, -0.28443172574043274, -0.38669830560684204, -0.2704610824584961, -0.9110236167907715, -0.8346137404441833, -1.1467605829238892, -0.6719621419906616, -0.7372806072235107, -0.1058061271905899, -0.1933080554008484, 0.4102018475532532, 0.21181929111480713, 0.009058877825737, -0.1609085202217102]], [[-0.524331271648407, -1.2270631790161133, -0.41587352752685547, -1.0662262439727783, -0.9146738648414612, -0.7155100107192993, -1.0858312845230103, -0.877732515335083, -0.09628932923078537, -0.21358826756477356, -0.9040475487709045, -0.5908838510513306, -0.8258581161499023, -0.6499603390693665, -1.2073915004730225, -0.18617093563079834, -0.3503876328468323, -0.5396747589111328, -0.6138537526130676, -0.6211267113685608, -0.8394338488578796, -0.50046706199646, -1.5330102443695068, -1.2365756034851074, -0.6613035202026367, -0.8657233715057373, -1.5284136533737183, -1.1501421928405762, -0.7661219835281372, -0.726483941078186, -1.3140673637390137, -1.136493444442749], [0.14482209086418152, -0.6984427571296692, -0.44591623544692993, -0.39063575863838196, -0.671967625617981, -0.7168617844581604, -0.460260272026062, -0.42338621616363525, -0.32983362674713135, -0.6680812239646912, -0.7898153066635132, -0.3100818693637848, -0.6173207759857178, -0.8250300884246826, -0.5650414824485779, -0.4341951012611389, -0.6268401145935059, -0.8034908175468445, -0.8287562727928162, -0.865723192691803, -0.687520444393158, -1.1055843830108643, -0.6679573059082031, -0.41670215129852295, -0.5070623755455017, -1.775045394897461, -0.5384747385978699, 0.09496744722127914, -0.04971661418676376, -0.4259406328201294, -0.011005088686943054, 0.10628272593021393]], [[-0.44069966673851013, -0.20709297060966492, -0.5248015522956848, 0.08227207511663437, -1.099059820175171, 0.14215883612632751, -1.6234469413757324, -0.4293266236782074, -1.5687614679336548, -0.3089763820171356, -0.9278765320777893, 0.5574734210968018, -0.9689840078353882, -0.215872660279274, -1.6455636024475098, -0.23358672857284546, -0.49186983704566956, -0.25380146503448486, -0.4775175452232361, -0.22308123111724854, -0.7329376339912415, -0.9823068380355835, -1.9820444583892822, -1.4680874347686768, -1.809788703918457, -0.8673105835914612, 0.15510256588459015, -0.28606799244880676, -0.2966042459011078, -0.3813464045524597, -0.5179206728935242, -0.5186969041824341], [-0.21968699991703033, 0.02261626347899437, -0.05857454240322113, -0.23873624205589294, 0.18657197058200836, 0.17431952059268951, -0.297974169254303, -0.3582369089126587, -0.4281167984008789, -0.32130274176597595, -0.07197277247905731, 0.2590659558773041, 0.0028466498479247093, -0.14285613596439362, -0.3736400902271271, 0.10584771633148193, -0.2255375236272812, 0.15618464350700378, 0.31322041153907776, 0.30427640676498413, -0.10549727082252502, -0.5630027055740356, -0.27808189392089844, 0.41956016421318054, -0.19316478073596954, -0.039760950952768326, -0.26481664180755615, -0.1489993929862976, -0.5041106343269348, -0.41321638226509094, -0.16183501482009888, -0.09966681152582169]], [[-0.3582475781440735, 0.047756750136613846, -0.376388818025589, -0.39333856105804443, -0.12061008810997009, -0.7615857720375061, -0.5329217910766602, -0.14853902161121368, -0.3826234042644501, -0.48652082681655884, -0.16010256111621857, 0.10668100416660309, -0.15585161745548248, -0.5832180380821228, -0.4760565161705017, -0.6958573460578918, -0.19811715185642242, -0.1330932080745697, -0.051994625478982925, -0.18868476152420044, -0.0925288051366806, -0.5429572463035583, -0.9076608419418335, -0.5054302215576172, -0.6563623547554016, -0.23709465563297272, -0.17540568113327026, -0.10244882106781006, -0.0877390056848526, -0.36502882838249207, 0.1504155397415161, -0.07814699411392212], [-0.06329771876335144, -1.4526004791259766, -0.8618761301040649, -1.1906242370605469, -0.9827958345413208, -1.5710458755493164, -0.6520815491676331, -1.4627915620803833, -0.6722076535224915, -1.8826074600219727, -0.9150795340538025, -1.3588407039642334, -0.8529194593429565, -1.138268232345581, -0.8052010536193848, -1.246957778930664, -0.885221540927887, -1.1748497486114502, -0.9323335886001587, -1.4346468448638916, -0.7996177673339844, -1.2143231630325317, -0.2943573594093323, -0.4623754918575287, -0.3479580581188202, 0.12131232023239136, -0.6444740891456604, -0.1668948382139206, -1.1190191507339478, -0.9149304628372192, -0.6588161587715149, -0.18108773231506348]], [[-0.017067641019821167, 0.6935842037200928, -0.0955483466386795, 0.4774034917354584, -0.08432753384113312, 0.5775543451309204, 0.2464446723461151, 0.34424808621406555, 0.5617955923080444, 0.612492561340332, 0.06778794527053833, 0.8195414543151855, 0.24323716759681702, 0.2939150035381317, 0.26740553975105286, -0.21067951619625092, 0.16597893834114075, -0.15710888803005219, -0.0898890346288681, 0.5347644090652466, 0.07002002000808716, 0.3450470268726349, 0.545457124710083, 0.28600916266441345, 0.14088115096092224, 0.46939989924430847, 0.3837970793247223, 0.8416892290115356, 0.5394816398620605, 0.19662734866142273, 0.5827392339706421, 0.26107844710350037], [0.13494348526000977, 0.09433579444885254, 0.05554074048995972, 0.19056019186973572, 0.1382180154323578, 0.21924132108688354, -0.17820745706558228, 0.37332484126091003, 0.23353704810142517, 0.48158565163612366, 0.15586191415786743, 0.5666345357894897, 0.3535032570362091, -0.6770886182785034, -0.1716691553592682, 0.06452828645706177, 0.027585864067077637, 0.31953802704811096, 0.204194575548172, 0.3787752091884613, 0.344914048910141, 0.5368247032165527, -0.24130655825138092, 0.04199209809303284, -0.19571371376514435, 0.5677123069763184, 0.3623523414134979, 0.30847516655921936, 0.346467524766922, 0.36951497197151184, 0.6671921014785767, 0.32715317606925964]], [[0.39128342270851135, 1.3850548267364502, 0.11121545732021332, 1.3910706043243408, 0.5088201761245728, 0.974806547164917, 0.5583397150039673, 0.9348927736282349, -0.007920712232589722, 0.46127602458000183, -0.017086848616600037, 0.08561426401138306, 0.6893367767333984, 0.8921016454696655, 0.7170755863189697, 1.2658782005310059, 0.4056568145751953, 0.7850856781005859, 0.2925889492034912, 0.12420684099197388, 0.6191869974136353, 0.12878043949604034, 0.1704127937555313, 0.30643367767333984, 0.3209370970726013, 0.8055131435394287, 0.07643602043390274, 0.5929415822029114, 0.5321245193481445, 0.7680524587631226, 0.6840819120407104, 1.0718579292297363], [0.01880989968776703, 1.2619820833206177, 0.4811289310455322, 0.8290464878082275, 0.953719973564148, 1.0338960886001587, 0.4876929223537445, 0.5303765535354614, 0.2735678553581238, 0.710963249206543, 0.6988867521286011, 0.676360011100769, 0.8032557964324951, 0.41895169019699097, 0.6572726964950562, 0.7192965745925903, 0.6677689552307129, 1.350390076637268, 0.649058997631073, 0.42005655169487, 0.8994232416152954, 0.38704878091812134, 0.6360903978347778, 0.6728147268295288, 0.6830759048461914, 1.5004132986068726, 0.17453551292419434, 0.08616655319929123, 0.2326047420501709, 0.4000128209590912, 0.17071419954299927, 0.09018514305353165]], [[0.7553778290748596, 0.8657591342926025, 0.269643634557724, 0.6309641003608704, 0.24981003999710083, 0.5546431541442871, -0.03587907552719116, 0.43788912892341614, -0.3673240840435028, 0.1776736080646515, 0.165586918592453, 0.046118464320898056, 0.31221553683280945, 0.574996829032898, 0.35094648599624634, 0.43701374530792236, 0.1538902223110199, 0.115110382437706, 0.8701329827308655, 0.6459771394729614, 0.5848198533058167, 0.4313962757587433, -0.8488186597824097, -0.8149747252464294, -0.522178590297699, 0.7034661769866943, 0.5489228963851929, 0.7309703826904297, 0.9310166239738464, 0.6122077703475952, 0.4933648109436035, 0.5717458128929138], [-0.28453850746154785, 0.8120940923690796, 0.3603633940219879, 0.3038517236709595, 0.9578101634979248, 0.6897838711738586, 0.5180919170379639, 0.24256151914596558, 0.20904558897018433, 0.38725003600120544, 1.0052825212478638, 1.0997297763824463, 1.0482661724090576, 1.1667726039886475, 1.0625346899032593, 0.5759904384613037, 0.7500549554824829, 0.40121617913246155, 1.0373237133026123, 0.9107237458229065, 1.1627734899520874, 1.1864686012268066, 1.4282556772232056, 1.5631023645401, 1.1110316514968872, 1.2687698602676392, 0.5206056237220764, -0.2295166701078415, 0.6483405232429504, 0.4277670979499817, 0.1203327476978302, -0.2581121027469635]], [[-0.30037644505500793, 0.28272566199302673, 0.4892728924751282, -0.16770099103450775, 0.42754095792770386, -0.5278722047805786, 0.8951442241668701, -0.061492353677749634, 0.26449212431907654, -0.07048589736223221, 0.29011303186416626, 0.3580942749977112, 0.7217860817909241, -0.13005200028419495, 0.420126348733902, -0.3720950782299042, 0.15666919946670532, -0.2972533404827118, -0.05443113297224045, 0.11445190012454987, -0.07382792979478836, -0.8118114471435547, -0.04450015723705292, -1.025484561920166, -0.6809080839157104, 0.008169155567884445, 0.6480488777160645, 0.15990163385868073, 0.05247732251882553, -0.001935664564371109, 0.30230411887168884, -0.2437220811843872], [-0.42014315724372864, -0.49805986881256104, -0.4797195792198181, -0.4302261769771576, 0.0846409872174263, -0.5439128875732422, -0.6112357378005981, -0.45692071318626404, -0.6863077282905579, -0.5153324007987976, -0.24573472142219543, 0.02948303334414959, -0.3813397288322449, -0.6460101008415222, -0.6162945628166199, -0.9304299354553223, -0.9086200594902039, -0.19582119584083557, -0.527384877204895, -0.5007939338684082, -0.6760852932929993, -1.2687703371047974, -1.3765184879302979, -1.36427903175354, -1.165564775466919, -0.7571402788162231, -0.4331168532371521, -0.289907306432724, -0.27148979902267456, -0.4415301978588104, -0.25335830450057983, -0.36921894550323486]], [[0.3567652702331543, -0.1765240579843521, 0.4524528980255127, -0.05001135915517807, 0.6836104989051819, -0.08353544771671295, 0.1439352035522461, -0.09973488748073578, 0.22379520535469055, 0.19183620810508728, 0.24910789728164673, -0.006935521960258484, 0.6064184308052063, 0.19756793975830078, 0.5464081764221191, 0.05051170289516449, 0.08160340785980225, 0.20253098011016846, 0.46161192655563354, 0.20511949062347412, 0.48239666223526, 0.15456727147102356, -0.2902388870716095, 0.06927898526191711, 0.11662125587463379, 0.6859076619148254, -0.0338401272892952, 0.39882951974868774, 0.2003503143787384, 0.4641501307487488, 0.08057838678359985, 0.7016201615333557], [0.1007407009601593, -0.27108168601989746, 0.19281086325645447, -0.10464917123317719, 0.3211936950683594, 0.17222550511360168, 0.3822208642959595, -0.2701040208339691, 0.16794347763061523, 0.19644740223884583, 0.736646294593811, 0.29882484674453735, 0.8470057845115662, 1.1077916622161865, 0.738587498664856, -0.22317102551460266, 0.7180614471435547, -0.549493670463562, 0.6068306565284729, 0.054468706250190735, 0.6575632095336914, 0.5576492547988892, 1.1530861854553223, 1.2101068496704102, 1.2096033096313477, 0.5156574249267578, -0.04800736904144287, 0.06726425886154175, 0.05534973740577698, 0.11292096972465515, -0.3884669542312622, 0.0622258335351944]], [[-0.1654297113418579, 0.38054347038269043, -0.4353533089160919, 0.346613347530365, 0.1997680515050888, 1.1066923141479492, 0.33559995889663696, 0.5963976383209229, 0.09242771565914154, 0.506160318851471, -0.03270108997821808, 0.11013869941234589, 0.4131665825843811, -0.1362246870994568, 0.1505708247423172, 0.6134068965911865, 0.10972867906093597, 0.5404626727104187, -0.23373176157474518, 0.8829125761985779, 0.12776081264019012, 0.1636277288198471, 0.6393415927886963, 0.7685001492500305, 1.6425914764404297, 0.30434417724609375, -0.5782540440559387, 0.15847177803516388, -0.3190605640411377, -0.17428532242774963, -0.3104150891304016, 0.06727804243564606], [-0.18571078777313232, 0.5025516152381897, -0.41238799691200256, -0.08493754267692566, 0.7250369787216187, 1.1612365245819092, 0.21233560144901276, 1.0113238096237183, -0.49572330713272095, 1.2331995964050293, 0.32115739583969116, 0.6385328769683838, 0.24629096686840057, -0.08860187232494354, 0.3415678143501282, 0.5795824527740479, -0.11679671704769135, 1.067165493965149, 0.12499336898326874, 0.6868734359741211, 0.31593775749206543, 0.01899389922618866, 0.5572674870491028, 0.2848360538482666, -0.40373730659484863, -0.020113244652748108, -0.07708792388439178, -0.17635490000247955, 0.485981285572052, -0.017530083656311035, 0.12227131426334381, -0.1830383688211441]], [[0.3527638614177704, 0.8312256336212158, 0.0794956237077713, 0.39372554421424866, -0.8856381773948669, 0.8859855532646179, -0.16706442832946777, 0.21001186966896057, 0.040558815002441406, 0.6377168893814087, -0.01770305633544922, 0.87005215883255, -0.14334216713905334, 0.17981120944023132, -0.26301562786102295, 0.21410790085792542, 0.2019108533859253, 0.39804813265800476, -0.1074216365814209, 0.2015276551246643, -0.30332207679748535, -0.17205742001533508, -0.571036159992218, -0.7249260544776917, -0.17833101749420166, 0.40395039319992065, 0.5332283973693848, 0.18135111033916473, 0.2640024721622467, 0.26093268394470215, 0.055151522159576416, 0.09306716918945312], [-0.4907339811325073, 0.047503501176834106, -0.03364759683609009, 0.04352959990501404, -0.25315386056900024, 0.21926593780517578, -0.0025125443935394287, 0.1612885296344757, -0.09562680125236511, 0.6011886596679688, 0.0871029794216156, -0.06278175115585327, 0.1991954743862152, 0.7421094179153442, 0.16498534381389618, 0.271368145942688, 0.3635520339012146, 0.5135751366615295, 0.31444111466407776, 0.16473492980003357, -0.20613306760787964, -0.98369961977005, -0.027197837829589844, 0.30114519596099854, -0.005527466535568237, -0.6640336513519287, -0.131684809923172, -0.3861289620399475, 0.3833874762058258, -0.07556840777397156, 0.29219886660575867, -0.34615933895111084]], [[-0.4357048273086548, -0.9289608597755432, -1.0993292331695557, -0.4613192081451416, -0.7979447841644287, -0.5916910767555237, -0.6794954538345337, -0.7788188457489014, -1.5595905780792236, -1.080573558807373, -1.045727014541626, -1.352850317955017, -1.0333701372146606, -0.4983198642730713, -1.0291930437088013, -0.8219436407089233, -1.3848674297332764, -0.8121481537818909, -0.8475016951560974, -0.6669467091560364, -0.8038959503173828, -1.008811354637146, -1.6456834077835083, -1.525039792060852, -1.9630893468856812, -0.9976670145988464, -2.575679302215576, -0.868259072303772, -0.8681482672691345, -0.5959870219230652, -1.6898893117904663, -0.8351274132728577], [-0.6503743529319763, -0.5150667428970337, -0.6321654915809631, -0.5932753682136536, -0.7701871395111084, -0.6675330400466919, -0.727290153503418, -0.6417298316955566, -0.6521198749542236, -0.6752647757530212, -0.8947038650512695, -0.798736035823822, -0.755231499671936, -0.8513015508651733, -1.026190996170044, -1.2761648893356323, -0.8949645757675171, -0.06740832328796387, -0.6509811878204346, -0.7662764191627502, -0.8268045783042908, -0.825090765953064, -0.6603112816810608, -1.0097784996032715, -0.7632743120193481, -2.097588062286377, -0.6662423014640808, -0.5646864175796509, -0.9036585688591003, -0.709764301776886, -1.0302116870880127, -0.5831161141395569]], [[0.6552148461341858, -0.02105778083205223, 0.9741582870483398, 0.12908455729484558, 0.9803972840309143, 0.4127323031425476, 1.0930402278900146, 0.6542063355445862, 1.7796663045883179, 0.7960838675498962, 0.7465521693229675, 0.04242026060819626, 0.6278584599494934, 0.22613242268562317, 0.9310584664344788, -0.14672519266605377, 1.0492385625839233, 0.2795369625091553, 0.8650614023208618, 0.6010386347770691, 0.7892202138900757, 1.3726723194122314, 2.6146483421325684, 2.213372230529785, 1.8695019483566284, 1.42048180103302, 0.5099253058433533, 0.42362499237060547, 0.5486699938774109, 0.5812307000160217, 0.7338820695877075, 0.5280628800392151], [0.11882561445236206, 0.7223506569862366, 0.455674409866333, 0.2279505431652069, 1.576356291770935, 1.362399697303772, 0.8395266532897949, 0.5921556949615479, 0.5865716934204102, 0.5090616345405579, 0.7718600630760193, 0.7637414336204529, 0.9694880247116089, 0.7755927443504333, 1.0986846685409546, 0.935617208480835, 0.6156427264213562, -0.19151528179645538, 0.889670729637146, 0.8891025185585022, 0.9455736875534058, 2.001082181930542, 1.7915987968444824, 0.8642706274986267, 0.4909656345844269, 0.6951300501823425, 0.6843246221542358, 0.023654190823435783, 0.36198773980140686, 0.3622000217437744, 0.31600943207740784, -0.012522188015282154]], [[0.19287177920341492, 1.0078709125518799, 0.7531248927116394, 0.8967992067337036, 0.20143158733844757, 1.155421495437622, -0.09186456352472305, 0.6561504006385803, -0.499161034822464, 0.6148589849472046, 0.4381643831729889, 1.6946662664413452, 0.45250242948532104, 0.6497270464897156, -0.002120070159435272, 0.8057690262794495, -0.1698227822780609, 0.6152876019477844, 0.42498791217803955, 1.0115227699279785, 0.3581044673919678, 0.4918203055858612, 0.3411731719970703, -0.03083065152168274, -0.5630784034729004, 0.3160780370235443, 1.3516573905944824, 0.7447559237480164, 0.6873711347579956, 0.45265841484069824, 0.5078058838844299, 0.47487786412239075], [-0.052111975848674774, 0.8119858503341675, 0.04502429813146591, 0.4869098365306854, 0.8257540464401245, 1.1595675945281982, 0.0762413740158081, 1.1544020175933838, 0.08859856426715851, 1.1645807027816772, 0.7226631045341492, 1.2096505165100098, 0.6224151253700256, -0.201328307390213, 0.4350742697715759, 0.7774410247802734, -0.26282596588134766, 2.211571216583252, 0.3677161633968353, 1.0419150590896606, 0.4244458079338074, 0.8605735301971436, 0.46196839213371277, 0.8408924341201782, 0.13406164944171906, 2.2496376037597656, 0.2727549970149994, 0.016897626221179962, 0.8170379400253296, 0.46054333448410034, 0.8317694067955017, -0.041487403213977814]], [[0.853052020072937, 0.9412909746170044, 0.5326123833656311, 1.043809175491333, 0.5054985880851746, 1.1209520101547241, 0.37667661905288696, 0.9691194295883179, 0.6433224678039551, 0.9551948308944702, 0.7245438694953918, 1.2687512636184692, 0.5238654613494873, 1.0563517808914185, 0.4881572127342224, 1.322096824645996, 1.1541396379470825, 0.8008084893226624, 0.7748658061027527, 0.8120737671852112, 0.7206494808197021, 1.0571691989898682, 0.7093828320503235, 0.7827809453010559, 1.2947989702224731, 0.8709007501602173, 1.1486444473266602, 0.5220553278923035, 0.841266930103302, 0.789325475692749, 1.0918503999710083, 0.9936281442642212], [0.46361231803894043, 1.2826731204986572, 0.7949756383895874, 1.0857408046722412, 1.3324952125549316, 1.549759030342102, 0.8316606283187866, 1.2550609111785889, 0.9501420259475708, 1.524178147315979, 1.2206220626831055, 1.4978357553482056, 1.2329802513122559, 1.6201839447021484, 1.1789886951446533, 1.416139841079712, 1.1752452850341797, 1.5261136293411255, 1.43147873878479, 1.616640329360962, 1.2217000722885132, 0.9346307516098022, 1.640285849571228, 1.7944083213806152, 1.5989351272583008, 0.9778131246566772, 0.7524881362915039, 0.5393508672714233, 1.0494115352630615, 0.8858967423439026, 1.3584842681884766, 0.5993072986602783]], [[0.20976953208446503, 0.9739066362380981, 0.536866307258606, 0.2518628239631653, 0.5958368182182312, 0.6685641407966614, 0.3433659076690674, 0.17708513140678406, 1.084121584892273, 0.5371271371841431, 0.5158389210700989, 0.20257160067558289, 0.5404443740844727, -0.09860439598560333, 0.3007681965827942, 0.715985119342804, 0.5387631058692932, 0.6196529865264893, 0.42205047607421875, 0.6051264405250549, 0.41734278202056885, 0.6177436113357544, 1.3362157344818115, 1.010709524154663, 1.2928546667099, 1.0681763887405396, 0.949008047580719, 0.1528761088848114, 0.026934560388326645, 0.18086788058280945, 0.34138429164886475, -0.009461715817451477], [-0.3536732792854309, 0.21677295863628387, -0.15015651285648346, 0.2635152339935303, 0.756908118724823, 0.7078685164451599, -0.24134661257266998, 0.5747770667076111, -0.0016656294465065002, 0.8196286559104919, 0.010093152523040771, 0.783160388469696, 0.25141793489456177, -0.04041518270969391, -0.12704403698444366, 0.2191922813653946, -0.18053759634494781, 0.942575216293335, 0.03379162773489952, 0.5323442816734314, 0.22119736671447754, 0.2630431354045868, -0.13545706868171692, -0.058175429701805115, 0.06137276440858841, 0.9991274476051331, 0.09806017577648163, -0.413601815700531, 0.41184818744659424, -0.002514965832233429, 0.8706777095794678, -0.49268651008605957]], [[-0.37148451805114746, -0.4488310217857361, -0.1297733187675476, -0.33840411901474, -0.6180936098098755, -0.6225578784942627, -0.6533931493759155, -0.4351291060447693, -0.3025217056274414, -0.47577500343322754, -0.732227623462677, -0.6926946043968201, -0.5641739368438721, -0.4203309416770935, -0.21109651029109955, -0.6851906776428223, 0.24253316223621368, -0.45326167345046997, -0.26391053199768066, -0.8043645024299622, -0.44845134019851685, -1.0642858743667603, -1.3833374977111816, -1.2414697408676147, -1.1095417737960815, -0.2156490683555603, -0.3959251046180725, -0.15842148661613464, -0.2629338502883911, -0.29948699474334717, -0.42057403922080994, -0.5446338057518005], [0.11733691394329071, -0.41851693391799927, -0.40287214517593384, -0.20523343980312347, -0.7870325446128845, -0.9053111672401428, -0.7170085906982422, -0.7237076163291931, -0.17952819168567657, -0.8138068914413452, -0.6086915135383606, -0.8316546678543091, -0.7881872057914734, -0.48762768507003784, -0.7400477528572083, -0.7174934148788452, -0.5567229986190796, -0.5792137384414673, -0.5470125079154968, -0.757658064365387, -0.8637640476226807, -1.3973143100738525, -1.073008418083191, -1.0874873399734497, -0.9063873291015625, -0.4909542202949524, -0.29794588685035706, 0.1247425228357315, -0.24837973713874817, -0.32027727365493774, -0.16083525121212006, 0.10959331691265106]], [[0.6732304096221924, 0.21192434430122375, 0.3891567885875702, 0.7120994329452515, -0.013888835906982422, 0.5894302129745483, -0.1802261918783188, 0.37722814083099365, 0.9287706613540649, 0.899556040763855, 0.3703274130821228, 0.4647581875324249, 0.2347346544265747, 0.4294569790363312, -0.08386154472827911, 0.19382846355438232, 0.2749846577644348, 0.2999473810195923, 0.17812779545783997, 0.05880443751811981, 0.11479412019252777, -0.1535544991493225, -0.6344994306564331, -0.7439041137695312, 0.3568015694618225, 0.4000517725944519, 0.5627709627151489, 0.6321073770523071, 0.6057672500610352, 0.7995452880859375, 0.36909982562065125, 0.6773607730865479], [-0.050960931926965714, 0.3018348813056946, 0.27410274744033813, 0.06805115938186646, 0.7785134315490723, 0.4599023163318634, 0.4737844169139862, -0.18484142422676086, 0.09354908764362335, 0.933822512626648, 0.4355911910533905, 0.6504225730895996, 0.7936773300170898, 0.25308331847190857, 0.6135725975036621, 0.23142951726913452, 0.06883931159973145, 0.43324384093284607, 0.5727853775024414, 0.6722917556762695, 0.34314629435539246, 0.7202335596084595, 0.6506547927856445, 0.03224419057369232, -0.30891096591949463, 0.23559701442718506, 0.39146310091018677, 0.025545857846736908, 0.1858733594417572, 0.3466724455356598, -0.410854309797287, 0.01314561814069748]], [[-0.28038498759269714, -0.8599079251289368, -0.8968963027000427, -0.752023458480835, -0.4181686043739319, -0.62324458360672, 0.13396093249320984, -0.7076271176338196, 0.17697782814502716, -0.4434669613838196, -0.3261227607727051, -0.5775268077850342, -0.44043824076652527, 0.0037055518478155136, 0.05005846172571182, -0.7425669431686401, 0.41943755745887756, -0.41537290811538696, -0.5199567079544067, -0.7320244908332825, -0.5014247298240662, -0.6775829792022705, -1.0531671047210693, -1.0102739334106445, -0.31214430928230286, -0.18483690917491913, -0.3812748193740845, 0.28785133361816406, -0.5918495059013367, -0.3503883183002472, -0.9870346188545227, -0.11909141391515732], [0.34167975187301636, -0.6867146492004395, -0.21728064119815826, -0.5885205268859863, -0.912362813949585, -0.9631730318069458, -0.31656312942504883, -0.7751180529594421, 0.04028462618589401, -0.8263305425643921, -0.4780097007751465, -0.7135142683982849, -0.4290349781513214, -0.365056574344635, -0.2920067012310028, -0.42795777320861816, -0.10306023806333542, 0.235682874917984, -0.26885950565338135, -0.5459906458854675, -0.3337240219116211, -0.0762542113661766, -0.9383828043937683, -0.6885128021240234, 0.33925822377204895, -0.07160867750644684, -0.13975560665130615, 0.30193156003952026, -0.6684133410453796, -0.14737489819526672, -0.9467572569847107, 0.328383207321167]], [[0.20516319572925568, 0.6615589261054993, 0.534979522228241, 0.3223075866699219, 0.7649099230766296, 0.42722564935684204, 1.1546998023986816, 0.7816823720932007, 0.3811502456665039, 0.21000708639621735, 0.8061342239379883, 1.1794911623001099, 0.7090098857879639, 0.37614208459854126, 0.7827956676483154, 0.3923072814941406, 0.2759852409362793, 0.26591068506240845, 0.48286765813827515, 0.401683509349823, 0.7434312701225281, 0.6262936592102051, 1.1323790550231934, 0.5443434715270996, -0.21981467306613922, 0.3367650508880615, 2.210482120513916, 0.5967226028442383, 0.9677161574363708, 0.5841284990310669, 1.7373493909835815, 0.7638224959373474], [-0.2097548544406891, 0.7371437549591064, 0.16415362060070038, 0.2369481474161148, 1.3909748792648315, 0.7945052981376648, 0.4254377484321594, 1.316177248954773, 0.03262615203857422, 1.138490915298462, 0.561840295791626, 1.106253743171692, 0.6303158402442932, -0.1545160412788391, 0.31301963329315186, 0.2811468839645386, 0.006108663976192474, 1.0353256464004517, 0.31871092319488525, 0.26898467540740967, 0.47394686937332153, 0.2743937373161316, 0.06913681328296661, -0.6717929840087891, -0.2410891205072403, 1.1469099521636963, 0.5290677547454834, -0.15038514137268066, 1.4340981245040894, 0.5051679611206055, 1.7791272401809692, -0.0739520937204361]], [[0.28399503231048584, 0.47352975606918335, -0.13544994592666626, 0.9003646373748779, -0.3992531895637512, 1.0441040992736816, -0.29916203022003174, 0.43011021614074707, 0.38401320576667786, 0.35930222272872925, -0.8761293888092041, -0.11703026294708252, 0.3267287015914917, 0.683753252029419, 0.461736798286438, 1.648154377937317, 0.2561396062374115, 0.5569081902503967, 0.2033464014530182, 0.5244860649108887, 0.14603108167648315, 0.4227250814437866, 0.109586700797081, 0.5989800095558167, 0.9214155077934265, 0.06691768765449524, -0.0797998309135437, -0.4544644355773926, 0.4156651496887207, 0.193507581949234, 1.1940157413482666, 0.6023381948471069], [-0.0217667818069458, 0.6611086130142212, 0.3609292507171631, 0.5425682067871094, 1.0108704566955566, 1.0440322160720825, 0.7009339332580566, 0.7146997451782227, 0.40220344066619873, 0.9675401449203491, 0.8646612763404846, 0.8188644051551819, 0.9284985661506653, 1.2780182361602783, 1.007502555847168, 0.9372860193252563, 0.968616247177124, 1.213758945465088, 0.8325180411338806, 1.0658049583435059, 0.7444262504577637, 0.09394091367721558, 1.1019444465637207, 1.2459198236465454, 1.5111995935440063, 1.5243090391159058, -0.1197441816329956, -0.03365102410316467, 0.7653027176856995, 0.20803771913051605, 0.8386597633361816, 0.01471969485282898]], [[-0.2528257369995117, 0.2915269136428833, -0.015742357820272446, 0.2261430025100708, -0.48409754037857056, -0.05320749059319496, -0.895366907119751, -0.04848181828856468, -0.4097217917442322, -0.0148682352155447, -0.5833579301834106, -0.3189247250556946, -0.6580096483230591, -0.2450651228427887, -0.7430518865585327, -0.25954771041870117, 0.3647553324699402, -0.17943136394023895, -0.17357362806797028, 0.41814106702804565, -0.4677557647228241, -0.7100577354431152, -1.3191641569137573, -1.971868634223938, -0.12594076991081238, -0.6065894365310669, -0.4561145603656769, -0.020138006657361984, -0.13178180158138275, 0.06410197913646698, -0.3435611128807068, -0.2338189333677292], [0.005289681255817413, 0.3026600182056427, 0.14982806146144867, 0.3261245787143707, 0.4543339014053345, 0.11609409749507904, 0.14736884832382202, 0.5195255279541016, 0.10506439208984375, 0.3318808972835541, 0.48177841305732727, 0.46581873297691345, 0.6728529930114746, 0.6455161571502686, 0.31716620922088623, 0.2302100658416748, 0.40936657786369324, 0.3105194568634033, 0.44653546810150146, 0.2678496837615967, 0.6606205701828003, 0.39957907795906067, 0.021795697510242462, 0.13334976136684418, 0.2445944845676422, 0.961323618888855, 0.03046569973230362, 0.06001003831624985, 0.7172108888626099, 0.2200576663017273, 0.4752766191959381, 0.11002656817436218]], [[-0.36010444164276123, -1.4333745241165161, -0.9111368656158447, -1.2076071500778198, -0.9703332185745239, -1.2482666969299316, -0.7384110689163208, -1.1310434341430664, -0.4635932445526123, -1.0393918752670288, -0.7115127444267273, -1.1666709184646606, -1.0180643796920776, -0.7548651695251465, -0.6482152342796326, -1.7147197723388672, -0.2718653380870819, -1.4384829998016357, -0.5959077477455139, -0.930954098701477, -1.068017601966858, -0.7725693583488464, -1.0879032611846924, -1.1773598194122314, -0.20398637652397156, -0.6682558059692383, -1.1571030616760254, -0.3468264639377594, -0.6203231811523438, -0.666766881942749, -1.5177147388458252, -0.9033807516098022], [0.003592364490032196, -0.22797420620918274, -0.23888644576072693, -0.19274532794952393, -0.6612915396690369, -0.44906914234161377, -0.5340449810028076, -0.48958820104599, -0.17624571919441223, -0.750126302242279, -0.48802638053894043, -0.80633145570755, -0.752210795879364, -0.5005927681922913, -0.8222840428352356, -0.35625922679901123, -0.2762875556945801, -0.657295286655426, -0.47505098581314087, -0.6997276544570923, -0.757389485836029, -0.6278813481330872, -1.1735533475875854, -0.8577918410301208, -0.31818562746047974, 0.050676293671131134, -0.21882832050323486, 0.025602400302886963, -0.2588229775428772, -0.03390517830848694, -0.603011429309845, 0.0032769441604614258]], [[0.6381579041481018, 0.6436692476272583, 1.414101004600525, 0.3700827658176422, 0.861802875995636, 0.5747790336608887, 1.1374189853668213, 0.558114767074585, 0.35956835746765137, 0.17920604348182678, 0.28295522928237915, 1.2174863815307617, 0.6007751822471619, 0.1305437684059143, 0.1912570595741272, 0.3364645540714264, 0.5335838198661804, 0.16616928577423096, 0.8016642928123474, 0.8902567625045776, 0.8023454546928406, 0.93662428855896, 1.1982715129852295, 0.515596330165863, 0.26893478631973267, 0.32339704036712646, 2.0293655395507812, 0.5068504810333252, 1.0110230445861816, 0.6294328570365906, 1.0742974281311035, 0.5200514793395996], [0.47735461592674255, 1.1532114744186401, 0.7747337818145752, 0.8191200494766235, 1.5248603820800781, 1.3584424257278442, 0.944623589515686, 1.753007173538208, 0.544036328792572, 1.6090149879455566, 1.3821982145309448, 1.679196834564209, 1.166441798210144, 0.6061421036720276, 1.083930253982544, 1.1626392602920532, 0.8513889908790588, 1.9850994348526, 0.7846271991729736, 0.9268674850463867, 1.3205031156539917, 1.11189603805542, 0.7836216688156128, 0.5333911776542664, 0.4685453474521637, 2.026930570602417, 0.9698873162269592, 0.4334285855293274, 1.2542246580123901, 0.7993000149726868, 1.5614025592803955, 0.4448639154434204]], [[0.7526562213897705, 1.4465819597244263, 0.5194131135940552, 1.4448280334472656, 0.3301888108253479, 1.6063926219940186, 0.6296778321266174, 0.984640896320343, 0.5238317847251892, 0.8487124443054199, 0.42535680532455444, 0.6964186429977417, 0.40189477801322937, 1.1037847995758057, 0.7499976754188538, 1.2072886228561401, 0.8787500262260437, 1.2765754461288452, 0.4593231678009033, 1.5593459606170654, 0.39061081409454346, 0.07830418646335602, 0.09820006042718887, -0.017309417948126793, 0.10622403770685196, 0.53494793176651, 0.6109678149223328, 0.9906530976295471, 0.490365594625473, 0.6438093185424805, 0.665671169757843, 0.7854695320129395], [0.06312379986047745, 0.5417616963386536, 0.16514170169830322, 0.3851790130138397, 0.3347723186016083, 0.6262883543968201, 0.3066411316394806, 0.2979724407196045, 0.11714351922273636, 0.8954105377197266, 0.6579344868659973, 0.09249777346849442, 0.24622145295143127, 0.42866405844688416, 0.42579710483551025, 0.25649482011795044, 0.6373469233512878, 1.0602163076400757, 0.6160011291503906, 0.7067292928695679, 0.42737871408462524, 0.46474480628967285, 0.02384323440492153, 0.25379475951194763, 0.06420500576496124, 0.8780692219734192, 0.14688849449157715, 0.02009008266031742, 0.5108523964881897, 0.25525394082069397, 0.20739862322807312, -0.02769816853106022]], [[0.4250286817550659, 0.6180440187454224, 0.8433542847633362, 0.45525652170181274, 0.32870614528656006, 0.9083732962608337, 0.32390809059143066, 0.46684134006500244, 0.5042982697486877, 0.689548134803772, 0.5262326002120972, 0.5195846557617188, 0.36311787366867065, 0.5305338501930237, 0.46817249059677124, 1.1602716445922852, 0.9400697350502014, 0.8983522057533264, 0.5432806611061096, 0.6129607558250427, 0.3212454319000244, 0.6935980916023254, 0.34310483932495117, 0.3681906461715698, 0.08088785409927368, 0.1440022587776184, 0.2099897563457489, 0.2718353867530823, 0.14743533730506897, 0.38299626111984253, 0.14699742197990417, 0.2661532163619995], [0.05054706335067749, 1.0885999202728271, 0.7045921683311462, 0.8268428444862366, 1.2612268924713135, 1.5036344528198242, 0.9214820265769958, 1.060027837753296, 0.679284930229187, 1.493406057357788, 1.0632853507995605, 1.2634615898132324, 1.1896259784698486, 1.371802806854248, 1.0779049396514893, 1.2760519981384277, 1.0425024032592773, 0.9934690594673157, 1.091223955154419, 1.4763121604919434, 0.9914891123771667, 0.7666036486625671, 0.7042927145957947, 1.0201928615570068, 0.7695469260215759, 0.8273370862007141, 0.4664130210876465, 0.06076386570930481, 1.1123971939086914, 0.6822061538696289, 0.9598644375801086, -0.010453879833221436]], [[0.007113568484783173, 0.2664436101913452, 0.3955684304237366, 0.42638564109802246, -0.24473413825035095, 0.07611703872680664, 0.045192040503025055, 0.3277849555015564, -0.2747369706630707, -0.014536365866661072, 0.07572042942047119, 0.21392638981342316, 0.21327562630176544, 0.3084620237350464, 0.573537290096283, 0.06687429547309875, -0.16589432954788208, 0.1407603919506073, -0.013132542371749878, 0.30990809202194214, -0.032646019011735916, -0.14427977800369263, -0.13303354382514954, -0.07492131739854813, -0.5298619866371155, 0.08466742932796478, 0.44759953022003174, 0.36782771348953247, 0.05283982306718826, 0.023503929376602173, -0.029323305934667587, -0.049072347581386566], [-0.13385319709777832, 0.1758418083190918, 0.08219216763973236, 0.3115832209587097, 0.2608416676521301, 0.21861259639263153, -0.05475348234176636, -0.08377934247255325, -0.01861908659338951, 0.3000321388244629, 0.20536555349826813, 0.5781751275062561, 0.4418357014656067, -0.2310902327299118, 0.07969430088996887, 0.13939028978347778, -0.265927791595459, 0.010838553309440613, 0.05482584983110428, 0.5989016890525818, 0.028847023844718933, 0.7293232679367065, -0.31645458936691284, -0.5735530257225037, -0.5619909763336182, 0.7437016367912292, 0.2627391815185547, -0.1449783444404602, 0.4983402490615845, 0.08932118117809296, -0.1218893975019455, -0.1895884871482849]], [[-0.7329927086830139, -0.8918572664260864, -0.4051201343536377, -0.9065948724746704, -0.5097986459732056, -1.5737128257751465, -0.9115102291107178, -1.1601895093917847, -0.6984281539916992, -0.8019371628761292, -0.7388870120048523, -0.20650255680084229, -0.6111406683921814, -1.0260719060897827, -0.7820582389831543, -1.0753496885299683, -0.6592950820922852, -1.1026538610458374, -0.6270925402641296, -0.734441339969635, -0.5433571338653564, -0.279833048582077, -0.44155627489089966, -0.6922336220741272, -1.57210373878479, -1.1161977052688599, -0.5775724649429321, -0.43474990129470825, -0.6421960592269897, -0.8917562961578369, -0.5917595028877258, -0.9739048480987549], [-0.384000688791275, -0.6544356346130371, -0.41706323623657227, -0.47416406869888306, -0.3068709671497345, -0.17133954167366028, -0.7240805625915527, -0.08288148045539856, -0.3573203384876251, -0.4775143265724182, -0.6125526428222656, -0.30843910574913025, -0.577643871307373, -0.7064034938812256, -0.6050858497619629, -0.34802180528640747, -0.8462297320365906, -0.2592369616031647, -0.5706091523170471, -0.4043504595756531, -0.8401641249656677, -0.5369211435317993, -1.2359637022018433, -1.0976108312606812, -1.241166114807129, -0.054679036140441895, -0.21180930733680725, -0.3281710147857666, -0.10428401827812195, -0.1676473319530487, 0.4095141887664795, -0.28702136874198914]], [[0.21258772909641266, 0.04523899778723717, 0.5163393616676331, 0.7780881524085999, 0.4368838965892792, 1.3367023468017578, 0.7105011343955994, 0.763202428817749, 1.0547839403152466, 0.4036130905151367, 0.7132696509361267, 0.7759566307067871, 0.7408871054649353, 0.4356067180633545, 1.4386359453201294, 1.290776252746582, 0.9918298125267029, 0.6546266078948975, -0.024022048339247704, -0.39512917399406433, 0.07800213992595673, 0.7151817679405212, 1.2591052055358887, 1.9693974256515503, 1.763363242149353, 0.283383309841156, 0.1064501404762268, 0.897601306438446, 0.16913709044456482, 0.2511128783226013, 0.4581235945224762, 0.6377451419830322], [0.13997337222099304, 1.0609952211380005, 0.4813680052757263, 0.6511338949203491, 1.4586580991744995, 1.8494648933410645, 0.8671873807907104, 1.223360538482666, 0.4503243863582611, 1.9032131433486938, 1.21156644821167, 1.4230124950408936, 1.1752879619598389, 1.196751356124878, 1.181089997291565, 1.1576720476150513, 0.8147339820861816, 1.934249997138977, 0.913906991481781, 1.440712809562683, 1.1473759412765503, 1.8302990198135376, 1.3420089483261108, 0.5313681364059448, 0.29265692830085754, 1.2651276588439941, 0.4918782114982605, 0.1547023206949234, 0.7137326598167419, 0.5108017325401306, 0.7488733530044556, 0.1789100170135498]], [[0.14871837198734283, -0.46279385685920715, -0.09900416433811188, 0.047564636915922165, 0.028991345316171646, -0.14486150443553925, -0.1824074238538742, -0.22147046029567719, 0.035445742309093475, 0.046488139778375626, 0.0005065798759460449, -0.13181129097938538, -0.04751460626721382, 0.15610246360301971, -0.03772180899977684, -0.1682724803686142, 0.2956152558326721, -0.29188835620880127, 0.15532155334949493, -0.06886166334152222, 0.2587437927722931, 0.1049940213561058, 0.03797270357608795, 0.5981870293617249, -0.7154533267021179, -0.09628911316394806, -0.16536356508731842, 0.1316087394952774, 0.05357979238033295, -0.03684339299798012, -0.41560670733451843, 0.052903953939676285], [0.2396712750196457, 0.025975320488214493, 0.17024405300617218, 0.0015504546463489532, 0.16689078509807587, -0.03743131831288338, 0.26285114884376526, -0.4583868682384491, 0.03580937162041664, -0.07322509586811066, 0.27049997448921204, 0.008867032825946808, 0.4400178790092468, 0.5804798007011414, 0.2474915087223053, 0.0755007416009903, 0.6389216780662537, -0.7312180995941162, 0.3213215470314026, -0.016052421182394028, 0.8192442059516907, 0.7102341651916504, 0.37216728925704956, 0.45888200402259827, 0.2868794798851013, 0.11030272394418716, 0.26449260115623474, 0.23662517964839935, 0.1334255486726761, 0.06940910220146179, -0.6267836093902588, 0.19350069761276245]], [[-0.6862680912017822, -1.1618249416351318, -1.078597068786621, -0.8048766255378723, -0.4687614142894745, -1.2829525470733643, -0.12850336730480194, -0.6331493854522705, -0.4075533151626587, -0.6526912450790405, -0.4365813732147217, -1.122775673866272, -0.5255790948867798, -0.5001908540725708, 0.06564503908157349, -0.8777841925621033, -0.47967928647994995, -0.6877942085266113, -0.7830938100814819, -1.2662570476531982, -0.6084882020950317, -0.9857156872749329, -1.2933528423309326, -1.0356557369232178, -0.9885120987892151, -0.5299487709999084, -0.7321494221687317, -0.2048581838607788, -0.7629085183143616, -0.4751962423324585, -0.38582903146743774, -0.3193039894104004], [-0.08401905000209808, -0.9812346696853638, -0.8918437957763672, -0.6787742376327515, -0.42072632908821106, -0.8797709345817566, -0.6390789151191711, -0.5948597192764282, -0.8504587411880493, -0.805865466594696, -1.2753996849060059, -0.4048779010772705, -1.0096783638000488, -1.397122859954834, -0.7954270839691162, -0.5159345865249634, -1.4812393188476562, -0.8187490105628967, -1.4309839010238647, -0.7346978187561035, -1.1652313470840454, -0.6657265424728394, -1.6573164463043213, -1.4574743509292603, -0.990649938583374, -0.44967401027679443, -0.41764023900032043, -0.1071922779083252, -0.5121840238571167, -0.3735141158103943, -0.3060341477394104, -0.14584976434707642]], [[-0.10349522531032562, -1.1629796028137207, -0.9099252223968506, -0.26690566539764404, -0.4381476640701294, -0.6257174015045166, 0.0044692158699035645, -0.48001325130462646, -1.2781891822814941, -0.46459078788757324, -0.6858949661254883, -1.2333844900131226, -0.7460520267486572, -0.23370954394340515, 0.08687236905097961, -0.990058183670044, -0.5104755163192749, -0.40537869930267334, -0.5421679019927979, -0.8490695953369141, -0.7830920219421387, -0.9526976346969604, -1.0379607677459717, -1.6809594631195068, -2.750969886779785, -1.4058936834335327, -1.6921625137329102, -0.4622077941894531, -0.4788331091403961, -0.36222413182258606, -0.7827212810516357, -0.20998387038707733], [-0.05451812595129013, -0.8507188558578491, -0.4642132520675659, -0.5401983261108398, -1.2221367359161377, -1.5143170356750488, -0.5552583932876587, -1.5186927318572998, -0.1685720831155777, -1.6188013553619385, -0.8975136280059814, -1.4866456985473633, -1.2271047830581665, -0.8814034461975098, -0.8961471319198608, -0.6675816774368286, -0.5811811685562134, -1.1263865232467651, -1.1055128574371338, -1.0722688436508179, -0.9670517444610596, -0.9126238822937012, -0.7269961833953857, -0.6600228548049927, -0.6230937838554382, -1.874009609222412, -0.6846355199813843, 0.04720044136047363, -1.0755516290664673, -0.4813559353351593, -1.8086737394332886, 0.13661602139472961]], [[-0.0068931132555007935, 0.6473328471183777, 0.7617199420928955, -0.13672050833702087, -0.04602667689323425, 0.8308352828025818, 0.2933843433856964, -0.1116747111082077, 0.8252243399620056, 0.6359471082687378, 0.4037342667579651, 0.4738900065422058, 0.33930504322052, -0.21575506031513214, 0.6732037663459778, -0.10185886174440384, -0.044979408383369446, 0.2319701611995697, -0.06953149288892746, -0.30021917819976807, 0.0673384964466095, 0.8012844920158386, 0.9349353909492493, 0.6632508635520935, 0.03824348747730255, 0.06205403804779053, 0.17757755517959595, 0.39891374111175537, 0.06537406146526337, 0.20084255933761597, -0.32293808460235596, -0.22301951050758362], [0.49365538358688354, 0.670855700969696, 0.29611605405807495, 0.5417044758796692, 1.2522971630096436, 0.6952901482582092, 0.12820342183113098, 0.12019699811935425, 0.3986932635307312, 0.5847549438476562, 0.54653400182724, 0.7213794589042664, 0.6882601976394653, 0.6857691407203674, 0.5283054709434509, 0.23100459575653076, 0.0876377522945404, 0.4605138897895813, 0.6412806510925293, 0.724515974521637, 0.8753910660743713, 0.4191758632659912, 0.11406177282333374, -0.023078665137290955, -0.1500469446182251, 0.3924112915992737, 0.25032681226730347, 0.5042557716369629, 0.5281108617782593, 0.6858348846435547, 0.2904941141605377, 0.5012037754058838]], [[-0.0053538978099823, 0.2893049418926239, -0.341296911239624, 0.8582640886306763, 0.16780966520309448, 0.6754156351089478, 0.11774832010269165, 0.3608916401863098, 0.369787335395813, 0.2079271376132965, 0.10463869571685791, -0.20063525438308716, 0.22858384251594543, 0.5106662511825562, 0.3110462427139282, 1.236435890197754, 0.18000882863998413, 0.820395290851593, -0.2150748372077942, -0.7121701240539551, 0.09144952893257141, -0.12240713834762573, 0.4272831380367279, 0.7344345450401306, 0.8961129188537598, -0.21589088439941406, -0.3925052881240845, -0.12396901845932007, 0.23946817219257355, 0.0782603919506073, 0.3461306095123291, 0.6412468552589417], [-0.0694318413734436, 0.21636660397052765, 0.2583097815513611, 0.6115925312042236, 0.08643597364425659, 0.5063357949256897, 0.3357210159301758, 0.828121542930603, 0.4095781445503235, 0.350711464881897, 0.057984232902526855, 0.3470311760902405, 0.4461519122123718, 0.04239514470100403, 0.3731285333633423, 0.7130684852600098, 0.1083560585975647, 0.09690061211585999, 0.1689198911190033, 0.4071764647960663, 0.27756041288375854, 0.2265966683626175, 0.22743360698223114, -0.15945076942443848, -0.08597278594970703, 0.46951305866241455, 0.2572662830352783, -0.08740276098251343, 0.6885309219360352, 0.5191336870193481, 0.4379899203777313, -0.020053595304489136]], [[0.1621515452861786, -0.07211010903120041, 0.6219005584716797, 0.05733942240476608, 0.3662627935409546, 0.24531716108322144, 0.5205804705619812, -0.033244483172893524, 1.190887451171875, 0.1677131950855255, 0.19595219194889069, 0.17281776666641235, -0.06662293523550034, 0.1522332727909088, 0.8120399117469788, 0.8453188538551331, 0.4983486235141754, -0.24869635701179504, 0.13646472990512848, -0.1929488480091095, 0.16311433911323547, 0.6472959518432617, 1.7491918802261353, 1.2511141300201416, 0.3810800015926361, -0.3978757858276367, -0.30808955430984497, -0.29183429479599, -0.06705110520124435, 0.19281455874443054, 0.03440983593463898, -0.004813306033611298], [-0.014892049133777618, 0.20599240064620972, 0.17514455318450928, -0.10034867376089096, 0.3278783857822418, 0.2564946711063385, 0.2911195158958435, 0.29892978072166443, 0.2552696466445923, 0.21667474508285522, 0.24799767136573792, 0.01945532113313675, 0.31634148955345154, 1.2185249328613281, 0.22271621227264404, -0.2900097370147705, 0.6696602702140808, -0.84076327085495, 0.3556779623031616, -0.3621395230293274, 0.03207731992006302, 0.02670607715845108, 1.3306353092193604, 1.2570641040802002, 1.161224126815796, -0.7013880014419556, 0.004123955965042114, -0.06290093809366226, -0.26112547516822815, -0.2231045663356781, -0.16215568780899048, 0.031089402735233307]], [[-0.6539092063903809, -0.6384857892990112, -0.7451335191726685, -0.8449558019638062, -0.6534626483917236, -0.62876296043396, -0.8333834409713745, -0.5897644758224487, -0.6011438369750977, -0.7210617065429688, -0.5476462841033936, -0.7511861324310303, -0.9816992282867432, -0.7731946706771851, -1.0522363185882568, -0.7369612455368042, -0.6773353815078735, -0.5094720721244812, -0.9354028701782227, -1.339984655380249, -0.7061945199966431, -0.51652592420578, -0.7624459266662598, -0.2008887529373169, -0.8574177026748657, -0.6808791160583496, -0.9500719308853149, -0.8614732027053833, -1.0160210132598877, -0.7309610843658447, -0.8765240907669067, -0.8678615093231201], [-0.052149176597595215, -0.5745621919631958, -0.41332513093948364, -0.42752212285995483, -0.5227136611938477, -0.5807666778564453, -0.39269161224365234, -0.4496126174926758, -0.31425559520721436, -0.31316274404525757, -0.5195884704589844, -0.7326303720474243, -0.6102434396743774, -0.6542555093765259, -0.4486303925514221, -0.41011887788772583, -0.8818204402923584, -0.6826725006103516, -0.9598120450973511, -0.8569118976593018, -0.6057431101799011, -0.3115881085395813, -1.1891977787017822, -1.2627484798431396, -0.8386696577072144, -1.2214243412017822, -0.6580740213394165, -0.11468419432640076, -0.8229943513870239, -0.23149192333221436, -0.484798789024353, -0.1290377378463745]], [[-0.8991713523864746, -0.8448870778083801, -0.8827230334281921, -1.045587420463562, -0.6810214519500732, -1.497771143913269, -1.0761913061141968, -1.1090587377548218, -0.5034117102622986, -1.1547918319702148, -1.0709820985794067, -1.4852849245071411, -0.7704012393951416, -0.7396057844161987, -1.022074818611145, -0.9310113787651062, -1.02763032913208, -1.0727269649505615, -0.5526818633079529, -0.9679504632949829, -0.35243844985961914, -0.9114501476287842, -1.1630035638809204, -1.2983397245407104, -1.5173894166946411, -1.1116141080856323, -0.9309439063072205, -1.0365731716156006, -0.6690332293510437, -0.7651463150978088, -0.9578443765640259, -1.0253785848617554], [-0.1414124071598053, -1.0871764421463013, -0.8749377131462097, -0.8806257247924805, -0.43095648288726807, -0.9704117774963379, -0.5890282392501831, -1.1975572109222412, -0.6164923310279846, -1.0977568626403809, -0.9101889133453369, -0.7651123404502869, -0.851107120513916, -1.137757658958435, -0.8581557869911194, -0.7275950312614441, -0.9530667066574097, -1.08206045627594, -0.7915617823600769, -0.45642536878585815, -1.0830540657043457, -0.8271206617355347, -0.8022071719169617, -0.8962512016296387, -1.1118383407592773, -0.708117663860321, -0.30791231989860535, -0.16403859853744507, -1.0091232061386108, -0.7525050640106201, -0.9001203775405884, -0.1968463957309723]], [[0.4031064212322235, -0.27258598804473877, -0.20055708289146423, -0.32455718517303467, -0.26094919443130493, 0.3814769685268402, -0.3149631917476654, -0.2769336700439453, 0.7274065017700195, 0.22555533051490784, -0.6115530133247375, -0.19615262746810913, 0.009885456413030624, -0.2933419346809387, -0.740544319152832, -0.5122606158256531, 0.42962196469306946, -0.511789083480835, -0.03141950070858002, -0.5897738933563232, -0.08441440016031265, -0.08414582163095474, 0.28023532032966614, 0.17496821284294128, 1.0543460845947266, -0.27854159474372864, -0.16439801454544067, -0.4396653473377228, 0.15769287943840027, -0.04018707573413849, 0.09130176901817322, 0.17292657494544983], [0.21548309922218323, -0.24677133560180664, 0.22541958093643188, 0.049314238131046295, -0.45733198523521423, -0.47099193930625916, -0.16137441992759705, -0.4282180666923523, 0.41388049721717834, -0.23124682903289795, -0.05795058608055115, -0.11305282264947891, -0.02019844949245453, -0.19385108351707458, -0.0020501911640167236, 0.1059994176030159, 0.036016665399074554, -0.7395493388175964, -0.17240452766418457, -0.21133580803871155, 0.16629230976104736, -0.0035548806190490723, 0.3867243230342865, 0.42081281542778015, 0.5882247090339661, -0.2297808825969696, 0.2429506778717041, 0.12316802889108658, 0.10018804669380188, 0.03031345084309578, -0.12980031967163086, 0.039354108273983]], [[-0.20082001388072968, -0.19157244265079498, -0.6660695672035217, -0.07459940016269684, -0.48094648122787476, 0.32462644577026367, 0.13024744391441345, -0.20665661990642548, -0.7240727543830872, -0.1884748786687851, -0.06649112701416016, -0.21318717300891876, -0.6298944354057312, -0.05316416919231415, -0.3703266382217407, -0.23582802712917328, -0.7293828725814819, -0.020009733736515045, -0.09322144091129303, -0.053930848836898804, -0.41504865884780884, -0.38196617364883423, -0.5710588097572327, -0.22793520987033844, -0.18964846432209015, 0.10682950168848038, 0.2470787763595581, 0.27734994888305664, -0.3446817398071289, -0.1762937754392624, -0.5253043174743652, -0.12045738101005554], [-0.04649704694747925, -0.21467225253582, -0.09355504810810089, 0.12728536128997803, -0.7693876028060913, -0.01606137305498123, -0.23159272968769073, -0.28335070610046387, -0.24729956686496735, -0.5214901566505432, -0.3052874803543091, -0.30618709325790405, -0.4290751814842224, -0.3710203170776367, -0.05756407976150513, 0.17452391982078552, -0.12272155284881592, -0.4801613688468933, -0.19025765359401703, -0.19365979731082916, -0.49575966596603394, -1.0798290967941284, -0.2534927725791931, 0.46272337436676025, 0.4971161484718323, -0.9592431783676147, 0.2983279824256897, -0.002189628779888153, -0.4393167495727539, -0.16843672096729279, -0.5382469296455383, -0.019167639315128326]], [[-0.19608676433563232, 0.2302212119102478, 0.6867091655731201, -0.18974128365516663, 0.3401849865913391, -0.04630342870950699, 0.7094923853874207, 0.30460092425346375, 0.8106862902641296, 0.34014007449150085, 1.0414800643920898, 0.07842980325222015, 0.6751824617385864, 0.33286210894584656, 0.5457246899604797, 0.8418115377426147, 0.41308990120887756, 0.8147346377372742, 0.9341402649879456, 1.321683645248413, 0.9777212738990784, 1.4074938297271729, 2.087162971496582, 2.351842164993286, 1.3658111095428467, 1.4704272747039795, 0.4125595986843109, 0.8175529837608337, 0.3394424319267273, 0.8310825228691101, 0.2591213583946228, 0.5318294763565063], [0.7246315479278564, 0.5232293009757996, 0.43271785974502563, 0.3708014190196991, 0.5086618661880493, 0.22108851373195648, 0.37195050716400146, 0.41747406125068665, 0.5662070512771606, 0.3148547410964966, 0.31763726472854614, -0.01196906715631485, 0.2514762282371521, 0.758543074131012, 0.5827664732933044, 0.274524450302124, 0.4044390022754669, 0.3819059431552887, 0.3777824342250824, 0.3028848171234131, 0.7100188732147217, 1.5273027420043945, 2.0309860706329346, 1.5233981609344482, 0.4070238173007965, 1.0024850368499756, 0.4244340658187866, 0.7777257561683655, 0.33056092262268066, 0.418617308139801, 0.013309657573699951, 0.7594107985496521]], [[-0.1165943518280983, -0.2868026793003082, 0.3197261393070221, -0.09548282623291016, 0.025064896792173386, 0.09032408893108368, 0.38096097111701965, 0.09145539253950119, 0.2214990258216858, 0.2625933587551117, 0.6680698990821838, 0.2910040020942688, 0.5128277540206909, 0.029498465359210968, 1.1878122091293335, 0.3123839497566223, -0.22626763582229614, 0.013721104711294174, 0.03232484310865402, 0.45039644837379456, -0.04105544462800026, -0.15575018525123596, 0.3015029728412628, 0.06492551416158676, -1.2675048112869263, 0.32634350657463074, -1.0619760751724243, 0.008226979523897171, -0.45111605525016785, -0.09311497956514359, -0.5586802363395691, 0.07093851268291473], [-0.2450035810470581, -0.015941014513373375, -0.06413485109806061, -0.23709717392921448, -0.06045965477824211, -0.2514578700065613, -0.09346026182174683, -0.5191866159439087, -0.2646960914134979, 0.026824139058589935, 0.14737606048583984, -0.16867858171463013, 0.19833984971046448, 0.09318896383047104, 0.2359563410282135, -0.1587115228176117, 0.04437832534313202, -0.656226396560669, 0.07525549083948135, -0.054964207112789154, 0.003198757767677307, 0.3135916292667389, 0.9894327521324158, 0.5968048572540283, 0.2937968075275421, -0.845005452632904, -0.3458672761917114, -0.3153325319290161, -1.1562918424606323, -0.4347992539405823, -1.06319260597229, -0.2567736804485321]], [[-0.4301053285598755, -0.07620246708393097, -0.056778110563755035, -0.38929688930511475, 0.3611834645271301, -0.676081120967865, 0.04340924322605133, 0.27755260467529297, -0.7020394206047058, -0.26495373249053955, 0.0017101019620895386, 0.15967658162117004, 0.11959391832351685, -0.42561087012290955, -0.7102474570274353, -0.7493224143981934, -0.9684957265853882, -1.0263206958770752, 0.11571350693702698, -0.3572082221508026, 0.22717204689979553, 0.2892839014530182, 0.5739287734031677, 0.3573659658432007, -0.9719130992889404, -0.06425263732671738, 1.572157621383667, -0.40005409717559814, 0.3626275658607483, -0.22033658623695374, 0.5969659090042114, -0.2738710641860962], [0.05959789454936981, -0.15249603986740112, -0.34233754873275757, -0.6090234518051147, -0.3471282124519348, -0.36492082476615906, -0.5175315141677856, 0.14473018050193787, -0.43904581665992737, -0.4866235852241516, -0.06986775249242783, -0.17855554819107056, -0.6248576641082764, -0.3997054398059845, -0.7202302813529968, -0.8261156678199768, -0.17489466071128845, -1.2271041870117188, -0.47606202960014343, -0.9986814260482788, -0.3126598000526428, -0.41689756512641907, -0.041336581110954285, -0.087882861495018, -0.1546851545572281, -0.59025639295578, -0.2334570437669754, 0.1286773681640625, 0.5256213545799255, -0.36270779371261597, 0.999315619468689, 0.09728701412677765]], [[0.10546129941940308, -1.0167913436889648, -0.0049713850021362305, -0.3761301636695862, 0.17519643902778625, -0.49818772077560425, -0.020035624504089355, -0.42446011304855347, -0.4452593922615051, -0.39511311054229736, -0.17909057438373566, -0.5274521112442017, -0.04545596241950989, -0.11663194000720978, -0.2514333724975586, 0.1336289346218109, 0.01615951955318451, -0.13168537616729736, 0.26595351099967957, -0.15067772567272186, 0.22667616605758667, -0.03764623403549194, -0.6446837782859802, -0.40644168853759766, -0.8534859418869019, 0.005488090217113495, 0.19985821843147278, -0.16715030372142792, 0.012996956706047058, -0.1507515162229538, -0.07221220433712006, 0.0388253778219223], [0.09919323027133942, 0.23648357391357422, 0.46976691484451294, 0.3995145559310913, 0.2649340033531189, 0.17073488235473633, 0.5386933088302612, 0.1697668731212616, 0.29743626713752747, -0.04294763505458832, 0.49843335151672363, 0.48986631631851196, 0.6155808568000793, 0.4881494641304016, 0.5385370850563049, 0.40964776277542114, 0.4427053928375244, 0.39756911993026733, 0.7075772285461426, 0.5853997468948364, 0.44326722621917725, -0.14315037429332733, 0.06168285757303238, 0.37413859367370605, 0.7871314287185669, 0.1523868441581726, 0.3201698064804077, 0.0028334930539131165, -0.019304797053337097, 0.13548585772514343, 0.04879608005285263, 0.007274717092514038]], [[-0.38021522760391235, 0.43264561891555786, 0.21890734136104584, 0.6233112812042236, 0.1455717831850052, 0.828586757183075, -0.4932023286819458, 0.1369391679763794, 0.23499232530593872, 0.04680154472589493, 0.0483228974044323, 0.6307425498962402, 0.11545394361019135, 0.3062702417373657, 0.4149351716041565, 0.5081034302711487, -0.07655489444732666, 0.48049795627593994, -0.3389250636100769, 0.035786986351013184, -0.07922551035881042, -0.03202356398105621, 0.3028324246406555, 0.38662904500961304, 0.447513222694397, -0.5752232074737549, -0.043468303978443146, -0.29690295457839966, -0.32194554805755615, -0.2789357304573059, -0.19260136783123016, -0.34767866134643555], [-0.41367971897125244, 0.6209530234336853, 0.6264901161193848, 0.7075229287147522, 0.8674283027648926, 1.062639594078064, 0.34532231092453003, 0.7298380732536316, 0.3815304636955261, 1.3064849376678467, 0.8365340828895569, 1.1675180196762085, 0.9641726016998291, 0.6078720092773438, 0.37783849239349365, 0.7686316967010498, 0.5347903370857239, 1.609804630279541, 0.7280898690223694, 1.0310393571853638, 0.973353385925293, 1.0864152908325195, 0.6809986233711243, 0.8408312797546387, 0.4295427203178406, 1.5414024591445923, 0.3679066300392151, -0.30279117822647095, 0.6036169528961182, 0.5779702663421631, 0.5768569111824036, -0.26435279846191406]], [[0.1417437046766281, 0.02775333821773529, -0.03535543382167816, -0.17921040952205658, 0.1558353453874588, -0.17916366457939148, 0.3321157693862915, 0.01637040078639984, 0.11258967220783234, -0.06822352111339569, 0.6701061725616455, 0.43596869707107544, 0.19333235919475555, -0.06667312979698181, 0.015248194336891174, -0.19573940336704254, 0.03547234833240509, -0.3747811019420624, -0.12316529452800751, -0.5271863341331482, -0.026678934693336487, -0.08288706839084625, -0.4543936848640442, -0.17210334539413452, -1.2177389860153198, 0.39523845911026, 0.639864981174469, 0.5156276226043701, -0.03816051781177521, 0.1972033828496933, 0.1086825579404831, 0.04337690770626068], [0.032752737402915955, 0.17907924950122833, 0.015496477484703064, -0.12253309041261673, -0.15706516802310944, -0.21794341504573822, -0.076411172747612, -0.5952892899513245, -0.1659923493862152, -0.060059934854507446, -0.04601040482521057, -0.31080663204193115, -0.2379801720380783, 0.15137352049350739, -0.4763398766517639, -0.7208406329154968, -0.37817108631134033, -0.5318543314933777, -0.4358986020088196, -0.8560047149658203, -0.5309824347496033, -0.773306131362915, -0.5137185454368591, -0.5845330953598022, -0.4799543023109436, -0.568656861782074, 0.20171786844730377, 0.13761432468891144, -0.26107659935951233, -0.08892889320850372, -0.08723939955234528, 0.09539274871349335]], [[0.05293289199471474, 0.05208172649145126, 0.13994887471199036, 0.6257414221763611, 0.34981900453567505, 0.31677186489105225, 0.609117865562439, 0.7300936579704285, 0.09087058156728745, 0.1490136682987213, -0.015799976885318756, -0.15116408467292786, 0.5008549690246582, 0.6295375823974609, 0.836171567440033, 1.2540652751922607, 0.05607391521334648, 0.5021146535873413, 0.09782039374113083, 0.4686514139175415, 0.2972196936607361, -0.26173269748687744, 0.035650625824928284, 0.5164093375205994, -0.4677850008010864, 0.8681759834289551, 0.6338058710098267, 0.5744715929031372, 0.5147216320037842, 0.41373682022094727, 0.9610617756843567, 0.6555805802345276], [-0.21055029332637787, -0.3152974247932434, -0.13092853128910065, 0.11601080000400543, 0.06238779425621033, -0.17771852016448975, 0.02406221255660057, -0.2818269729614258, -0.016231514513492584, -0.22796253859996796, -0.155782088637352, -0.19570042192935944, 0.18594525754451752, -0.3113054037094116, 0.04492825269699097, 0.01883837580680847, 0.21464934945106506, -0.7661490440368652, 0.0775553360581398, 0.32278329133987427, -0.1331707388162613, 0.044766299426555634, -0.26823246479034424, -0.01862921565771103, -0.21269167959690094, -0.43750298023223877, 0.1572052240371704, -0.27699077129364014, -0.042988330125808716, -0.022039078176021576, -0.38306260108947754, -0.4161474108695984]], [[0.293321430683136, -1.1762760877609253, -0.06584937125444412, -0.5355031490325928, -0.5750740766525269, -0.9167618155479431, -0.9909351468086243, -0.6652214527130127, -0.8249712586402893, -0.568236231803894, -0.5435581207275391, -0.7754659056663513, -0.4600931406021118, -0.15146374702453613, -1.136470913887024, -0.7905163168907166, -0.18822211027145386, -0.6823570728302002, -0.15441322326660156, -0.5657018423080444, -0.3362693190574646, -0.518532395362854, -1.683983564376831, -1.4061903953552246, -0.9728261828422546, -1.3868457078933716, -1.1275298595428467, -0.2126825749874115, -0.11497329920530319, -0.20570936799049377, -1.0963362455368042, -0.1772221028804779], [-0.026560313999652863, 0.7500883340835571, 0.8249931335449219, 0.47987067699432373, 0.9497330188751221, 0.710236132144928, 0.6210440397262573, 0.3067106008529663, 0.4974801540374756, 1.023417353630066, 1.1103206872940063, 0.5926692485809326, 0.8564900159835815, 0.8731354475021362, 0.5128567218780518, 0.13649174571037292, 0.7456721663475037, -0.1958920955657959, 0.6618772149085999, 0.5767457485198975, 0.7793715596199036, 0.43079400062561035, 0.26709800958633423, 0.6748337745666504, 0.9999607801437378, 0.27305933833122253, 0.37317973375320435, -0.1019236221909523, 0.6821854710578918, 0.14683975279331207, 0.191868856549263, -0.03248690068721771]], [[-0.5576856732368469, -1.01499342918396, -1.155645728111267, -0.6768182516098022, -1.0665444135665894, -1.1682993173599243, -0.9192437529563904, -1.0933396816253662, -1.0998854637145996, -0.7397147417068481, -1.1439303159713745, -0.9999369978904724, -1.0781303644180298, -0.8192881941795349, -1.0248386859893799, -0.9067478179931641, -0.662142276763916, -0.9062283635139465, -0.9609711766242981, -1.7326295375823975, -0.9446192979812622, -0.7624644041061401, -1.1369739770889282, -1.1287974119186401, -2.2794716358184814, -1.3684245347976685, -1.9336271286010742, -1.0630072355270386, -0.8126459121704102, -0.7371049523353577, -1.208614468574524, -0.8390585780143738], [0.17805279791355133, 0.12780125439167023, 0.15644626319408417, -0.4426530599594116, 0.12940339744091034, -0.02344287931919098, 0.015845097601413727, -0.5751467943191528, -0.23284569382667542, -0.00031106919050216675, -0.05656982585787773, -0.3152683675289154, 0.13236179947853088, 0.9959685802459717, 0.2275208979845047, -0.3010014295578003, 0.3894640803337097, -0.16197708249092102, 0.18343420326709747, -0.17291399836540222, 0.26193767786026, 0.3457726240158081, 0.2311546355485916, 0.36042189598083496, 0.5640953183174133, -1.1463673114776611, -0.471155047416687, 0.13934622704982758, -0.3543417453765869, -0.28108882904052734, -0.5557206273078918, 0.1921633929014206]], [[0.810136616230011, 1.8145866394042969, 1.0892338752746582, 1.4333504438400269, 0.588537335395813, 1.3502061367034912, 0.614673912525177, 0.9029390811920166, 0.8667756915092468, 1.0098599195480347, 0.8543108105659485, 2.121337413787842, 0.8148006796836853, 0.8885990977287292, 0.4931851625442505, 1.4124820232391357, 0.8609018325805664, 0.8983500003814697, 0.6956238746643066, 1.0236432552337646, 0.4593297839164734, 0.9782358407974243, -0.04685229808092117, 0.7398881912231445, 0.8077585697174072, 0.6150127649307251, 1.8945621252059937, 0.825463593006134, 1.1329706907272339, 1.0777363777160645, 1.4470140933990479, 0.9478402137756348], [0.5674536824226379, 1.691568374633789, 0.88441401720047, 1.3510555028915405, 1.9887735843658447, 2.2832772731781006, 1.058227777481079, 2.418729543685913, 0.9922422170639038, 2.5444881916046143, 1.5359605550765991, 2.1446127891540527, 1.62063729763031, 1.1757409572601318, 1.610875129699707, 2.4263577461242676, 0.9573028087615967, 3.161472797393799, 1.2836776971817017, 2.131755828857422, 1.5669726133346558, 1.706730604171753, 1.0832438468933105, 1.2174530029296875, 0.7170747518539429, 3.213709592819214, 1.220482587814331, 0.5926907062530518, 2.7972774505615234, 2.0065150260925293, 3.2844133377075195, 0.4998093247413635]], [[-0.3858067989349365, -1.2576627731323242, -0.06359556317329407, -1.1313714981079102, -0.12384223937988281, -1.1383012533187866, 0.003964096307754517, -0.401786744594574, -0.1703244298696518, -0.26293694972991943, -0.20137543976306915, -0.8238292336463928, -0.19351299107074738, -0.7834053039550781, -0.2507638931274414, -0.6625238060951233, -0.27531492710113525, -0.7918729782104492, -0.4246334135532379, -0.8493860960006714, -0.3094828128814697, 0.04467928409576416, 0.3537772595882416, -0.09016841650009155, -0.0398048460483551, -0.3252125680446625, -1.3925330638885498, -0.5965742468833923, -0.9836910963058472, -0.6680259108543396, -1.202254295349121, -0.6326608657836914], [0.1986905038356781, -0.38741859793663025, -0.1936829388141632, -0.2897891104221344, 0.27127596735954285, -0.24946507811546326, -0.08614489436149597, -0.6326233148574829, -0.19211086630821228, -0.5949122905731201, -0.2490932047367096, -0.41782137751579285, -0.2371646761894226, -0.0338725745677948, -0.11791238188743591, -0.4150981307029724, -0.18687449395656586, -0.25572556257247925, -0.22356347739696503, -0.3523128926753998, -0.45487481355667114, -0.14940935373306274, -0.16408419609069824, -0.5594581961631775, -0.36407262086868286, -0.28575700521469116, -0.34272557497024536, 0.15416386723518372, -0.7694218754768372, -0.3926144540309906, -0.9907212257385254, 0.1639435589313507]], [[0.5681890249252319, 1.076214075088501, 1.3835011720657349, 0.7808515429496765, 0.8684446215629578, 0.47069430351257324, 0.9432157874107361, 0.8125670552253723, 1.5609192848205566, 1.0772109031677246, 1.0609241724014282, 1.4848873615264893, 1.1189082860946655, 0.4966672658920288, 1.1298513412475586, 1.841912031173706, 0.4603882431983948, 0.997431218624115, 0.9983144402503967, 0.6713244915008545, 1.1805386543273926, 1.4493614435195923, 1.9506385326385498, 1.5025733709335327, 0.918475329875946, 0.9999231696128845, 2.1294727325439453, 0.7391954660415649, 1.3436000347137451, 1.184566855430603, 1.8731545209884644, 1.160894513130188], [0.25021079182624817, 0.520113468170166, 0.2672794759273529, 0.5835776925086975, -0.0340435728430748, 0.5497369170188904, 0.3848048448562622, 1.3963567018508911, 0.5272319912910461, 1.0180734395980835, 0.3996693789958954, 0.9723930954933167, 0.38294050097465515, 0.09282731264829636, 0.6349996328353882, 0.8843228816986084, 0.3233775794506073, 1.285321831703186, 0.26877862215042114, 0.4628995656967163, 0.3017268180847168, 0.8364946246147156, 0.33394160866737366, 0.2956525683403015, 0.956972062587738, 1.8026200532913208, 0.5382026433944702, 0.2699946165084839, 1.2330164909362793, 0.9024134278297424, 1.6897671222686768, 0.22173741459846497]], [[-0.31721556186676025, -1.5545610189437866, -0.21379347145557404, -0.8192265033721924, -0.28052014112472534, -1.7813992500305176, -0.44439131021499634, -0.7876994609832764, -0.14683905243873596, -0.2390199452638626, -0.7281309366226196, -1.399724006652832, -0.4497695565223694, -0.6310228109359741, -0.2624543607234955, -1.0359781980514526, 0.024033792316913605, -0.5942928791046143, -0.24500715732574463, -0.37243834137916565, -0.49796372652053833, -0.5280959010124207, -0.5974018573760986, -1.0731356143951416, -0.8167452812194824, -0.7164125442504883, -1.3821393251419067, -0.09697144478559494, -0.7185466289520264, -0.37171635031700134, -1.056265115737915, -0.4494490325450897], [0.006885752081871033, -0.13724131882190704, 0.055671192705631256, 0.02904045581817627, -0.3926503360271454, -0.35833612084388733, -0.17874068021774292, -0.3143236041069031, 0.04310125112533569, -0.32086533308029175, -0.040987588465213776, -0.2406185120344162, 0.13312485814094543, 0.0358324870467186, 0.05128749459981918, -0.1653534471988678, 0.37996906042099, 0.2920493185520172, 0.24051854014396667, 0.2338826060295105, 0.14724309742450714, 0.7263686656951904, 0.2821531593799591, 1.042644739151001, 0.7066757678985596, 0.31521058082580566, -0.06099005043506622, 0.006855718791484833, -0.6445448398590088, -0.10579056292772293, -0.8308709859848022, 0.0037197209894657135]], [[0.4164896011352539, 0.6788173913955688, -0.18463841080665588, 0.843872606754303, 0.46410173177719116, 0.849642813205719, 0.9450870156288147, 0.7332816123962402, 0.3786509037017822, 0.3392675518989563, 0.15262152254581451, 0.5424278974533081, 0.7106456756591797, 0.800319254398346, 0.6911158561706543, 0.6697556972503662, 0.12172059714794159, 0.27695387601852417, -0.07609875500202179, 0.38357752561569214, 0.13632164895534515, 0.47849851846694946, 1.1857856512069702, 1.3345664739608765, 0.5640959143638611, 0.43973255157470703, 0.05819512903690338, 0.15806452929973602, 0.17264388501644135, 0.25606322288513184, -0.09824617207050323, 0.34463655948638916], [-0.03959058225154877, 0.135210320353508, 0.07303102314472198, 0.162601038813591, -0.011243939399719238, 0.18646441400051117, 0.11468230187892914, 0.03751273453235626, -0.043031781911849976, 0.15066887438297272, -0.03125888109207153, -0.011774629354476929, -0.06352238357067108, 0.421252965927124, 0.12223123013973236, -0.18628424406051636, -0.11204877495765686, 0.1508236974477768, -0.32914701104164124, 0.03440459072589874, -0.15932892262935638, 0.21335990726947784, 0.29598796367645264, -0.1759704053401947, 0.02712954580783844, -0.49323248863220215, 0.042191281914711, 0.04446776211261749, -0.32708650827407837, -0.12659573554992676, -0.42813998460769653, 0.05346934497356415]], [[-1.2362346649169922, -1.2417559623718262, -1.068174958229065, -0.8752847909927368, -0.5739701986312866, -0.8294097781181335, -0.2216913104057312, -0.849473237991333, -1.4521465301513672, -1.4852924346923828, -0.6108479499816895, -1.8157285451889038, -0.9616878628730774, -1.0501881837844849, -0.8825700879096985, -1.7509441375732422, -0.6642400026321411, -0.9473055601119995, -1.1249052286148071, -1.269726037979126, -0.7387303113937378, -0.9543943405151367, -0.8036291003227234, -0.7489155530929565, -1.1783242225646973, -1.225263237953186, -1.8873294591903687, -0.9534197449684143, -0.8222730159759521, -0.7202118635177612, -1.4263312816619873, -0.9917047023773193], [-0.27678272128105164, -1.8332884311676025, -1.4973639249801636, -1.6266758441925049, -1.6849414110183716, -1.5977660417556763, -1.6285557746887207, -2.079998254776001, -1.574212908744812, -1.9083445072174072, -2.0637564659118652, -1.7606450319290161, -1.9973673820495605, -2.155045509338379, -1.946187973022461, -1.7992815971374512, -1.8553423881530762, -1.7592856884002686, -1.8699499368667603, -1.8076000213623047, -1.7311230897903442, -1.9205535650253296, -1.663179636001587, -2.0180561542510986, -2.3285677433013916, -3.1099822521209717, -1.5822844505310059, -0.21931348741054535, -1.8595860004425049, -1.5314804315567017, -2.247819423675537, -0.15670926868915558]], [[-0.03987009823322296, 0.2687603533267975, -0.20016136765480042, 0.4391408860683441, 0.04687051102519035, 0.26220080256462097, 0.19129756093025208, -0.21276545524597168, 0.10395757853984833, 0.05089079216122627, -0.43817928433418274, 0.20466348528862, 0.17297932505607605, 0.32234063744544983, 0.39170029759407043, 0.4309392273426056, 0.08323141932487488, 0.020569942891597748, -0.10889668017625809, -0.38170966506004333, -0.5539091229438782, -0.3415086269378662, -0.35238978266716003, -0.7445389628410339, -0.14625200629234314, -0.7599794268608093, -0.7078755497932434, -0.17414841055870056, -0.2245866358280182, -0.23027053475379944, -0.20486509799957275, 0.2826724946498871], [-0.23064082860946655, 0.17610090970993042, 0.051350340247154236, 0.1519574522972107, 0.5474041104316711, 0.41077718138694763, 0.24865511059761047, 0.30990055203437805, -0.0037401989102363586, 0.41215839982032776, 0.1275680959224701, 0.5259161591529846, 0.6328156590461731, 0.456524133682251, 0.6069878935813904, 0.5281349420547485, 0.18698650598526, 0.6146697402000427, 0.5901628136634827, 0.36646729707717896, 0.5283991694450378, 0.4006290137767792, 0.40655389428138733, 0.4885926842689514, 0.529765784740448, 1.3344802856445312, 0.25645333528518677, -0.2644110918045044, 0.10078567266464233, 0.18289797008037567, 0.29921048879623413, -0.2671447992324829]], [[0.33617761731147766, 0.5192227959632874, 0.3411426842212677, 0.3833621144294739, 0.27468055486679077, 0.21154507994651794, 0.39115360379219055, 0.020168587565422058, -0.32445594668388367, 0.3789155185222626, 0.025110453367233276, 0.2984726130962372, -0.004545830190181732, 0.17886990308761597, 0.22310054302215576, 0.6094233989715576, 0.41870996356010437, 0.5466946363449097, 0.2059629261493683, 0.7083268165588379, -0.0015846937894821167, 0.22594454884529114, 0.2765842378139496, 0.011174589395523071, -0.49037083983421326, 0.03153524547815323, 0.21473875641822815, 0.3131583631038666, 0.15918496251106262, 0.11906280368566513, 0.16970160603523254, 0.11425142735242844], [0.2528511881828308, 0.08065598458051682, 0.07181213051080704, 0.028919734060764313, -0.1663685142993927, -0.23120546340942383, 0.0022741779685020447, 0.4428204894065857, 0.17857840657234192, 0.31639227271080017, -0.1562514454126358, 0.2176174819469452, -0.17385023832321167, -0.5361724495887756, -0.013752195984125137, 0.19916358590126038, -0.004335947334766388, 0.9785000681877136, 0.060442082583904266, 0.16837221384048462, 0.03284074366092682, 0.13311892747879028, -0.7768555879592896, -0.6954894065856934, 0.015307590365409851, 1.187361478805542, 0.11900109797716141, 0.24266740679740906, 0.8879004716873169, 0.5494289398193359, 0.3815459609031677, 0.2441275417804718]], [[0.735065758228302, 0.9771583676338196, 0.6587027907371521, 1.1275111436843872, 0.5773650407791138, 1.2448097467422485, 0.1651328206062317, 0.798115611076355, 0.9602236151695251, 0.8696308135986328, 0.44904953241348267, 0.7536991834640503, 0.3506442904472351, 0.8660296201705933, 0.17584297060966492, 0.9511691927909851, 0.9852343201637268, 1.0118582248687744, 0.6748824715614319, 1.402402639389038, 0.746600329875946, 0.9511373043060303, 0.21483507752418518, 0.36626726388931274, 2.373745918273926, 0.8828273415565491, 1.7251996994018555, 0.7269558906555176, 0.807278573513031, 0.6384997367858887, 1.073462724685669, 0.6799557209014893], [0.027157410979270935, 0.12114306539297104, 0.26464295387268066, 0.19415052235126495, 0.3641904592514038, 0.3090498745441437, 0.5065192580223083, 0.5698315501213074, 0.09678295254707336, 0.3961418867111206, 0.4144529104232788, 0.31039154529571533, 0.48677927255630493, 0.6949868202209473, 0.294666051864624, 0.39950031042099, 0.6904755234718323, 0.7344788312911987, 0.35503828525543213, 0.39461541175842285, 0.6055436134338379, 0.32600584626197815, 0.4255511164665222, 0.4432162642478943, 0.4437083601951599, 0.7287068367004395, 0.31443342566490173, 0.08034117519855499, 0.8822439908981323, 0.32571572065353394, 0.9382310509681702, 0.02522040158510208]], [[0.34398552775382996, 0.7386391162872314, -0.13502053916454315, 0.16943129897117615, 0.36647048592567444, 0.3698118031024933, 0.6978175640106201, 0.6253836154937744, 1.152845859527588, 0.5490214824676514, 0.7164795398712158, -0.1025829166173935, 0.9203478097915649, 0.7336727380752563, 0.9876530170440674, 1.122193694114685, 0.25804269313812256, 0.7219494581222534, -0.13463573157787323, 0.37599268555641174, -0.14802581071853638, 0.13199415802955627, 0.7621992826461792, 0.8528968095779419, 1.418139100074768, 0.6937696933746338, 0.3445777893066406, 0.4465307295322418, -0.030502721667289734, 0.2161647379398346, 0.6891038417816162, 0.45769521594047546], [0.17954394221305847, -0.22240370512008667, -0.07782681286334991, -0.1802390068769455, -0.9399996995925903, -0.7021133899688721, -0.05897218734025955, -0.581213653087616, -0.02613382786512375, -0.9795171022415161, -0.45692187547683716, -0.9929447174072266, -0.6069303750991821, -0.20305727422237396, -0.1085822805762291, -0.223872572183609, -0.12329605966806412, -0.4494158923625946, -0.5445840358734131, -0.5657084584236145, -0.5304470062255859, -0.03018329292535782, -0.19642402231693268, -0.16737505793571472, -0.19590258598327637, -0.8793919086456299, -0.264772891998291, 0.09836964309215546, -0.7281309366226196, -0.40866467356681824, -1.045387864112854, 0.09295202791690826]], [[0.40352916717529297, -0.09820642322301865, -0.7641448974609375, -0.46538034081459045, -0.43346747756004333, -0.037546053528785706, 0.0027737468481063843, -0.4017096161842346, -0.1460108757019043, -0.04405674338340759, -0.4921565353870392, -1.427954077720642, -0.9292144179344177, -0.3396732211112976, -0.8096030950546265, -0.9365047216415405, -0.41581404209136963, -0.2771061658859253, -0.7420985698699951, -1.074646234512329, -0.7600494623184204, -0.7164126634597778, -0.8506737947463989, -0.06695601344108582, -0.34472548961639404, 0.022295504808425903, -1.2226595878601074, 0.2312392294406891, -0.8365662693977356, 0.019149377942085266, -1.3754090070724487, -0.28363659977912903], [-0.20906159281730652, -1.0670545101165771, -0.30048954486846924, -0.9311656951904297, -1.483234167098999, -1.2702019214630127, -0.504065990447998, -1.8406062126159668, -0.28731676936149597, -2.2137746810913086, -1.019134283065796, -2.066669464111328, -1.2219555377960205, -0.9968635439872742, -1.028059720993042, -1.595998764038086, -0.5265898704528809, -2.257567882537842, -0.9685946106910706, -1.6646746397018433, -1.2524741888046265, -0.9647057056427002, -1.2773640155792236, -1.2844226360321045, -1.0607268810272217, -2.231431007385254, -0.47550955414772034, -0.17551210522651672, -1.5079891681671143, -0.6766393184661865, -2.634190082550049, -0.19735223054885864]], [[0.7545585036277771, 0.8778421878814697, 0.7482976317405701, 1.057273507118225, 0.7851459980010986, 1.1309373378753662, 0.7025887370109558, 1.0309431552886963, -0.08623448759317398, 0.5664841532707214, 0.5109724402427673, 0.6060323119163513, 0.7523642182350159, 0.8148354887962341, 0.8958380818367004, 0.03440861776471138, 0.5013294219970703, 0.32531267404556274, 0.7098826169967651, 0.7834181785583496, 0.6222422122955322, 0.4320259392261505, -0.8932856321334839, -0.413507878780365, 0.14216259121894836, 0.024840835481882095, 0.38336509466171265, 1.0549489259719849, 0.7529367804527283, 0.741887092590332, 0.4695836305618286, 1.1170530319213867], [0.260656476020813, 0.8166934847831726, 0.8092581629753113, 0.941386878490448, 0.7103154063224792, 1.0787818431854248, 0.8768744468688965, 1.204065203666687, 0.8253540396690369, 0.31354090571403503, 0.9876427054405212, 0.624332070350647, 0.9273397326469421, 1.02188241481781, 0.7333589196205139, 1.2516175508499146, 0.7231862545013428, 0.05389096960425377, 0.7319391369819641, 0.8370071053504944, 0.7415792346000671, -0.007671333849430084, 0.2955947518348694, 0.8683775067329407, 1.105310320854187, 0.49864938855171204, 1.1200324296951294, 0.3015146255493164, 1.1830532550811768, 1.0455758571624756, 1.4346117973327637, 0.3219507932662964]], [[0.48333871364593506, 1.5753120183944702, 0.5533092617988586, 1.2033201456069946, 0.013418972492218018, 0.8878623843193054, -0.26293039321899414, 0.4347838759422302, 0.5293201804161072, 0.5974922776222229, 0.17825637757778168, 0.8439228534698486, 0.3810015320777893, 0.5523918867111206, -0.30388951301574707, 0.38731473684310913, 0.663694441318512, 0.5342109799385071, 0.42067646980285645, 0.74578458070755, 0.42558348178863525, 0.6346870064735413, -0.3062405586242676, -0.4978768825531006, 0.3813721835613251, -0.19167159497737885, 0.6877120137214661, 0.20851148664951324, 0.9321184754371643, 0.7917115688323975, 0.7354219555854797, 0.8035624623298645], [0.47260618209838867, 0.39104917645454407, 0.6452054381370544, 0.3999622166156769, -0.07096391916275024, 0.1617753654718399, 0.1659041941165924, 0.1689022332429886, 0.5153687000274658, 0.21594518423080444, 0.7038735151290894, 0.20608514547348022, 0.6599569320678711, 1.379056453704834, 0.2939351201057434, -0.2614273428916931, 1.0124486684799194, 0.24878334999084473, 0.7938666939735413, 0.38349413871765137, 0.42011356353759766, 0.09705010801553726, 0.2906918525695801, 0.9911178350448608, 0.8231595754623413, 0.5259765386581421, 0.325396865606308, 0.42154937982559204, 0.722689688205719, 0.6317147612571716, 1.0772130489349365, 0.373512864112854]], [[-0.11065533012151718, -0.3659142255783081, -0.10171881318092346, 0.26685887575149536, 0.11031962931156158, 0.04590083658695221, 0.3545873761177063, -0.08757215738296509, 0.29624396562576294, -0.18825344741344452, -0.2186983823776245, -0.1977033019065857, -0.030782565474510193, -0.046505436301231384, 0.25015562772750854, -0.02934269607067108, 0.21821512281894684, -0.3560022711753845, -0.188321053981781, 0.1862500160932541, -0.05208753049373627, -0.06116870045661926, 0.795992374420166, 0.897253155708313, 0.039981693029403687, -0.29925537109375, -0.5950186848640442, -0.2829117178916931, -0.145790696144104, -0.09850713610649109, -0.5910762548446655, -0.24347497522830963], [0.08647088706493378, 0.12193776667118073, 0.057096824049949646, 0.05857442319393158, 0.24426604807376862, 0.2481808215379715, 0.01656666398048401, 0.2502986788749695, -0.13159143924713135, 0.28916609287261963, 0.04551701247692108, 0.3197554349899292, 0.018357262015342712, 0.2342306524515152, -0.10448811948299408, -0.12528972327709198, 0.11388660967350006, -0.12100981920957565, 0.0814933329820633, 0.3446980118751526, 0.050696179270744324, 0.19951660931110382, 0.827329158782959, 0.2684117555618286, 0.2960997223854065, -0.10078345239162445, -0.08594798296689987, 0.05620802938938141, 0.3373301029205322, 0.0019484013319015503, 0.38749074935913086, 0.08688680827617645]], [[0.031729698181152344, 0.7272160649299622, 0.3116801977157593, 1.1722036600112915, 0.20491188764572144, 1.235158085823059, -0.18964865803718567, 0.6417799592018127, -0.30128931999206543, 0.6350245475769043, -0.0494796484708786, 1.1614530086517334, 0.37959498167037964, 0.819931149482727, 0.015334546566009521, 1.0234401226043701, -0.6580950021743774, 0.6228505373001099, 0.4638819694519043, 0.5675947666168213, 0.4343630075454712, 0.02045518159866333, -1.120334506034851, -1.1400907039642334, -1.113008737564087, -0.35863518714904785, 1.2331137657165527, 0.08941936492919922, 0.9303989410400391, 0.43536967039108276, 0.9414950609207153, 0.3849712610244751], [0.03236892819404602, 0.7772583961486816, 0.22174257040023804, 0.49099409580230713, 1.0804132223129272, 1.1384292840957642, 0.29843664169311523, 1.0561126470565796, 0.3930012583732605, 1.5779376029968262, 0.7878013849258423, 1.3287612199783325, 0.742507815361023, 0.31550174951553345, 0.1455632746219635, 0.3825286030769348, 0.3650158643722534, 2.012622117996216, 0.5301848649978638, 0.8458511829376221, 0.7918766736984253, 0.8697993755340576, 0.13720184564590454, -0.6455333232879639, -0.1400512009859085, 2.4044535160064697, 0.28938692808151245, 0.14156830310821533, 0.9703344106674194, 0.4823497533798218, 1.338114619255066, 0.14078998565673828]], [[-0.12526282668113708, -0.8513141870498657, -0.3105497360229492, -0.07053707540035248, -0.10390397161245346, -0.33896294236183167, -0.2469644844532013, -0.3071853518486023, -0.2155582159757614, -0.4205209016799927, -0.46168678998947144, -0.4659271240234375, -0.5358352065086365, -0.305234432220459, 0.26020967960357666, -0.4704878330230713, -0.6868655681610107, -0.07360143959522247, -0.37906524538993835, -0.711444616317749, -0.18585467338562012, -0.40928855538368225, 0.1417548805475235, 0.2883748412132263, -0.27868127822875977, -0.2958206236362457, -0.9029685854911804, -0.8621564507484436, -0.6728062629699707, -0.47010940313339233, -0.747751772403717, -0.6194071173667908], [-0.042697787284851074, -0.8849503397941589, -0.5168230533599854, -0.4117858409881592, -0.8213328123092651, -0.5153234601020813, -0.5926724672317505, -1.069329023361206, -0.4346045255661011, -1.09059476852417, -1.156218409538269, -0.8757674098014832, -1.1221063137054443, -0.9444282650947571, -0.7109022736549377, -0.7681978344917297, -0.8860056400299072, -1.5531084537506104, -0.9478467106819153, -0.9722642302513123, -1.3266050815582275, -0.8835688829421997, -0.5870994329452515, -0.9601482152938843, -1.310429334640503, -1.7011351585388184, -0.8583221435546875, -0.2060176283121109, -1.152883768081665, -1.1362913846969604, -1.6724556684494019, -0.185847669839859]], [[-1.1603777408599854, -0.11966690421104431, -0.40588703751564026, -0.6723891496658325, -0.6942708492279053, -0.96645188331604, -0.2279023826122284, -0.4681066572666168, -0.26428642868995667, -0.9282641410827637, -0.02051582932472229, -0.22219201922416687, -0.25623413920402527, -0.6845228672027588, -0.8509006500244141, -1.250746488571167, -0.7182269096374512, -1.0601890087127686, -0.5973300933837891, -0.6856275796890259, -0.16190657019615173, -0.6592479944229126, 0.002690553665161133, 0.11993405222892761, -0.9866952896118164, -0.5684411525726318, 0.5090132355690002, -0.14085030555725098, -0.3976151645183563, -0.3773697316646576, 0.04448091983795166, -0.5189062356948853], [-0.7405668497085571, -0.809786319732666, -0.7906081676483154, -0.7859172821044922, -0.9902324676513672, -1.0794849395751953, -1.019094705581665, -0.8505768775939941, -0.6909021139144897, -1.0985342264175415, -0.976146936416626, -1.0617834329605103, -1.3808035850524902, -1.8112951517105103, -1.297121524810791, -1.0311166048049927, -1.2473556995391846, -0.8903007507324219, -1.1574276685714722, -1.1363109350204468, -1.3391637802124023, -1.3085370063781738, -1.8578892946243286, -1.5203243494033813, -1.4289528131484985, -0.016803622245788574, -0.7145789861679077, -0.7776138782501221, -0.8344839811325073, -0.7422837018966675, -0.5616651773452759, -0.7477297782897949]], [[0.007991492748260498, -0.24698129296302795, -0.4226791262626648, 0.06751459836959839, -0.09610667824745178, 0.21537739038467407, -0.18947967886924744, -0.2885739803314209, 0.4547731876373291, 0.047065794467926025, -0.06036803126335144, -0.4965561032295227, 0.0360332727432251, -0.14616507291793823, 0.04332345724105835, 0.1850695013999939, 0.4629902243614197, 0.29723840951919556, -0.07430607080459595, 0.09753185510635376, -0.06666013598442078, -0.3366703391075134, -0.14382833242416382, -0.23977214097976685, 1.1665925979614258, 0.648405134677887, -0.6323792338371277, -0.045305341482162476, -0.30077216029167175, 0.0023548007011413574, -0.18455234169960022, 0.2877758741378784], [-0.17909032106399536, -0.12727397680282593, -0.09604066610336304, -0.32808125019073486, -0.37501877546310425, -0.14705443382263184, -0.43520066142082214, 0.02574986219406128, -0.131498783826828, -0.12780889868736267, -0.2905370593070984, -0.2270238697528839, -0.6409547924995422, -0.5269787907600403, -0.5230642557144165, -0.23868581652641296, -0.21535417437553406, 0.0602339506149292, -0.27665746212005615, -0.10490402579307556, -0.5666918754577637, -0.6651619076728821, -0.5691198110580444, -0.5269697904586792, -0.2454914152622223, -0.12710711359977722, -0.32952603697776794, -0.18311375379562378, -0.5497660636901855, -0.37028348445892334, -0.5834735631942749, -0.18010511994361877]], [[-0.05245501548051834, -0.6814318299293518, -0.12202586978673935, -0.0493759885430336, -0.284808486700058, -0.7668728232383728, -0.6034694910049438, -0.430001825094223, -0.3410443365573883, -0.49410584568977356, -0.71046382188797, -1.0217961072921753, -0.6151670813560486, -0.36935660243034363, -0.27847155928611755, -1.0718574523925781, -0.04387872666120529, -1.0322718620300293, -0.41042789816856384, -0.9806406497955322, -0.5961841940879822, -0.11324306577444077, -0.35292163491249084, -0.62256920337677, -0.3592942953109741, -1.034021258354187, -1.2924634218215942, -0.4709453284740448, -0.565994918346405, -0.45354315638542175, -1.0455257892608643, -0.625255823135376], [-0.11521988362073898, 0.042645618319511414, 0.3648415803909302, 0.2629668414592743, -0.12296157330274582, 0.12191477417945862, 0.23886477947235107, -0.41702303290367126, 0.32932889461517334, -0.6732262372970581, -0.061047233641147614, -0.2692202031612396, 0.20435380935668945, 0.5594849586486816, 0.30286905169487, 0.2648058235645294, 0.4417310953140259, -1.3469609022140503, 0.3611898720264435, 0.2998312711715698, 0.29069986939430237, -0.32188981771469116, 0.2562113404273987, 0.7490662336349487, 0.36181578040122986, -0.826345682144165, 0.14543534815311432, -0.06619486957788467, -0.012071959674358368, 0.0431910902261734, -0.6134887933731079, -0.046656884253025055]], [[-0.8709608912467957, -1.5042239427566528, -1.1323527097702026, -1.8718867301940918, -0.9133975505828857, -2.065190553665161, -0.7528729438781738, -1.6105377674102783, -1.524552822113037, -1.8216748237609863, -0.9418518543243408, -1.8687514066696167, -1.6583200693130493, -1.9514216184616089, -1.0902729034423828, -3.249722480773926, -0.4760633111000061, -2.1953396797180176, -1.0942543745040894, -2.209172010421753, -0.969038724899292, -1.7256672382354736, -3.367448091506958, -2.364933967590332, -1.738419532775879, -1.6010078191757202, -1.7280775308609009, -1.1860944032669067, -1.6733840703964233, -1.3080772161483765, -2.257864236831665, -1.6802101135253906], [-0.6397731304168701, -0.6567781567573547, -0.19144968688488007, -0.43452757596969604, -0.5760634541511536, -1.117572546005249, -0.6145597696304321, -1.1499135494232178, -0.6026262044906616, -1.3061039447784424, -0.6115094423294067, -1.2804951667785645, -1.0288137197494507, -0.49185895919799805, -0.9419331550598145, -1.101004719734192, -0.5522270202636719, -1.4876987934112549, -0.7622632384300232, -0.8879465460777283, -1.2255668640136719, -1.8734182119369507, -1.259240746498108, -1.2090526819229126, -1.241421103477478, -3.2592644691467285, -0.6084126234054565, -0.7574347257614136, -1.1191744804382324, -0.8395440578460693, -1.1141222715377808, -0.7842922806739807]], [[0.3457344174385071, 0.21536189317703247, -0.47163861989974976, 0.09042813628911972, 0.023859424516558647, 0.2003089189529419, 0.5096761584281921, 0.10737749189138412, 0.5552681684494019, 0.09514784067869186, -0.10405858606100082, -0.3862200379371643, -0.500840961933136, 0.17523621022701263, 0.40577828884124756, 0.16070574522018433, 0.26797667145729065, 0.0758647546172142, -0.3212844729423523, -0.5296289920806885, -0.13731320202350616, -0.14129191637039185, 0.3761433959007263, 1.0521965026855469, 1.9721142053604126, -0.21966256201267242, -0.1345800757408142, -0.29603585600852966, -0.13690783083438873, -0.0960124209523201, -0.27637484669685364, 0.04315895214676857], [0.11702338606119156, 0.14247465133666992, 0.22340790927410126, 0.2284870445728302, 0.09289366006851196, 0.08906293660402298, 0.3488335609436035, -0.07213637977838516, 0.241576686501503, -0.3299727141857147, 0.14063897728919983, -0.09157318621873856, 0.17053353786468506, 0.49365124106407166, 0.12584476172924042, 0.19345469772815704, 0.32731935381889343, -0.9957913756370544, 0.11365395039319992, 0.08943869173526764, -0.12762048840522766, -0.11616884917020798, 1.01787269115448, 0.7255667448043823, 0.7341838479042053, -0.4572485387325287, 0.16265226900577545, 0.06654095649719238, -0.27503883838653564, -0.23555468022823334, -0.21897247433662415, 0.024812044575810432]], [[0.16922758519649506, 0.615186333656311, 0.8073973059654236, 0.4714701175689697, -0.14265239238739014, 0.48562926054000854, -0.20170563459396362, 0.463140070438385, 0.24666939675807953, 0.6345618367195129, -0.25210756063461304, 0.9001094102859497, 0.50764399766922, 0.37818849086761475, -0.3490435779094696, 1.0644261837005615, 0.10680104792118073, 0.9048143625259399, 0.08727888762950897, 0.33147716522216797, -0.1252550631761551, 0.3535138964653015, 0.273959219455719, -0.2401309609413147, 0.5302329659461975, 0.12741772830486298, 1.0696724653244019, -0.20832186937332153, 0.5963708162307739, 0.3604201078414917, 1.1722816228866577, 0.2555994391441345], [0.010312005877494812, 0.7108274698257446, 0.4805946946144104, 0.5098687410354614, 0.9214673042297363, 0.3895992636680603, 0.71396803855896, 0.75634765625, 0.2643412947654724, 0.5761635303497314, 0.836449384689331, 0.8815031051635742, 0.8339591026306152, 1.1979418992996216, 0.8794170618057251, 0.47262126207351685, 1.0657047033309937, 0.9632936716079712, 0.8840196132659912, 0.9537221193313599, 1.1531260013580322, 1.2353039979934692, 1.3183578252792358, 1.1422077417373657, 1.0610665082931519, 1.6687260866165161, 0.4071354866027832, 0.01943916082382202, 1.2186943292617798, 0.6172007918357849, 0.9025940895080566, 0.004955112934112549]], [[0.1796664148569107, 0.5790928602218628, -0.415228009223938, 0.9322580695152283, 0.16818155348300934, 0.6159896850585938, 0.2036702185869217, 1.0342891216278076, 0.8695865273475647, 0.5200932621955872, -0.027259208261966705, -0.18210996687412262, -0.05723550170660019, 0.39454346895217896, 0.24427451193332672, -0.11136382073163986, 0.834434986114502, 0.0022296756505966187, 0.09215550124645233, 0.22532238066196442, -0.007152438163757324, -0.07896461337804794, 0.21233658492565155, 0.10359351336956024, 1.876469612121582, -0.14986500144004822, -0.885054349899292, 0.005289793014526367, -0.12229202687740326, 0.012966617941856384, 0.028835564851760864, 0.677004337310791], [0.22399772703647614, 0.12616421282291412, 0.4564353823661804, 0.3645924925804138, -0.41689974069595337, -0.12520581483840942, 0.44639652967453003, 0.16858650743961334, 0.47414255142211914, -1.0048325061798096, 0.20375491678714752, -0.7762568593025208, 0.005364149808883667, 0.23207755386829376, 0.1302051991224289, 0.23629604279994965, 0.0425899475812912, -1.6083552837371826, -0.17464865744113922, -0.21074920892715454, -0.3058696985244751, -1.2627395391464233, -0.8289217352867126, -0.5150120854377747, -0.003687053918838501, -1.4818896055221558, 0.3742446303367615, 0.24914272129535675, -0.15802550315856934, 0.3628186583518982, -0.10983443260192871, 0.2086877077817917]], [[0.20097213983535767, 1.227316975593567, 0.39373886585235596, 1.145805835723877, 0.42030689120292664, 1.186511754989624, 0.05517389625310898, 0.8429752588272095, 0.06430263072252274, 0.6789849400520325, -0.1285358965396881, 1.0820271968841553, 0.03633527457714081, 0.324441134929657, 0.11039698868989944, 1.200487732887268, -0.1268370896577835, 0.7773310542106628, -0.0481296069920063, 0.4616764187812805, -0.03251277655363083, 0.2769581079483032, 0.42093425989151, 0.4600275158882141, 0.44963985681533813, 0.024933114647865295, 1.2915091514587402, -0.11407359689474106, 0.5453943610191345, 0.05688682943582535, 1.2577838897705078, 0.3533771336078644], [-0.20417574048042297, 0.25954172015190125, -0.022523850202560425, 0.1865694224834442, 1.0535625219345093, 0.854822039604187, -0.06729788333177567, 0.966668426990509, -0.19707214832305908, 0.7530115842819214, -0.08137375116348267, 0.8718302249908447, 0.2336415946483612, 0.4732797145843506, 0.04156704992055893, 0.42364200949668884, -0.20586898922920227, 1.0893840789794922, 0.262602835893631, 0.6472296714782715, 0.44827187061309814, 0.2123437225818634, 0.35026291012763977, 0.22003582119941711, -0.4171677529811859, 0.948437511920929, -0.1670706570148468, -0.023195847868919373, 0.5552223324775696, -0.3239937126636505, 1.0404363870620728, -0.02179797738790512]], [[-0.2730109691619873, -1.5624420642852783, -1.472670078277588, -0.9969637393951416, -0.9789698123931885, -1.2929836511611938, -1.091545820236206, -1.3219397068023682, -0.5339909195899963, -1.1012253761291504, -0.9324818849563599, -1.88956618309021, -1.228039026260376, -0.7178226709365845, -0.7465629577636719, -0.7217534780502319, -0.17018675804138184, -0.4274895191192627, -0.36614352464675903, -1.0104563236236572, -0.9726639986038208, -1.0121369361877441, -1.0996007919311523, -0.5153602361679077, -0.636260449886322, -0.4700816869735718, -1.4403281211853027, -0.9354475736618042, -1.1021651029586792, -0.667353093624115, -1.8010828495025635, -1.1683063507080078], [-0.011089861392974854, -0.5131768584251404, -0.333609938621521, -0.10756048560142517, -0.683078408241272, -0.6377500295639038, -0.7334214448928833, -0.5985115766525269, -0.282733678817749, -0.5475234985351562, -0.6156940460205078, -0.4892593026161194, -0.7320369482040405, -0.8469247817993164, -0.6966295838356018, -0.2526347041130066, -0.3527895212173462, 0.1261463165283203, -0.5239520072937012, -0.19280660152435303, -0.44174033403396606, -0.24355876445770264, -0.23471295833587646, 0.35688987374305725, -0.34353113174438477, -0.7672973871231079, -0.2951144576072693, 0.026044219732284546, -0.8143960237503052, -0.36877548694610596, -1.477266550064087, 0.08958853781223297]], [[-0.8822303414344788, -0.8801803588867188, -0.9854565262794495, -0.5305652022361755, -0.8059211373329163, -0.17976497113704681, -0.7702139019966125, -0.6013416051864624, -1.019335150718689, -0.8645057678222656, -0.9249550104141235, -0.4572024345397949, -0.8802092671394348, -0.5961850881576538, -0.12032017856836319, -0.7865437865257263, -1.0061235427856445, -0.852330207824707, -1.090847134590149, -0.8941601514816284, -0.7888871431350708, -0.8045464158058167, -1.032827377319336, -0.575115978717804, -0.8466120362281799, -1.457633137702942, -1.40280020236969, -0.9042598009109497, -0.3396933078765869, -0.7452764511108398, -0.8315261006355286, -0.38246023654937744], [-0.5757279396057129, -0.19656695425510406, -0.3602779507637024, -0.2929259240627289, -0.2649259567260742, 0.043831467628479004, -0.27485817670822144, -0.30504947900772095, -0.5764323472976685, -0.07140448689460754, -0.030148670077323914, -0.2330600470304489, -0.029232308268547058, 0.2488333284854889, -0.1343604475259781, -0.1740618795156479, 0.04375295341014862, -0.2906383275985718, -0.18289470672607422, -0.11304068565368652, 0.20754298567771912, 0.648238480091095, 0.88209068775177, 0.648847758769989, 0.4539226293563843, -1.2244148254394531, -0.67762291431427, -0.6064595580101013, -1.3203290700912476, -0.6099389791488647, -1.3934427499771118, -0.6597480177879333]], [[0.29605355858802795, -0.0865260660648346, -0.4376305639743805, 0.238980233669281, 0.23742708563804626, -0.0725708156824112, 0.7031938433647156, 0.3707282543182373, 0.42908817529678345, 0.1998666524887085, 0.4033958613872528, 0.1436731517314911, 0.0725279375910759, 0.18187712132930756, 0.12962201237678528, -0.5223501920700073, 0.14156921207904816, -0.2513730823993683, -0.24514584243297577, -0.8169205784797668, 0.34107568860054016, -0.04019668325781822, -0.008683180436491966, 0.2896026372909546, -0.8327010869979858, 0.5148763060569763, -0.5900644659996033, 0.25346386432647705, 0.0764952152967453, 0.11329516023397446, -0.3319277763366699, 0.11585786193609238], [-0.0683782771229744, -0.3945678770542145, -0.03224525600671768, -0.12732677161693573, -0.30930426716804504, -0.4784715473651886, -0.05594879388809204, -0.7481719255447388, -0.039282046258449554, -0.3407750725746155, -0.31915083527565, -0.32175105810165405, -0.3462933897972107, -0.040620073676109314, -0.0770917534828186, -0.160423144698143, -0.31821611523628235, -0.6512960195541382, -0.41837966442108154, -0.2603912651538849, -0.31380096077919006, 0.658410370349884, 0.3385520279407501, 0.48847681283950806, 0.009276628494262695, -1.1848381757736206, -0.20821496844291687, -0.06202511489391327, -0.7592105865478516, -0.5221663117408752, -0.7991393804550171, -0.12841765582561493]], [[-0.5329004526138306, -1.228974461555481, -0.4226780831813812, -1.086588740348816, -0.9008840322494507, -1.422052025794983, -0.5633729100227356, -0.8710826635360718, -0.559113621711731, -0.9019697904586792, -0.3958982527256012, -0.8923906087875366, -0.7319885492324829, -0.8684730529785156, -0.6970541477203369, -1.0971574783325195, -0.44925519824028015, -0.5730103254318237, -0.13205917179584503, -0.4593701958656311, -0.4582136571407318, -0.3041156530380249, -0.8007205724716187, -0.2570880055427551, -0.5795609951019287, 0.040004879236221313, -0.19158893823623657, -0.87885582447052, -0.3976590931415558, -0.42421770095825195, -0.6439907550811768, -0.8649493455886841], [-0.025090202689170837, -0.8449382781982422, -0.5012975931167603, -0.5122900009155273, -0.7770024538040161, -1.0091396570205688, -0.5460963249206543, -0.6894416809082031, -0.27750158309936523, -0.8919364213943481, -0.9896934032440186, -1.1109975576400757, -0.6527758836746216, -0.5769872069358826, -0.6568853855133057, -0.937171459197998, -0.613685131072998, -0.9920835494995117, -0.38288870453834534, -0.6421618461608887, -0.19938679039478302, -0.2604331970214844, -0.24618884921073914, -1.0308260917663574, -0.945408821105957, -0.8560131788253784, -0.262825608253479, -0.09163843095302582, -0.3985193073749542, -0.4665924608707428, -0.7198394536972046, -0.07521800696849823]], [[0.6675133109092712, -0.3491062521934509, -0.01613318920135498, -0.5772799253463745, -0.05640421062707901, -0.3337201774120331, 0.15614357590675354, -0.2885555326938629, 0.09957233816385269, 0.7147158980369568, 0.0991787239909172, 0.13023966550827026, 0.12345433980226517, 0.11145376414060593, 0.01435975730419159, -0.29858309030532837, 0.10947103053331375, 0.02302440255880356, 0.10732024908065796, -0.0039437562227249146, -0.19041207432746887, -0.1062396839261055, -0.08997709304094315, -0.21004608273506165, -0.6578459739685059, 0.4899499714374542, -0.8664187788963318, 0.628637969493866, -0.3117782175540924, 0.3130654990673065, -0.719937801361084, 0.30317527055740356], [0.38708606362342834, 0.40091386437416077, 0.33637535572052, 0.34248092770576477, 0.11664824187755585, 0.29555514454841614, 0.26063525676727295, -0.2061745822429657, 0.46920451521873474, 0.22129406034946442, 0.13138440251350403, -0.3073073923587799, -0.01922210305929184, -0.1248495951294899, 0.4012080430984497, 0.03920288383960724, 0.0720057487487793, -0.06652709096670151, -0.1886666715145111, 0.06479628384113312, -0.246676504611969, -0.5950741171836853, 0.23674744367599487, 0.6090107560157776, 0.4095083177089691, -0.3673742413520813, 0.20895476639270782, 0.37456461787223816, -0.662239134311676, 0.12114690244197845, -1.0284541845321655, 0.3409949243068695]], [[0.38347071409225464, 0.3894939422607422, -0.04415512830018997, 1.0696067810058594, -0.46001923084259033, 0.32172632217407227, -0.8192257285118103, 0.40830671787261963, -0.9747786521911621, 0.674502968788147, -0.27245277166366577, 0.6854038238525391, 0.047739021480083466, 0.7097023725509644, 0.42707496881484985, 1.1207504272460938, 0.14059710502624512, 0.6344831585884094, 0.7540724277496338, 0.9012452960014343, 0.23784083127975464, -0.19645607471466064, -1.0227876901626587, -0.797203779220581, -0.6409492492675781, 0.4564075469970703, 0.36958128213882446, 0.4982645511627197, 0.24625861644744873, 0.37653088569641113, 0.23433229327201843, 0.865650475025177], [0.2974049746990204, 0.5811219215393066, 0.5607107281684875, 0.7835311889648438, 0.8079642057418823, 0.861413836479187, 0.9435531497001648, 0.8556804060935974, 0.5831875801086426, 0.8310908079147339, 0.9216956496238708, 1.1320843696594238, 0.9743391871452332, 1.0058255195617676, 0.8133159279823303, 1.1598809957504272, 1.1522667407989502, 0.8196796774864197, 0.9205002188682556, 1.232938289642334, 0.8156009316444397, 0.7284152507781982, 0.8467814326286316, 0.9224298596382141, 1.2336366176605225, 0.915598452091217, 0.8316895365715027, 0.257468581199646, 0.8161457180976868, 0.7438859939575195, 0.6107595562934875, 0.3066976070404053]], [[0.32788676023483276, 0.9099693894386292, 0.9017297029495239, 0.3642647862434387, 0.7334799766540527, 0.7821027636528015, 0.798568069934845, 0.7834691405296326, 1.3730921745300293, 0.8324007391929626, 1.316324234008789, 1.4243723154067993, 1.59335458278656, 0.21275389194488525, 1.0576542615890503, 0.5594483017921448, 0.5319433808326721, 0.4610174596309662, 0.44564059376716614, 0.9672428965568542, 0.8073941469192505, 0.926295816898346, 0.9451547265052795, 0.792059063911438, 0.3575422763824463, 0.5449264049530029, 0.8079047203063965, 1.0983694791793823, 0.597384512424469, 0.4735548198223114, 1.1988091468811035, 0.8129506707191467], [0.1550092101097107, -0.1684233844280243, 0.05447501689195633, -0.20379024744033813, 0.5197392702102661, 0.3927355706691742, 0.21192732453346252, 0.3913160264492035, 0.09731375426054001, 0.4240100681781769, 0.10628502815961838, 0.6061668992042542, 0.5808160901069641, -0.2574881911277771, 0.37060049176216125, 0.0833343043923378, -0.47448375821113586, 0.4860890805721283, -0.16017350554466248, 0.19526976346969604, 0.29432427883148193, 0.8366885781288147, -0.7706137895584106, -0.6939236521720886, -0.7147833704948425, 1.0505808591842651, 0.4106295704841614, 0.18005087971687317, 0.7246080636978149, 0.4224223792552948, 1.3494926691055298, 0.17036473751068115]], [[-0.17139649391174316, -1.8971378803253174, -1.624856948852539, -1.2646154165267944, -0.7587677240371704, -1.981855869293213, -0.8936629891395569, -0.991212785243988, -0.050106994807720184, -0.9331684708595276, -1.1816415786743164, -2.128758430480957, -1.4086121320724487, -0.6500359177589417, -1.209250807762146, -1.4848880767822266, 0.40268436074256897, -1.2051854133605957, -0.47039997577667236, -1.3520113229751587, -0.6260126829147339, -0.5520097017288208, -0.8555136919021606, -0.20760226249694824, -0.16975948214530945, -0.9748108983039856, -2.4267501831054688, -0.7708380818367004, -1.2373322248458862, -0.7112745642662048, -1.9103472232818604, -0.5446969866752625], [-0.03582669049501419, -1.295976996421814, -0.47432076930999756, -1.0160411596298218, -1.9736847877502441, -1.8792719841003418, -0.7031223773956299, -1.951610803604126, -0.39706605672836304, -2.6778011322021484, -1.49222731590271, -2.348008394241333, -1.4644646644592285, -1.235439419746399, -0.8117381930351257, -1.0842783451080322, -0.9723054766654968, -2.8910295963287354, -1.31838059425354, -2.171959161758423, -1.3289066553115845, -1.579356074333191, -1.4457786083221436, -1.2051067352294922, -0.6358137726783752, -2.2914819717407227, -0.3035527169704437, -0.08337373286485672, -1.3395143747329712, -1.0555208921432495, -1.846834421157837, -0.02320852130651474]], [[-0.5003019571304321, 0.035639360547065735, -0.32570022344589233, -0.15591873228549957, -0.7126126289367676, 0.5762547850608826, -0.4894184470176697, -0.08122160285711288, -0.4713500142097473, 0.148333340883255, -0.48671793937683105, -0.1264691948890686, -0.5557850003242493, -0.39430636167526245, -0.3509029746055603, -0.683137834072113, -0.8150002360343933, -0.05452851206064224, -0.69435054063797, -0.49743586778640747, -0.7596937417984009, -0.6016196608543396, -1.210164189338684, -0.6971549987792969, -0.6872091293334961, -0.2896048128604889, -0.34699058532714844, 0.1354009062051773, -0.4119008779525757, -0.23454312980175018, -0.42914310097694397, -0.11815769225358963], [-0.2492244690656662, -0.2919548451900482, -0.5377756357192993, -0.07509082555770874, -0.7291511297225952, -0.3458039462566376, -0.2837367057800293, -0.5562739372253418, -0.031628936529159546, -0.1939854770898819, -0.4288349151611328, -0.6895690560340881, -0.8098910450935364, -1.3001022338867188, -0.42584511637687683, -0.3655672073364258, -1.0636051893234253, 0.389427125453949, -0.7318368554115295, -0.15339414775371552, -0.8450588583946228, -0.8450406789779663, -1.5418931245803833, -1.0693657398223877, -1.0869262218475342, -0.9261564612388611, 0.021894944831728935, -0.21252162754535675, -0.38390785455703735, 0.1403190940618515, -0.3248608112335205, -0.32881009578704834]], [[0.04940582811832428, -0.6641283631324768, -0.5344623327255249, -0.1366453319787979, -0.3410528302192688, -0.5521047711372375, -0.26823145151138306, -0.3282157778739929, -0.6223413944244385, -0.35723406076431274, -0.3309154808521271, -0.7276845574378967, -0.31765881180763245, -0.16694605350494385, -0.43652933835983276, -0.7180260419845581, -0.07455873489379883, -0.30568307638168335, 0.010381326079368591, -0.7336834073066711, -0.069679394364357, -0.36939147114753723, -0.9525544047355652, -0.7702789902687073, -1.0774425268173218, -0.44853633642196655, -0.9803465008735657, -0.3407052755355835, -0.2891302704811096, -0.2839450240135193, -0.6139054894447327, -0.13123773038387299], [-0.18305331468582153, 0.10880951583385468, 0.33300328254699707, 0.174348846077919, -0.1902112364768982, -0.15571218729019165, 0.2801472544670105, -0.0631638765335083, 0.05921240150928497, -0.2447369396686554, 0.30723410844802856, 0.10492017865180969, 0.32424652576446533, 0.6592063307762146, 0.3403996229171753, 0.06063121557235718, 0.4575345516204834, -0.486291766166687, 0.31346505880355835, 0.22385083138942719, 0.3215465545654297, 0.2876223921775818, 0.5870105028152466, 0.8131148219108582, 0.35710370540618896, -1.2158169746398926, -0.12760841846466064, -0.176192969083786, -0.37726253271102905, -0.04462842643260956, -0.6531507968902588, -0.1816972941160202]], [[-0.00139646977186203, -1.0904574394226074, -0.8482803702354431, -0.33242207765579224, -0.41118916869163513, -0.06293540447950363, -0.0158221498131752, -0.5380529165267944, 0.17659400403499603, -0.2842629551887512, -0.5708352327346802, -0.8954549431800842, -0.44858843088150024, 0.18531890213489532, -0.05055847764015198, -0.5256778597831726, 0.23016376793384552, 0.06043493375182152, -0.21812665462493896, 0.07573272287845612, -0.4381422996520996, -0.2795349061489105, 0.22726739943027496, 0.23588837683200836, -0.2429111897945404, -0.04156919941306114, -1.7494701147079468, -0.10391119122505188, -0.8322902917861938, -0.3505731225013733, -1.0006290674209595, 0.04133283719420433], [0.1848452091217041, -0.4848151206970215, -0.29551154375076294, -0.36091673374176025, -1.0097650289535522, -0.6647526025772095, -0.3581901788711548, -1.0580801963806152, -0.016538091003894806, -0.7801035046577454, -0.6258725523948669, -1.0101866722106934, -0.63603276014328, -0.3335341811180115, -0.23831763863563538, -0.5736518502235413, -0.3856033980846405, -0.6586498618125916, -0.7100613713264465, -0.941192626953125, -0.6162607073783875, -1.2370043992996216, -0.8982797265052795, -0.5302026867866516, -0.6082987785339355, -1.7689628601074219, -0.3632352948188782, 0.23077569901943207, -1.690350890159607, -0.49155956506729126, -1.5055485963821411, 0.2959659993648529]], [[-0.9060728549957275, -2.1424858570098877, -0.9832340478897095, -1.6438145637512207, -0.6410362124443054, -2.3705759048461914, -0.47528889775276184, -1.0897986888885498, -0.7221786975860596, -1.4790496826171875, -0.19066067039966583, -1.4218095541000366, -1.1824358701705933, -1.4591140747070312, -0.7951558828353882, -2.6911351680755615, -1.373367190361023, -1.9914114475250244, -0.9436894655227661, -1.6523505449295044, -0.678807258605957, -0.836227297782898, -0.7070789337158203, -1.1235889196395874, -2.9117395877838135, -1.1091077327728271, -1.3292856216430664, -0.706212043762207, -1.043572187423706, -0.7128037214279175, -1.5018175840377808, -1.32124662399292], [-0.12019597738981247, -1.2478543519973755, -0.9253830909729004, -1.1341042518615723, -1.5754504203796387, -1.7528268098831177, -0.8408819437026978, -2.0190489292144775, -0.8208506107330322, -1.7892528772354126, -1.0589345693588257, -1.431296467781067, -1.1671589612960815, -1.1864333152770996, -1.0575326681137085, -1.5402584075927734, -1.2018080949783325, -2.462209939956665, -1.3861960172653198, -1.520908236503601, -1.401957392692566, -0.7257925271987915, -1.2743159532546997, -1.402114987373352, -1.3410507440567017, -2.3480937480926514, -0.7695107460021973, -0.13630172610282898, -1.5536710023880005, -1.1095725297927856, -1.6661527156829834, -0.06683389842510223]], [[-0.03838206082582474, -0.054109908640384674, -0.043188564479351044, -0.4542682468891144, -0.155237078666687, -0.3943972587585449, -0.24223840236663818, -0.054467447102069855, -0.28462132811546326, 0.11028580367565155, -0.4701485335826874, -0.31452274322509766, -0.1867314875125885, -0.17769965529441833, -0.07121340185403824, 0.30307087302207947, -0.08425452560186386, -0.2669585347175598, 0.05395377054810524, -0.2539832293987274, -0.08795390278100967, 0.368301659822464, 0.5494785904884338, 0.8941216468811035, 0.4181644320487976, -0.6439926028251648, -0.07020411640405655, -0.49623337388038635, -0.025621429085731506, 0.006858691573143005, 0.17311011254787445, -0.1271175742149353], [-0.11677522212266922, 0.7989678382873535, 0.4754463732242584, 0.596081018447876, 0.5277078151702881, 0.42761656641960144, 0.2538785934448242, 0.7983434200286865, 0.4895451068878174, 0.5315403342247009, -0.13901785016059875, 0.2683466672897339, 0.005115501582622528, 0.28199145197868347, 0.2312311828136444, 0.7793022990226746, 0.2870703637599945, 0.39535602927207947, 0.15834937989711761, 0.8166507482528687, 0.42266643047332764, 0.9562200903892517, 0.1602277159690857, 0.5117887258529663, 0.40465179085731506, 1.3129647970199585, 0.2959248125553131, -0.23382088541984558, 0.6908384561538696, 0.5959554314613342, 0.9661253690719604, -0.22204288840293884]], [[-0.284475177526474, -1.0176409482955933, -0.9800509214401245, -0.6426718235015869, -1.2042667865753174, -1.1966350078582764, -1.19600510597229, -0.7536194324493408, -0.5485173463821411, -0.5325675010681152, -1.2637958526611328, -1.6011996269226074, -1.3346730470657349, -0.5349653959274292, -0.9335950613021851, -1.046195387840271, -0.39390185475349426, -1.0599874258041382, -0.29694321751594543, -0.714942216873169, -0.6839078664779663, -0.019407212734222412, -0.03229531645774841, -0.1887424886226654, -0.4172966778278351, -1.2127866744995117, -2.1644980907440186, -1.4317348003387451, -0.8610275983810425, -0.6413737535476685, -1.5709153413772583, -1.1715972423553467], [-0.17021355032920837, -0.4476076662540436, -0.06228919327259064, -0.35916098952293396, -0.8702927827835083, -1.2714837789535522, -0.2000102698802948, -1.0073108673095703, -0.010655388236045837, -1.2378630638122559, -0.28622061014175415, -1.1156961917877197, -0.3515221178531647, -0.21470046043395996, -0.11759030818939209, -0.4432618319988251, 0.2998841404914856, -1.086134433746338, -0.1491132378578186, -0.27985817193984985, -0.18020614981651306, -0.44758543372154236, 0.4513372480869293, 0.4601108133792877, 0.27694272994995117, -2.2645773887634277, -0.180151104927063, -0.22107893228530884, -1.1663533449172974, -0.4872792661190033, -1.4704638719558716, -0.23968878388404846]], [[-0.2122277170419693, 0.3395179212093353, 0.10301501303911209, -0.12323566526174545, 0.09229474514722824, -0.4176348149776459, -0.4436098039150238, -0.16597610712051392, 0.14546331763267517, -0.4759480357170105, -0.1667044311761856, -0.07113143056631088, 0.0372319296002388, -0.25515180826187134, -0.2653014063835144, 0.28771767020225525, 0.41095399856567383, 0.3581119477748871, 0.4589833617210388, 0.25312185287475586, 0.642256498336792, -0.07753930985927582, -0.2931126654148102, -0.5376830697059631, 1.0868220329284668, 0.11822067946195602, 0.8081099390983582, -0.4262222647666931, 0.12302746623754501, -0.22643572092056274, 0.27177491784095764, -0.3426450490951538], [-0.13712561130523682, -0.6387746334075928, -0.27086326479911804, -0.0833929255604744, -0.44518807530403137, -0.5675861835479736, -0.6530402898788452, -0.10122286528348923, -0.14406710863113403, -0.8421478867530823, -0.690980076789856, -0.05493059381842613, -0.4684196710586548, -1.168218731880188, -0.7371739745140076, -0.46166884899139404, -0.6510586738586426, -0.5289748311042786, -0.4757029414176941, -0.1251278668642044, -0.6156899333000183, -0.6530098915100098, -0.8520355224609375, -0.38195016980171204, -0.2867888808250427, 1.2132173776626587, -0.180010586977005, -0.14979861676692963, 0.16910472512245178, -0.11679434776306152, 0.5749399065971375, -0.17306271195411682]], [[-0.6820852160453796, -1.255623459815979, -0.7580537796020508, -1.1699694395065308, -0.4838528335094452, -2.0666074752807617, -0.17615625262260437, -1.4390130043029785, -0.4351651966571808, -1.3470208644866943, -0.17014947533607483, -0.5086028575897217, -0.780083179473877, -0.8853052854537964, -0.4317529499530792, -1.3277441263198853, -0.34671011567115784, -1.2612231969833374, -0.9171029925346375, -1.0158299207687378, -0.4062108099460602, -1.1475679874420166, -0.8613964915275574, -1.2113460302352905, -1.7140257358551025, -0.8906334638595581, 0.3918774724006653, -0.2745506465435028, -0.8273038268089294, -0.7695979475975037, -0.7404348850250244, -0.8939605951309204], [-0.46982643008232117, -1.43913733959198, -0.8523702621459961, -1.02298104763031, -0.6513664126396179, -1.7709652185440063, -0.9561525583267212, -1.2449926137924194, -0.6251747608184814, -1.8387835025787354, -1.0120333433151245, -1.0567593574523926, -0.7398813962936401, -1.9557368755340576, -0.8912973403930664, -1.1775676012039185, -1.6337968111038208, -1.7987059354782104, -1.602197289466858, -1.5892586708068848, -1.73505437374115, -1.4962608814239502, -1.5596587657928467, -1.1643315553665161, -0.8556248545646667, 0.44505414366722107, -0.5814197063446045, -0.45167675614356995, -1.144162893295288, -0.9845017194747925, -0.6533242464065552, -0.5911571383476257]], [[0.8987245559692383, 1.020668387413025, 0.4849109649658203, 0.9646355509757996, 0.5119978785514832, 0.7298914194107056, 0.20976696908473969, 0.7180113792419434, 0.821856677532196, 0.9671291708946228, 0.18505066633224487, 0.9511286020278931, 0.6252061128616333, 1.0765938758850098, 0.31023532152175903, 1.2560001611709595, 0.915754497051239, 0.7450903654098511, 0.7167038321495056, 0.7368572354316711, 0.843127429485321, 0.7603991031646729, 0.7247012257575989, 0.795245349407196, -0.0023566000163555145, 0.11206810176372528, 0.16988039016723633, 0.38707059621810913, 0.5788123607635498, 0.5695430636405945, 0.5588589310646057, 0.6306119561195374], [0.888739824295044, 0.8830601572990417, 0.6045739650726318, 1.026654601097107, 0.07498122751712799, 0.872212290763855, 0.6004628539085388, 1.0036218166351318, 0.8701555728912354, 0.7869452238082886, 0.4282456636428833, 0.6656283140182495, 0.673729658126831, 0.3157472610473633, 0.7166614532470703, 1.208956003189087, 0.4846954941749573, 1.0035266876220703, 0.5897544026374817, 0.7268756031990051, 0.7198720574378967, 0.04551302641630173, -0.7460984587669373, -0.28263550996780396, -0.032705068588256836, 0.9346782565116882, 0.4862435460090637, 0.7242741584777832, 0.554924488067627, 0.5326948761940002, 0.8578553795814514, 0.7071540951728821]], [[-0.5129699110984802, 1.0902726650238037, -0.07202176004648209, 0.25049880146980286, 0.753709614276886, 0.9113632440567017, 0.8994895219802856, 0.888203501701355, 0.1733013391494751, 0.7594190239906311, 0.4886976182460785, 0.8413993120193481, 0.8963924646377563, -0.07515238970518112, 0.5341641902923584, 0.5810449123382568, -0.42055338621139526, 0.5864198803901672, -0.22189566493034363, 0.3131559193134308, 0.3986716568470001, 0.12495444715023041, 0.8564597368240356, 0.8512635231018066, -0.47309499979019165, 0.5334638357162476, 1.4572330713272095, 0.28284627199172974, 0.3446595072746277, 0.08039571344852448, 1.290247917175293, -0.14202916622161865], [-0.012768074870109558, 0.44209444522857666, -0.4112588167190552, -0.12402568012475967, 0.7996172904968262, 0.7665295004844666, 0.06732763350009918, 1.3186397552490234, -0.17394953966140747, 0.9565222859382629, 0.18188655376434326, 0.6095869541168213, -0.15052786469459534, -0.4979614019393921, -0.23740628361701965, -0.11284255236387253, -0.11907590180635452, 1.9752418994903564, -0.12415864318609238, 0.00310351699590683, -0.14776647090911865, -0.2579357922077179, -0.034360043704509735, 0.03917401283979416, -0.36581680178642273, 0.7182601094245911, -0.2687731981277466, -0.025081314146518707, 0.809177041053772, 0.0950118824839592, 1.185123085975647, -0.02019622176885605]], [[-0.7374128103256226, 0.9311193227767944, 0.367386132478714, 0.3912866711616516, 0.0904797613620758, 0.39759862422943115, -0.3070076107978821, 0.3394448757171631, 0.2071092128753662, -0.06498409807682037, 0.27304428815841675, 0.8940714597702026, 0.4534527063369751, 0.1979638934135437, 0.24005579948425293, 1.2692146301269531, -0.5191477537155151, 0.5969275236129761, -0.1342426985502243, 0.9247831106185913, 0.23580193519592285, 0.6623188853263855, 1.2335569858551025, 1.1240875720977783, 0.23971500992774963, 0.30968448519706726, 1.7678852081298828, -0.033255115151405334, 0.7779518365859985, 0.07387787848711014, 1.5412431955337524, 0.2526467740535736], [-0.01725609600543976, -0.3858022093772888, -0.1393384486436844, -0.046903833746910095, 0.027453482151031494, -0.8161662817001343, -0.03100280463695526, 0.420373797416687, -0.32457441091537476, -0.4356536865234375, 0.08966884762048721, -0.31314390897750854, 0.1646491438150406, -0.493297815322876, -0.030405551195144653, 0.013715505599975586, -0.21144892275333405, -0.03323569893836975, 0.04616266489028931, 0.1895422637462616, -0.012790083885192871, -0.08315542340278625, -0.23974405229091644, -0.3234156370162964, -0.4267061948776245, 0.4630553722381592, -0.00628836452960968, 0.09363746643066406, 0.6910792589187622, 0.08895595371723175, 1.0507785081863403, 0.1925072968006134]], [[-1.087921142578125, -0.7657594084739685, -0.589421808719635, -0.8261341452598572, -0.588484525680542, -0.9644433856010437, -0.3396646976470947, -0.6479997634887695, -0.3568904995918274, -1.0923006534576416, -0.7836006283760071, -0.8805075287818909, -0.8797374367713928, -0.816735565662384, -0.6078225374221802, -0.3511585593223572, -0.07486757636070251, -0.7199471592903137, -0.7069357633590698, -0.8383858799934387, -0.541657567024231, -0.6389249563217163, 0.17495033144950867, -0.018963098526000977, -0.07126575708389282, -0.7250227928161621, -1.258401870727539, -0.9390221238136292, -0.5382887721061707, -0.7731758952140808, -0.3724544644355774, -0.9567503333091736], [-0.15346917510032654, -0.8962357640266418, -0.597923219203949, -0.6326676607131958, -0.4799637198448181, -0.7264184951782227, -0.6869655847549438, -0.8378763794898987, -0.5331082344055176, -1.1169865131378174, -1.0264239311218262, -0.5378637313842773, -0.8205931782722473, -1.2479922771453857, -0.7190802693367004, -0.31387025117874146, -1.0965735912322998, -1.3277795314788818, -0.690844714641571, -0.6926738619804382, -0.805582582950592, -0.9375708699226379, -0.3453531265258789, -0.5060598850250244, -0.6128435134887695, -1.1917543411254883, -0.8494423031806946, -0.22522130608558655, -0.6920396089553833, -0.823503315448761, -1.0809237957000732, -0.19849002361297607]], [[0.46134960651397705, 1.9800865650177002, 1.2422583103179932, 1.2946176528930664, 0.4792900085449219, 2.20489239692688, 0.5846999883651733, 0.5843842625617981, 0.7897390723228455, 1.3448479175567627, 0.9708006978034973, 1.6114723682403564, 0.8550023436546326, 0.6559563875198364, 0.7030013203620911, 1.0234689712524414, -0.04034937918186188, 1.186066746711731, 0.5336868166923523, 1.492387056350708, 0.32750260829925537, 0.5826595425605774, 0.16305874288082123, 0.24639703333377838, 0.3691294193267822, 0.620750904083252, 1.030833125114441, 0.4076777696609497, 0.47822701930999756, 0.3958272933959961, 0.7108217477798462, 0.4147225022315979], [-0.07368405908346176, 1.1478512287139893, 0.6438042521476746, 0.6842785477638245, 1.587624430656433, 2.08099365234375, 0.6597808599472046, 1.1968052387237549, 0.3763110637664795, 2.2506351470947266, 1.1782482862472534, 1.7213999032974243, 1.2225641012191772, 1.4326204061508179, 1.14363694190979, 1.428093433380127, 1.0045017004013062, 2.4399502277374268, 1.3219826221466064, 1.9669666290283203, 1.475829005241394, 2.256437301635742, 1.8098232746124268, 1.6327849626541138, 0.7488856315612793, 2.343656063079834, 0.3834131360054016, -0.06130257248878479, 0.5372443795204163, 0.6826841235160828, 0.5958071947097778, -0.06471216678619385]], [[0.3494376540184021, -0.05681994557380676, 0.15914086997509003, -0.20061613619327545, 0.4051520824432373, -0.6310728788375854, 0.8070687055587769, 0.39060312509536743, 0.40670597553253174, -0.23335199058055878, 0.16445615887641907, -0.7630235552787781, -0.22388069331645966, 0.19347307085990906, 0.42149120569229126, -0.42882663011550903, -0.0036135464906692505, -0.2266222983598709, -0.007364869117736816, -0.28436630964279175, 0.014788202941417694, 0.11799003183841705, 1.0444306135177612, 0.9137272834777832, -0.4124903678894043, 0.15340913832187653, -0.6351286768913269, 0.22004538774490356, -0.1809525340795517, 0.07174103707075119, -0.36868131160736084, 0.16812914609909058], [0.17704880237579346, -0.26024961471557617, -0.1360098272562027, -0.31417423486709595, -0.8900931477546692, -1.121402621269226, 0.0908772200345993, -0.5441914200782776, -0.14009402692317963, -1.5444037914276123, -0.6148465871810913, -1.3892509937286377, -0.7319291830062866, -0.5673751831054688, -0.556629478931427, -0.5563510656356812, -0.40488308668136597, -1.728999376296997, -0.631328284740448, -1.015470266342163, -0.32404613494873047, -0.40656739473342896, -1.1740796566009521, -0.9672355055809021, -0.2871135473251343, -1.1769134998321533, -0.13395945727825165, 0.2693650722503662, -0.6267379522323608, -0.22250784933567047, -0.6515898704528809, 0.3533226251602173]], [[0.6008594036102295, 0.7669649124145508, 1.2333624362945557, 0.2500194311141968, 0.7438644766807556, 0.5899127125740051, 1.2088196277618408, 0.23256978392601013, 1.0481303930282593, 0.8870909810066223, 1.2315030097961426, 0.8726586103439331, 1.3199163675308228, 0.31519606709480286, 1.4504225254058838, 0.5418813228607178, 1.2417572736740112, 0.8577216863632202, 0.540513277053833, 0.743208110332489, 0.8484145998954773, 0.6090090870857239, 0.8824001550674438, 0.9089195132255554, 2.2253921031951904, 0.6853049397468567, 1.279386281967163, 0.8289883136749268, 0.6154352426528931, 0.40558385848999023, 1.1011990308761597, 0.19248813390731812], [0.2718663811683655, 0.44943490624427795, 0.4070306122303009, 0.26841604709625244, 0.6243915557861328, -0.046376973390579224, 0.29170462489128113, 0.2675500512123108, 0.27313917875289917, 0.3289251923561096, 0.32160720229148865, 0.13874715566635132, 0.39447230100631714, 0.8251347541809082, 0.5560404062271118, -0.2298140525817871, 0.7691410779953003, 0.23701390624046326, 0.6572203636169434, 0.385420024394989, 0.6804819107055664, 1.3364816904067993, 1.02512788772583, 0.7630552053451538, 0.8543501496315002, 0.6244216561317444, 0.36493542790412903, 0.20376572012901306, 0.3902297616004944, 0.24068760871887207, -0.09017972648143768, 0.22140461206436157]], [[0.24400457739830017, -0.14436526596546173, -1.0384544134140015, 0.019198577851057053, -0.443073570728302, 0.095604807138443, -0.0033877557143568993, -0.7749948501586914, -0.20357473194599152, -0.5483059287071228, -0.8596739768981934, -0.8481845855712891, -1.0132535696029663, -0.2132037878036499, 0.24044877290725708, -0.603775143623352, -0.027353981509804726, -0.48698124289512634, -0.450276255607605, -0.00622011162340641, -0.7375195622444153, -0.6147031784057617, 0.17066413164138794, -0.337377667427063, -0.460103303194046, -0.0702497810125351, -1.6335054636001587, -0.3147220015525818, -0.4552711248397827, -0.5286438465118408, -1.119257926940918, -0.27767667174339294], [-0.1948171854019165, -0.2781549394130707, -0.09282166510820389, -0.20232297480106354, -0.4322021007537842, -0.41792386770248413, -0.606799840927124, -0.7408822774887085, -0.19422082602977753, -0.18501409888267517, -0.476199209690094, -0.3167271018028259, -4.5736320316791534e-05, 0.6681952476501465, -0.11223766207695007, -0.40001770853996277, 0.2583356201648712, -0.09453917294740677, 0.36223486065864563, 0.32577648758888245, 0.29140347242355347, 0.4107418954372406, 0.2930804193019867, 0.2955600321292877, 0.35286378860473633, 0.0030776401981711388, -0.35319605469703674, -0.15977132320404053, -0.47535520792007446, -0.6411581635475159, -1.0544204711914062, -0.2034536600112915]], [[-0.865929901599884, -0.8532374501228333, -0.8209800720214844, -0.9474788308143616, -1.1946094036102295, -0.24961185455322266, -0.8582494854927063, -1.0107970237731934, -0.3388981521129608, -0.5780737996101379, -0.9499866366386414, -0.7225197553634644, -0.7129948735237122, -0.7884793877601624, -1.126655101776123, -0.7386429905891418, -0.6383151412010193, -0.14310459792613983, -0.4874574542045593, 0.12658680975437164, -0.9385971426963806, -0.7853604555130005, -1.1650686264038086, -0.5615938305854797, 0.11890114843845367, 0.06064063683152199, -0.4743398427963257, -0.6928022503852844, -0.8390320539474487, -0.7463914752006531, -0.8735846281051636, -1.1561439037322998], [-0.06050434708595276, -1.2189621925354004, -1.1675128936767578, -0.7883622646331787, -1.3219597339630127, -0.7050188183784485, -1.2723097801208496, -0.6216884851455688, -0.7432496547698975, -1.049504280090332, -1.4140191078186035, -0.6529176235198975, -1.7083408832550049, -1.0659856796264648, -1.4034357070922852, -0.7042617797851562, -1.3131434917449951, -0.7074790000915527, -1.195577621459961, -0.686251699924469, -1.5752849578857422, -1.3324294090270996, -1.5861258506774902, -0.7514738440513611, -0.9954900145530701, -2.0373377799987793, -0.9110186100006104, -0.09710574150085449, -1.1092760562896729, -0.95320063829422, -0.9289819598197937, -0.08942502737045288]], [[0.3460846245288849, 0.8183695673942566, 0.3648573160171509, 0.43919092416763306, -0.03440067917108536, 0.37720662355422974, -0.40742623805999756, 0.11983905732631683, 0.016859926283359528, 0.6331594586372375, 0.24760915338993073, 0.36512717604637146, -0.17833025753498077, 0.3815118670463562, -0.5745164155960083, -0.13512839376926422, -0.017477571964263916, 0.16497212648391724, 0.23035532236099243, 0.3132202625274658, -0.05543343722820282, -0.23697514832019806, -0.3313804268836975, -1.1409348249435425, -0.6552454829216003, 0.20666979253292084, -0.3525027632713318, 0.5033061504364014, 0.1258321851491928, 0.3115914463996887, -0.20234505832195282, 0.30254676938056946], [0.4420875906944275, 0.48059913516044617, 0.4091467559337616, 0.6360681056976318, 0.30362647771835327, 0.3867061734199524, 0.34025681018829346, 0.1418808251619339, 0.33731549978256226, 0.15738406777381897, 0.7144502401351929, 0.1272047609090805, 0.4328950047492981, 0.49054595828056335, 0.18772831559181213, 0.4318709373474121, 0.30709728598594666, 0.28575509786605835, 0.2917039096355438, 0.4570019245147705, 0.016896367073059082, -0.25554728507995605, -0.052422456443309784, 0.4247746169567108, 0.18554572761058807, 0.49213916063308716, 0.2120317667722702, 0.3497544229030609, 0.04990994185209274, 0.5430289506912231, -0.2555910348892212, 0.3495978116989136]], [[0.17170700430870056, 0.2849753201007843, 0.5904140472412109, -0.3780326545238495, 0.6158218383789062, -0.429267555475235, 0.6284740567207336, 0.4095727205276489, 0.36278003454208374, 0.22841912508010864, 0.8887127041816711, 0.6126617193222046, 0.7598794102668762, 0.07488574832677841, 0.4562700390815735, 0.12413357198238373, -0.5338386297225952, -0.0007141688838601112, 0.38593125343322754, 0.29464486241340637, 0.595137357711792, 0.852398693561554, 1.1509716510772705, 0.7493711709976196, -0.5835798978805542, 0.569553017616272, 1.0772510766983032, 0.3218790292739868, 0.1760989874601364, 0.3546183407306671, 0.3855891823768616, -0.19939391314983368], [0.09155663102865219, 0.4534541070461273, 0.27896353602409363, 0.2974662482738495, 0.9116129875183105, 0.48790380358695984, 0.2163330316543579, 0.4951253831386566, 0.2218138426542282, 0.6550315022468567, 0.5646542906761169, 0.6897925734519958, 0.4738492965698242, -0.2822813093662262, 0.2753201425075531, 0.021779419854283333, -0.11395858228206635, 0.0590328574180603, 0.15422290563583374, 0.3189490735530853, 0.15147805213928223, 0.2527106702327728, -0.049750179052352905, -0.31839630007743835, -0.1336231380701065, 0.5633418560028076, 0.2936953604221344, 0.07941199839115143, 0.37196359038352966, 0.15327666699886322, 0.10961470752954483, 0.0258402768522501]], [[0.13877317309379578, 0.10434813052415848, -0.3202260136604309, -0.047033730894327164, 0.12295625358819962, -0.30230608582496643, 0.7710834741592407, -0.0387035571038723, -0.19803929328918457, -0.324179083108902, 0.2055320143699646, 0.22583603858947754, -0.17565420269966125, 0.1327252984046936, 0.4910300076007843, -0.543978750705719, 0.02580776810646057, -0.6773033738136292, -0.19961845874786377, -0.4260141849517822, 0.0921635553240776, 0.17833036184310913, 0.6053547263145447, 0.6241234540939331, 0.9436088800430298, 0.23704680800437927, 0.324331670999527, 0.6166401505470276, 0.08757146447896957, 0.07428682595491409, 0.21614399552345276, 0.3125084638595581], [0.4771086275577545, 0.6111307740211487, 0.26943227648735046, 0.34371036291122437, 0.5525966286659241, 0.36936432123184204, 0.15979701280593872, 0.28294771909713745, 0.1348247528076172, 0.6651039123535156, 0.5762631297111511, 0.9657014608383179, 0.7699798345565796, 0.2515515983104706, 0.2647988498210907, 0.4935034215450287, 0.19540366530418396, 0.6927424073219299, 0.3331959545612335, 0.5454711318016052, 0.4858441650867462, 1.4611759185791016, 0.6236893534660339, 0.9107113480567932, 0.935850203037262, 1.539519190788269, 0.32617247104644775, 0.4381997883319855, 0.4530632793903351, 0.09418723732233047, 0.5403395891189575, 0.43853089213371277]], [[0.4338863492012024, -0.8777912855148315, 0.023124411702156067, -0.6127458810806274, 0.5665377378463745, -0.6722404956817627, 1.1954610347747803, -0.6294506192207336, 0.26000818610191345, -0.6841567158699036, 0.13864970207214355, -0.5544164180755615, 0.22341129183769226, -0.18088898062705994, 1.0076028108596802, -0.621152937412262, 0.6908192038536072, -0.7556506991386414, 0.019679024815559387, -0.4477148950099945, 0.06003013253211975, 0.14693239331245422, 1.0016072988510132, 0.5532938838005066, 0.4241120219230652, -0.11765407025814056, 0.6470116376876831, 0.7750966548919678, -0.24119803309440613, 0.015966519713401794, -0.2980746924877167, 0.24278849363327026], [0.23809736967086792, 0.3368678092956543, 0.6081038117408752, -0.036207616329193115, 0.18868300318717957, -0.2634972929954529, 0.4421239495277405, -0.46778324246406555, 0.1853465735912323, -0.32508543133735657, 0.09717753529548645, 0.020914465188980103, 0.22975245118141174, 0.23925870656967163, 0.4096865653991699, -0.06758959591388702, 0.4579543471336365, -1.0768183469772339, 0.2683697044849396, -0.17659026384353638, 0.16973379254341125, 0.11352679133415222, 0.2918720543384552, 0.48652851581573486, 0.5689929127693176, 0.4903280735015869, 0.33820438385009766, 0.2934195101261139, 0.06937770545482635, 0.18963515758514404, -0.07036485522985458, 0.34151148796081543]], [[0.11339833587408066, -0.7907879948616028, -0.3359730839729309, -0.7374172210693359, -0.7768298983573914, -0.2277117371559143, -0.6363335847854614, -0.4565292298793793, 0.12914463877677917, 0.22486113011837006, 0.11840755492448807, -0.5530574321746826, -0.6153156161308289, -0.4265270531177521, -0.557073175907135, -0.5539120435714722, -0.18761876225471497, 0.19363747537136078, -0.23705030977725983, -0.4297613799571991, -0.6614870429039001, -0.20323769748210907, -0.2218398004770279, 0.003795675467699766, -0.2904702126979828, 0.22591139376163483, -0.8693034648895264, -0.1360524743795395, -0.5853725075721741, -0.25891003012657166, -1.2660034894943237, -0.3683388829231262], [-0.23996049165725708, -0.9402933716773987, -0.8141213655471802, -0.7418232560157776, -1.564921498298645, -1.2577871084213257, -0.7810114622116089, -1.1169788837432861, -0.33707600831985474, -0.6129826903343201, -1.2457247972488403, -0.7930188775062561, -1.3730125427246094, -0.6579185128211975, -0.9122719168663025, -0.8247658014297485, -0.8692101240158081, -0.23321467638015747, -0.9588401913642883, -0.7801264524459839, -0.9812368750572205, -0.30685433745384216, -0.4072778820991516, -0.7471495866775513, -0.5891436338424683, -0.44898900389671326, -0.37801867723464966, -0.3253362476825714, -1.236014485359192, -0.6679234504699707, -1.4527002573013306, -0.28918343782424927]], [[0.36808234453201294, -0.3208937644958496, 0.366258442401886, -0.3428242802619934, 0.5961378812789917, -1.1778864860534668, 0.3685593008995056, -0.1860080361366272, -0.4874987006187439, -0.6234575510025024, 0.7093886137008667, -1.1190769672393799, 0.2135942429304123, -0.22251659631729126, 0.22855322062969208, -1.1031113862991333, -0.3503485321998596, -0.8989487886428833, 0.11698748171329498, -0.1807093322277069, 0.39749306440353394, 0.06398442387580872, -0.2790277302265167, -0.23510122299194336, -0.5915347337722778, -0.36759817600250244, -0.36290863156318665, 0.1646532267332077, 0.0910249799489975, 0.13695822656154633, -0.2096097469329834, -0.2015075385570526], [0.004781201481819153, -0.6335954070091248, -0.15946774184703827, -0.3610263466835022, -0.7872313857078552, -1.120198369026184, -0.1064918264746666, -0.9872897267341614, -0.2804192304611206, -1.6657527685165405, -0.8216230273246765, -1.477042555809021, -0.5977748036384583, -0.5264165997505188, -0.6483339071273804, -1.296173334121704, -0.19814181327819824, -2.388589859008789, -0.5352916121482849, -1.0051629543304443, -0.8355446457862854, -0.7391641139984131, -0.6692939400672913, -0.3898800015449524, -0.5988588929176331, -1.1846834421157837, -0.14395934343338013, 0.008485779166221619, -0.8997637033462524, -0.48594605922698975, -1.1432206630706787, 0.008354589343070984]], [[-0.20650631189346313, -0.5582664012908936, -0.33280667662620544, -0.24963735044002533, -0.5348687767982483, -0.24156561493873596, -0.3640802800655365, -0.6607449054718018, 0.043374642729759216, 0.08730483055114746, 0.015293523669242859, -0.8173389434814453, -0.27606111764907837, -0.3545975685119629, -0.1818413883447647, -0.8653582334518433, -0.22024738788604736, -0.10748249292373657, -0.6307097673416138, -0.13628505170345306, -0.8310353755950928, -0.505170464515686, -0.9695721864700317, -0.6847742795944214, -0.3721325397491455, -0.38967061042785645, -2.009404420852661, -0.6073965430259705, -0.9421079158782959, -0.53116774559021, -1.3277149200439453, -0.9186694622039795], [0.2919411361217499, 0.395869642496109, 0.24117913842201233, 0.26962408423423767, 0.4462798535823822, 0.832398533821106, -0.11001379042863846, 0.4867084324359894, -0.04734395444393158, 0.4421054422855377, 0.22030261158943176, 0.16472512483596802, 0.36392584443092346, 0.8392537832260132, 0.29047712683677673, 0.09073871374130249, 0.7010538578033447, 0.47134914994239807, 0.5945713520050049, 0.8421956300735474, 0.0908990204334259, -0.12161965668201447, -0.27366703748703003, -0.5624014735221863, -0.0908159390091896, 0.5757380723953247, -0.4156076908111572, 0.27014783024787903, -0.715640664100647, -0.08072870969772339, -1.1608291864395142, 0.25968480110168457]], [[0.09727993607521057, 0.24159599840641022, -0.17481271922588348, 0.6512894034385681, 0.01775508001446724, 0.2884310185909271, -0.18813647329807281, 0.5495689511299133, -0.20530101656913757, -0.17721834778785706, -0.48088234663009644, -0.2227313369512558, 0.05444920063018799, 0.43732988834381104, 0.14129753410816193, 1.764145851135254, 0.6440834403038025, 0.654132604598999, 0.17143109440803528, 0.6212537288665771, -0.12511491775512695, -0.223408505320549, -0.055389825254678726, 0.8830634951591492, 1.0109407901763916, 0.104477658867836, -0.7165571451187134, -0.21721073985099792, -0.38336795568466187, 0.18755806982517242, -0.010095182806253433, 0.42112481594085693], [0.24943885207176208, -0.19291150569915771, 0.0698879212141037, -0.13083337247371674, -0.5285884737968445, -0.3510817289352417, 0.26687175035476685, -0.2874462902545929, -0.042123645544052124, -0.8294832110404968, -0.6141640543937683, -0.6261803507804871, -0.21188578009605408, -0.0054685864597558975, 0.4662932753562927, 0.4633418023586273, 0.15435825288295746, -0.5213348269462585, -0.2542101740837097, -0.20261642336845398, 0.020153390243649483, -0.189395010471344, 0.043446656316518784, 0.9769065976142883, 1.0015395879745483, -0.045651357620954514, -0.16210931539535522, 0.13782867789268494, -1.1138770580291748, -0.22321829199790955, -0.48770803213119507, 0.14454740285873413]], [[0.49831560254096985, 0.6946714520454407, 0.9039117097854614, 0.6716039776802063, 0.3860011398792267, 1.020227074623108, 0.7792617082595825, 0.8498295545578003, 1.1766444444656372, 0.6090031862258911, 0.5179968476295471, 0.9542521834373474, 0.2837505638599396, 0.7899346947669983, 0.5685290098190308, 1.575331211090088, 0.9717523455619812, 0.8644793033599854, 0.6870386600494385, 1.0734666585922241, 0.5736416578292847, 1.0920333862304688, 1.6053611040115356, 0.6164213418960571, 0.7250295281410217, 0.7005043625831604, 1.3490116596221924, 0.5816237330436707, 0.7054648399353027, 0.4038912057876587, 0.8614579439163208, 0.5738518834114075], [0.49561014771461487, 0.38715502619743347, 0.14640279114246368, 0.36463555693626404, -0.03328040987253189, 0.43645745515823364, 0.5387674570083618, 1.0864075422286987, 0.24351605772972107, 0.9478021264076233, 0.2997402846813202, 0.22368429601192474, 0.15186744928359985, 0.19111236929893494, 0.3109424114227295, 0.41906118392944336, 0.43299609422683716, 1.4331326484680176, 0.1794220358133316, 0.5019804239273071, 0.0620994046330452, -0.04192172735929489, 0.4999893307685852, 0.8831907510757446, 0.8632955551147461, 0.5438680648803711, 0.23662379384040833, 0.562896728515625, 0.07739704847335815, 0.18416085839271545, 0.5002235770225525, 0.5655480027198792]], [[-0.46241170167922974, -0.3611426055431366, -0.3182031512260437, -0.6375669240951538, -0.0035569574683904648, -0.4618302285671234, 0.30457788705825806, 0.08732001483440399, 0.2929588556289673, -0.39956197142601013, 0.2027047872543335, -0.18191391229629517, 0.2035476565361023, -0.10129299759864807, 0.42450812458992004, -0.3272692859172821, 0.05197292938828468, -0.44308868050575256, -0.42218247056007385, -0.43215855956077576, 0.2549874484539032, 0.08800031244754791, 0.29104673862457275, 0.09913899004459381, -1.0376008749008179, 0.019135732203722, 0.16032208502292633, 0.4660346210002899, 0.20712843537330627, 0.15212565660476685, 0.3285335898399353, -0.10514131188392639], [0.14725260436534882, -0.6627838015556335, -0.7522090673446655, -0.41062018275260925, -0.8450539708137512, -0.9021833539009094, -0.32781943678855896, -0.8287587761878967, -0.44176995754241943, -0.8991641998291016, -0.4543898105621338, -1.0063964128494263, -0.5633181929588318, -1.3004461526870728, -0.40002086758613586, -0.8155959248542786, -0.5111891627311707, -1.2188234329223633, -0.7831200361251831, -0.9875317215919495, -0.6296555399894714, -0.09204359352588654, -0.80950528383255, -0.6634300351142883, -0.7858593463897705, -2.2791073322296143, -0.27450621128082275, 0.26407018303871155, -0.6828724145889282, -0.3289843499660492, -0.5703643560409546, 0.20111298561096191]], [[1.3975907564163208, 1.9791059494018555, 1.639748215675354, 1.702405571937561, 1.1112111806869507, 1.8666620254516602, 1.0638858079910278, 1.7840148210525513, 1.6442986726760864, 1.8237982988357544, 1.8580248355865479, 2.1335604190826416, 1.6550958156585693, 1.1133369207382202, 1.3456900119781494, 0.6549631357192993, 0.8646776676177979, 1.3514187335968018, 1.2296820878982544, 1.3343348503112793, 1.2897751331329346, 1.9267733097076416, 1.93892502784729, 1.3106188774108887, 1.7114659547805786, 1.217303991317749, 2.6494078636169434, 1.5029999017715454, 1.385472297668457, 1.247052788734436, 1.899338722229004, 1.616129994392395], [0.4591946601867676, 1.8089947700500488, 1.5414944887161255, 1.3540416955947876, 2.1475696563720703, 2.0232112407684326, 2.023880958557129, 1.465640902519226, 1.3620318174362183, 2.0095341205596924, 2.0399246215820312, 1.8533025979995728, 2.100327730178833, 1.7493584156036377, 1.9541785717010498, 1.5449550151824951, 1.703722357749939, 1.8661198616027832, 1.976067066192627, 1.8991718292236328, 2.204636812210083, 2.3889620304107666, 2.807610273361206, 2.416154384613037, 1.8307912349700928, 1.13011634349823, 1.6109212636947632, 0.4819104075431824, 2.1150951385498047, 1.799858808517456, 2.4737610816955566, 0.41775113344192505]], [[0.15017114579677582, -0.19211861491203308, -0.5085585117340088, -0.017599359154701233, -0.2277887463569641, -0.3428918123245239, -0.33726465702056885, 0.14200735092163086, 0.6666017174720764, 0.3890209197998047, -0.3651546835899353, -0.411864697933197, -0.4696667790412903, -0.08722658455371857, 0.26924845576286316, -0.36296600103378296, 0.2171289324760437, -0.41780543327331543, -0.4449238181114197, -0.7096959352493286, -0.3663995862007141, -0.273772656917572, 0.0026679635047912598, 0.4470667243003845, 0.7706328630447388, -0.1354793906211853, -0.6073804497718811, -0.131302148103714, -0.12580016255378723, 0.04221983999013901, -0.2058945894241333, 0.12494335323572159], [0.09320338070392609, 0.1216893345117569, 0.2846851348876953, 0.3364343047142029, -0.14586731791496277, -0.14836618304252625, 0.48192185163497925, 0.05430687218904495, 0.35152724385261536, -0.3901514410972595, -0.32933661341667175, -0.26627635955810547, 0.14751014113426208, 0.5692125558853149, 0.5496153235435486, 0.5985990166664124, 0.7458582520484924, -0.6183791756629944, 0.3355557322502136, 0.15394887328147888, 0.48988327383995056, 0.2384062111377716, 1.0404844284057617, 1.2228078842163086, 0.9887784123420715, -0.5954834222793579, 0.5115856528282166, 0.10300792753696442, 0.3320653438568115, 0.21199201047420502, 0.06158997863531113, 0.14557889103889465]], [[0.6443192958831787, -0.12969231605529785, 1.1286630630493164, 0.31639358401298523, 0.7772951722145081, -0.23059451580047607, 0.8567174673080444, 0.6120202541351318, 1.070610761642456, 0.7159321904182434, 1.125850796699524, 0.6528108716011047, 0.7197996973991394, 0.6649886965751648, 0.8615118265151978, 1.0134198665618896, 0.6941213011741638, 0.4680899679660797, 1.1678221225738525, 0.7544460296630859, 1.2839356660842896, 1.2236560583114624, 1.5305922031402588, 2.0997142791748047, 0.7880767583847046, 0.8556341528892517, 0.4601631164550781, 0.414725661277771, 0.4310247600078583, 0.883879542350769, 0.6174501776695251, 0.7424474358558655], [0.15957537293434143, 0.964690089225769, 0.6853546500205994, 0.7770112752914429, 1.1357158422470093, 1.181341528892517, 0.6495223045349121, 1.1393073797225952, 0.5929546356201172, 0.842519998550415, 0.8161749839782715, 0.8373196125030518, 0.32015538215637207, 0.4690104126930237, 0.4313046932220459, 0.9927026629447937, 0.5279229283332825, 1.4872764348983765, 0.24386030435562134, 0.9145111441612244, 0.4955396056175232, 0.8823403716087341, 0.08100974559783936, -0.04535595327615738, 0.23105758428573608, 1.9109522104263306, 0.4488934278488159, 0.1287689357995987, 0.6231590509414673, 0.7705519795417786, 0.6611561179161072, 0.09761934727430344]], [[0.9183834791183472, 1.8225640058517456, 1.605084776878357, 1.0870381593704224, 1.2217217683792114, 2.053356170654297, 1.0235521793365479, 1.408050775527954, 1.7455285787582397, 1.7763651609420776, 1.221065878868103, 2.357881546020508, 1.539528250694275, 0.8419085144996643, 0.6444149613380432, 1.683423399925232, 0.19877180457115173, 1.0482094287872314, 1.1888175010681152, 1.3955837488174438, 1.3010449409484863, 1.6109827756881714, 2.3750476837158203, 1.642959713935852, 0.6060176491737366, 1.197392463684082, 3.329524040222168, 0.8573497533798218, 1.487756609916687, 1.055314540863037, 2.397475242614746, 1.0487771034240723], [-0.0135621577501297, 1.645978331565857, 0.8140418529510498, 0.7334014177322388, 1.8250088691711426, 1.906652808189392, 1.1128684282302856, 1.562330961227417, 0.7757301330566406, 2.6134347915649414, 1.9047071933746338, 1.9533237218856812, 1.6810352802276611, 1.5743510723114014, 1.4069199562072754, 0.9877308011054993, 1.5670629739761353, 2.5027036666870117, 1.5626565217971802, 1.187819480895996, 1.3335434198379517, 1.485703945159912, 1.8560289144515991, 1.989941120147705, 1.260958194732666, 1.9691706895828247, 0.647882878780365, 0.04663825035095215, 2.1194140911102295, 0.884933352470398, 2.5479257106781006, -0.013696908950805664]], [[0.017499655485153198, -0.9997683763504028, -1.1609798669815063, -0.7938855886459351, -0.8029998540878296, -1.371055245399475, -0.21101367473602295, -0.7409944534301758, -0.44996377825737, -0.6606850624084473, -0.8400495052337646, -1.3609869480133057, -1.0587137937545776, -0.6730638742446899, -0.3567984104156494, -1.5331910848617554, 0.13863953948020935, -0.8712108135223389, -0.41988641023635864, -0.8498308658599854, -0.6286919116973877, -0.6358758211135864, -1.563665509223938, -1.5831165313720703, -0.6620082855224609, -0.8035051822662354, -1.4362550973892212, -0.220235675573349, -0.49387413263320923, -0.37781327962875366, -1.0333354473114014, -0.44920384883880615], [-0.05544397234916687, -0.22506186366081238, -0.10560691356658936, -0.14778512716293335, -0.632399320602417, -0.620815098285675, -0.12312911450862885, -0.6825903654098511, -0.044051527976989746, -0.5413843393325806, -0.10721613466739655, -0.36720386147499084, -0.18960902094841003, 0.10493654012680054, -0.24044880270957947, -0.3984512388706207, 0.07250934839248657, -0.34851107001304626, -0.05029761791229248, -0.1923355758190155, -0.07023590803146362, 0.013854831457138062, -0.22543685138225555, 0.3238384425640106, 0.38281020522117615, -0.17015820741653442, -0.060322463512420654, -0.07514998316764832, -0.6671077013015747, -0.1970800757408142, -1.0403589010238647, -0.08956898748874664]], [[-0.00030201300978660583, -0.34876519441604614, -0.5153117179870605, -0.26574280858039856, -0.5057663917541504, -0.5032762289047241, -0.2879047989845276, -0.32139623165130615, -0.06292867660522461, -0.35661640763282776, -0.34407469630241394, -0.3418629765510559, -0.17966730892658234, -0.23016922175884247, 0.3061809539794922, -0.700141966342926, 0.0776648223400116, -0.7616009712219238, -0.30783769488334656, -0.7090111374855042, -0.4667528569698334, -0.572978675365448, 0.14261513948440552, 0.2760108709335327, -0.5320530533790588, -0.07839488983154297, -1.11786687374115, 0.010305583477020264, -0.4745209515094757, -0.32173219323158264, -0.7934041023254395, -0.08781394362449646], [-0.07207833230495453, 0.37436890602111816, 0.4546177089214325, 0.2723363935947418, 0.50596022605896, 0.29565051198005676, 0.48635467886924744, -0.015468057245016098, 0.3349910378456116, -0.24422679841518402, 0.6457313299179077, -0.0669609010219574, 0.9008744359016418, 0.8144187331199646, 0.6107198596000671, 0.35299497842788696, 0.6077659726142883, -0.6128737926483154, 0.7730171084403992, 0.3031209409236908, 0.8185861706733704, 0.5520389080047607, 0.09726881235837936, -0.05684607848525047, 0.2547529935836792, -0.09906791150569916, 0.42125949263572693, -0.08252151310443878, 0.047265540808439255, 0.40094539523124695, -0.23393167555332184, -0.08374042809009552]], [[-0.8756802082061768, -0.6955791115760803, -0.4367627203464508, -1.350101351737976, -0.48421144485473633, -1.526356816291809, -0.13336658477783203, -0.2721782326698303, -0.8427390456199646, -0.9310465455055237, -0.406868040561676, -1.0241241455078125, -0.5755317807197571, -0.9420854449272156, -0.23676005005836487, -1.1473710536956787, -0.7699612975120544, -1.037843108177185, -0.6812589168548584, -0.7742552757263184, -0.5423815250396729, -0.4477281868457794, 0.9770126342773438, -0.08590061962604523, -0.7470632195472717, -0.0919819176197052, 0.06950319558382034, -0.49771928787231445, -0.5319169163703918, -0.4717901945114136, -0.21713867783546448, -0.5763316750526428], [-0.29217901825904846, -0.4569344222545624, -0.1535850316286087, -0.41531991958618164, -0.9885220527648926, -0.5839047431945801, -0.3511875867843628, -1.2082717418670654, -0.28417402505874634, -0.9737060070037842, -0.6512359976768494, -1.1551066637039185, -0.5976230502128601, -0.47752654552459717, -0.4747796654701233, -0.7395598292350769, -0.2241532802581787, -1.7219533920288086, -0.45469993352890015, -0.984299898147583, -0.6500299572944641, -0.4632187783718109, -0.39524853229522705, -0.03057209774851799, -0.39784684777259827, -1.2042534351348877, -0.2632697522640228, -0.1633094698190689, -0.572833776473999, -0.5531498789787292, -1.1153749227523804, -0.1851227581501007]], [[-0.5923441052436829, 1.670088529586792, -0.08024083077907562, 0.4532806873321533, 0.0960438996553421, 1.0024694204330444, 0.45694291591644287, 0.6313810348510742, -0.24648047983646393, 0.7383108139038086, 0.26218312978744507, 0.8830565810203552, 0.18991148471832275, -0.06389415264129639, -0.07220813632011414, -0.0340333916246891, -0.40714097023010254, 0.2090243548154831, -0.08177147805690765, 0.7654719352722168, 0.36946940422058105, 0.1597888469696045, 0.9267666339874268, 0.5327358245849609, 0.9197819232940674, 0.6874029636383057, 1.2856225967407227, 0.3844907879829407, 0.2963365316390991, -0.20656991004943848, 0.8160573244094849, -0.31499987840652466], [-0.09901067614555359, 0.2740301489830017, -0.24809817969799042, -0.09864895045757294, 0.22942672669887543, 0.3780859708786011, -0.35309821367263794, 0.7495338916778564, -0.28502583503723145, 1.3113627433776855, 0.22491909563541412, 0.6564951539039612, -0.24941039085388184, -0.023234417662024498, -0.2242985963821411, -0.04029672220349312, -0.14414802193641663, 1.385316252708435, 0.0016808994114398956, 0.3452780246734619, -0.18049852550029755, 0.4401906132698059, 0.1047087162733078, 0.34803980588912964, 0.02009376883506775, 1.1264927387237549, -0.3033744692802429, -0.13696907460689545, 0.17396506667137146, -0.29934269189834595, 0.24145649373531342, -0.1349979043006897]], [[-0.5812638998031616, -1.1578634977340698, -0.7857129573822021, -0.7812018394470215, -0.28180739283561707, -1.2468948364257812, -0.20306259393692017, -0.6524838805198669, -0.23158857226371765, -1.2248027324676514, -0.8826184272766113, -2.019700527191162, -0.6663437485694885, -0.9338494539260864, -0.12780766189098358, -0.8890555500984192, -0.17679685354232788, -1.1883540153503418, -0.5756620168685913, -1.608059287071228, -0.17008930444717407, -0.42424511909484863, -0.2309887856245041, -0.22601252794265747, -0.27758079767227173, -0.47435659170150757, -0.9926996827125549, -0.31826508045196533, -0.3774675726890564, -0.32447099685668945, -0.22648105025291443, -0.4024364948272705], [0.029829204082489014, -0.639786958694458, -0.5594029426574707, -0.4512959122657776, -0.46541112661361694, -0.5668055415153503, -0.43573158979415894, -0.6219592690467834, -0.23028486967086792, -0.9679325222969055, -0.6542467474937439, -0.5580463409423828, -0.690106213092804, -0.4735358953475952, -0.5238571763038635, -0.48682701587677, -0.7613555192947388, -1.2171268463134766, -0.8442966341972351, -0.4043620228767395, -0.8908370733261108, -0.5660058259963989, -0.3792097568511963, -0.654808759689331, -0.3966355323791504, -0.2599260210990906, -0.30425262451171875, 0.05670975148677826, -0.45658808946609497, -0.5526559352874756, -0.7277032732963562, 0.045664310455322266]], [[0.3826858699321747, 0.08049049228429794, -0.17224621772766113, 0.534372091293335, -0.12353967130184174, 0.3439338803291321, 0.052838973701000214, 0.183536559343338, -0.45232659578323364, -0.26779794692993164, -0.4031568169593811, -0.5337546467781067, -0.32163456082344055, 0.5733641982078552, 0.061602912843227386, 0.38740313053131104, 0.33061233162879944, 0.20307931303977966, 0.3866758346557617, 1.0942068099975586, -0.035927914083004, -0.20622366666793823, -0.5705114603042603, -0.14082098007202148, 1.290205717086792, 0.8015788197517395, -0.44058576226234436, 0.12130139023065567, -0.02320602908730507, 0.13221901655197144, -0.15128135681152344, 0.38049548864364624], [0.17017808556556702, 0.40124401450157166, 0.20163720846176147, 0.450278103351593, 0.04083609580993652, -0.0715627670288086, 0.17184966802597046, -0.2661520540714264, 0.051985546946525574, -0.19276702404022217, 0.16041260957717896, 0.3659409284591675, -0.13049925863742828, 0.2230074107646942, 0.057144708931446075, 0.09435709565877914, 0.26953136920928955, 0.09297329932451248, 0.32187432050704956, 0.7017117142677307, -0.2544277310371399, 0.13404139876365662, 0.14428630471229553, 0.07945210486650467, 0.17870593070983887, -0.14077383279800415, 0.17379692196846008, 0.09385796636343002, -0.03078395500779152, 0.0873301550745964, 0.12055658549070358, 0.05685526877641678]], [[-0.3138803243637085, -0.6737207770347595, -0.7691431641578674, -0.43318885564804077, -0.08024448156356812, -1.1959717273712158, -0.2394465059041977, -0.7836812734603882, -0.06008379906415939, -0.8828769326210022, -0.5116580128669739, -0.7411719560623169, -0.3344249725341797, -0.2734411358833313, -0.30423909425735474, -0.23982615768909454, -0.10190367698669434, -0.21899430453777313, -0.2194964438676834, -0.42980360984802246, -0.26444077491760254, -0.7259793877601624, -0.58476322889328, -0.3410378098487854, -0.10583850741386414, -0.0010571293532848358, -1.3855818510055542, -0.7494369149208069, -0.6640220880508423, -0.4104764461517334, -1.2086286544799805, -0.3626074194908142], [-0.3897600769996643, -0.5712892413139343, -0.40078455209732056, -0.5994817614555359, -0.45168745517730713, -0.6224323511123657, -0.4938163161277771, -0.6751251816749573, -0.5296010971069336, -0.8044321537017822, -0.5853151082992554, -0.6062962412834167, -0.3249714970588684, -0.7407984137535095, -0.277232825756073, -0.07432808727025986, -0.6448062062263489, -1.1791563034057617, -0.4924059510231018, -0.7011626362800598, -0.033013857901096344, -0.4449058771133423, -0.13074743747711182, -0.5883784294128418, -0.3256358504295349, 0.2239680290222168, -0.4812238812446594, -0.38251209259033203, -0.8189582824707031, -0.6484506726264954, -0.8035919070243835, -0.42267197370529175]], [[-0.012575700879096985, -0.9529410004615784, -0.7605171799659729, -0.4238463044166565, -0.38792139291763306, -0.9518010020256042, -0.5132818818092346, -0.6827676296234131, -0.7192039489746094, -0.424865186214447, -0.3082435727119446, -1.0793821811676025, -0.7148242592811584, -0.11142326891422272, 0.023815572261810303, -0.7569561004638672, -0.8326330780982971, -0.3452184796333313, -0.23244605958461761, -0.6715269088745117, -0.6504935622215271, -0.14289815723896027, -0.6400514245033264, -0.5353434681892395, -0.5166593194007874, -0.45518308877944946, -1.479080080986023, -0.3009016513824463, -0.6483482122421265, -0.4071785807609558, -0.808926522731781, -0.13709785044193268], [0.14829419553279877, -0.5597903728485107, 0.10146968811750412, -0.2302352339029312, -1.3370577096939087, -1.0006917715072632, -0.1912119835615158, -1.239423394203186, -0.09555526077747345, -1.4435129165649414, -0.5530583262443542, -1.0996967554092407, -0.3297731280326843, 0.4789249897003174, -0.0922466367483139, -0.28705036640167236, 0.3880329728126526, -1.4355087280273438, -0.12783752381801605, -0.5563292503356934, -0.4090827703475952, -0.6488775014877319, 0.055083274841308594, 0.5724216103553772, 0.7353684902191162, -1.5761889219284058, 0.00475698709487915, 0.16291114687919617, -0.8591046929359436, -0.14976204931735992, -1.311218023300171, 0.19076907634735107]], [[0.12688064575195312, -0.15012945234775543, -0.2040204107761383, -0.08049894869327545, 0.27100110054016113, 0.26375487446784973, 0.24690137803554535, 0.032414961606264114, -0.01645379699766636, 0.3120534420013428, 0.4007238447666168, 0.07734568417072296, 0.2333841472864151, -0.04616806283593178, 0.32210054993629456, -0.41948220133781433, 0.13217392563819885, -0.07416068017482758, -0.0095096156001091, -0.30892977118492126, -0.12513409554958344, -0.2940126359462738, -0.9094921946525574, 0.010433938354253769, -0.23768797516822815, -0.4920494556427002, -0.8365035653114319, -0.012807700783014297, -0.35756370425224304, -0.0970185399055481, -0.5301533341407776, -0.12393280863761902], [0.21593748033046722, -0.4909416735172272, -0.03335261717438698, -0.07061640918254852, -0.330607146024704, -0.5004323720932007, -0.13514366745948792, -0.2328522503376007, 0.19430671632289886, -0.2148430049419403, -0.4835498034954071, -0.1370098888874054, -0.5161861777305603, -0.6603705286979675, -0.41664478182792664, -0.10894251614809036, -0.3231000304222107, -0.41513195633888245, -0.47201403975486755, -0.4713277220726013, -0.1899230182170868, -1.0268226861953735, -0.6186432838439941, 0.0609360970556736, 0.1679048240184784, 0.01642044261097908, 0.1345263570547104, 0.31958842277526855, -0.25508227944374084, -0.002045195549726486, -0.37631577253341675, 0.2880885601043701]], [[-0.5192323327064514, -0.10548470914363861, 0.35939133167266846, -0.3794369697570801, 0.08277232944965363, 0.21831770241260529, -0.32539787888526917, -0.07792404294013977, -0.918983519077301, -0.37073764204978943, -0.37638217210769653, -0.5483283400535583, -0.15803024172782898, -0.5343045592308044, -1.0059078931808472, -0.4098094403743744, -0.5205060839653015, 0.04087330400943756, -0.27430689334869385, -0.751863420009613, -0.42136579751968384, -0.6848711371421814, -1.4758425951004028, -1.1579633951187134, 0.2783479690551758, -0.07793119549751282, 0.3951927423477173, -0.30605149269104004, 0.06492312252521515, -0.2852165102958679, 0.0790516585111618, -0.45787328481674194], [-0.40871989727020264, -0.301986962556839, -0.14073723554611206, -0.34303563833236694, -0.43978509306907654, -0.2588549554347992, -0.1608152538537979, -0.05244512856006622, -0.34719741344451904, -0.2607139050960541, -0.08538137376308441, -0.5195165276527405, -0.5116069316864014, 0.1900978535413742, -0.3418889045715332, -0.17795854806900024, -0.10356135666370392, 0.03700660169124603, -0.1510251760482788, -0.20988747477531433, -0.20670747756958008, -0.18765932321548462, -0.6038220524787903, -0.42653852701187134, -0.5936808586120605, -0.9093175530433655, -0.6427490711212158, -0.5012563467025757, -0.5471190810203552, -0.3083307147026062, -0.15496736764907837, -0.4416775107383728]], [[-0.11675596237182617, -1.158074140548706, -0.5269671678543091, -0.6081097722053528, -0.3837173581123352, -0.8864833116531372, -0.08985722064971924, -0.7848203182220459, -0.397508442401886, -0.7033619284629822, -0.7220730781555176, -1.1751874685287476, -0.6788936853408813, 0.09164890646934509, -0.46643170714378357, -1.0014256238937378, -0.22574077546596527, -0.6580332517623901, 0.21405328810214996, -0.4277140200138092, -0.00561928004026413, -0.1682441234588623, -0.7315381169319153, -0.8773503303527832, -0.19299112260341644, -0.3505748510360718, -0.6808685064315796, -0.2724438011646271, -0.30226004123687744, -0.019608158618211746, -0.6254183650016785, -0.4465113878250122], [0.1975138634443283, -0.4002012610435486, -0.068698450922966, -0.14977522194385529, -0.5949256420135498, -0.3095395267009735, -0.10676799714565277, -0.11600331962108612, -0.04113468900322914, -0.6387739777565002, -0.3244296908378601, -0.6561566591262817, -0.2840850055217743, -0.15794742107391357, -0.12158060073852539, -0.2934715449810028, -0.16826960444450378, -0.7555943727493286, -0.3176843822002411, -0.4655431807041168, -0.36586835980415344, -0.41526708006858826, -0.19210807979106903, 0.051192596554756165, -0.299311101436615, 0.013067252933979034, -0.22751952707767487, 0.2412347048521042, -0.3096652626991272, -0.08172588050365448, -0.5178776979446411, 0.18987464904785156]], [[0.7188124656677246, 0.5571589469909668, 0.6363017559051514, 0.5470731854438782, 0.6551079154014587, 0.7550652027130127, 0.5924246311187744, 0.7165755033493042, 0.16289198398590088, 0.6521516442298889, 0.8526002168655396, -0.043808478862047195, 0.6247556805610657, 0.31080833077430725, 0.8577355742454529, 0.16747549176216125, -0.14411427080631256, 0.6850423812866211, 0.5964394211769104, 0.5592269897460938, 0.4370391368865967, 0.4254794120788574, -0.4775433838367462, 0.1486230492591858, -0.2410871982574463, 0.6655435562133789, -0.2514607310295105, 0.520077109336853, 0.06914099305868149, 0.4234731197357178, -0.16686834394931793, 0.43049174547195435], [0.20928475260734558, 0.9648571014404297, 0.5674440860748291, 0.6334537863731384, 1.1713048219680786, 1.0678222179412842, 0.6086774468421936, 0.34466883540153503, 0.38910141587257385, 0.6086952686309814, 0.5733593702316284, 0.6082447171211243, 0.8726442456245422, 1.4451481103897095, 0.9265134334564209, 0.49336785078048706, 1.1291654109954834, 1.169765591621399, 1.094287633895874, 1.0821787118911743, 1.2244620323181152, 1.5379657745361328, 1.618044137954712, 1.260395884513855, 1.0196304321289062, 0.971092939376831, 0.14820215106010437, 0.14516738057136536, -0.20068025588989258, 0.4863162636756897, -0.1487276554107666, 0.22590968012809753]], [[-0.023492388427257538, -0.2713039517402649, -0.3361579179763794, 0.11893481761217117, 0.1667526662349701, -0.511167049407959, 0.35669824481010437, 0.17476093769073486, -0.43622058629989624, -0.34073591232299805, -0.04174569994211197, -0.25406673550605774, -0.22710967063903809, 0.014621436595916748, 0.5228555798530579, -0.19270458817481995, 0.23172307014465332, -0.5249453783035278, 0.05987458676099777, -0.19027167558670044, 0.5263952612876892, 0.37282586097717285, 0.3750019371509552, 0.7425538897514343, -0.10896781086921692, -0.6054322719573975, -0.3373970687389374, 0.05734892934560776, 0.13317587971687317, 0.04957043379545212, -0.09415431320667267, 0.29774653911590576], [-0.08680412918329239, -0.46603861451148987, 0.0065544843673706055, -0.2481665015220642, -0.9406365752220154, -0.9564056992530823, -0.46808451414108276, -0.9398484230041504, -0.11314578354358673, -0.9980792999267578, -0.6210787892341614, -0.7730368971824646, -0.5914362072944641, -0.7123003005981445, -0.5601412057876587, -0.12561285495758057, -0.3224022090435028, -1.023511290550232, -0.34759971499443054, -0.5744721293449402, -0.5219167470932007, -0.14852558076381683, -1.2828569412231445, -1.2621709108352661, -0.9679315686225891, -0.6858152151107788, -0.06231739744544029, -0.02695527672767639, 0.14774677157402039, -0.0249917134642601, -0.06579092890024185, 0.02696911245584488]], [[-0.3240503668785095, -0.2478383630514145, 0.3239271938800812, -0.26772502064704895, -0.21866317093372345, -0.22620181739330292, -0.13070882856845856, -0.0245879627764225, 0.2949070930480957, 0.1251378357410431, 0.09625154733657837, 0.11801134049892426, 0.08286042511463165, -0.1441202312707901, 0.35330331325531006, 0.624477744102478, -0.5474925637245178, -0.13416235148906708, -0.0996614471077919, -0.04439709335565567, -0.17228545248508453, -0.12039695680141449, 0.012471135705709457, -0.49700927734375, -1.1099330186843872, -0.9444708228111267, -1.0079054832458496, -0.4729524850845337, -0.5768559575080872, -0.16565583646297455, -0.7542420029640198, -0.2607375383377075], [-0.34837982058525085, -0.31702566146850586, -0.13574840128421783, -0.09205526113510132, 0.1492709219455719, -0.3647330403327942, -0.22405685484409332, 0.09670735895633698, 0.10833078622817993, -0.16240225732326508, -0.2319849282503128, -0.020310908555984497, -0.07533250004053116, -0.35687729716300964, -0.005578707903623581, -0.018665045499801636, 0.07391797006130219, 0.3788691759109497, -0.036701448261737823, 0.1311207413673401, 0.28867021203041077, 0.5052921772003174, -0.14971230924129486, 0.041701529175043106, 0.04848736897110939, 0.4166881740093231, -0.1315329521894455, -0.3807397484779358, -0.1168505847454071, -0.05573795363306999, -0.5435231328010559, -0.4136502742767334]], [[-0.4310320019721985, 0.02640170231461525, -0.009914200752973557, 0.12465609610080719, -0.10063859075307846, 0.1740213930606842, -0.12091201543807983, 0.04210398718714714, -0.7299544215202332, -0.36240971088409424, 0.14926518499851227, 0.14058876037597656, 0.1480320543050766, -0.011173732578754425, 0.13833211362361908, 0.2685307562351227, -0.3780953288078308, -0.29826459288597107, -0.13463465869426727, -0.646916389465332, 0.25585365295410156, 0.280098557472229, 0.14732566475868225, 0.527433454990387, -0.7905688285827637, -0.37696123123168945, 0.8480440974235535, -0.1408539116382599, 0.27102550864219666, 0.28942322731018066, 0.32694339752197266, -0.12395362555980682], [-0.36600369215011597, 0.4004763960838318, -0.06416007876396179, 0.24097807705402374, 0.47659188508987427, 0.5266977548599243, -0.4040718376636505, 0.3357203006744385, -0.17260362207889557, 0.6091119050979614, -0.14240555465221405, 0.8076047897338867, -0.12344950437545776, -0.6741530299186707, -0.0840231403708458, 0.000609181821346283, -0.5538995265960693, 0.738915205001831, -0.15246975421905518, 0.17309409379959106, -0.16887980699539185, 0.2969155013561249, -0.3873993456363678, -0.42564404010772705, -1.043832778930664, 0.43224814534187317, -0.1297975331544876, -0.2841521203517914, 0.6195693016052246, 0.15485136210918427, 1.00746750831604, -0.2846927046775818]], [[0.5406208038330078, -0.16637729108333588, 0.4296119809150696, 0.2917137145996094, 0.6974817514419556, -0.4701787233352661, 1.036194920539856, 0.20236165821552277, 0.8720963001251221, 0.3832741379737854, 1.0001085996627808, -0.25503769516944885, 0.38494449853897095, 0.472481906414032, 0.8656331300735474, -0.6167636513710022, 0.5743327736854553, -0.2823200821876526, 0.2763978838920593, -0.21592281758785248, 0.3598606586456299, 0.5847181677818298, 1.4503405094146729, 1.2212443351745605, 0.7981175184249878, 0.6240124106407166, -0.3365984559059143, 0.8415952920913696, 0.4733017683029175, 0.609281599521637, 0.0020126402378082275, 0.6195638179779053], [0.46119922399520874, 0.06276901066303253, 0.48090219497680664, 0.10501007735729218, 0.2098550945520401, -0.2669597566127777, 0.40125149488449097, -0.4864460825920105, 0.47107547521591187, -0.22492757439613342, 0.18679021298885345, -0.07583998143672943, 0.32493454217910767, 0.08387346565723419, 0.5496714115142822, -0.35737112164497375, 0.3661985993385315, -0.8275486826896667, 0.38270944356918335, -0.07759931683540344, 0.6067447066307068, 0.7532511949539185, 0.7588787078857422, 0.15126462280750275, -0.06478792428970337, -0.29734349250793457, 0.6277355551719666, 0.534109890460968, -0.15518993139266968, 0.09729881584644318, -0.5850483775138855, 0.48856568336486816]], [[0.8594881892204285, 0.23519538342952728, 0.3940349817276001, 0.965322732925415, 0.47331589460372925, 0.5869724154472351, 0.3462834656238556, 0.9557745456695557, 0.6924170255661011, 0.8495150804519653, 0.5251551866531372, 0.4644961357116699, 0.7568596601486206, 1.0800215005874634, 0.9123048186302185, 1.0514214038848877, 0.8815292119979858, 0.6697525978088379, 0.6730403304100037, 0.6892853379249573, 0.6049187183380127, 0.8189197182655334, 0.9638371467590332, 1.0783127546310425, 0.6074674725532532, 0.7854465246200562, 0.34391775727272034, 0.9901251792907715, 0.6357247829437256, 0.8303519487380981, 0.8614935278892517, 1.327915072441101], [0.20609508454799652, 0.3729725778102875, 0.4225662052631378, 0.37001895904541016, 0.4189133644104004, 0.33431440591812134, 0.7860040664672852, -0.017069648951292038, 0.45638543367385864, -0.050682179629802704, 0.6438279151916504, 0.32590484619140625, 0.8434004783630371, 0.8561834096908569, 0.8881857991218567, 0.5298378467559814, 0.8511272668838501, -0.35842782258987427, 0.5695241093635559, 0.6670911908149719, 0.9560558795928955, 0.506968080997467, 1.4176925420761108, 1.0728356838226318, 0.8031736612319946, 0.30831509828567505, 0.5867881774902344, 0.1885441690683365, 0.11126430332660675, 0.16795383393764496, -0.09404629468917847, 0.18955335021018982]], [[0.5713658332824707, 0.5534445643424988, 0.13000833988189697, 0.16482600569725037, 0.45336079597473145, 0.7445365786552429, 0.40194618701934814, 0.6400296688079834, 0.65345698595047, 0.7771877646446228, 0.5651274919509888, 0.6244679689407349, 0.17971272766590118, 0.1210227683186531, 0.39114677906036377, 0.3075735569000244, 0.5201445817947388, 0.6014418601989746, 0.23082076013088226, 0.621322751045227, 0.08573237806558609, 0.6560217142105103, 1.1253023147583008, 0.9114611148834229, 0.8581873178482056, 0.8262823820114136, -0.23202146589756012, 0.4126034677028656, 0.23530909419059753, 0.6605112552642822, -0.024027884006500244, 0.26064804196357727], [0.058476522564888, 0.948093593120575, 0.7497676014900208, 0.5194304585456848, 0.7755324840545654, 1.0727441310882568, 0.5473037362098694, 0.4613357186317444, 0.5816887617111206, 1.1038066148757935, 0.6758977770805359, 0.642207145690918, 0.3780180811882019, 0.7138366103172302, 0.5465896129608154, 0.557467520236969, 0.7450882196426392, 0.8926646709442139, 0.768403172492981, 0.8606727719306946, 0.4073830246925354, 0.6738196015357971, 0.5205236077308655, 0.6800227761268616, -0.02755996584892273, -0.21533261239528656, 0.5968254208564758, 0.06178402900695801, 0.7136022448539734, 0.31633561849594116, 0.04161307215690613, 0.04763701558113098]], [[-0.2784053385257721, -0.06174152344465256, 0.30362164974212646, 0.3126061260700226, 0.2702395021915436, 0.23999589681625366, 0.05539049580693245, 0.3256649374961853, -0.18093684315681458, 0.07044854760169983, 0.412545770406723, 0.2869149446487427, 0.5576452016830444, -0.0313284769654274, 0.28378310799598694, 0.7165045142173767, -0.539874792098999, 0.5275547504425049, -0.05946805328130722, -0.4656378924846649, 0.0008351728320121765, 0.23748475313186646, 0.5069555044174194, 0.7511757016181946, -1.1944570541381836, -0.22379502654075623, 0.16287438571453094, -0.2946029305458069, 0.042986076325178146, -0.14689722657203674, 0.48430711030960083, -0.19108229875564575], [-0.26499438285827637, 0.16118857264518738, -0.3138330578804016, -0.15769913792610168, 0.4925351142883301, 0.46076247096061707, -0.03939712792634964, -0.0998660996556282, -0.29731127619743347, -0.19351574778556824, 0.03470797464251518, -0.028862953186035156, -0.12362494319677353, -0.22311347723007202, -0.3789733648300171, -0.28033018112182617, -0.20326152443885803, -0.4632711112499237, -0.3823032081127167, -0.4987126290798187, -0.26726964116096497, -0.4449680745601654, 0.13516531884670258, 0.20444494485855103, -0.2141386866569519, 0.16309186816215515, -0.2512219250202179, -0.3743777573108673, -0.06086491048336029, -0.3226376473903656, 0.606954038143158, -0.33177101612091064]], [[0.21125070750713348, 0.35234206914901733, -0.21558164060115814, 0.0032595498487353325, 0.365552693605423, 0.34713587164878845, 0.42263153195381165, 0.04637461155653, -0.26973244547843933, 0.30074745416641235, 0.1590893417596817, 0.24566160142421722, -0.1882399022579193, -0.15388643741607666, 0.5915132761001587, -0.7834638953208923, -0.2292826920747757, 0.154440775513649, -0.3891148865222931, -0.7253521680831909, -0.21321530640125275, 0.05610334128141403, 0.15975460410118103, -0.10135084390640259, -0.27150043845176697, -0.07017799466848373, -0.17608541250228882, 0.4044656753540039, -0.10836257040500641, 0.028006697073578835, 0.2688736617565155, 0.2808338403701782], [-0.13389664888381958, -0.05990168824791908, -0.2145843505859375, -0.17992880940437317, -0.6612933874130249, -0.41268157958984375, -0.12271661311388016, -0.1115991622209549, 0.11430878192186356, -0.09582741558551788, -0.29531151056289673, -0.5571622252464294, -0.3501293361186981, -0.5680741667747498, -0.40188291668891907, -0.2437617927789688, -0.08082231879234314, 0.5483790040016174, -0.2810024917125702, -0.41241371631622314, -0.46612340211868286, -0.2177962362766266, -0.4806958734989166, -1.11005437374115, -0.5581216216087341, 0.05343327671289444, -0.14609472453594208, -0.02918078936636448, -0.22385273873806, 0.17937211692333221, 0.12914727628231049, -0.02634805254638195]], [[0.025497954338788986, -1.1755142211914062, -0.93001788854599, -0.2519390285015106, -1.0911918878555298, -1.157802939414978, -0.8656111359596252, -0.5395757555961609, -0.5978937149047852, -0.4406284689903259, -0.9474315047264099, -1.0740855932235718, -1.0450255870819092, -0.3311980366706848, -0.9233387112617493, -1.596026062965393, 0.09351632744073868, -1.28541898727417, -0.12170591950416565, -0.901732325553894, -0.6815595030784607, -0.8335393667221069, -1.4068130254745483, -1.8025823831558228, -2.226027727127075, -1.1917728185653687, -1.3948993682861328, -0.20391494035720825, -0.3334257900714874, -0.34437161684036255, -1.043967366218567, -0.30860695242881775], [-0.2258177399635315, -0.05481240898370743, 0.12755468487739563, -0.20537707209587097, -0.39652425050735474, -0.49855244159698486, -0.10206784307956696, -1.1317477226257324, -0.3751021921634674, -0.8579655885696411, -0.25413215160369873, -0.5778241157531738, -0.08491645753383636, 0.30419182777404785, -0.039325714111328125, -0.2674724757671356, 0.2105194628238678, -1.0178426504135132, 0.24010011553764343, -0.2170271873474121, -0.028964035212993622, -0.5222029685974121, 0.2888129651546478, 0.1885387897491455, -0.23920395970344543, -1.4277704954147339, -0.002660593017935753, -0.33156102895736694, -0.6988858580589294, -0.545570969581604, -0.9407241940498352, -0.3715554177761078]], [[0.05235619843006134, 0.34182995557785034, 0.7062596082687378, 0.8908617496490479, 0.29281556606292725, 0.10368190705776215, 0.5654584765434265, 0.5213449001312256, 0.34486645460128784, 0.013036519289016724, 1.1292837858200073, 1.2654095888137817, 1.2133698463439941, 0.381318062543869, 1.1912754774093628, 1.3535716533660889, 0.6438764333724976, 0.8729428052902222, 0.673438310623169, 0.5040494203567505, 0.8561609983444214, 0.684300422668457, 0.33145248889923096, 0.4169479310512543, 0.5171735286712646, 0.11234067380428314, 1.6768447160720825, 0.6610592603683472, 0.8359705209732056, 0.3642527461051941, 1.5208650827407837, 0.6629204750061035], [-0.0508992075920105, 0.6264243125915527, 0.3367057740688324, 0.7008349895477295, 0.5052233338356018, 0.5900449752807617, 0.4162103831768036, 1.1535181999206543, 0.28652065992355347, 0.9642831087112427, 0.5481536388397217, 1.2649314403533936, 0.6668177843093872, 0.5594735145568848, 0.6105586290359497, 0.8993089199066162, 0.5409010648727417, 1.9579983949661255, 0.7442613840103149, 1.5317821502685547, 0.9049090147018433, 1.2880825996398926, 0.40727347135543823, 0.2863830029964447, 0.010830804705619812, 2.011136531829834, 0.6489810943603516, -0.05693727731704712, 1.1400506496429443, 0.42600440979003906, 1.3208060264587402, -0.07602688670158386]], [[-0.4867784380912781, -0.24815894663333893, -0.05906479060649872, 0.0924266129732132, -0.34073734283447266, 0.0048082321882247925, -0.5408914685249329, 0.35327446460723877, -0.6056878566741943, -0.13404740393161774, 0.44271332025527954, 0.2341456115245819, 0.1707639843225479, 0.13231270015239716, -0.9355261325836182, -0.11239056289196014, -0.7884863615036011, 0.30126988887786865, -0.059002235531806946, -0.3382422924041748, 0.0013654977083206177, 0.17808249592781067, -0.45663267374038696, 0.43142372369766235, -0.6829813718795776, -0.5032235383987427, -0.13406740128993988, -0.044549211859703064, -0.006518125534057617, 0.3267715573310852, -0.16293849050998688, 0.0004748702049255371], [-0.520398736000061, -0.29616838693618774, -0.16460441052913666, 0.11806022375822067, -0.663077175617218, -0.3152952194213867, -0.3046884536743164, 0.07361383736133575, -0.04365931451320648, 0.031394973397254944, -0.07377365231513977, -0.46737754344940186, -0.38912850618362427, -0.5112797617912292, -0.611369252204895, 0.01974557340145111, -0.7646737098693848, 0.9518616795539856, -0.005110941827297211, 0.3153936564922333, -0.04760336875915527, 0.8343984484672546, -0.5726755857467651, 0.008546881377696991, -0.2702872157096863, 0.42049920558929443, -0.5440970659255981, -0.4096131920814514, -0.2607956528663635, 0.3385099172592163, -0.8488983511924744, -0.3943251371383667]], [[0.3622790575027466, 1.4220430850982666, 0.8875709176063538, 0.47239840030670166, 0.9543026685714722, 0.9158788919448853, 1.3764104843139648, 0.7555122971534729, 0.3700748682022095, 0.4304960370063782, 1.2501205205917358, 1.6108901500701904, 1.3025943040847778, 0.7609527707099915, 1.1171096563339233, 1.700709581375122, 0.09100378304719925, 0.9617114067077637, 0.7557369470596313, 0.8039469718933105, 1.2207735776901245, 1.1694787740707397, 2.527358055114746, 2.759133815765381, 0.41643908619880676, 1.555465579032898, 3.1597180366516113, 1.0831730365753174, 0.7665268182754517, 0.6619166135787964, 2.2786130905151367, 0.7108361721038818], [0.26250210404396057, 0.27931302785873413, -0.02210463583469391, -0.03744085133075714, 0.6437938213348389, 0.49984097480773926, 0.12375666946172714, 0.4468081295490265, 0.02856065332889557, 0.6564980745315552, 0.6305331587791443, 0.2753993272781372, 0.4756609797477722, 0.41156503558158875, 0.48691874742507935, 0.17202189564704895, 0.20826420187950134, 0.6214597821235657, 0.15862694382667542, -0.2854841351509094, 0.4289528429508209, 0.7190468311309814, 0.5396833419799805, 0.23683494329452515, 0.47776520252227783, 0.9129846692085266, 0.16298505663871765, 0.20673996210098267, 0.23315656185150146, 0.22640660405158997, 0.8087801337242126, 0.2290395200252533]], [[0.23655202984809875, -0.04056485742330551, 0.5362275242805481, 0.3677659034729004, 0.5189919471740723, 0.4087556004524231, 0.6317331790924072, 0.5068302750587463, -0.09431522339582443, 0.31797459721565247, 0.7749388813972473, 0.5715857148170471, 0.5781031250953674, 0.286845326423645, 0.3337734043598175, 0.36787137389183044, 0.6297137141227722, 0.06912409514188766, 0.6550881266593933, 0.15000496804714203, 0.7055233120918274, 0.44339418411254883, 1.087453842163086, 0.19027003645896912, 0.3382539451122284, 0.7905558943748474, 1.242256999015808, 0.7794061899185181, 0.4181174635887146, 0.6502138376235962, 1.0224366188049316, 0.41690415143966675], [-0.10007918626070023, -0.1166159063577652, 0.09300628304481506, 0.06439264863729477, -0.1912987232208252, -0.19944873452186584, 0.08443094044923782, -0.10161282122135162, 0.16461940109729767, -0.3083727955818176, -0.027025563642382622, -0.1967390477657318, 0.06679891049861908, -0.1564168632030487, -0.020931938663125038, -0.09463464468717575, 0.0347539559006691, -0.2812599539756775, 0.07886596769094467, -0.3254642188549042, -0.13210844993591309, -0.020622460171580315, -1.2133092880249023, -1.656895637512207, -0.6738510727882385, -0.22831378877162933, 0.2580430507659912, -0.10275992751121521, 0.5107292532920837, 0.37993109226226807, 0.08123315870761871, -0.1617124378681183]], [[0.18102125823497772, 0.13508345186710358, -0.016337081789970398, -0.051623597741127014, -0.02547304332256317, -0.036802470684051514, -0.09152276068925858, 0.06411521136760712, -0.20473386347293854, 0.32211875915527344, -0.0586816668510437, 0.31605470180511475, -0.07912805676460266, 0.18896813690662384, 0.07128314673900604, -0.4607223868370056, 0.18269382417201996, -0.337060809135437, -0.005618363618850708, -0.26741114258766174, 0.06569923460483551, 0.10886611044406891, -0.3622889518737793, -0.4996213912963867, 0.2432626634836197, 0.10953308641910553, -0.3980346918106079, 0.13556240499019623, 0.26526308059692383, 0.32107657194137573, -0.01564754545688629, 0.21647749841213226], [-0.08677931129932404, 0.4354720115661621, 0.40074020624160767, 0.14094658195972443, 0.3625081777572632, 0.5307269096374512, 0.30564039945602417, -0.17187736928462982, 0.29081904888153076, 0.3981882929801941, 0.3094213008880615, 0.34834998846054077, 0.12223182618618011, 0.30277854204177856, 0.24707074463367462, 0.3737514615058899, 0.2043212503194809, -0.1547149121761322, 0.18641431629657745, 0.3483526110649109, 0.24522413313388824, -0.1978054642677307, -0.02227853238582611, 0.3662118911743164, 0.4435163736343384, 0.6184682250022888, 0.2456783503293991, -0.15029913187026978, 0.2994556427001953, 0.07141341269016266, 0.05410616099834442, -0.11390446871519089]], [[-0.016635537147521973, 0.7960057258605957, 0.4184713363647461, 0.8904566764831543, 0.615236222743988, 0.8154678344726562, 0.32828348875045776, 0.7268750071525574, -0.22911185026168823, 0.6936511993408203, 0.23637248575687408, 0.754539966583252, 0.15209728479385376, 0.2485608160495758, -0.3855624198913574, 0.46010351181030273, -0.4519503712654114, 0.6835393905639648, 0.06537547707557678, 0.2954796552658081, 0.251051127910614, -0.0964314341545105, -0.3822343349456787, -0.5400753617286682, -0.17009276151657104, 0.392019659280777, 0.959954023361206, 0.12381839752197266, 0.6552199125289917, 0.3462514877319336, 0.7882579565048218, 0.2248838096857071], [-0.6055594682693481, 0.5476379990577698, 0.07529008388519287, 0.5495496988296509, 0.3147096633911133, 0.5438209772109985, 0.37398985028266907, 0.7116485238075256, 0.17177750170230865, 0.19154143333435059, 0.695639967918396, 0.29275578260421753, 0.3581363558769226, 0.6864386200904846, 0.034627765417099, 0.48772355914115906, 0.47971129417419434, 0.33813604712486267, 0.3874608278274536, 0.4367769956588745, 0.44244545698165894, -0.31122320890426636, 0.45101240277290344, 0.4311077892780304, 0.48795562982559204, 0.06937989592552185, 0.20586393773555756, -0.6370985507965088, 0.5635992288589478, 0.5591403245925903, 0.786676287651062, -0.5585488080978394]], [[-0.4177413880825043, -0.6008004546165466, -0.4077598452568054, -0.27972617745399475, -0.44129642844200134, -1.1019537448883057, -0.4552357792854309, -0.7439141273498535, -0.9398472905158997, -0.5166077017784119, -0.43476516008377075, -0.6442163586616516, -0.31839627027511597, -0.518497109413147, -0.23588871955871582, -0.7101765871047974, -0.472861111164093, -0.7280593514442444, -0.16118811070919037, -0.8012443780899048, -0.16268371045589447, -0.27352797985076904, -0.7901424765586853, -0.9379567503929138, -1.3578141927719116, -1.085074543952942, -0.7162795066833496, -0.1830945760011673, -0.13255272805690765, -0.2491319477558136, -0.6389376521110535, -0.252820760011673], [-0.18574610352516174, -0.46013885736465454, -0.2254495918750763, -0.20932918787002563, -0.37387600541114807, -0.36805787682533264, -0.09962990880012512, 0.1907542496919632, -0.030103620141744614, 0.03473938629031181, -0.11427780985832214, 0.013934671878814697, -0.028866667300462723, 0.32208672165870667, -0.15337710082530975, -0.06531979143619537, -0.14854653179645538, -0.1793748438358307, -0.177141472697258, -0.305851548910141, -0.15895023941993713, -0.22414934635162354, 0.3779364228248596, -0.254407674074173, 0.1567889004945755, -0.4453054368495941, -0.06172838434576988, -0.17403395473957062, 0.25059065222740173, -0.08632662892341614, -0.024122532457113266, -0.18354973196983337]], [[-0.7762134671211243, -0.7271924018859863, -0.8485807776451111, -0.8199693560600281, -0.7308573126792908, -0.5034998655319214, -0.660708487033844, -0.6712095737457275, -0.6714487671852112, -0.8356311917304993, -0.3451220989227295, 0.2416454553604126, -0.9219959378242493, -0.9163323044776917, -0.5457135438919067, -0.891624391078949, -0.5429245233535767, -0.4434093236923218, -0.6305072903633118, -1.05888032913208, -0.7121754288673401, -0.4283314347267151, -0.024172991514205933, -0.3293073773384094, -0.9390397667884827, -0.6543347835540771, -0.5777896046638489, -0.49239665269851685, -0.8879672884941101, -0.8340741991996765, -1.0549256801605225, -0.798495352268219], [-0.2584265470504761, -0.3825739026069641, -0.4950255751609802, -0.3519883155822754, -0.2895538806915283, -0.10777422785758972, -0.641183078289032, -0.28678029775619507, -0.4100072383880615, 0.18167290091514587, -0.8620911240577698, -0.32406866550445557, -0.9546424746513367, -1.1809141635894775, -0.8432915806770325, -0.24512994289398193, -0.7844427227973938, 0.2902715504169464, -0.8329337239265442, -0.6216952800750732, -1.0028526782989502, -0.493069052696228, -0.738966166973114, -0.5490466356277466, -1.0500822067260742, -0.8950547575950623, -0.7655074000358582, -0.2666054368019104, -0.7207460403442383, -0.6625674962997437, -1.0247740745544434, -0.21422722935676575]], [[0.4347449839115143, 0.890331506729126, 0.7978971004486084, 0.4926626980304718, 0.8989651203155518, 0.842653751373291, 0.9487326145172119, 0.8016495704650879, 0.9363718032836914, 0.594832181930542, 1.1276530027389526, 1.66845703125, 1.215093731880188, 0.47311511635780334, 1.1109462976455688, 0.5149226188659668, 0.6138088703155518, 0.5988781452178955, 0.43115678429603577, 0.7807018756866455, 0.7398998737335205, 1.0563406944274902, 1.7959413528442383, 1.4783991575241089, 0.7820587158203125, 0.8588987588882446, 1.6064422130584717, 1.056153416633606, 0.8283149003982544, 0.36017903685569763, 1.470299482345581, 0.7388311624526978], [-0.02070174366235733, -0.034376196563243866, 0.11254265904426575, -0.30377718806266785, 0.5045117139816284, 0.1865234076976776, 0.3662143051624298, 0.31681421399116516, -0.1034107655286789, 0.6324034929275513, 0.26977431774139404, 0.6139365434646606, 0.4456194341182709, 0.2886590361595154, 0.3896690905094147, 0.22937849164009094, 0.2749640941619873, 0.3763531446456909, 0.30435383319854736, 0.32383251190185547, 0.6105775833129883, 1.1249839067459106, 0.49796804785728455, -0.0737793818116188, 0.10348863899707794, 1.6285728216171265, 0.16004985570907593, 0.02270139753818512, 0.8811038732528687, 0.015032634139060974, 1.3688715696334839, 0.0270979106426239]], [[-0.07089835405349731, -0.6700011491775513, -0.6047154068946838, -0.34773555397987366, -0.8320647478103638, -0.3444604277610779, -0.8099225759506226, -0.40527278184890747, -0.7119472026824951, -0.32718726992607117, -0.7860720157623291, -0.7178440093994141, -1.1988691091537476, -0.5634483098983765, -0.4319039583206177, -0.25801709294319153, -0.010816425085067749, -0.5872000455856323, -0.49572545289993286, -0.720058798789978, -1.0739318132400513, -1.349650263786316, -2.046630859375, -0.9340372085571289, -0.2735079824924469, -0.9332733154296875, -1.1508148908615112, -0.6906369924545288, -0.7850169539451599, -0.5760363340377808, -1.0781337022781372, -0.7394015789031982], [0.15213942527770996, -0.4558136761188507, -0.4503883123397827, -0.40785205364227295, -0.5604039430618286, -0.4653112292289734, -0.6542031168937683, -0.4580516815185547, -0.5267266035079956, -0.44752293825149536, -0.9524260759353638, -0.46559953689575195, -0.9344587326049805, -0.48850488662719727, -0.6618233919143677, -0.4245242178440094, -0.7586514949798584, -0.33633366227149963, -0.629690408706665, -0.5183627605438232, -0.6292426586151123, -0.34102535247802734, -0.442654550075531, -0.11916765570640564, -0.4290132522583008, -0.34888923168182373, -0.267212837934494, 0.19537001848220825, -0.5983365178108215, -0.5975419282913208, -0.9805948734283447, 0.20955708622932434]], [[0.26570865511894226, 0.5608425736427307, 0.5012112259864807, 0.9660343527793884, 0.525761067867279, 1.1319018602371216, 0.18308202922344208, 0.8989937901496887, -0.007824666798114777, 0.6322080492973328, -0.2088295817375183, -0.04439457133412361, 0.29488176107406616, 0.8066754937171936, 0.19092439115047455, 0.9967870116233826, 0.02359062060713768, 0.8349208831787109, 0.20753608644008636, 1.0008587837219238, 0.23974983394145966, 0.1173766702413559, -0.16579140722751617, 0.44026699662208557, 0.7999449968338013, -0.03435083478689194, 0.16358448565006256, 0.1551830768585205, 0.3549346625804901, 0.5245645046234131, 0.7438139319419861, 0.8125348687171936], [0.0006161108613014221, 0.9172400236129761, 0.7557926774024963, 0.8534115552902222, 0.9532182812690735, 0.9551036953926086, 0.6312335133552551, 0.8671523332595825, 0.7320296168327332, 0.8426281213760376, 1.072285532951355, 0.7642146944999695, 0.7646194696426392, 0.7277973294258118, 0.655563473701477, 1.0793801546096802, 1.2869129180908203, 0.5283588767051697, 1.0411720275878906, 1.209159255027771, 1.4319580793380737, 0.6531949043273926, 0.6726580262184143, 1.01271653175354, 0.9735568165779114, 1.409063458442688, 0.4148501455783844, -0.12137050926685333, 0.7119371891021729, 0.8551768660545349, 0.9889490008354187, -0.15134617686271667]], [[-0.4865926504135132, 0.3170354962348938, 0.09556663036346436, -0.24755096435546875, 0.10113918781280518, 0.14063763618469238, 0.06799203157424927, -0.026979446411132812, 0.2010730504989624, 0.021159231662750244, 0.12975823879241943, 0.29251283407211304, 0.15659815073013306, -0.3945438861846924, 0.06454062461853027, 0.12637537717819214, -0.34544825553894043, 0.25053292512893677, -0.2444726824760437, 0.11147290468215942, 0.02376878261566162, 0.07479697465896606, 0.3894888758659363, 0.38518697023391724, 0.02814382314682007, 0.20740902423858643, 0.22957879304885864, -0.25128883123397827, -0.13187789916992188, -0.5093377828598022, 0.2923470735549927, -0.43264251947402954], [-0.12179046869277954, -0.40475156903266907, -0.5859110951423645, -0.63833087682724, -0.060668230056762695, -0.06749212741851807, -0.5310937762260437, 0.09953242540359497, -0.6932195425033569, 0.05220550298690796, -0.3916088938713074, -0.13195407390594482, -0.4746559262275696, -0.3357678949832916, -0.5240338444709778, -0.4801587462425232, -0.5222398042678833, 0.19330549240112305, -0.4433742165565491, -0.25911906361579895, -0.45187896490097046, -0.13597291707992554, -0.14004546403884888, -0.23196232318878174, -0.5880131721496582, 0.19372355937957764, -0.6572989821434021, -0.15404075384140015, -0.08177250623703003, -0.6748483777046204, -0.018203914165496826, -0.13068455457687378]], [[0.46111440658569336, -0.38469216227531433, 0.05050624907016754, -0.10407473146915436, -0.5224641561508179, -0.9836350083351135, -0.8721306920051575, -0.3321024179458618, 0.9051707983016968, 0.3166843354701996, -0.150218665599823, 0.20420333743095398, -0.2972474694252014, -0.03894104063510895, -0.5832654237747192, -0.08795664459466934, 0.5698187947273254, -0.1886560320854187, 0.3407285809516907, -0.03150476515293121, -0.09340792149305344, 0.46199530363082886, 0.7739875912666321, -0.07096610963344574, 0.5965059399604797, -0.1832975596189499, -0.0797579437494278, -0.23742449283599854, -0.06412859261035919, 0.2129453420639038, -0.5453289747238159, -0.12432797253131866], [0.2646600008010864, -0.1418224573135376, 0.5120622515678406, 0.3915340304374695, -0.17792701721191406, -0.17387519776821136, 0.18184435367584229, -0.07619204372167587, 0.7558836340904236, -0.38674938678741455, -0.25990450382232666, -0.09891989082098007, 0.03620481491088867, -0.25924426317214966, 0.12007853388786316, 0.30421191453933716, 0.2220919132232666, 0.01248641312122345, -0.01174384355545044, -0.05444449931383133, -0.14825159311294556, -0.024871498346328735, -0.12995073199272156, 0.18367913365364075, 0.33767539262771606, 0.4807516932487488, 0.3652142286300659, 0.2498537003993988, 0.285697877407074, 0.6910603046417236, 0.032261982560157776, 0.2557485103607178]], [[0.08495534956455231, -0.9878813624382019, -0.8577470183372498, -0.5926624536514282, -0.5617297887802124, -1.4450998306274414, -1.0425255298614502, -0.5135815143585205, -0.7558152079582214, -0.9331163167953491, -0.6258519887924194, -1.6710615158081055, -1.066122055053711, -0.22567495703697205, -0.6408621072769165, -1.2392208576202393, -0.504684567451477, -0.9522218108177185, -0.4683045446872711, -1.1785862445831299, -0.713151216506958, -0.9692841172218323, -1.0068765878677368, -1.1249973773956299, -1.2380554676055908, -0.7934985756874084, -1.396073579788208, -0.6456054449081421, -0.8381302952766418, -0.4827912747859955, -0.9975039958953857, -0.2575179934501648], [0.07999233901500702, -1.0870180130004883, -0.3889523446559906, -0.8243657946586609, -1.5316905975341797, -1.5334320068359375, -0.515031099319458, -1.320068120956421, -0.25955599546432495, -2.087648868560791, -1.209684133529663, -1.4087979793548584, -1.0809406042099, -0.7656143307685852, -0.8723762035369873, -1.0046751499176025, -0.48007068037986755, -2.456287384033203, -0.8482169508934021, -1.2387030124664307, -1.1345605850219727, -1.0424778461456299, -1.2181122303009033, -1.1291956901550293, -1.1971116065979004, -2.4819860458374023, -0.4592053294181824, -0.05280337482690811, -0.9435667991638184, -0.781337320804596, -1.0451496839523315, -0.13984841108322144]], [[0.7364498972892761, 0.44273966550827026, 0.6155744791030884, 0.8927381038665771, 1.0760222673416138, 1.2053728103637695, 1.1691473722457886, 1.0772916078567505, 0.9396631717681885, 1.184862494468689, 1.1681039333343506, 1.818452000617981, 1.3319693803787231, 1.0905261039733887, 1.5462816953659058, 1.0457545518875122, 0.8892608880996704, 1.2524313926696777, 0.8755142688751221, 1.3798531293869019, 0.9023995399475098, 0.9679465293884277, 1.9663130044937134, 1.4794440269470215, 2.1634104251861572, 1.8180406093597412, 0.9338040351867676, 1.0922415256500244, 0.7547351717948914, 0.46660736203193665, 0.6652456521987915, 0.6970889568328857], [0.459138423204422, 0.9140682816505432, 0.6227496266365051, 0.6556881070137024, 0.8441551923751831, 1.2768189907073975, 0.8819966316223145, 0.9465266466140747, 0.5821928381919861, 1.182459831237793, 1.1684798002243042, 1.4237052202224731, 0.9646697640419006, 1.5443488359451294, 1.0949677228927612, 1.1479783058166504, 1.1128146648406982, 1.3895492553710938, 1.1489782333374023, 1.3369323015213013, 0.872776210308075, 1.0070133209228516, 1.0248585939407349, 1.3857313394546509, 1.280397891998291, 0.8478950262069702, 0.6176840662956238, 0.5079120397567749, 0.33882179856300354, 0.36517053842544556, 0.5057154297828674, 0.4734516441822052]], [[-0.19641855359077454, 0.09362674504518509, 0.42941203713417053, -0.18347007036209106, 0.3100481331348419, 0.20381182432174683, -0.14164185523986816, -0.2584834694862366, 0.12781964242458344, -0.1229531466960907, 0.3309085965156555, 0.9637461304664612, 0.3374386429786682, -0.5559122562408447, -0.35935458540916443, 0.17732562124729156, -0.20774179697036743, 0.08297329396009445, 0.0822719931602478, 0.7173937559127808, 0.4252915382385254, 0.2968721389770508, 0.6766880750656128, 0.7354470491409302, -0.03021930530667305, 0.0643121525645256, 1.5663354396820068, 0.14349600672721863, 0.4232751131057739, -0.10254796594381332, 0.9423225522041321, -0.2633449137210846], [-0.011314790695905685, 0.2576484680175781, 0.007564636878669262, -0.011541737243533134, 0.9949678182601929, 0.47696319222450256, -0.031738732010126114, 0.8566776514053345, -0.24390052258968353, 0.6848816275596619, 0.0729055255651474, 0.8752783536911011, 0.5725421905517578, 0.38106080889701843, 0.11942873150110245, 0.08648104965686798, 0.01368910726159811, 1.063088059425354, 0.46113526821136475, 0.5273060202598572, 0.8658429384231567, 0.6916910409927368, 0.40195396542549133, 0.4622690677642822, 0.06450506299734116, 1.2420523166656494, 0.28057703375816345, 0.0625428706407547, 0.7998586893081665, 0.3026588261127472, 1.7562487125396729, 0.08899688720703125]], [[0.34001266956329346, -0.06109228730201721, 0.346903920173645, 0.26457440853118896, 0.06434299051761627, 0.22117967903614044, -0.13786986470222473, -0.05984845757484436, 0.08755464851856232, -0.057437002658843994, 0.14103548228740692, -0.6941815614700317, -0.04900093376636505, 0.1851636916399002, 0.2529211640357971, 0.5216639637947083, 0.5865009427070618, 0.38822025060653687, 0.2690132260322571, -0.28158894181251526, 0.20719556510448456, 0.2982708215713501, 0.2888987064361572, 0.05484028160572052, -0.11434880644083023, -0.3052324950695038, -0.7773272395133972, -0.1146371141076088, -0.11490295827388763, -0.0038227438926696777, -0.2806074619293213, 0.1264321357011795], [-0.12469740957021713, 0.22694526612758636, 0.29475265741348267, -0.0910787433385849, 0.16228075325489044, -0.18880043923854828, 0.17743737995624542, -0.5014209151268005, -0.02328401803970337, 0.07688789069652557, 0.4479396939277649, -0.08935028314590454, 0.4466567039489746, 0.8409472703933716, 0.4040367603302002, -0.22339658439159393, 0.7407997250556946, -0.07879585027694702, 0.69215989112854, 0.20108406245708466, 0.8868253231048584, 1.189603328704834, 1.200011968612671, 0.5726767778396606, 0.5369971394538879, 1.219501256942749, -0.005558326840400696, -0.13544008135795593, -0.04776667058467865, -0.04798226058483124, -0.558038055896759, -0.15267665684223175]], [[0.750070333480835, 1.1160961389541626, 1.0349136590957642, 1.082993984222412, 1.0771392583847046, 1.1045011281967163, 0.9297776222229004, 1.1055142879486084, 1.0714727640151978, 0.9433931112289429, 0.8587292432785034, 1.693811058998108, 0.9957400560379028, 1.0363963842391968, 0.7814544439315796, 1.775458812713623, 1.027156114578247, 1.033434271812439, 0.8643791079521179, 1.3531076908111572, 0.7681230902671814, 1.0806543827056885, 1.0073648691177368, 0.7825497984886169, 2.029118061065674, 1.0273301601409912, 2.298551559448242, 0.6150104999542236, 1.1795411109924316, 0.7126726508140564, 1.6192870140075684, 0.6906055808067322], [0.11365281790494919, 1.2637217044830322, 0.6811109185218811, 0.8533828258514404, 0.9633851051330566, 1.3668310642242432, 1.0095418691635132, 1.5773355960845947, 0.613111674785614, 1.3341717720031738, 0.9214686155319214, 0.9462129473686218, 0.7921243906021118, 0.845903217792511, 0.8640366196632385, 0.9201067090034485, 0.7655491232872009, 1.798392653465271, 0.7195742130279541, 1.1140573024749756, 0.76361483335495, 0.9405600428581238, 0.9866451621055603, 1.7719053030014038, 1.0142651796340942, -0.020726650953292847, 0.5696024298667908, 0.07086168974637985, 1.3325294256210327, 0.6860799193382263, 1.6681779623031616, -0.007217675447463989]], [[-0.18417200446128845, -0.12410783767700195, -0.7843393087387085, -0.712653636932373, -1.1739176511764526, -0.739426851272583, -0.8350539803504944, -0.6388864517211914, -1.1402889490127563, -0.1036224365234375, -0.5066980719566345, -0.4280129075050354, -0.9310244917869568, -0.41740912199020386, -0.7902405261993408, -0.6607492566108704, -0.7400702834129333, -0.3812675178050995, -0.536756694316864, -1.122620701789856, -0.9304069876670837, -0.8453251719474792, -2.278557777404785, -2.0135598182678223, -1.5441148281097412, -1.2025303840637207, -0.7533511519432068, -0.6202965974807739, -0.8075314164161682, -0.5595617890357971, -0.5090180039405823, -0.6543696522712708], [-0.20996499061584473, -0.10518093407154083, 0.015123791061341763, -0.2830345034599304, -0.460888534784317, -0.2848699986934662, -0.11641350388526917, -0.7712002396583557, -0.184174045920372, -0.640048086643219, -0.05069591477513313, -0.5900570154190063, -0.214191734790802, -0.4331305921077728, -0.28041625022888184, -0.5410647392272949, 0.06563979387283325, -0.023357495665550232, -0.23186156153678894, -0.6114035844802856, -0.2565515339374542, -0.656499981880188, -0.6351029276847839, -0.6107221841812134, -0.08656322956085205, 0.32546308636665344, -0.6192377805709839, -0.25990578532218933, -0.7364230751991272, -0.5141295790672302, -0.5860822200775146, -0.2415141761302948]], [[0.755641758441925, 0.018422886729240417, 0.021000772714614868, -0.0905216857790947, 0.8054327368736267, -0.08011503517627716, 0.9736161828041077, 0.26097965240478516, 0.007095605134963989, -0.15660670399665833, 0.6213697195053101, 0.17739839851856232, 0.5733532309532166, 0.03971166908740997, 0.42548704147338867, -0.20987626910209656, 0.3382920026779175, -0.0772380381822586, 0.4220338463783264, -0.27006208896636963, 0.3879929184913635, -0.20471902191638947, 0.13586334884166718, 0.18717144429683685, -0.18992480635643005, 0.6536183953285217, 0.6624911427497864, 0.12146364152431488, 0.3081292510032654, 0.3595890402793884, 0.41431814432144165, 0.33439797163009644], [0.3365544080734253, -0.3895025849342346, 0.040966928005218506, -0.34963375329971313, 0.2940671443939209, -0.04272548854351044, 0.10869194567203522, -0.24512559175491333, -0.01784414052963257, -0.3286307454109192, -0.11744305491447449, -0.10017234086990356, -0.15213756263256073, -0.3567313551902771, -0.2041393369436264, -0.5148378014564514, -0.4921502470970154, -1.064423680305481, -0.31566736102104187, -0.780049741268158, -0.18647414445877075, -0.22887954115867615, -0.06408566236495972, -0.6211003661155701, -0.34626805782318115, -1.5847389698028564, 0.15228767693042755, 0.2697785496711731, 0.031277790665626526, -0.07447850704193115, 0.11372072994709015, 0.26616591215133667]], [[0.5936000347137451, 0.8100737929344177, 0.7603172063827515, 0.48762786388397217, 0.5537461638450623, 0.8240032196044922, 0.3289215564727783, 0.3684445023536682, 0.5803122520446777, 0.508911669254303, 0.23796050250530243, 0.7483213543891907, 0.5328987836837769, 0.5442426204681396, 0.09718696773052216, 0.39145636558532715, 0.7894709706306458, 0.5988398194313049, 0.46654587984085083, 1.0080822706222534, 0.46263331174850464, 0.5527527928352356, 0.3488495349884033, 0.3445998430252075, 0.47440171241760254, 0.02677077054977417, 0.5075049996376038, 0.43754148483276367, 0.40620678663253784, 0.5684893727302551, 0.26701343059539795, 0.4221724271774292], [0.027011871337890625, -0.0783984363079071, -0.09007355570793152, 0.24010686576366425, -0.22226670384407043, 0.032741621136665344, 0.11293075978755951, 0.5451166033744812, 0.2665618658065796, 0.27501702308654785, -0.19647899270057678, -0.0969538539648056, -0.20000971853733063, -0.4804704785346985, -0.1773446947336197, -0.13695766031742096, -0.12901441752910614, 0.43193739652633667, -0.37336984276771545, -0.24433690309524536, -0.11418467015028, 0.0748058557510376, -0.3464815020561218, -0.27276235818862915, -0.1689891815185547, 0.0021695196628570557, 0.36735737323760986, 0.1126776784658432, 0.16822977364063263, 0.02816881239414215, 0.0012937486171722412, 0.1143149584531784]], [[0.13937801122665405, -1.0970045328140259, -0.34487468004226685, -0.0897861048579216, 0.02601287141442299, -0.1337239146232605, 0.3350304365158081, -0.08805976063013077, 0.39625540375709534, -0.03955044597387314, -0.15245503187179565, -0.4179007411003113, 0.07341386377811432, 0.12789788842201233, 0.22484314441680908, -0.18152284622192383, -0.031161226332187653, -0.22791224718093872, 0.08632620424032211, -0.13000008463859558, 0.20941895246505737, -0.25288882851600647, -0.1991138458251953, -0.01411478966474533, 0.0901319831609726, 0.3779166042804718, -0.09318482130765915, 0.7769386172294617, 0.15849536657333374, 0.09394580125808716, -0.41894078254699707, 0.1187882050871849], [0.03375100716948509, 0.20604726672172546, 0.12772446870803833, 0.13774541020393372, -0.12197626382112503, 0.006972085684537888, 0.42992284893989563, 0.41927435994148254, 0.34519556164741516, 0.6179993748664856, 0.5201650857925415, 0.8121305108070374, 0.5247585773468018, 0.36961543560028076, 0.6806591749191284, 0.45398634672164917, 0.6217212677001953, 0.7855861783027649, 0.46050938963890076, 0.8368877172470093, 0.5644286870956421, 1.6004135608673096, 1.4441674947738647, 1.5829228162765503, 1.3198829889297485, 0.7586606740951538, 0.3442063629627228, 0.008009500801563263, 0.05542902275919914, 0.16501618921756744, 0.07226289063692093, -0.016637690365314484]], [[-0.6143503785133362, -0.6282837390899658, -0.9287624955177307, -0.2958413064479828, -1.0842180252075195, -0.6587140560150146, -1.258978247642517, -0.7891753911972046, -1.327681064605713, -0.9365513324737549, -1.132177710533142, -1.0417838096618652, -1.3357877731323242, -0.6778088212013245, -1.2301901578903198, -1.0032951831817627, 0.014964800328016281, -0.4110817611217499, -0.6625591516494751, -0.8419513702392578, -0.728141188621521, -1.290426254272461, -2.5901362895965576, -1.6723694801330566, -0.9270105957984924, -1.19417405128479, -1.6072330474853516, -0.7579095363616943, -0.6850907802581787, -0.6431385278701782, -1.1833773851394653, -0.7644005417823792], [-0.4297792911529541, -0.5953267216682434, -0.5883311033248901, -0.4822225868701935, -0.6805172562599182, -0.7046838998794556, -0.7875216603279114, -1.2533400058746338, -0.7196657657623291, -0.8727554678916931, -0.4328547418117523, -1.064463496208191, -1.0833419561386108, -0.8676497340202332, -1.3122020959854126, -1.1298667192459106, -1.0621438026428223, -0.772123396396637, -0.8370545506477356, -0.5772899389266968, -1.0160744190216064, -1.8168559074401855, -1.8126527070999146, -1.5802265405654907, -1.1080353260040283, -0.8924476504325867, -0.49290022253990173, -0.3924766182899475, -1.1463963985443115, -0.4362109303474426, -0.8016594648361206, -0.44020071625709534]], [[-0.17564824223518372, 0.019542574882507324, 0.1416689157485962, -0.0813223347067833, 0.24502429366111755, 0.39085328578948975, 0.29477861523628235, 0.20805624127388, -0.6145964860916138, -0.3931597173213959, -0.3298351466655731, 0.18449553847312927, 0.4098754823207855, -0.15961459279060364, -0.0953466072678566, 0.2083009034395218, -1.076796054840088, -0.1479625403881073, -0.30851948261260986, -0.09637702256441116, 0.1349511742591858, -0.14020764827728271, 0.1042964830994606, -0.21453163027763367, -1.6373727321624756, -1.0568691492080688, 0.3400825560092926, -0.6038125157356262, 0.13613349199295044, -0.2273828089237213, 0.49916350841522217, -0.20353540778160095], [-0.02752671390771866, -0.012547671794891357, -0.01564144343137741, 0.1312028020620346, -0.07197429984807968, 0.04068875312805176, -0.1843567192554474, 0.6563941836357117, 0.06736868619918823, 0.5452906489372253, -0.02161451429128647, 0.6134636998176575, -0.157619446516037, 0.004273645579814911, -0.33304983377456665, -0.04755965620279312, -0.22027072310447693, 1.4394166469573975, -0.263447105884552, -0.04169134050607681, -0.23694494366645813, -0.48503559827804565, -0.3175327181816101, -0.25694891810417175, -0.10645502060651779, 0.7748678922653198, -0.16467377543449402, -0.1440506875514984, 0.2586168944835663, -0.16266441345214844, 0.8315622210502625, -0.08799611777067184]], [[-0.44168561697006226, -0.5150683522224426, -0.27469107508659363, -0.17734679579734802, -0.13777488470077515, -0.5627530813217163, -1.1278753280639648, -0.14599621295928955, -0.5258080363273621, -0.8720800876617432, -0.8029295206069946, -0.2947082221508026, -0.520668089389801, -0.4008979797363281, -0.9162797927856445, 0.5535807013511658, -0.16685715317726135, -0.19417938590049744, -0.10083360970020294, -0.24007289111614227, -0.0045503005385398865, -0.23461422324180603, -1.384920597076416, -0.7716178297996521, -0.20948708057403564, -1.0737475156784058, -0.2572135925292969, -0.9894841909408569, -0.1342487782239914, -0.3017008602619171, -0.047616031020879745, -0.15212012827396393], [-0.5600751638412476, -0.6698867678642273, -0.12487703561782837, -0.1947510689496994, -0.9632839560508728, -0.7485431432723999, -0.3411191701889038, -0.48679637908935547, -0.13044707477092743, -0.7395600080490112, -0.3913674056529999, -0.5973982214927673, -0.4085855484008789, -0.21836817264556885, -0.6135002374649048, -0.5534498691558838, 0.0532093271613121, -0.16609874367713928, -0.09962031990289688, -0.2954047918319702, -0.4791569113731384, -0.6897382736206055, -0.3475165367126465, 0.4616401791572571, -0.03730050101876259, -1.2364444732666016, -0.4885520040988922, -0.5134242177009583, -0.027469266206026077, -0.12581586837768555, -0.1467546969652176, -0.5942768454551697]], [[-1.616417646408081, -1.690651535987854, -1.8883018493652344, -1.9926271438598633, -1.1512922048568726, -1.9061086177825928, -1.1280887126922607, -1.554832100868225, -1.5029784440994263, -1.9138014316558838, -1.5306010246276855, -1.9880328178405762, -1.7952455282211304, -1.8256711959838867, -1.9424333572387695, -1.937741994857788, -1.3846321105957031, -1.6626311540603638, -1.5119609832763672, -1.9072093963623047, -1.1403383016586304, -1.5501567125320435, -1.0633583068847656, -1.3778377771377563, -1.9546818733215332, -1.159883737564087, -2.019221782684326, -2.0330970287323, -1.4638384580612183, -1.583785057067871, -1.296041488647461, -1.718248963356018], [-0.31867730617523193, -1.9712986946105957, -1.4439915418624878, -1.4840439558029175, -1.8860459327697754, -2.219348907470703, -1.6832376718521118, -1.8129842281341553, -1.2083733081817627, -2.3266260623931885, -2.129667043685913, -2.041022300720215, -2.4351086616516113, -2.5065481662750244, -2.0850343704223633, -1.7340112924575806, -1.9987711906433105, -2.324774980545044, -2.222599744796753, -2.210973024368286, -2.2972218990325928, -2.0897796154022217, -2.2363333702087402, -2.1886818408966064, -2.054654598236084, -1.9520244598388672, -1.437957763671875, -0.29596787691116333, -1.5535389184951782, -1.469996690750122, -1.4865158796310425, -0.28132790327072144]], [[0.095521941781044, 0.3421112596988678, 0.28710711002349854, -0.08036783337593079, -0.16038115322589874, 0.028494074940681458, -0.1701224446296692, -0.10214678943157196, 0.41403093934059143, -0.1905822455883026, -0.18560919165611267, 0.5464086532592773, 0.046550165861845016, -0.20855429768562317, -0.07613882422447205, 0.40704721212387085, 0.25926291942596436, 0.33598044514656067, 0.20418177545070648, 0.5759670734405518, 0.38213762640953064, -0.10554610192775726, 0.3862733542919159, 0.5656198859214783, 0.6256664395332336, -0.07379251718521118, 0.6594951152801514, -0.11461110413074493, 0.2855462431907654, -0.11513897776603699, 0.5525192022323608, -0.2736416757106781], [-0.41219186782836914, -0.1567326784133911, -0.11781518161296844, -0.14864590764045715, -0.3255821168422699, -0.4597329795360565, -0.2110673189163208, -0.27645519375801086, -0.20252004265785217, -1.0002754926681519, -0.46407756209373474, -0.4723757207393646, -0.34387490153312683, -0.570313572883606, -0.3831970691680908, -0.3047369718551636, -0.3854530453681946, -0.6843215823173523, -0.2884165644645691, -0.5347225666046143, -0.24168458580970764, -0.19782181084156036, -0.3160308301448822, -0.8354554772377014, -0.48661091923713684, -0.3358432948589325, -0.13055919110774994, -0.3709879517555237, -0.2954583466053009, -0.266433984041214, 0.25925758481025696, -0.4300188720226288]], [[0.20172777771949768, 0.24468165636062622, 0.4587109684944153, 0.20328488945960999, 0.16424912214279175, 0.5360255241394043, 0.3117714524269104, 0.3995788097381592, 0.06339293718338013, 0.36483144760131836, 0.7345471978187561, 0.9084684252738953, 0.41483813524246216, 0.41214829683303833, 0.2347765564918518, 0.3086262345314026, 0.16374078392982483, 0.39269328117370605, 0.31558001041412354, 0.31871628761291504, 0.22870159149169922, 0.2362349033355713, 0.5466952323913574, 0.21663907170295715, -0.18444105982780457, 0.014815479516983032, 0.36698102951049805, 0.5796137452125549, 0.30702757835388184, -0.04158727824687958, 0.30928343534469604, 0.16948124766349792], [-0.013849198818206787, 0.4202897548675537, -0.014121413230895996, 0.3383660912513733, 0.6508404612541199, 0.7456606030464172, 0.3197024464607239, 0.8364500403404236, 0.03420498967170715, 0.755018413066864, 0.33092552423477173, 0.9557473063468933, 0.21938452124595642, 0.5861671566963196, 0.14279890060424805, 0.46126997470855713, 0.14090386033058167, 0.6697084307670593, 0.4362224340438843, 0.6808427572250366, 0.35608118772506714, 0.1665564477443695, 0.41421133279800415, 0.2973771095275879, 0.17669078707695007, 0.8360649943351746, 0.21103447675704956, -0.01934713125228882, 0.36474037170410156, -0.08427810668945312, 1.0085270404815674, -0.06865651905536652]], [[0.16419433057308197, 0.37076371908187866, 0.21732227504253387, -0.3405933678150177, 0.32507455348968506, -0.05254238098859787, 0.28622502088546753, 0.054837241768836975, 0.4535009264945984, -0.05873720347881317, 0.0724138617515564, -0.21832548081874847, 0.7060828804969788, 0.11797697842121124, 0.32079023122787476, -0.04328536242246628, 0.19710184633731842, 0.2032194584608078, 0.2284572869539261, -0.252641499042511, 0.35658472776412964, 0.044467151165008545, -0.544990062713623, -0.6860145926475525, 0.05294157564640045, -0.0692036896944046, 0.7145926356315613, 0.341391384601593, 0.4557551145553589, 0.11947642266750336, 0.5277228951454163, -0.17050133645534515], [-0.18183967471122742, -0.2667020261287689, -0.011037245392799377, -0.3322392702102661, -0.20850931107997894, 0.014055579900741577, -0.1178070679306984, -0.31618547439575195, -0.13658660650253296, 0.08150982856750488, -0.26847273111343384, -0.21403652429580688, -0.41553056240081787, -0.14769048988819122, -0.45562541484832764, -0.41092467308044434, -0.013526752591133118, -0.24887609481811523, -0.3695228695869446, -0.584837019443512, -0.294187068939209, -0.09545943140983582, -0.6229806542396545, -0.2755313813686371, -0.28585681319236755, 0.3403536081314087, 0.16959558427333832, -0.14380918443202972, 0.46794259548187256, 0.07176116108894348, -0.40058785676956177, -0.20083418488502502]], [[0.13409683108329773, 0.9994193315505981, 0.7856320738792419, 0.7419734597206116, 0.5677797794342041, 1.004126787185669, 0.16351890563964844, 1.115349531173706, 0.5225505828857422, 0.6309118270874023, 0.05708840489387512, 1.4412893056869507, 0.6836419105529785, 0.5592562556266785, 0.205129474401474, 2.289832592010498, 0.2324061095714569, 1.158826470375061, 0.7960771918296814, 1.612097144126892, 0.6342402100563049, 0.9681800603866577, 0.8063420653343201, 0.7683933973312378, 0.12080913782119751, 0.6927088499069214, 1.823832392692566, 0.7913416624069214, 1.060436725616455, 0.6638328433036804, 1.3841859102249146, 0.48943114280700684], [0.11458078026771545, 0.574196994304657, 0.12353476881980896, 0.5188262462615967, 0.5208374261856079, 0.5742303133010864, 0.28920838236808777, 1.0626250505447388, 0.11670282483100891, 0.7238539457321167, 0.8816076517105103, 0.9022059440612793, 0.6389888525009155, 0.5048770904541016, 0.5599077343940735, 0.6856644153594971, 0.23888367414474487, 1.05759859085083, 0.5674639344215393, 0.511448860168457, 0.2153344750404358, -0.1996351182460785, -0.06373198330402374, 0.3118697702884674, 0.18755879998207092, 0.6810805201530457, 0.1612699031829834, 0.11676806211471558, 0.9522287845611572, 0.003308996558189392, 1.2624949216842651, 0.09916266798973083]], [[-0.4989331066608429, -0.5388590097427368, -0.3636046350002289, -0.6407503485679626, -0.6765222549438477, -0.7506850957870483, -0.662362277507782, -0.5520505309104919, -0.2705480754375458, -0.4477059245109558, -0.5750551819801331, -0.47512802481651306, -0.4921042323112488, -0.44885000586509705, -0.2689592242240906, 0.2760847210884094, -0.47237342596054077, -0.2798246741294861, -0.1214342713356018, 0.5075861811637878, -0.27421125769615173, 0.10107594728469849, -0.17058050632476807, -0.11527538299560547, -0.030769601464271545, -0.5391490459442139, -0.7856222987174988, -0.5785243511199951, -0.34539270401000977, -0.47644340991973877, -0.4233180284500122, -0.35642170906066895], [-0.12587009370326996, 0.15001623332500458, 0.08824498951435089, 0.06113276258111, 0.07533793151378632, -0.14866985380649567, 0.04859701916575432, -0.2259671837091446, 0.14115957915782928, 0.16137996315956116, 0.26186931133270264, 0.07901892066001892, 0.363444983959198, 0.2953185439109802, 0.17599764466285706, -0.21809326112270355, 0.37240874767303467, 0.2414259910583496, 0.3930397629737854, 0.4386284053325653, 0.2892261743545532, 0.7987374067306519, 0.2926763594150543, 0.07785698771476746, -0.05383390933275223, 0.2551170885562897, -0.1868833750486374, -0.2864140272140503, -0.15522490441799164, -0.033252570778131485, -0.16251687705516815, -0.2541905343532562]], [[0.9568879008293152, 1.0014572143554688, 0.8936071991920471, 0.6683200597763062, 0.7095072269439697, 1.0818071365356445, 0.5845743417739868, 0.5889096260070801, 1.4451956748962402, 0.8221784234046936, 0.6273003220558167, 0.9433433413505554, 0.5163288116455078, 0.8908988833427429, 0.40570974349975586, 1.298710823059082, 1.0327372550964355, 1.1620819568634033, 0.891923725605011, 1.2265441417694092, 0.5599320530891418, 1.0077908039093018, 1.4929542541503906, 1.4771368503570557, 1.8458929061889648, 1.033008337020874, 0.6920381188392639, 0.5388570427894592, 0.5905805826187134, 0.817547619342804, 0.7642661929130554, 0.9462618231773376], [0.09563958644866943, 0.15535572171211243, 0.004500746726989746, 0.10173511505126953, -0.09588146209716797, 0.25047826766967773, 0.04855489730834961, 0.16715556383132935, 0.21006441116333008, 0.242359459400177, 0.18331003189086914, 0.040804535150527954, -0.04062756896018982, 0.17479124665260315, 0.029192626476287842, 0.17696043848991394, 0.16832149028778076, 0.48868316411972046, 0.06342855095863342, 0.28993725776672363, -0.024246275424957275, 0.3290864825248718, 0.5517051815986633, 0.6431017518043518, 0.8977388739585876, 0.3619340658187866, 0.20602881908416748, 0.08837085962295532, -0.011699169874191284, 0.1783704161643982, 0.050635457038879395, 0.026949137449264526]], [[-0.6469060182571411, -2.175618886947632, -1.4746720790863037, -1.1617140769958496, -1.2962687015533447, -2.432790994644165, -1.078794240951538, -1.4204177856445312, -1.024119257926941, -1.6446073055267334, -2.1579794883728027, -2.715999126434326, -1.4439880847930908, -0.9409120082855225, -1.7056325674057007, -1.6028369665145874, -0.39423203468322754, -1.576168417930603, -0.7862151861190796, -1.9822551012039185, -1.1562796831130981, -1.3111610412597656, -1.770391821861267, -1.95887291431427, -1.1800187826156616, -1.6682794094085693, -2.0451149940490723, -0.9759882688522339, -1.076930046081543, -0.8328797817230225, -1.597368836402893, -0.8712589740753174], [-0.34514957666397095, -0.9542273283004761, -0.42434507608413696, -0.7594752311706543, -1.51277494430542, -1.218088984489441, -0.502369225025177, -1.3447089195251465, -0.6639290452003479, -2.353383779525757, -1.064171314239502, -1.722143530845642, -1.0757066011428833, -0.8552659749984741, -0.7343196272850037, -1.1071217060089111, -0.6985811591148376, -2.296243906021118, -0.9282405972480774, -1.2785851955413818, -0.9260841608047485, -1.7930482625961304, -1.2590594291687012, -0.6437687277793884, -0.5445657968521118, -1.8851555585861206, -0.5689809322357178, -0.4345455765724182, -1.3909404277801514, -0.8682666420936584, -2.1449530124664307, -0.4498708248138428]], [[0.8107060194015503, 0.17768770456314087, 0.6248142719268799, 0.3872464895248413, 0.11660479754209518, 0.36257755756378174, -0.2599780261516571, 0.1309046596288681, 1.3759324550628662, 0.8599281311035156, 0.75433748960495, 0.49317866563796997, 0.10222221910953522, 0.7295422554016113, 0.2789733409881592, -0.31695082783699036, 0.9382005333900452, 0.07941103726625443, 0.5566586256027222, 0.5851212739944458, 0.30073845386505127, 1.0274629592895508, 0.5484163761138916, 0.2070186585187912, 1.6146233081817627, 0.3153606355190277, -0.1083911657333374, 0.3725132346153259, 0.5474371314048767, 0.7047725915908813, -0.05803404748439789, 0.41595423221588135], [0.16089428961277008, 0.72846519947052, 0.5443578362464905, 0.5574526786804199, 0.8691062331199646, 0.9201629757881165, 0.5133950710296631, 0.6486691236495972, 0.5649253129959106, 1.2408297061920166, 0.5983374118804932, 1.5734243392944336, 0.8566226363182068, 1.1228384971618652, 0.8758068680763245, 1.2668266296386719, 0.9608726501464844, 1.268263578414917, 0.8099144101142883, 0.9331176280975342, 1.013453483581543, 1.562481164932251, 1.2943687438964844, 1.255704402923584, 0.9830656051635742, 1.1185098886489868, 0.6711089611053467, 0.09786012768745422, 1.2979722023010254, 0.7360610961914062, 1.0750157833099365, 0.14591377973556519]], [[-0.05463671684265137, -0.9582777619361877, -0.6713002920150757, 0.14805743098258972, -0.037606582045555115, -0.5712531208992004, -0.27075517177581787, -0.3726091980934143, -1.3681910037994385, -0.7824767231941223, -0.8414652347564697, -0.8274977207183838, -0.446053147315979, -0.11421364545822144, -0.7397651672363281, -0.22664566338062286, -0.6107196807861328, -0.5091779828071594, -0.20781563222408295, -0.9046352505683899, -0.5534723997116089, -1.3398470878601074, -2.5208687782287598, -2.0013530254364014, -0.7226553559303284, -0.8150822520256042, -0.6655058264732361, -0.41561752557754517, -0.3023587465286255, -0.029456496238708496, -0.4651051163673401, 0.014773532748222351], [-0.4091074466705322, 0.2322475016117096, 0.1974582076072693, 0.32519882917404175, 0.2808477282524109, 0.2590235471725464, 0.4576670527458191, 0.22064444422721863, 0.15801259875297546, -0.4684022068977356, 0.1808411031961441, -0.172158345580101, 0.17517933249473572, 0.09656525403261185, 0.2206379771232605, 0.3531031012535095, -0.10363002121448517, -0.2820640206336975, 0.10197777301073074, -0.20404605567455292, 0.06547507643699646, -0.7746323943138123, -0.9526079297065735, -0.7491105794906616, -0.594348132610321, -0.5623465180397034, 0.14113064110279083, -0.3989650011062622, 0.5264230370521545, 0.4527876377105713, 0.5328598618507385, -0.40194129943847656]], [[-0.5557191371917725, -1.0632563829421997, -0.9384868144989014, -0.8577975034713745, -0.4301219582557678, -1.0346927642822266, -0.5482426285743713, -0.5646868348121643, -0.6295480132102966, -0.6976309418678284, -1.006852388381958, -1.729634404182434, -0.6973327398300171, -0.7761629819869995, -0.42592382431030273, -1.021958589553833, -0.04017098248004913, -0.736275851726532, -0.7562053203582764, -1.5407737493515015, -0.8254578113555908, -0.9097468852996826, -0.65125972032547, -1.2041443586349487, -0.9266446828842163, -0.9084770679473877, -1.3552039861679077, -0.6729106903076172, -0.8198702335357666, -0.6148932576179504, -0.4938535690307617, -0.437120258808136], [-0.22241459786891937, -0.8456752300262451, -0.2363855093717575, -0.710935652256012, -1.0668209791183472, -1.184071660041809, -0.5483630299568176, -1.0335421562194824, -0.47981488704681396, -1.6888314485549927, -0.7834476828575134, -0.9325464963912964, -1.0132417678833008, -0.588344395160675, -0.5708054304122925, -0.6303747296333313, -0.5344648957252502, -1.5605212450027466, -0.7279366850852966, -0.6771247982978821, -0.8945014476776123, -1.387748122215271, -1.1005107164382935, -0.8352879285812378, -0.7925738096237183, -1.2125264406204224, -0.5925310254096985, -0.22333155572414398, -0.6598331928253174, -0.6973456144332886, -1.0361765623092651, -0.16173826158046722]], [[-0.11794756352901459, -1.3376541137695312, -0.43486231565475464, -1.3803201913833618, -0.3295086622238159, -1.3463594913482666, 0.08828936517238617, -0.997315526008606, -0.7156217098236084, -0.5245230197906494, -0.05777193605899811, -0.3913622498512268, -0.07730205357074738, -0.6790636777877808, 0.12139604985713959, -1.5161274671554565, -0.4279252290725708, -1.1102432012557983, -0.19601018726825714, -1.0496675968170166, -0.6453325748443604, -0.41965019702911377, -0.024561092257499695, -0.04118075966835022, -0.6713659167289734, 0.10737492889165878, -1.0623059272766113, -0.1889135092496872, -0.5210902094841003, -0.27611225843429565, -1.3032783269882202, -0.5562085509300232], [-0.5457128882408142, -0.6680509448051453, -0.12033744156360626, -0.625041663646698, -0.75359046459198, -0.8158046007156372, -0.24926139414310455, -1.1111561059951782, -0.3511584401130676, -0.7948318719863892, -0.10722075402736664, -0.8253968954086304, -0.016190752387046814, -0.015699967741966248, -0.042545005679130554, -0.3723270297050476, -0.08607031404972076, -1.3163045644760132, -0.15845946967601776, -0.7623348832130432, -0.4929196834564209, -0.15118376910686493, -0.34802937507629395, 0.08810792863368988, -0.1023128479719162, -1.4820557832717896, -0.25410038232803345, -0.49161404371261597, -0.6684426069259644, -0.37913990020751953, -1.7679941654205322, -0.4798116683959961]], [[-0.539998471736908, -0.6148028373718262, -0.6153913736343384, -0.5929068922996521, -0.7832120656967163, -0.5566145777702332, -0.6046527028083801, -0.5920419692993164, -1.3205567598342896, -0.39676421880722046, -0.7497080564498901, -0.29289883375167847, -0.41750097274780273, -0.2891916036605835, -0.9505262970924377, 0.5854921936988831, -1.0123530626296997, -0.34780192375183105, -0.25326019525527954, -0.35015439987182617, -0.49029844999313354, -0.7162221670150757, -1.4131770133972168, -0.8262342810630798, -1.8454667329788208, -0.8901312947273254, -0.2919809818267822, -0.49645334482192993, -0.21745847165584564, -0.48906409740448, -0.3587729334831238, -0.45893311500549316], [0.10346438735723495, 0.49812257289886475, 0.09487580507993698, 0.29109272360801697, 0.34014296531677246, 0.3494223356246948, 0.038477346301078796, 0.4556018114089966, 0.007348701357841492, 0.4348396062850952, 0.15792016685009003, 0.4160279631614685, 0.01913534104824066, 0.08203580230474472, 0.10586940497159958, 0.47709935903549194, 0.08704649657011032, 0.9048500657081604, 0.13104549050331116, 0.2709386348724365, 0.004547625780105591, 0.15823319554328918, 0.19483895599842072, 0.4324898421764374, -0.026197001338005066, 0.5685802698135376, -0.1304217129945755, 0.14140519499778748, 0.4814872741699219, -0.053445667028427124, 0.4356929659843445, 0.22163501381874084]], [[0.3774435222148895, 1.0531816482543945, 0.8718507289886475, 0.7556556463241577, 0.7434332370758057, 0.8530060052871704, 0.5025326013565063, 0.8520365953445435, 0.9487193822860718, 0.8508973121643066, 0.7081234455108643, 0.7463093996047974, 0.8054636716842651, 0.6943792104721069, 0.7799981832504272, 1.6237452030181885, 0.6413487195968628, 1.1225043535232544, 0.5378284454345703, 1.6044270992279053, 0.6054825782775879, 1.0776176452636719, 1.4685372114181519, 1.4274802207946777, 1.7793192863464355, 1.2498691082000732, 0.7206398248672485, 0.3916567862033844, 0.8192739486694336, 0.5592150688171387, 1.082480549812317, 0.7205606698989868], [-0.32769379019737244, 0.7989672422409058, 0.4494447410106659, 0.5520268678665161, 0.9452686309814453, 1.393265724182129, 0.8119722604751587, 1.2929795980453491, 0.3576558530330658, 1.3412623405456543, 0.9181145429611206, 0.9894388914108276, 0.8819174766540527, 1.829540491104126, 1.0400410890579224, 1.2061738967895508, 1.133438229560852, 1.0062915086746216, 1.0789966583251953, 1.373386263847351, 1.1827309131622314, 1.8374924659729004, 2.1035594940185547, 2.5493712425231934, 1.7126801013946533, 1.4478541612625122, 0.438422292470932, -0.2437860071659088, 1.0338882207870483, 0.5780652761459351, 1.2040767669677734, -0.23768845200538635]], [[-0.03249408304691315, 0.09394936263561249, -0.2973112165927887, 0.3871074914932251, 0.12496645748615265, 0.21219132840633392, -0.053174786269664764, 0.3630693554878235, -0.7054406404495239, -0.10674330592155457, 0.020331397652626038, -0.1148056834936142, -0.11240699887275696, -0.16237735748291016, 0.07701252400875092, -1.2400391101837158, 0.06042870879173279, -0.30433404445648193, 0.07420311868190765, 0.1188170462846756, 0.3971187472343445, 0.07074232399463654, -0.4395303726196289, -0.6598230004310608, 0.7367122173309326, 0.06600332260131836, -0.07157188653945923, 0.1555352360010147, 0.23674847185611725, 0.12667007744312286, -0.1634795218706131, -0.036539122462272644], [0.20942215621471405, 0.19336603581905365, -0.013856381177902222, 0.25688648223876953, 0.11254341900348663, 0.18662311136722565, 0.29612916707992554, 1.053807020187378, -0.2842501699924469, 0.6520236730575562, 0.0882817953824997, 0.5970582365989685, 0.2877681851387024, 0.5570136308670044, 0.04597264528274536, 0.37075477838516235, 0.36649090051651, 0.5353513360023499, 0.13134129345417023, 0.09047742187976837, 0.2559104561805725, 0.6974122524261475, 1.3238672018051147, 1.4738764762878418, 0.9021059274673462, 0.2212110012769699, 0.2804318070411682, 0.2243100255727768, 0.750818133354187, 0.07172033190727234, 0.3970928192138672, 0.21290789544582367]], [[-0.2406320422887802, 0.3728950619697571, -0.024023786187171936, -0.06448425352573395, -0.17349663376808167, 0.4577496647834778, -0.10118591040372849, 0.3212345242500305, -0.4027186632156372, 0.4440253973007202, -0.14274422824382782, 0.32585275173187256, 0.048540517687797546, -0.08012335002422333, 0.12803839147090912, -0.5135507583618164, -0.2462792545557022, -0.2192419022321701, -0.29260265827178955, 0.27107423543930054, -0.06293077766895294, 0.018072232604026794, 0.1839631348848343, 0.0758025199174881, 0.526604175567627, -0.5110238194465637, 0.3937191963195801, 0.0692790299654007, 0.012233644723892212, 0.13499023020267487, 0.5590164065361023, 0.060421571135520935], [0.13113857805728912, -0.1826026290655136, -0.09418340027332306, 0.13315434753894806, -0.45893245935440063, -0.27255916595458984, -0.13306668400764465, 0.09324575960636139, 0.30787283182144165, 0.1856275051832199, 0.24584437906742096, 0.010311871767044067, -0.17245951294898987, -0.19263990223407745, -0.055833056569099426, -0.09761907905340195, 0.036567091941833496, 0.24480997025966644, 0.026473701000213623, 0.2141803354024887, 0.07760317623615265, 0.14925695955753326, -0.13657766580581665, 0.2344220131635666, 0.18153153359889984, -0.5790783762931824, 0.13517628610134125, 0.15553413331508636, 0.1830907016992569, 0.045867159962654114, 0.4179530739784241, 0.16669468581676483]], [[-0.11608219891786575, -0.2155257761478424, -0.48152151703834534, 0.07035108655691147, -0.283439964056015, 0.2980882525444031, -0.8786237239837646, -0.015544824302196503, -0.33298149704933167, 0.40705373883247375, -0.5820198059082031, 0.500450074672699, -0.5170503854751587, -0.009059712290763855, -0.0869545117020607, 0.23153430223464966, 0.03541041910648346, 0.4383144974708557, -0.21070879697799683, -0.40195563435554504, -0.06872134655714035, -0.4464190900325775, -1.067039966583252, -0.8101410269737244, -0.31771841645240784, -0.5890650749206543, 0.3981500566005707, -0.02927115559577942, 0.1098490059375763, -0.2220744490623474, -0.14177489280700684, 0.16078490018844604], [-0.06216595321893692, 0.35219645500183105, 0.32351788878440857, 0.6688417792320251, 0.26563313603401184, 0.47329437732696533, 0.46894118189811707, 0.8940123319625854, 0.237716406583786, 0.747300922870636, 0.4319211542606354, 0.6355641484260559, 0.36748942732810974, 0.3805857300758362, 0.5084419846534729, 0.9659215807914734, 0.42766860127449036, 1.2876225709915161, 0.31788256764411926, 0.5141249895095825, 0.09111302345991135, -0.4201330542564392, -0.4466252624988556, 0.32699665427207947, 0.6280478239059448, 0.7145997285842896, 0.33017870783805847, -0.10289137810468674, 0.3329192101955414, 0.3992912769317627, 0.4523158669471741, -0.08378889411687851]], [[0.35398799180984497, 1.3220853805541992, 0.5793402791023254, 1.3045967817306519, 0.7961029410362244, 2.1357181072235107, 1.1574161052703857, 1.1097530126571655, 0.3097596764564514, 0.9912740588188171, 1.2730298042297363, 1.4592485427856445, 1.2341605424880981, 1.1962352991104126, 1.7758139371871948, 2.073554754257202, 0.689094603061676, 1.4443433284759521, 1.0148347616195679, 1.5525230169296265, 0.9067160487174988, 0.9607073664665222, 1.7570542097091675, 2.0403048992156982, 2.3275394439697266, 1.6684824228286743, 1.304373860359192, 0.9777757525444031, 0.6846603155136108, 0.6698601245880127, 1.066799283027649, 1.3361254930496216], [1.1817545890808105, 0.7129374742507935, 0.42223507165908813, 0.6416363716125488, 0.3821307420730591, 1.073370099067688, 0.6671144962310791, 0.7750418782234192, 0.029443517327308655, 1.1616815328598022, 0.6081798076629639, 1.1943597793579102, 0.7035949230194092, 0.8650922775268555, 0.9872621893882751, 1.1871832609176636, 0.6404032707214355, 1.7559874057769775, 0.7241038084030151, 1.3814927339553833, 0.37130510807037354, 0.22358544170856476, -0.01469586044549942, 0.3806527853012085, 0.29031646251678467, 0.41830599308013916, 0.31680285930633545, 1.1608120203018188, 0.6572429537773132, 0.00780891627073288, 0.7682072520256042, 1.1341830492019653]], [[0.43920302391052246, -0.46719321608543396, 0.1910576969385147, 0.07024258375167847, -0.47346261143684387, -0.17105133831501007, -0.02938207797706127, -0.06911783665418625, -0.3388047218322754, -0.2822456955909729, -0.015285337343811989, 0.043704815208911896, -0.3418874144554138, -0.1647682785987854, -0.08009882271289825, -0.15426979959011078, 0.13704636693000793, -0.3535761535167694, -0.0956653356552124, 0.6170262694358826, -0.17395393550395966, -0.17889277637004852, -0.1815136820077896, -0.3695402145385742, -0.6027796268463135, -0.0731399804353714, 0.6161275506019592, -0.045335426926612854, -0.030496681109070778, -0.24881544709205627, 0.2348448783159256, -0.032481849193573], [0.2119194120168686, -0.8026021122932434, -0.41709527373313904, -0.8838573694229126, -0.4877835810184479, -0.7914879322052002, -0.2766338586807251, -0.9481379389762878, -0.2880782186985016, -0.9918746948242188, -0.7486039996147156, -0.8347901701927185, -0.5731899738311768, -0.38244491815567017, -0.3373930752277374, -0.785281777381897, -0.5776686072349548, -1.189305067062378, -0.592002809047699, -0.895320475101471, -0.6521129012107849, -0.5702769756317139, -0.049103766679763794, 0.042116742581129074, -0.3750622868537903, -0.5856510400772095, -0.35509008169174194, 0.0783810168504715, -0.12200800329446793, -0.5385535955429077, -0.17978216707706451, 0.15177014470100403]], [[0.7087141275405884, 1.087924838066101, 0.4437074065208435, 1.3195594549179077, 0.31525105237960815, 1.4464828968048096, 0.22291547060012817, 0.866965115070343, 0.9581254720687866, 0.827109158039093, -0.1361810863018036, 0.3019663393497467, 0.34599411487579346, 1.2963876724243164, 0.32944145798683167, 2.0031838417053223, 0.5988256931304932, 1.2590687274932861, 0.755775511264801, 1.159053921699524, 0.938037633895874, 1.0234506130218506, 0.4766327738761902, 0.9100897312164307, 1.4786733388900757, 0.7897194027900696, 0.053903184831142426, 0.231196790933609, 0.6654195189476013, 0.7982811331748962, 0.568873941898346, 0.7682844996452332], [0.07964274287223816, 0.5327005982398987, 0.3656596541404724, 0.6328574419021606, 0.4289686977863312, 0.7204617261886597, 0.4857194423675537, 0.5398457050323486, 0.4882526993751526, 0.26138049364089966, 0.6236227750778198, 0.44228535890579224, 0.6640079617500305, 0.7795819044113159, 0.7135006189346313, 0.8691034913063049, 0.967469334602356, 0.4495788812637329, 0.5818983316421509, 0.9274346828460693, 0.7831138372421265, 0.9845322966575623, 1.2659573554992676, 1.3724409341812134, 0.8107073903083801, 0.21416623890399933, 0.42394131422042847, 0.0746031254529953, 0.3657476007938385, 0.4452403783798218, 0.36551621556282043, 0.054649218916893005]], [[0.29449743032455444, -0.20248597860336304, 0.8022894859313965, 0.12116411328315735, 0.7035731077194214, 0.2780086398124695, 0.7294125556945801, 0.31916290521621704, 0.8332318067550659, 0.34113335609436035, 0.8533948659896851, 0.2932531535625458, 0.6415401697158813, 0.026463881134986877, 0.786401629447937, 0.7438830137252808, 0.05843408405780792, 0.27410799264907837, -0.03758203983306885, -0.030792921781539917, 0.23626840114593506, 0.9177076816558838, 1.769291639328003, 1.5542291402816772, 0.3903149664402008, 0.5754531025886536, 0.6097229719161987, 0.3308603763580322, 0.4156980812549591, 0.08239315450191498, 0.7369543313980103, 0.05595513433218002], [0.19512373208999634, 0.38046109676361084, 0.53994220495224, 0.4498084783554077, 1.0252676010131836, 1.029444694519043, 0.7235156297683716, 1.0606896877288818, 0.3758023977279663, 1.4230557680130005, 0.8267759084701538, 1.257880449295044, 1.1489022970199585, 0.7786766290664673, 0.7213426828384399, 0.9074971675872803, 0.5081462860107422, 1.2621111869812012, 0.5312591195106506, 0.9405601024627686, 0.9984933137893677, 1.6715272665023804, 0.9124159812927246, 0.9429244995117188, 0.5929443836212158, 2.100881338119507, 0.5992052555084229, 0.14058521389961243, 1.5056301355361938, 0.5931128263473511, 1.3168048858642578, 0.08855091035366058]], [[0.09006115794181824, -0.2758142352104187, -0.07604673504829407, -0.28859952092170715, -0.13062867522239685, -0.23819315433502197, -0.06651702523231506, -0.3175717890262604, 0.007601737976074219, 0.31709787249565125, 0.21287888288497925, -0.6354600191116333, 0.05591568350791931, -0.09928730130195618, 0.19564524292945862, -0.05324116349220276, -0.011757642030715942, 0.059602588415145874, 0.1802816540002823, 0.19984030723571777, -0.21963182091712952, 0.16116516292095184, 0.015031009912490845, -0.3961400091648102, -0.03470143675804138, 0.5278891324996948, -0.6304479837417603, -0.2072022259235382, -0.027011528611183167, 0.09671979397535324, -0.4134758412837982, -0.3805278241634369], [0.12445565313100815, 0.4724997282028198, 0.3986160159111023, 0.37396883964538574, 0.7731435298919678, 0.4002503752708435, -0.004267022013664246, -0.09198698401451111, 0.28253909945487976, 0.2210106998682022, 0.30380189418792725, 0.3600803315639496, 0.27498409152030945, 0.2433335930109024, 0.09106634557247162, -0.054872602224349976, 0.3400561511516571, 0.04014654457569122, 0.5769991278648376, 0.6930804252624512, 0.28743302822113037, 0.4075748324394226, 0.08269838988780975, -0.2888163626194, 0.07558895647525787, 0.43051549792289734, 0.43197309970855713, 0.15357911586761475, 0.3958067297935486, 0.12120340019464493, 0.12496990710496902, 0.1275482177734375]], [[0.5464975833892822, 1.1015726327896118, -0.02465314418077469, 0.7151837944984436, -0.08023491501808167, 1.1842392683029175, -0.1564924418926239, 0.8758562803268433, 0.43493789434432983, 0.8986213803291321, 0.24673478305339813, 1.043076753616333, -0.18179133534431458, 0.7590059041976929, -0.3083095848560333, 0.4190717935562134, 0.578167200088501, 0.40430980920791626, 0.29551398754119873, 0.616298496723175, -0.09535403549671173, -0.11328756809234619, -0.3730074167251587, -0.43967562913894653, -0.17576974630355835, 0.613886833190918, 0.3286002278327942, 0.6753572225570679, 0.3591929078102112, 0.6004036068916321, 0.40618896484375, 0.46875375509262085], [-0.10493849217891693, 0.9121947884559631, 0.7796570062637329, 0.7347074747085571, 0.49924272298812866, 0.8474155068397522, 0.5912612676620483, 1.0098247528076172, 0.5510281920433044, 0.9980799555778503, 0.7251818776130676, 0.6994455456733704, 0.5221987366676331, 0.8740078210830688, 0.5389593243598938, 0.5698038339614868, 0.9242046475410461, 0.7023284435272217, 0.5070174932479858, 0.5411486625671387, 0.5618800520896912, 0.22635658085346222, 0.21163590252399445, 0.1899927407503128, 0.34396910667419434, 0.0019113123416900635, 0.4119628071784973, -0.14870308339595795, 0.5276170372962952, 0.3095442056655884, 0.5033639073371887, -0.1908915489912033]], [[-0.4628629684448242, -0.7567270994186401, -0.6387068629264832, -0.6260020732879639, -0.4675449728965759, -0.9766648411750793, -0.399960994720459, -0.6669628620147705, -0.06847788393497467, -0.40938854217529297, -0.2227388173341751, -1.0804674625396729, -0.5198142528533936, -0.47379255294799805, -0.24620185792446136, -1.3439773321151733, -0.6545660495758057, -0.7116655111312866, -0.7396730184555054, -0.9437892436981201, -0.5370981097221375, -0.3224998116493225, -0.01228901743888855, -0.46935850381851196, -0.18556717038154602, -0.4315943717956543, -1.8185241222381592, -0.7377121448516846, -0.9081646800041199, -0.6869267821311951, -1.3947423696517944, -0.7769417762756348], [0.07080045342445374, -0.03352329134941101, -0.07157014310359955, -0.06766991317272186, 0.3947257399559021, -0.42721623182296753, -0.3836424648761749, -0.349032998085022, 0.09435126185417175, 0.22345873713493347, 0.19279581308364868, 0.1842443346977234, 0.3080381751060486, -0.22536344826221466, 0.013100922107696533, -0.1250525861978531, -0.16535761952400208, -0.3688037395477295, -0.14024630188941956, -0.22313401103019714, 0.3718465566635132, 1.0464993715286255, 0.04992598295211792, -0.38322073221206665, -0.1633290797472, -0.7202208042144775, -0.24334180355072021, 0.06693637371063232, -0.362250417470932, -0.1882638931274414, -0.7757951021194458, 0.0596795380115509]], [[-0.3956184387207031, -0.4375205636024475, -0.7601439356803894, -0.18841448426246643, -0.801463782787323, -0.5264590978622437, -0.43424078822135925, -0.23834531009197235, -0.8550623059272766, -0.443837970495224, -0.6052767038345337, -0.41070881485939026, -0.6974002122879028, 0.11721932888031006, -0.12569253146648407, 0.449267715215683, -0.2337409108877182, 0.15176093578338623, -0.26958751678466797, -0.25967416167259216, -0.18107834458351135, -0.35629406571388245, -0.4474945068359375, -0.10462597012519836, 0.22698694467544556, 0.009681928902864456, -0.5469914078712463, -0.051673632115125656, -0.1840893030166626, -0.20424574613571167, -0.4775950312614441, -0.3459761440753937], [-0.03933193162083626, -0.05653276666998863, 0.1852877140045166, 0.20830783247947693, -0.6061007976531982, -0.4377727806568146, -0.12203942239284515, -0.3581996560096741, 0.26909732818603516, -0.39212915301322937, 0.13591578602790833, -0.30391499400138855, -0.11513836681842804, 0.2685970962047577, 0.04256517440080643, 0.3598809540271759, 0.45174840092658997, -0.5396031141281128, 0.14693334698677063, 0.06688591837882996, -0.09480412304401398, -0.14290174841880798, 0.44729647040367126, 0.7752166986465454, 0.6119895577430725, -0.7310400009155273, 0.014419117011129856, 0.024860704317688942, -0.274078905582428, 0.17984168231487274, -0.11843325197696686, 0.07679533213376999]], [[0.43257230520248413, 0.3317079246044159, 1.441754937171936, 0.5841444730758667, 0.9453835487365723, 0.11787393689155579, 0.40896257758140564, 0.5948970913887024, 0.5507633090019226, 0.4598175585269928, 1.4096019268035889, 1.5310359001159668, 1.3885555267333984, 0.5895609855651855, 0.8752880692481995, 1.2154709100723267, 0.5995867848396301, 0.8613778352737427, 0.7551546096801758, 0.5437403321266174, 1.1726856231689453, 1.0240731239318848, 0.630414605140686, 1.2489919662475586, 1.404873251914978, 1.0290337800979614, 2.830418825149536, 0.4647264778614044, 1.0549267530441284, 0.583888828754425, 1.8905338048934937, 0.5106402635574341], [-0.29271379113197327, 0.06866401433944702, 0.15466049313545227, 0.30000853538513184, 0.6243070363998413, 0.49578550457954407, 0.5014734864234924, 1.1654448509216309, 0.24764107167720795, 1.004266619682312, 0.6605150103569031, 1.3223322629928589, 0.7109208703041077, 0.4918488562107086, 0.7403784394264221, 0.5464046597480774, 0.42911091446876526, 1.6488118171691895, 0.48305565118789673, 0.6351209282875061, 0.7448371052742004, 1.4754184484481812, 1.6455163955688477, 0.638811469078064, 0.5629709959030151, 1.1051489114761353, 0.5984264612197876, -0.15474258363246918, 1.2602953910827637, 0.5112388730049133, 1.8450417518615723, -0.12052943557500839]], [[0.3016129732131958, -0.5422232151031494, 0.4180082082748413, 0.22911857068538666, 0.351798415184021, 0.009867668151855469, 0.9734270572662354, 0.1268332153558731, 0.09973236918449402, 0.12433384358882904, 0.5315115451812744, 0.38684695959091187, 0.21072526276111603, 0.23311911523342133, 0.9458123445510864, 0.46672677993774414, 0.5214376449584961, -0.20870214700698853, 0.3175731897354126, 0.48673301935195923, 0.3399333357810974, 0.5151857137680054, 2.0810272693634033, 1.7044464349746704, -0.23739221692085266, 0.4827696681022644, 0.29691946506500244, 0.024165675044059753, 0.31120872497558594, 0.39108026027679443, 0.4498705267906189, 0.16385410726070404], [0.1994459480047226, 0.5220474004745483, 0.325919508934021, 0.5244355201721191, 1.0834417343139648, 0.6336171627044678, 0.6307944059371948, 0.2418307214975357, 0.1918988972902298, 0.7084876894950867, 0.5189342498779297, 0.8144193887710571, 0.6981984376907349, 0.8185520172119141, 1.0378811359405518, 0.763714611530304, 0.8506308794021606, 0.856394350528717, 0.7002562880516052, 0.6846657395362854, 0.6247183084487915, 1.0421290397644043, 1.197995901107788, 1.0238630771636963, 0.8397494554519653, 0.37358272075653076, 0.27107930183410645, 0.1581832319498062, 0.019981130957603455, 0.022979751229286194, -0.021213218569755554, 0.1769799143075943]], [[0.2567632496356964, 0.05850028246641159, 0.16360671818256378, -0.2948422133922577, 0.43425697088241577, -0.007896799594163895, 0.9285763502120972, 0.4118255078792572, 0.2874539792537689, 0.06588514149188995, 0.512801468372345, 0.2236395627260208, 0.2726275622844696, 0.047566987574100494, 0.5602215528488159, -0.47435393929481506, -0.04704684764146805, -0.6404858827590942, 0.1922980397939682, 0.062193214893341064, 0.34143441915512085, 0.33535051345825195, 1.0505292415618896, 0.4860799312591553, 0.13775712251663208, -0.15345634520053864, 0.12922601401805878, 0.6711362600326538, 0.21904225647449493, 0.016513880342245102, 0.48264169692993164, 0.2670721709728241], [-0.08535086363554001, 0.08210516721010208, 0.1769964098930359, 0.20281581580638885, 0.20786021649837494, -0.0715317651629448, 0.32557412981987, -0.15018869936466217, 0.04180512577295303, -0.2367367148399353, 0.19095344841480255, -0.12092237919569016, 0.3989405035972595, -0.031799256801605225, 0.37334588170051575, 0.27191123366355896, 0.002476407214999199, -0.5819269418716431, 0.36927229166030884, 0.07065935432910919, 0.40509840846061707, 0.6705809831619263, 0.05987534672021866, -0.25640350580215454, -0.46553298830986023, 0.6904757022857666, 0.35935938358306885, -0.06585441529750824, -0.12351670116186142, 0.046922460198402405, 0.1745155155658722, -0.13089515268802643]], [[0.6224718689918518, 0.7562947869300842, 0.7902728915214539, 0.5822362899780273, 0.7664941549301147, 1.2829221487045288, 0.8863872289657593, 0.970016360282898, 0.6032024025917053, 1.334110975265503, 0.9151593446731567, 1.579971432685852, 1.1241916418075562, 0.7819143533706665, 1.2971055507659912, 1.216505765914917, 0.5768164396286011, 1.7309547662734985, 0.6654756665229797, 1.0882139205932617, 0.6022447347640991, 0.18036417663097382, -0.06597673147916794, -0.05293881893157959, 0.12452812492847443, 1.466414451599121, 1.215443730354309, 1.3767517805099487, 0.7752338647842407, 0.6469272971153259, 0.9349288940429688, 0.5501915812492371], [0.07132308185100555, 0.26483774185180664, 0.07407492399215698, 0.02389688789844513, -0.3315832316875458, 0.19226165115833282, 0.14533229172229767, 0.4474988579750061, 0.18714319169521332, 1.053216576576233, 0.19387371838092804, 0.5097077488899231, 0.25019747018814087, 0.21772418916225433, 0.06610333919525146, 0.10794539749622345, 0.2620421051979065, 1.6935359239578247, 0.4974079132080078, 0.5197747349739075, 0.36627519130706787, 0.8066733479499817, -0.25462913513183594, 0.1480935662984848, 0.612984299659729, 1.2966927289962769, 0.3235318660736084, 0.0019244551658630371, 0.3407434821128845, -0.1820184737443924, 0.1868026703596115, -0.09261615574359894]], [[-0.4487095773220062, -0.5939071178436279, 0.4880030155181885, -0.730851948261261, 0.3444496691226959, -0.8853697180747986, -0.45777010917663574, -0.21205319464206696, -0.42379117012023926, -0.5318727493286133, -0.27611738443374634, -0.48689743876457214, -0.37832605838775635, -0.5783082842826843, -0.40885624289512634, -1.3683768510818481, 0.18380282819271088, -0.852838397026062, -0.07092531025409698, -0.6630827188491821, 0.06695039570331573, -0.3440752327442169, -0.2907143533229828, -0.3182877004146576, -0.3361145555973053, -0.7022067904472351, 0.10975430905818939, 0.3064238131046295, -0.1448233276605606, -0.22464203834533691, -0.23427370190620422, -0.25671955943107605], [0.1936454176902771, -0.7252477407455444, -0.29925501346588135, -0.5648210644721985, -0.5802963972091675, -0.959578275680542, -0.1232088953256607, -0.8438274264335632, -0.24221253395080566, -1.3395748138427734, -0.30210793018341064, -0.8696346282958984, -0.2660007178783417, -0.8388173580169678, -0.5201972723007202, -0.8041489124298096, -0.5802263021469116, -1.2096601724624634, -0.45457807183265686, -0.9369125962257385, -0.4595959782600403, -0.17067645490169525, -0.5280970335006714, -0.27546367049217224, -0.30040159821510315, -0.6063767671585083, -0.18568769097328186, 0.32767143845558167, -0.4001239836215973, -0.3853182792663574, -0.5332872271537781, 0.3131936192512512]], [[0.378728985786438, 0.9478506445884705, -0.04041918367147446, 0.7710980772972107, 0.11116309463977814, 0.8494225144386292, 0.12803949415683746, 0.7558559775352478, -0.1488325297832489, 0.5997160077095032, 0.27037307620048523, 0.6613113284111023, 0.058914609253406525, 0.7907353639602661, 0.36046090722084045, 0.7439320683479309, 0.2318117320537567, 0.38440921902656555, 0.24223753809928894, -0.04288067668676376, 0.06134985387325287, 0.14692947268486023, 0.6099988222122192, 0.5606725215911865, 0.0023398324847221375, 0.1846996545791626, 0.784680962562561, 0.4346018433570862, 0.26625296473503113, 0.41987094283103943, 0.6155617833137512, 0.5294840931892395], [0.110428087413311, 0.7877612709999084, 0.4717879295349121, 0.5204843282699585, 0.6564651131629944, 0.6694499850273132, 0.406754732131958, 0.4438120722770691, 0.36474907398223877, 1.0557998418807983, 0.8462734818458557, 0.7281325459480286, 0.6296189427375793, 0.3298243582248688, 0.6095813512802124, 0.6391101479530334, 0.6427579522132874, 1.0383042097091675, 0.45181313157081604, 0.8821466565132141, 0.6224545836448669, 0.2374362051486969, 0.5490809082984924, 0.795039713382721, 0.3046739101409912, -0.20649993419647217, 0.4388125240802765, 0.09558983892202377, 0.156535804271698, 0.442487895488739, 0.0708598718047142, 0.16429530084133148]], [[-0.6250130534172058, -0.12356194853782654, -0.9666923880577087, -0.058784931898117065, -0.49522221088409424, -0.03792586922645569, -0.31809449195861816, -0.3776649236679077, -0.5419248938560486, 0.1600770801305771, -0.5361208915710449, 0.15732228755950928, -0.2153812050819397, -0.13843604922294617, -0.22536036372184753, 0.32320481538772583, -0.2701972424983978, 0.48406800627708435, -0.2437264323234558, 0.3749423027038574, -0.5585149526596069, -0.49293607473373413, -1.3652188777923584, -0.790115475654602, 0.353263258934021, 0.3197799324989319, -0.0661287009716034, -0.226139634847641, -0.17886677384376526, -0.36640220880508423, 0.012858614325523376, -0.2732570469379425], [-0.08143261075019836, -0.11738306283950806, -0.5228128433227539, -0.10670185089111328, -0.6241093873977661, -0.26572325825691223, -0.39688700437545776, 0.013316631317138672, -0.4308597445487976, 0.27366429567337036, -0.3443574905395508, -0.2308613657951355, -0.3886168599128723, -0.10747826099395752, -0.20726922154426575, -0.038197264075279236, -0.18614676594734192, 0.8007432222366333, -0.029135361313819885, 0.30719858407974243, -0.050412699580192566, -0.35176974534988403, -0.43472760915756226, -0.2649778425693512, -0.2722838819026947, 0.5467697381973267, -0.37826889753341675, -0.11922064423561096, 0.02989576756954193, -0.2471216320991516, -0.14524808526039124, -0.1646561622619629]]]]
